Welcome to A-Core for vmm test!
[+] Read data finished!
[+] Input size: {30,30}
[+] Output size: 10
temp_input_size col: 30
temp_input_size rows: 30
temp_input_size col: 28
temp_input_size rows: 28
[+] CNN setup finished!
below is weights map
inputs_mapping_Conv!!!!
temp_input_size.column:30
temp_input_size.rows:30
scaling:1
base_index_x:9
@@
@@
@@
!!!
@@
@@
@@
!!!
@@
@@
@@
!!!
@@
@@
@@
!!!
@@
@@
@@
!!!
@@
@@
@@
!!!
@@
@@
@@
!!!
@@
@@
@@
!!!
@@
@@
@@
!!!
@@
@@
@@
!!!
@@
@@
@@
!!!
@@
@@
@@
!!!
@@
@@
@@
!!!
@@
@@
@@
!!!
@@
@@
@@
!!!
@@
@@
@@
!!!
@@
@@
@@
!!!
@@
@@
@@
!!!
@@
@@
@@
!!!
@@
@@
@@
!!!
@@
@@
@@
!!!
@@
@@
@@
!!!
@@
@@
@@
!!!
@@
@@
@@
!!!
@@
@@
@@
!!!
@@
@@
@@
!!!
@@
@@
@@
!!!
@@
@@
@@
!!!
scal: 0
index_VMM_input: 1

count_x: 0

count_y: 112
done!
@@@@finish mapping
writing weights!

93->0 97->0 88->0 113->0 127->0 107->0 87->0 100->0 98->0 0->0 0->0 0->0 0->0 0->0 0->0 0->0 0->0 0->0 0->0 0->0 0->0 0->0 0->0 0->0 0->0 0->0 0->0 0->0 0->0 0->0 0->0 0->0 0->0 0->0 0->0 0->0 
108->0 115->0 117->0 132->0 130->0 78->0 171->0 181->0 165->0 0->0 0->0 0->0 0->0 0->0 0->0 0->0 0->0 0->0 0->0 0->0 0->0 0->0 0->0 0->0 0->0 0->0 0->0 0->0 0->0 0->0 0->0 0->0 0->0 0->0 0->0 0->0 
100->0 85->0 154->0 104->0 71->0 173->0 105->0 68->0 167->0 0->0 0->0 0->0 0->0 0->0 0->0 0->0 0->0 0->0 0->0 0->0 0->0 0->0 0->0 0->0 0->0 0->0 0->0 0->0 0->0 0->0 0->0 0->0 0->0 0->0 0->0 0->0 
0->0 0->0 0->0 0->0 0->0 0->0 0->0 0->0 0->0 0->0 0->0 0->0 0->0 0->0 0->0 0->0 0->0 0->0 0->0 0->0 0->0 0->0 0->0 0->0 0->0 0->0 0->0 0->0 0->0 0->0 0->0 0->0 0->0 0->0 0->0 0->0 
0->0 0->0 0->0 93->0 97->0 88->0 113->0 127->0 107->0 87->0 100->0 98->0 0->0 0->0 0->0 0->0 0->0 0->0 0->0 0->0 0->0 0->0 0->0 0->0 0->0 0->0 0->0 0->0 0->0 0->0 0->0 0->0 0->0 0->0 0->0 0->0 
0->0 0->0 0->0 108->0 115->0 117->0 132->0 130->0 78->0 171->0 181->0 165->0 0->0 0->0 0->0 0->0 0->0 0->0 0->0 0->0 0->0 0->0 0->0 0->0 0->0 0->0 0->0 0->0 0->0 0->0 0->0 0->0 0->0 0->0 0->0 0->0 
0->0 0->0 0->0 100->0 85->0 154->0 104->0 71->0 173->0 105->0 68->0 167->0 0->0 0->0 0->0 0->0 0->0 0->0 0->0 0->0 0->0 0->0 0->0 0->0 0->0 0->0 0->0 0->0 0->0 0->0 0->0 0->0 0->0 0->0 0->0 0->0 
0->0 0->0 0->0 0->0 0->0 0->0 0->0 0->0 0->0 0->0 0->0 0->0 0->0 0->0 0->0 0->0 0->0 0->0 0->0 0->0 0->0 0->0 0->0 0->0 0->0 0->0 0->0 0->0 0->0 0->0 0->0 0->0 0->0 0->0 0->0 0->0 
0->0 0->0 0->0 0->0 0->0 0->0 93->0 97->0 88->0 113->0 127->0 107->0 87->0 100->0 98->0 0->0 0->0 0->0 0->0 0->0 0->0 0->0 0->0 0->0 0->0 0->0 0->0 0->0 0->0 0->0 0->0 0->0 0->0 0->0 0->0 0->0 
0->0 0->0 0->0 0->0 0->0 0->0 108->0 115->0 117->0 132->0 130->0 78->0 171->0 181->0 165->0 0->0 0->0 0->0 0->0 0->0 0->0 0->0 0->0 0->0 0->0 0->0 0->0 0->0 0->0 0->0 0->0 0->0 0->0 0->0 0->0 0->0 
0->0 0->0 0->0 0->0 0->0 0->0 100->0 85->0 154->0 104->0 71->0 173->0 105->0 68->0 167->0 0->0 0->0 0->0 0->0 0->0 0->0 0->0 0->0 0->0 0->0 0->0 0->0 0->0 0->0 0->0 0->0 0->0 0->0 0->0 0->0 0->0 
0->0 0->0 0->0 0->0 0->0 0->0 0->0 0->0 0->0 0->0 0->0 0->0 0->0 0->0 0->0 0->0 0->0 0->0 0->0 0->0 0->0 0->0 0->0 0->0 0->0 0->0 0->0 0->0 0->0 0->0 0->0 0->0 0->0 0->0 0->0 0->0 
0->0 0->0 0->0 0->0 0->0 0->0 0->0 0->0 0->0 93->0 97->0 88->0 113->0 127->0 107->0 87->0 100->0 98->0 0->0 0->0 0->0 0->0 0->0 0->0 0->0 0->0 0->0 0->0 0->0 0->0 0->0 0->0 0->0 0->0 0->0 0->0 
0->0 0->0 0->0 0->0 0->0 0->0 0->0 0->0 0->0 108->0 115->0 117->0 132->0 130->0 78->0 171->0 181->0 165->0 0->0 0->0 0->0 0->0 0->0 0->0 0->0 0->0 0->0 0->0 0->0 0->0 0->0 0->0 0->0 0->0 0->0 0->0 
0->0 0->0 0->0 0->0 0->0 0->0 0->0 0->0 0->0 100->0 85->0 154->0 104->0 71->0 173->0 105->0 68->0 167->0 0->0 0->0 0->0 0->0 0->0 0->0 0->0 0->0 0->0 0->0 0->0 0->0 0->0 0->0 0->0 0->0 0->0 0->0 
0->0 0->0 0->0 0->0 0->0 0->0 0->0 0->0 0->0 0->0 0->0 0->0 0->0 0->0 0->0 0->0 0->0 0->0 0->0 0->0 0->0 0->0 0->0 0->0 0->0 0->0 0->0 0->0 0->0 0->0 0->0 0->0 0->0 0->0 0->0 0->0 
0->0 0->0 0->0 0->0 0->0 0->0 0->0 0->0 0->0 0->0 0->0 0->0 93->0 97->0 88->0 113->0 127->0 107->0 87->0 100->0 98->0 0->0 0->0 0->0 0->0 0->0 0->0 0->0 0->0 0->0 0->0 0->0 0->0 0->0 0->0 0->0 
0->0 0->0 0->0 0->0 0->0 0->0 0->0 0->0 0->0 0->0 0->0 0->0 108->0 115->0 117->0 132->0 130->0 78->0 171->0 181->0 165->0 0->0 0->0 0->0 0->0 0->0 0->0 0->0 0->0 0->0 0->0 0->0 0->0 0->0 0->0 0->0 
0->0 0->0 0->0 0->0 0->0 0->0 0->0 0->0 0->0 0->0 0->0 0->0 100->0 85->0 154->0 104->0 71->0 173->0 105->0 68->0 167->0 0->0 0->0 0->0 0->0 0->0 0->0 0->0 0->0 0->0 0->0 0->0 0->0 0->0 0->0 0->0 
0->0 0->0 0->0 0->0 0->0 0->0 0->0 0->0 0->0 0->0 0->0 0->0 0->0 0->0 0->0 0->0 0->0 0->0 0->0 0->0 0->0 0->0 0->0 0->0 0->0 0->0 0->0 0->0 0->0 0->0 0->0 0->0 0->0 0->0 0->0 0->0 
0->0 0->0 0->0 0->0 0->0 0->0 0->0 0->0 0->0 0->0 0->0 0->0 0->0 0->0 0->0 93->0 97->0 88->0 113->0 127->0 107->0 87->0 100->0 98->0 0->0 0->0 0->0 0->0 0->0 0->0 0->0 0->0 0->0 0->0 0->0 0->0 
0->0 0->0 0->0 0->0 0->0 0->0 0->0 0->0 0->0 0->0 0->0 0->0 0->0 0->0 0->0 108->0 115->0 117->0 132->0 130->0 78->0 171->0 181->0 165->0 0->0 0->0 0->0 0->0 0->0 0->0 0->0 0->0 0->0 0->0 0->0 0->0 
0->0 0->0 0->0 0->0 0->0 0->0 0->0 0->0 0->0 0->0 0->0 0->0 0->0 0->0 0->0 100->0 85->0 154->0 104->0 71->0 173->0 105->0 68->0 167->0 0->0 0->0 0->0 0->0 0->0 0->0 0->0 0->0 0->0 0->0 0->0 0->0 
0->0 0->0 0->0 0->0 0->0 0->0 0->0 0->0 0->0 0->0 0->0 0->0 0->0 0->0 0->0 0->0 0->0 0->0 0->0 0->0 0->0 0->0 0->0 0->0 0->0 0->0 0->0 0->0 0->0 0->0 0->0 0->0 0->0 0->0 0->0 0->0 
0->0 0->0 0->0 0->0 0->0 0->0 0->0 0->0 0->0 0->0 0->0 0->0 0->0 0->0 0->0 0->0 0->0 0->0 93->0 97->0 88->0 113->0 127->0 107->0 87->0 100->0 98->0 0->0 0->0 0->0 0->0 0->0 0->0 0->0 0->0 0->0 
0->0 0->0 0->0 0->0 0->0 0->0 0->0 0->0 0->0 0->0 0->0 0->0 0->0 0->0 0->0 0->0 0->0 0->0 108->0 115->0 117->0 132->0 130->0 78->0 171->0 181->0 165->0 0->0 0->0 0->0 0->0 0->0 0->0 0->0 0->0 0->0 
0->0 0->0 0->0 0->0 0->0 0->0 0->0 0->0 0->0 0->0 0->0 0->0 0->0 0->0 0->0 0->0 0->0 0->0 100->0 85->0 154->0 104->0 71->0 173->0 105->0 68->0 167->0 0->0 0->0 0->0 0->0 0->0 0->0 0->0 0->0 0->0 
0->0 0->0 0->0 0->0 0->0 0->0 0->0 0->0 0->0 0->0 0->0 0->0 0->0 0->0 0->0 0->0 0->0 0->0 0->0 0->0 0->0 0->0 0->0 0->0 0->0 0->0 0->0 0->0 0->0 0->0 0->0 0->0 0->0 0->0 0->0 0->0 
0->0 0->0 0->0 0->0 0->0 0->0 0->0 0->0 0->0 0->0 0->0 0->0 0->0 0->0 0->0 0->0 0->0 0->0 0->0 0->0 0->0 93->0 97->0 88->0 113->0 127->0 107->0 87->0 100->0 98->0 0->0 0->0 0->0 0->0 0->0 0->0 
0->0 0->0 0->0 0->0 0->0 0->0 0->0 0->0 0->0 0->0 0->0 0->0 0->0 0->0 0->0 0->0 0->0 0->0 0->0 0->0 0->0 108->0 115->0 117->0 132->0 130->0 78->0 171->0 181->0 165->0 0->0 0->0 0->0 0->0 0->0 0->0 
0->0 0->0 0->0 0->0 0->0 0->0 0->0 0->0 0->0 0->0 0->0 0->0 0->0 0->0 0->0 0->0 0->0 0->0 0->0 0->0 0->0 100->0 85->0 154->0 104->0 71->0 173->0 105->0 68->0 167->0 0->0 0->0 0->0 0->0 0->0 0->0 
0->0 0->0 0->0 0->0 0->0 0->0 0->0 0->0 0->0 0->0 0->0 0->0 0->0 0->0 0->0 0->0 0->0 0->0 0->0 0->0 0->0 0->0 0->0 0->0 0->0 0->0 0->0 0->0 0->0 0->0 0->0 0->0 0->0 0->0 0->0 0->0 

93->0 97->0 88->0 113->0 127->0 107->0 87->0 100->0 98->0 0->0 0->0 0->0 0->0 0->0 0->0 0->0 0->0 0->0 0->0 0->0 0->0 0->0 0->0 0->0 0->0 0->0 0->0 0->0 0->0 0->0 0->0 0->0 0->0 0->0 0->0 0->0 
108->0 115->0 117->0 132->0 130->0 78->0 171->0 181->0 165->0 0->0 0->0 0->0 0->0 0->0 0->0 0->0 0->0 0->0 0->0 0->0 0->0 0->0 0->0 0->0 0->0 0->0 0->0 0->0 0->0 0->0 0->0 0->0 0->0 0->0 0->0 0->0 
100->0 85->0 154->0 104->0 71->0 173->0 105->0 68->0 167->0 0->0 0->0 0->0 0->0 0->0 0->0 0->0 0->0 0->0 0->0 0->0 0->0 0->0 0->0 0->0 0->0 0->0 0->0 0->0 0->0 0->0 0->0 0->0 0->0 0->0 0->0 0->0 
0->0 0->0 0->0 0->0 0->0 0->0 0->0 0->0 0->0 0->0 0->0 0->0 0->0 0->0 0->0 0->0 0->0 0->0 0->0 0->0 0->0 0->0 0->0 0->0 0->0 0->0 0->0 0->0 0->0 0->0 0->0 0->0 0->0 0->0 0->0 0->0 
0->0 0->0 0->0 93->0 97->0 88->0 113->0 127->0 107->0 87->0 100->0 98->0 0->0 0->0 0->0 0->0 0->0 0->0 0->0 0->0 0->0 0->0 0->0 0->0 0->0 0->0 0->0 0->0 0->0 0->0 0->0 0->0 0->0 0->0 0->0 0->0 
0->0 0->0 0->0 108->0 115->0 117->0 132->0 130->0 78->0 171->0 181->0 165->0 0->0 0->0 0->0 0->0 0->0 0->0 0->0 0->0 0->0 0->0 0->0 0->0 0->0 0->0 0->0 0->0 0->0 0->0 0->0 0->0 0->0 0->0 0->0 0->0 
0->0 0->0 0->0 100->0 85->0 154->0 104->0 71->0 173->0 105->0 68->0 167->0 0->0 0->0 0->0 0->0 0->0 0->0 0->0 0->0 0->0 0->0 0->0 0->0 0->0 0->0 0->0 0->0 0->0 0->0 0->0 0->0 0->0 0->0 0->0 0->0 
0->0 0->0 0->0 0->0 0->0 0->0 0->0 0->0 0->0 0->0 0->0 0->0 0->0 0->0 0->0 0->0 0->0 0->0 0->0 0->0 0->0 0->0 0->0 0->0 0->0 0->0 0->0 0->0 0->0 0->0 0->0 0->0 0->0 0->0 0->0 0->0 
0->0 0->0 0->0 0->0 0->0 0->0 93->0 97->0 88->0 113->0 127->0 107->0 87->0 100->0 98->0 0->0 0->0 0->0 0->0 0->0 0->0 0->0 0->0 0->0 0->0 0->0 0->0 0->0 0->0 0->0 0->0 0->0 0->0 0->0 0->0 0->0 
0->0 0->0 0->0 0->0 0->0 0->0 108->0 115->0 117->0 132->0 130->0 78->0 171->0 181->0 165->0 0->0 0->0 0->0 0->0 0->0 0->0 0->0 0->0 0->0 0->0 0->0 0->0 0->0 0->0 0->0 0->0 0->0 0->0 0->0 0->0 0->0 
0->0 0->0 0->0 0->0 0->0 0->0 100->0 85->0 154->0 104->0 71->0 173->0 105->0 68->0 167->0 0->0 0->0 0->0 0->0 0->0 0->0 0->0 0->0 0->0 0->0 0->0 0->0 0->0 0->0 0->0 0->0 0->0 0->0 0->0 0->0 0->0 
0->0 0->0 0->0 0->0 0->0 0->0 0->0 0->0 0->0 0->0 0->0 0->0 0->0 0->0 0->0 0->0 0->0 0->0 0->0 0->0 0->0 0->0 0->0 0->0 0->0 0->0 0->0 0->0 0->0 0->0 0->0 0->0 0->0 0->0 0->0 0->0 
0->0 0->0 0->0 0->0 0->0 0->0 0->0 0->0 0->0 93->0 97->0 88->0 113->0 127->0 107->0 87->0 100->0 98->0 0->0 0->0 0->0 0->0 0->0 0->0 0->0 0->0 0->0 0->0 0->0 0->0 0->0 0->0 0->0 0->0 0->0 0->0 
0->0 0->0 0->0 0->0 0->0 0->0 0->0 0->0 0->0 108->0 115->0 117->0 132->0 130->0 78->0 171->0 181->0 165->0 0->0 0->0 0->0 0->0 0->0 0->0 0->0 0->0 0->0 0->0 0->0 0->0 0->0 0->0 0->0 0->0 0->0 0->0 
0->0 0->0 0->0 0->0 0->0 0->0 0->0 0->0 0->0 100->0 85->0 154->0 104->0 71->0 173->0 105->0 68->0 167->0 0->0 0->0 0->0 0->0 0->0 0->0 0->0 0->0 0->0 0->0 0->0 0->0 0->0 0->0 0->0 0->0 0->0 0->0 
0->0 0->0 0->0 0->0 0->0 0->0 0->0 0->0 0->0 0->0 0->0 0->0 0->0 0->0 0->0 0->0 0->0 0->0 0->0 0->0 0->0 0->0 0->0 0->0 0->0 0->0 0->0 0->0 0->0 0->0 0->0 0->0 0->0 0->0 0->0 0->0 
0->0 0->0 0->0 0->0 0->0 0->0 0->0 0->0 0->0 0->0 0->0 0->0 93->0 97->0 88->0 113->0 127->0 107->0 87->0 100->0 98->0 0->0 0->0 0->0 0->0 0->0 0->0 0->0 0->0 0->0 0->0 0->0 0->0 0->0 0->0 0->0 
0->0 0->0 0->0 0->0 0->0 0->0 0->0 0->0 0->0 0->0 0->0 0->0 108->0 115->0 117->0 132->0 130->0 78->0 171->0 181->0 165->0 0->0 0->0 0->0 0->0 0->0 0->0 0->0 0->0 0->0 0->0 0->0 0->0 0->0 0->0 0->0 
0->0 0->0 0->0 0->0 0->0 0->0 0->0 0->0 0->0 0->0 0->0 0->0 100->0 85->0 154->0 104->0 71->0 173->0 105->0 68->0 167->0 0->0 0->0 0->0 0->0 0->0 0->0 0->0 0->0 0->0 0->0 0->0 0->0 0->0 0->0 0->0 
0->0 0->0 0->0 0->0 0->0 0->0 0->0 0->0 0->0 0->0 0->0 0->0 0->0 0->0 0->0 0->0 0->0 0->0 0->0 0->0 0->0 0->0 0->0 0->0 0->0 0->0 0->0 0->0 0->0 0->0 0->0 0->0 0->0 0->0 0->0 0->0 
0->0 0->0 0->0 0->0 0->0 0->0 0->0 0->0 0->0 0->0 0->0 0->0 0->0 0->0 0->0 93->0 97->0 88->0 113->0 127->0 107->0 87->0 100->0 98->0 0->0 0->0 0->0 0->0 0->0 0->0 0->0 0->0 0->0 0->0 0->0 0->0 
0->0 0->0 0->0 0->0 0->0 0->0 0->0 0->0 0->0 0->0 0->0 0->0 0->0 0->0 0->0 108->0 115->0 117->0 132->0 130->0 78->0 171->0 181->0 165->0 0->0 0->0 0->0 0->0 0->0 0->0 0->0 0->0 0->0 0->0 0->0 0->0 
0->0 0->0 0->0 0->0 0->0 0->0 0->0 0->0 0->0 0->0 0->0 0->0 0->0 0->0 0->0 100->0 85->0 154->0 104->0 71->0 173->0 105->0 68->0 167->0 0->0 0->0 0->0 0->0 0->0 0->0 0->0 0->0 0->0 0->0 0->0 0->0 
0->0 0->0 0->0 0->0 0->0 0->0 0->0 0->0 0->0 0->0 0->0 0->0 0->0 0->0 0->0 0->0 0->0 0->0 0->0 0->0 0->0 0->0 0->0 0->0 0->0 0->0 0->0 0->0 0->0 0->0 0->0 0->0 0->0 0->0 0->0 0->0 
0->0 0->0 0->0 0->0 0->0 0->0 0->0 0->0 0->0 0->0 0->0 0->0 0->0 0->0 0->0 0->0 0->0 0->0 93->0 97->0 88->0 113->0 127->0 107->0 87->0 100->0 98->0 0->0 0->0 0->0 0->0 0->0 0->0 0->0 0->0 0->0 
0->0 0->0 0->0 0->0 0->0 0->0 0->0 0->0 0->0 0->0 0->0 0->0 0->0 0->0 0->0 0->0 0->0 0->0 108->0 115->0 117->0 132->0 130->0 78->0 171->0 181->0 165->0 0->0 0->0 0->0 0->0 0->0 0->0 0->0 0->0 0->0 
0->0 0->0 0->0 0->0 0->0 0->0 0->0 0->0 0->0 0->0 0->0 0->0 0->0 0->0 0->0 0->0 0->0 0->0 100->0 85->0 154->0 104->0 71->0 173->0 105->0 68->0 167->0 0->0 0->0 0->0 0->0 0->0 0->0 0->0 0->0 0->0 
0->0 0->0 0->0 0->0 0->0 0->0 0->0 0->0 0->0 0->0 0->0 0->0 0->0 0->0 0->0 0->0 0->0 0->0 0->0 0->0 0->0 0->0 0->0 0->0 0->0 0->0 0->0 0->0 0->0 0->0 0->0 0->0 0->0 0->0 0->0 0->0 
0->0 0->0 0->0 0->0 0->0 0->0 0->0 0->0 0->0 0->0 0->0 0->0 0->0 0->0 0->0 0->0 0->0 0->0 0->0 0->0 0->0 93->0 97->0 88->0 113->0 127->0 107->0 87->0 100->0 98->0 0->0 0->0 0->0 0->0 0->0 0->0 
0->0 0->0 0->0 0->0 0->0 0->0 0->0 0->0 0->0 0->0 0->0 0->0 0->0 0->0 0->0 0->0 0->0 0->0 0->0 0->0 0->0 108->0 115->0 117->0 132->0 130->0 78->0 171->0 181->0 165->0 0->0 0->0 0->0 0->0 0->0 0->0 
0->0 0->0 0->0 0->0 0->0 0->0 0->0 0->0 0->0 0->0 0->0 0->0 0->0 0->0 0->0 0->0 0->0 0->0 0->0 0->0 0->0 100->0 85->0 154->0 104->0 71->0 173->0 105->0 68->0 167->0 0->0 0->0 0->0 0->0 0->0 0->0 
0->0 0->0 0->0 0->0 0->0 0->0 0->0 0->0 0->0 0->0 0->0 0->0 0->0 0->0 0->0 0->0 0->0 0->0 0->0 0->0 0->0 0->0 0->0 0->0 0->0 0->0 0->0 0->0 0->0 0->0 0->0 0->0 0->0 0->0 0->0 0->0 

93->0 97->0 88->0 113->0 127->0 107->0 87->0 100->0 98->0 0->0 0->0 0->0 0->0 0->0 0->0 0->0 0->0 0->0 0->0 0->0 0->0 0->0 0->0 0->0 0->0 0->0 0->0 0->0 0->0 0->0 0->0 0->0 0->0 0->0 0->0 0->0 
108->0 115->0 117->0 132->0 130->0 78->0 171->0 181->0 165->0 0->0 0->0 0->0 0->0 0->0 0->0 0->0 0->0 0->0 0->0 0->0 0->0 0->0 0->0 0->0 0->0 0->0 0->0 0->0 0->0 0->0 0->0 0->0 0->0 0->0 0->0 0->0 
100->0 85->0 154->0 104->0 71->0 173->0 105->0 68->0 167->0 0->0 0->0 0->0 0->0 0->0 0->0 0->0 0->0 0->0 0->0 0->0 0->0 0->0 0->0 0->0 0->0 0->0 0->0 0->0 0->0 0->0 0->0 0->0 0->0 0->0 0->0 0->0 
0->0 0->0 0->0 0->0 0->0 0->0 0->0 0->0 0->0 0->0 0->0 0->0 0->0 0->0 0->0 0->0 0->0 0->0 0->0 0->0 0->0 0->0 0->0 0->0 0->0 0->0 0->0 0->0 0->0 0->0 0->0 0->0 0->0 0->0 0->0 0->0 
0->0 0->0 0->0 93->0 97->0 88->0 113->0 127->0 107->0 87->0 100->0 98->0 0->0 0->0 0->0 0->0 0->0 0->0 0->0 0->0 0->0 0->0 0->0 0->0 0->0 0->0 0->0 0->0 0->0 0->0 0->0 0->0 0->0 0->0 0->0 0->0 
0->0 0->0 0->0 108->0 115->0 117->0 132->0 130->0 78->0 171->0 181->0 165->0 0->0 0->0 0->0 0->0 0->0 0->0 0->0 0->0 0->0 0->0 0->0 0->0 0->0 0->0 0->0 0->0 0->0 0->0 0->0 0->0 0->0 0->0 0->0 0->0 
0->0 0->0 0->0 100->0 85->0 154->0 104->0 71->0 173->0 105->0 68->0 167->0 0->0 0->0 0->0 0->0 0->0 0->0 0->0 0->0 0->0 0->0 0->0 0->0 0->0 0->0 0->0 0->0 0->0 0->0 0->0 0->0 0->0 0->0 0->0 0->0 
0->0 0->0 0->0 0->0 0->0 0->0 0->0 0->0 0->0 0->0 0->0 0->0 0->0 0->0 0->0 0->0 0->0 0->0 0->0 0->0 0->0 0->0 0->0 0->0 0->0 0->0 0->0 0->0 0->0 0->0 0->0 0->0 0->0 0->0 0->0 0->0 
0->0 0->0 0->0 0->0 0->0 0->0 93->0 97->0 88->0 113->0 127->0 107->0 87->0 100->0 98->0 0->0 0->0 0->0 0->0 0->0 0->0 0->0 0->0 0->0 0->0 0->0 0->0 0->0 0->0 0->0 0->0 0->0 0->0 0->0 0->0 0->0 
0->0 0->0 0->0 0->0 0->0 0->0 108->0 115->0 117->0 132->0 130->0 78->0 171->0 181->0 165->0 0->0 0->0 0->0 0->0 0->0 0->0 0->0 0->0 0->0 0->0 0->0 0->0 0->0 0->0 0->0 0->0 0->0 0->0 0->0 0->0 0->0 
0->0 0->0 0->0 0->0 0->0 0->0 100->0 85->0 154->0 104->0 71->0 173->0 105->0 68->0 167->0 0->0 0->0 0->0 0->0 0->0 0->0 0->0 0->0 0->0 0->0 0->0 0->0 0->0 0->0 0->0 0->0 0->0 0->0 0->0 0->0 0->0 
0->0 0->0 0->0 0->0 0->0 0->0 0->0 0->0 0->0 0->0 0->0 0->0 0->0 0->0 0->0 0->0 0->0 0->0 0->0 0->0 0->0 0->0 0->0 0->0 0->0 0->0 0->0 0->0 0->0 0->0 0->0 0->0 0->0 0->0 0->0 0->0 
0->0 0->0 0->0 0->0 0->0 0->0 0->0 0->0 0->0 93->0 97->0 88->0 113->0 127->0 107->0 87->0 100->0 98->0 0->0 0->0 0->0 0->0 0->0 0->0 0->0 0->0 0->0 0->0 0->0 0->0 0->0 0->0 0->0 0->0 0->0 0->0 
0->0 0->0 0->0 0->0 0->0 0->0 0->0 0->0 0->0 108->0 115->0 117->0 132->0 130->0 78->0 171->0 181->0 165->0 0->0 0->0 0->0 0->0 0->0 0->0 0->0 0->0 0->0 0->0 0->0 0->0 0->0 0->0 0->0 0->0 0->0 0->0 
0->0 0->0 0->0 0->0 0->0 0->0 0->0 0->0 0->0 100->0 85->0 154->0 104->0 71->0 173->0 105->0 68->0 167->0 0->0 0->0 0->0 0->0 0->0 0->0 0->0 0->0 0->0 0->0 0->0 0->0 0->0 0->0 0->0 0->0 0->0 0->0 
0->0 0->0 0->0 0->0 0->0 0->0 0->0 0->0 0->0 0->0 0->0 0->0 0->0 0->0 0->0 0->0 0->0 0->0 0->0 0->0 0->0 0->0 0->0 0->0 0->0 0->0 0->0 0->0 0->0 0->0 0->0 0->0 0->0 0->0 0->0 0->0 
0->0 0->0 0->0 0->0 0->0 0->0 0->0 0->0 0->0 0->0 0->0 0->0 93->0 97->0 88->0 113->0 127->0 107->0 87->0 100->0 98->0 0->0 0->0 0->0 0->0 0->0 0->0 0->0 0->0 0->0 0->0 0->0 0->0 0->0 0->0 0->0 
0->0 0->0 0->0 0->0 0->0 0->0 0->0 0->0 0->0 0->0 0->0 0->0 108->0 115->0 117->0 132->0 130->0 78->0 171->0 181->0 165->0 0->0 0->0 0->0 0->0 0->0 0->0 0->0 0->0 0->0 0->0 0->0 0->0 0->0 0->0 0->0 
0->0 0->0 0->0 0->0 0->0 0->0 0->0 0->0 0->0 0->0 0->0 0->0 100->0 85->0 154->0 104->0 71->0 173->0 105->0 68->0 167->0 0->0 0->0 0->0 0->0 0->0 0->0 0->0 0->0 0->0 0->0 0->0 0->0 0->0 0->0 0->0 
0->0 0->0 0->0 0->0 0->0 0->0 0->0 0->0 0->0 0->0 0->0 0->0 0->0 0->0 0->0 0->0 0->0 0->0 0->0 0->0 0->0 0->0 0->0 0->0 0->0 0->0 0->0 0->0 0->0 0->0 0->0 0->0 0->0 0->0 0->0 0->0 
0->0 0->0 0->0 0->0 0->0 0->0 0->0 0->0 0->0 0->0 0->0 0->0 0->0 0->0 0->0 93->0 97->0 88->0 113->0 127->0 107->0 87->0 100->0 98->0 0->0 0->0 0->0 0->0 0->0 0->0 0->0 0->0 0->0 0->0 0->0 0->0 
0->0 0->0 0->0 0->0 0->0 0->0 0->0 0->0 0->0 0->0 0->0 0->0 0->0 0->0 0->0 108->0 115->0 117->0 132->0 130->0 78->0 171->0 181->0 165->0 0->0 0->0 0->0 0->0 0->0 0->0 0->0 0->0 0->0 0->0 0->0 0->0 
0->0 0->0 0->0 0->0 0->0 0->0 0->0 0->0 0->0 0->0 0->0 0->0 0->0 0->0 0->0 100->0 85->0 154->0 104->0 71->0 173->0 105->0 68->0 167->0 0->0 0->0 0->0 0->0 0->0 0->0 0->0 0->0 0->0 0->0 0->0 0->0 
0->0 0->0 0->0 0->0 0->0 0->0 0->0 0->0 0->0 0->0 0->0 0->0 0->0 0->0 0->0 0->0 0->0 0->0 0->0 0->0 0->0 0->0 0->0 0->0 0->0 0->0 0->0 0->0 0->0 0->0 0->0 0->0 0->0 0->0 0->0 0->0 
0->0 0->0 0->0 0->0 0->0 0->0 0->0 0->0 0->0 0->0 0->0 0->0 0->0 0->0 0->0 0->0 0->0 0->0 93->0 97->0 88->0 113->0 127->0 107->0 87->0 100->0 98->0 0->0 0->0 0->0 0->0 0->0 0->0 0->0 0->0 0->0 
0->0 0->0 0->0 0->0 0->0 0->0 0->0 0->0 0->0 0->0 0->0 0->0 0->0 0->0 0->0 0->0 0->0 0->0 108->0 115->0 117->0 132->0 130->0 78->0 171->0 181->0 165->0 0->0 0->0 0->0 0->0 0->0 0->0 0->0 0->0 0->0 
0->0 0->0 0->0 0->0 0->0 0->0 0->0 0->0 0->0 0->0 0->0 0->0 0->0 0->0 0->0 0->0 0->0 0->0 100->0 85->0 154->0 104->0 71->0 173->0 105->0 68->0 167->0 0->0 0->0 0->0 0->0 0->0 0->0 0->0 0->0 0->0 
0->0 0->0 0->0 0->0 0->0 0->0 0->0 0->0 0->0 0->0 0->0 0->0 0->0 0->0 0->0 0->0 0->0 0->0 0->0 0->0 0->0 0->0 0->0 0->0 0->0 0->0 0->0 0->0 0->0 0->0 0->0 0->0 0->0 0->0 0->0 0->0 
0->0 0->0 0->0 0->0 0->0 0->0 0->0 0->0 0->0 0->0 0->0 0->0 0->0 0->0 0->0 0->0 0->0 0->0 0->0 0->0 0->0 93->0 97->0 88->0 113->0 127->0 107->0 87->0 100->0 98->0 0->0 0->0 0->0 0->0 0->0 0->0 
0->0 0->0 0->0 0->0 0->0 0->0 0->0 0->0 0->0 0->0 0->0 0->0 0->0 0->0 0->0 0->0 0->0 0->0 0->0 0->0 0->0 108->0 115->0 117->0 132->0 130->0 78->0 171->0 181->0 165->0 0->0 0->0 0->0 0->0 0->0 0->0 
0->0 0->0 0->0 0->0 0->0 0->0 0->0 0->0 0->0 0->0 0->0 0->0 0->0 0->0 0->0 0->0 0->0 0->0 0->0 0->0 0->0 100->0 85->0 154->0 104->0 71->0 173->0 105->0 68->0 167->0 0->0 0->0 0->0 0->0 0->0 0->0 
0->0 0->0 0->0 0->0 0->0 0->0 0->0 0->0 0->0 0->0 0->0 0->0 0->0 0->0 0->0 0->0 0->0 0->0 0->0 0->0 0->0 0->0 0->0 0->0 0->0 0->0 0->0 0->0 0->0 0->0 0->0 0->0 0->0 0->0 0->0 0->0 

93->0 97->0 88->0 113->0 127->0 107->0 87->0 100->0 98->0 0->0 0->0 0->0 0->0 0->0 0->0 0->0 0->0 0->0 0->0 0->0 0->0 0->0 0->0 0->0 0->0 0->0 0->0 0->0 0->0 0->0 0->0 0->0 0->0 0->0 0->0 0->0 
108->0 115->0 117->0 132->0 130->0 78->0 171->0 181->0 165->0 0->0 0->0 0->0 0->0 0->0 0->0 0->0 0->0 0->0 0->0 0->0 0->0 0->0 0->0 0->0 0->0 0->0 0->0 0->0 0->0 0->0 0->0 0->0 0->0 0->0 0->0 0->0 
100->0 85->0 154->0 104->0 71->0 173->0 105->0 68->0 167->0 0->0 0->0 0->0 0->0 0->0 0->0 0->0 0->0 0->0 0->0 0->0 0->0 0->0 0->0 0->0 0->0 0->0 0->0 0->0 0->0 0->0 0->0 0->0 0->0 0->0 0->0 0->0 
0->0 0->0 0->0 0->0 0->0 0->0 0->0 0->0 0->0 0->0 0->0 0->0 0->0 0->0 0->0 0->0 0->0 0->0 0->0 0->0 0->0 0->0 0->0 0->0 0->0 0->0 0->0 0->0 0->0 0->0 0->0 0->0 0->0 0->0 0->0 0->0 
0->0 0->0 0->0 93->0 97->0 88->0 113->0 127->0 107->0 87->0 100->0 98->0 0->0 0->0 0->0 0->0 0->0 0->0 0->0 0->0 0->0 0->0 0->0 0->0 0->0 0->0 0->0 0->0 0->0 0->0 0->0 0->0 0->0 0->0 0->0 0->0 
0->0 0->0 0->0 108->0 115->0 117->0 132->0 130->0 78->0 171->0 181->0 165->0 0->0 0->0 0->0 0->0 0->0 0->0 0->0 0->0 0->0 0->0 0->0 0->0 0->0 0->0 0->0 0->0 0->0 0->0 0->0 0->0 0->0 0->0 0->0 0->0 
0->0 0->0 0->0 100->0 85->0 154->0 104->0 71->0 173->0 105->0 68->0 167->0 0->0 0->0 0->0 0->0 0->0 0->0 0->0 0->0 0->0 0->0 0->0 0->0 0->0 0->0 0->0 0->0 0->0 0->0 0->0 0->0 0->0 0->0 0->0 0->0 
0->0 0->0 0->0 0->0 0->0 0->0 0->0 0->0 0->0 0->0 0->0 0->0 0->0 0->0 0->0 0->0 0->0 0->0 0->0 0->0 0->0 0->0 0->0 0->0 0->0 0->0 0->0 0->0 0->0 0->0 0->0 0->0 0->0 0->0 0->0 0->0 
0->0 0->0 0->0 0->0 0->0 0->0 93->0 97->0 88->0 113->0 127->0 107->0 87->0 100->0 98->0 0->0 0->0 0->0 0->0 0->0 0->0 0->0 0->0 0->0 0->0 0->0 0->0 0->0 0->0 0->0 0->0 0->0 0->0 0->0 0->0 0->0 
0->0 0->0 0->0 0->0 0->0 0->0 108->0 115->0 117->0 132->0 130->0 78->0 171->0 181->0 165->0 0->0 0->0 0->0 0->0 0->0 0->0 0->0 0->0 0->0 0->0 0->0 0->0 0->0 0->0 0->0 0->0 0->0 0->0 0->0 0->0 0->0 
0->0 0->0 0->0 0->0 0->0 0->0 100->0 85->0 154->0 104->0 71->0 173->0 105->0 68->0 167->0 0->0 0->0 0->0 0->0 0->0 0->0 0->0 0->0 0->0 0->0 0->0 0->0 0->0 0->0 0->0 0->0 0->0 0->0 0->0 0->0 0->0 
0->0 0->0 0->0 0->0 0->0 0->0 0->0 0->0 0->0 0->0 0->0 0->0 0->0 0->0 0->0 0->0 0->0 0->0 0->0 0->0 0->0 0->0 0->0 0->0 0->0 0->0 0->0 0->0 0->0 0->0 0->0 0->0 0->0 0->0 0->0 0->0 
0->0 0->0 0->0 0->0 0->0 0->0 0->0 0->0 0->0 93->0 97->0 88->0 113->0 127->0 107->0 87->0 100->0 98->0 0->0 0->0 0->0 0->0 0->0 0->0 0->0 0->0 0->0 0->0 0->0 0->0 0->0 0->0 0->0 0->0 0->0 0->0 
0->0 0->0 0->0 0->0 0->0 0->0 0->0 0->0 0->0 108->0 115->0 117->0 132->0 130->0 78->0 171->0 181->0 165->0 0->0 0->0 0->0 0->0 0->0 0->0 0->0 0->0 0->0 0->0 0->0 0->0 0->0 0->0 0->0 0->0 0->0 0->0 
0->0 0->0 0->0 0->0 0->0 0->0 0->0 0->0 0->0 100->0 85->0 154->0 104->0 71->0 173->0 105->0 68->0 167->0 0->0 0->0 0->0 0->0 0->0 0->0 0->0 0->0 0->0 0->0 0->0 0->0 0->0 0->0 0->0 0->0 0->0 0->0 
0->0 0->0 0->0 0->0 0->0 0->0 0->0 0->0 0->0 0->0 0->0 0->0 0->0 0->0 0->0 0->0 0->0 0->0 0->0 0->0 0->0 0->0 0->0 0->0 0->0 0->0 0->0 0->0 0->0 0->0 0->0 0->0 0->0 0->0 0->0 0->0 
0->0 0->0 0->0 0->0 0->0 0->0 0->0 0->0 0->0 0->0 0->0 0->0 93->0 97->0 88->0 113->0 127->0 107->0 87->0 100->0 98->0 0->0 0->0 0->0 0->0 0->0 0->0 0->0 0->0 0->0 0->0 0->0 0->0 0->0 0->0 0->0 
0->0 0->0 0->0 0->0 0->0 0->0 0->0 0->0 0->0 0->0 0->0 0->0 108->0 115->0 117->0 132->0 130->0 78->0 171->0 181->0 165->0 0->0 0->0 0->0 0->0 0->0 0->0 0->0 0->0 0->0 0->0 0->0 0->0 0->0 0->0 0->0 
0->0 0->0 0->0 0->0 0->0 0->0 0->0 0->0 0->0 0->0 0->0 0->0 100->0 85->0 154->0 104->0 71->0 173->0 105->0 68->0 167->0 0->0 0->0 0->0 0->0 0->0 0->0 0->0 0->0 0->0 0->0 0->0 0->0 0->0 0->0 0->0 
0->0 0->0 0->0 0->0 0->0 0->0 0->0 0->0 0->0 0->0 0->0 0->0 0->0 0->0 0->0 0->0 0->0 0->0 0->0 0->0 0->0 0->0 0->0 0->0 0->0 0->0 0->0 0->0 0->0 0->0 0->0 0->0 0->0 0->0 0->0 0->0 
0->0 0->0 0->0 0->0 0->0 0->0 0->0 0->0 0->0 0->0 0->0 0->0 0->0 0->0 0->0 93->0 97->0 88->0 113->0 127->0 107->0 87->0 100->0 98->0 0->0 0->0 0->0 0->0 0->0 0->0 0->0 0->0 0->0 0->0 0->0 0->0 
0->0 0->0 0->0 0->0 0->0 0->0 0->0 0->0 0->0 0->0 0->0 0->0 0->0 0->0 0->0 108->0 115->0 117->0 132->0 130->0 78->0 171->0 181->0 165->0 0->0 0->0 0->0 0->0 0->0 0->0 0->0 0->0 0->0 0->0 0->0 0->0 
0->0 0->0 0->0 0->0 0->0 0->0 0->0 0->0 0->0 0->0 0->0 0->0 0->0 0->0 0->0 100->0 85->0 154->0 104->0 71->0 173->0 105->0 68->0 167->0 0->0 0->0 0->0 0->0 0->0 0->0 0->0 0->0 0->0 0->0 0->0 0->0 
0->0 0->0 0->0 0->0 0->0 0->0 0->0 0->0 0->0 0->0 0->0 0->0 0->0 0->0 0->0 0->0 0->0 0->0 0->0 0->0 0->0 0->0 0->0 0->0 0->0 0->0 0->0 0->0 0->0 0->0 0->0 0->0 0->0 0->0 0->0 0->0 
0->0 0->0 0->0 0->0 0->0 0->0 0->0 0->0 0->0 0->0 0->0 0->0 0->0 0->0 0->0 0->0 0->0 0->0 93->0 97->0 88->0 113->0 127->0 107->0 87->0 100->0 98->0 0->0 0->0 0->0 0->0 0->0 0->0 0->0 0->0 0->0 
0->0 0->0 0->0 0->0 0->0 0->0 0->0 0->0 0->0 0->0 0->0 0->0 0->0 0->0 0->0 0->0 0->0 0->0 108->0 115->0 117->0 132->0 130->0 78->0 171->0 181->0 165->0 0->0 0->0 0->0 0->0 0->0 0->0 0->0 0->0 0->0 
0->0 0->0 0->0 0->0 0->0 0->0 0->0 0->0 0->0 0->0 0->0 0->0 0->0 0->0 0->0 0->0 0->0 0->0 100->0 85->0 154->0 104->0 71->0 173->0 105->0 68->0 167->0 0->0 0->0 0->0 0->0 0->0 0->0 0->0 0->0 0->0 
0->0 0->0 0->0 0->0 0->0 0->0 0->0 0->0 0->0 0->0 0->0 0->0 0->0 0->0 0->0 0->0 0->0 0->0 0->0 0->0 0->0 0->0 0->0 0->0 0->0 0->0 0->0 0->0 0->0 0->0 0->0 0->0 0->0 0->0 0->0 0->0 
0->0 0->0 0->0 0->0 0->0 0->0 0->0 0->0 0->0 0->0 0->0 0->0 0->0 0->0 0->0 0->0 0->0 0->0 0->0 0->0 0->0 93->0 97->0 88->0 113->0 127->0 107->0 87->0 100->0 98->0 0->0 0->0 0->0 0->0 0->0 0->0 
0->0 0->0 0->0 0->0 0->0 0->0 0->0 0->0 0->0 0->0 0->0 0->0 0->0 0->0 0->0 0->0 0->0 0->0 0->0 0->0 0->0 108->0 115->0 117->0 132->0 130->0 78->0 171->0 181->0 165->0 0->0 0->0 0->0 0->0 0->0 0->0 
0->0 0->0 0->0 0->0 0->0 0->0 0->0 0->0 0->0 0->0 0->0 0->0 0->0 0->0 0->0 0->0 0->0 0->0 0->0 0->0 0->0 100->0 85->0 154->0 104->0 71->0 173->0 105->0 68->0 167->0 0->0 0->0 0->0 0->0 0->0 0->0 
0->0 0->0 0->0 0->0 0->0 0->0 0->0 0->0 0->0 0->0 0->0 0->0 0->0 0->0 0->0 0->0 0->0 0->0 0->0 0->0 0->0 0->0 0->0 0->0 0->0 0->0 0->0 0->0 0->0 0->0 0->0 0->0 0->0 0->0 0->0 0->0 

93->0 97->0 88->0 113->0 127->0 107->0 87->0 100->0 98->0 0->0 0->0 0->0 0->0 0->0 0->0 0->0 0->0 0->0 0->0 0->0 0->0 0->0 0->0 0->0 0->0 0->0 0->0 0->0 0->0 0->0 0->0 0->0 0->0 0->0 0->0 0->0 
108->0 115->0 117->0 132->0 130->0 78->0 171->0 181->0 165->0 0->0 0->0 0->0 0->0 0->0 0->0 0->0 0->0 0->0 0->0 0->0 0->0 0->0 0->0 0->0 0->0 0->0 0->0 0->0 0->0 0->0 0->0 0->0 0->0 0->0 0->0 0->0 
100->0 85->0 154->0 104->0 71->0 173->0 105->0 68->0 167->0 0->0 0->0 0->0 0->0 0->0 0->0 0->0 0->0 0->0 0->0 0->0 0->0 0->0 0->0 0->0 0->0 0->0 0->0 0->0 0->0 0->0 0->0 0->0 0->0 0->0 0->0 0->0 
0->0 0->0 0->0 0->0 0->0 0->0 0->0 0->0 0->0 0->0 0->0 0->0 0->0 0->0 0->0 0->0 0->0 0->0 0->0 0->0 0->0 0->0 0->0 0->0 0->0 0->0 0->0 0->0 0->0 0->0 0->0 0->0 0->0 0->0 0->0 0->0 
0->0 0->0 0->0 93->0 97->0 88->0 113->0 127->0 107->0 87->0 100->0 98->0 0->0 0->0 0->0 0->0 0->0 0->0 0->0 0->0 0->0 0->0 0->0 0->0 0->0 0->0 0->0 0->0 0->0 0->0 0->0 0->0 0->0 0->0 0->0 0->0 
0->0 0->0 0->0 108->0 115->0 117->0 132->0 130->0 78->0 171->0 181->0 165->0 0->0 0->0 0->0 0->0 0->0 0->0 0->0 0->0 0->0 0->0 0->0 0->0 0->0 0->0 0->0 0->0 0->0 0->0 0->0 0->0 0->0 0->0 0->0 0->0 
0->0 0->0 0->0 100->0 85->0 154->0 104->0 71->0 173->0 105->0 68->0 167->0 0->0 0->0 0->0 0->0 0->0 0->0 0->0 0->0 0->0 0->0 0->0 0->0 0->0 0->0 0->0 0->0 0->0 0->0 0->0 0->0 0->0 0->0 0->0 0->0 
0->0 0->0 0->0 0->0 0->0 0->0 0->0 0->0 0->0 0->0 0->0 0->0 0->0 0->0 0->0 0->0 0->0 0->0 0->0 0->0 0->0 0->0 0->0 0->0 0->0 0->0 0->0 0->0 0->0 0->0 0->0 0->0 0->0 0->0 0->0 0->0 
0->0 0->0 0->0 0->0 0->0 0->0 93->0 97->0 88->0 113->0 127->0 107->0 87->0 100->0 98->0 0->0 0->0 0->0 0->0 0->0 0->0 0->0 0->0 0->0 0->0 0->0 0->0 0->0 0->0 0->0 0->0 0->0 0->0 0->0 0->0 0->0 
0->0 0->0 0->0 0->0 0->0 0->0 108->0 115->0 117->0 132->0 130->0 78->0 171->0 181->0 165->0 0->0 0->0 0->0 0->0 0->0 0->0 0->0 0->0 0->0 0->0 0->0 0->0 0->0 0->0 0->0 0->0 0->0 0->0 0->0 0->0 0->0 
0->0 0->0 0->0 0->0 0->0 0->0 100->0 85->0 154->0 104->0 71->0 173->0 105->0 68->0 167->0 0->0 0->0 0->0 0->0 0->0 0->0 0->0 0->0 0->0 0->0 0->0 0->0 0->0 0->0 0->0 0->0 0->0 0->0 0->0 0->0 0->0 
0->0 0->0 0->0 0->0 0->0 0->0 0->0 0->0 0->0 0->0 0->0 0->0 0->0 0->0 0->0 0->0 0->0 0->0 0->0 0->0 0->0 0->0 0->0 0->0 0->0 0->0 0->0 0->0 0->0 0->0 0->0 0->0 0->0 0->0 0->0 0->0 
0->0 0->0 0->0 0->0 0->0 0->0 0->0 0->0 0->0 93->0 97->0 88->0 113->0 127->0 107->0 87->0 100->0 98->0 0->0 0->0 0->0 0->0 0->0 0->0 0->0 0->0 0->0 0->0 0->0 0->0 0->0 0->0 0->0 0->0 0->0 0->0 
0->0 0->0 0->0 0->0 0->0 0->0 0->0 0->0 0->0 108->0 115->0 117->0 132->0 130->0 78->0 171->0 181->0 165->0 0->0 0->0 0->0 0->0 0->0 0->0 0->0 0->0 0->0 0->0 0->0 0->0 0->0 0->0 0->0 0->0 0->0 0->0 
0->0 0->0 0->0 0->0 0->0 0->0 0->0 0->0 0->0 100->0 85->0 154->0 104->0 71->0 173->0 105->0 68->0 167->0 0->0 0->0 0->0 0->0 0->0 0->0 0->0 0->0 0->0 0->0 0->0 0->0 0->0 0->0 0->0 0->0 0->0 0->0 
0->0 0->0 0->0 0->0 0->0 0->0 0->0 0->0 0->0 0->0 0->0 0->0 0->0 0->0 0->0 0->0 0->0 0->0 0->0 0->0 0->0 0->0 0->0 0->0 0->0 0->0 0->0 0->0 0->0 0->0 0->0 0->0 0->0 0->0 0->0 0->0 
0->0 0->0 0->0 0->0 0->0 0->0 0->0 0->0 0->0 0->0 0->0 0->0 93->0 97->0 88->0 113->0 127->0 107->0 87->0 100->0 98->0 0->0 0->0 0->0 0->0 0->0 0->0 0->0 0->0 0->0 0->0 0->0 0->0 0->0 0->0 0->0 
0->0 0->0 0->0 0->0 0->0 0->0 0->0 0->0 0->0 0->0 0->0 0->0 108->0 115->0 117->0 132->0 130->0 78->0 171->0 181->0 165->0 0->0 0->0 0->0 0->0 0->0 0->0 0->0 0->0 0->0 0->0 0->0 0->0 0->0 0->0 0->0 
0->0 0->0 0->0 0->0 0->0 0->0 0->0 0->0 0->0 0->0 0->0 0->0 100->0 85->0 154->0 104->0 71->0 173->0 105->0 68->0 167->0 0->0 0->0 0->0 0->0 0->0 0->0 0->0 0->0 0->0 0->0 0->0 0->0 0->0 0->0 0->0 
0->0 0->0 0->0 0->0 0->0 0->0 0->0 0->0 0->0 0->0 0->0 0->0 0->0 0->0 0->0 0->0 0->0 0->0 0->0 0->0 0->0 0->0 0->0 0->0 0->0 0->0 0->0 0->0 0->0 0->0 0->0 0->0 0->0 0->0 0->0 0->0 
0->0 0->0 0->0 0->0 0->0 0->0 0->0 0->0 0->0 0->0 0->0 0->0 0->0 0->0 0->0 93->0 97->0 88->0 113->0 127->0 107->0 87->0 100->0 98->0 0->0 0->0 0->0 0->0 0->0 0->0 0->0 0->0 0->0 0->0 0->0 0->0 
0->0 0->0 0->0 0->0 0->0 0->0 0->0 0->0 0->0 0->0 0->0 0->0 0->0 0->0 0->0 108->0 115->0 117->0 132->0 130->0 78->0 171->0 181->0 165->0 0->0 0->0 0->0 0->0 0->0 0->0 0->0 0->0 0->0 0->0 0->0 0->0 
0->0 0->0 0->0 0->0 0->0 0->0 0->0 0->0 0->0 0->0 0->0 0->0 0->0 0->0 0->0 100->0 85->0 154->0 104->0 71->0 173->0 105->0 68->0 167->0 0->0 0->0 0->0 0->0 0->0 0->0 0->0 0->0 0->0 0->0 0->0 0->0 
0->0 0->0 0->0 0->0 0->0 0->0 0->0 0->0 0->0 0->0 0->0 0->0 0->0 0->0 0->0 0->0 0->0 0->0 0->0 0->0 0->0 0->0 0->0 0->0 0->0 0->0 0->0 0->0 0->0 0->0 0->0 0->0 0->0 0->0 0->0 0->0 
0->0 0->0 0->0 0->0 0->0 0->0 0->0 0->0 0->0 0->0 0->0 0->0 0->0 0->0 0->0 0->0 0->0 0->0 93->0 97->0 88->0 113->0 127->0 107->0 87->0 100->0 98->0 0->0 0->0 0->0 0->0 0->0 0->0 0->0 0->0 0->0 
0->0 0->0 0->0 0->0 0->0 0->0 0->0 0->0 0->0 0->0 0->0 0->0 0->0 0->0 0->0 0->0 0->0 0->0 108->0 115->0 117->0 132->0 130->0 78->0 171->0 181->0 165->0 0->0 0->0 0->0 0->0 0->0 0->0 0->0 0->0 0->0 
0->0 0->0 0->0 0->0 0->0 0->0 0->0 0->0 0->0 0->0 0->0 0->0 0->0 0->0 0->0 0->0 0->0 0->0 100->0 85->0 154->0 104->0 71->0 173->0 105->0 68->0 167->0 0->0 0->0 0->0 0->0 0->0 0->0 0->0 0->0 0->0 
0->0 0->0 0->0 0->0 0->0 0->0 0->0 0->0 0->0 0->0 0->0 0->0 0->0 0->0 0->0 0->0 0->0 0->0 0->0 0->0 0->0 0->0 0->0 0->0 0->0 0->0 0->0 0->0 0->0 0->0 0->0 0->0 0->0 0->0 0->0 0->0 
0->0 0->0 0->0 0->0 0->0 0->0 0->0 0->0 0->0 0->0 0->0 0->0 0->0 0->0 0->0 0->0 0->0 0->0 0->0 0->0 0->0 93->0 97->0 88->0 113->0 127->0 107->0 87->0 100->0 98->0 0->0 0->0 0->0 0->0 0->0 0->0 
0->0 0->0 0->0 0->0 0->0 0->0 0->0 0->0 0->0 0->0 0->0 0->0 0->0 0->0 0->0 0->0 0->0 0->0 0->0 0->0 0->0 108->0 115->0 117->0 132->0 130->0 78->0 171->0 181->0 165->0 0->0 0->0 0->0 0->0 0->0 0->0 
0->0 0->0 0->0 0->0 0->0 0->0 0->0 0->0 0->0 0->0 0->0 0->0 0->0 0->0 0->0 0->0 0->0 0->0 0->0 0->0 0->0 100->0 85->0 154->0 104->0 71->0 173->0 105->0 68->0 167->0 0->0 0->0 0->0 0->0 0->0 0->0 
0->0 0->0 0->0 0->0 0->0 0->0 0->0 0->0 0->0 0->0 0->0 0->0 0->0 0->0 0->0 0->0 0->0 0->0 0->0 0->0 0->0 0->0 0->0 0->0 0->0 0->0 0->0 0->0 0->0 0->0 0->0 0->0 0->0 0->0 0->0 0->0 

93->0 97->0 88->0 113->0 127->0 107->0 87->0 100->0 98->0 0->0 0->0 0->0 0->0 0->0 0->0 0->0 0->0 0->0 0->0 0->0 0->0 0->0 0->0 0->0 0->0 0->0 0->0 0->0 0->0 0->0 0->0 0->0 0->0 0->0 0->0 0->0 
108->0 115->0 117->0 132->0 130->0 78->0 171->0 181->0 165->0 0->0 0->0 0->0 0->0 0->0 0->0 0->0 0->0 0->0 0->0 0->0 0->0 0->0 0->0 0->0 0->0 0->0 0->0 0->0 0->0 0->0 0->0 0->0 0->0 0->0 0->0 0->0 
100->0 85->0 154->0 104->0 71->0 173->0 105->0 68->0 167->0 0->0 0->0 0->0 0->0 0->0 0->0 0->0 0->0 0->0 0->0 0->0 0->0 0->0 0->0 0->0 0->0 0->0 0->0 0->0 0->0 0->0 0->0 0->0 0->0 0->0 0->0 0->0 
0->0 0->0 0->0 0->0 0->0 0->0 0->0 0->0 0->0 0->0 0->0 0->0 0->0 0->0 0->0 0->0 0->0 0->0 0->0 0->0 0->0 0->0 0->0 0->0 0->0 0->0 0->0 0->0 0->0 0->0 0->0 0->0 0->0 0->0 0->0 0->0 
0->0 0->0 0->0 93->0 97->0 88->0 113->0 127->0 107->0 87->0 100->0 98->0 0->0 0->0 0->0 0->0 0->0 0->0 0->0 0->0 0->0 0->0 0->0 0->0 0->0 0->0 0->0 0->0 0->0 0->0 0->0 0->0 0->0 0->0 0->0 0->0 
0->0 0->0 0->0 108->0 115->0 117->0 132->0 130->0 78->0 171->0 181->0 165->0 0->0 0->0 0->0 0->0 0->0 0->0 0->0 0->0 0->0 0->0 0->0 0->0 0->0 0->0 0->0 0->0 0->0 0->0 0->0 0->0 0->0 0->0 0->0 0->0 
0->0 0->0 0->0 100->0 85->0 154->0 104->0 71->0 173->0 105->0 68->0 167->0 0->0 0->0 0->0 0->0 0->0 0->0 0->0 0->0 0->0 0->0 0->0 0->0 0->0 0->0 0->0 0->0 0->0 0->0 0->0 0->0 0->0 0->0 0->0 0->0 
0->0 0->0 0->0 0->0 0->0 0->0 0->0 0->0 0->0 0->0 0->0 0->0 0->0 0->0 0->0 0->0 0->0 0->0 0->0 0->0 0->0 0->0 0->0 0->0 0->0 0->0 0->0 0->0 0->0 0->0 0->0 0->0 0->0 0->0 0->0 0->0 
0->0 0->0 0->0 0->0 0->0 0->0 93->0 97->0 88->0 113->0 127->0 107->0 87->0 100->0 98->0 0->0 0->0 0->0 0->0 0->0 0->0 0->0 0->0 0->0 0->0 0->0 0->0 0->0 0->0 0->0 0->0 0->0 0->0 0->0 0->0 0->0 
0->0 0->0 0->0 0->0 0->0 0->0 108->0 115->0 117->0 132->0 130->0 78->0 171->0 181->0 165->0 0->0 0->0 0->0 0->0 0->0 0->0 0->0 0->0 0->0 0->0 0->0 0->0 0->0 0->0 0->0 0->0 0->0 0->0 0->0 0->0 0->0 
0->0 0->0 0->0 0->0 0->0 0->0 100->0 85->0 154->0 104->0 71->0 173->0 105->0 68->0 167->0 0->0 0->0 0->0 0->0 0->0 0->0 0->0 0->0 0->0 0->0 0->0 0->0 0->0 0->0 0->0 0->0 0->0 0->0 0->0 0->0 0->0 
0->0 0->0 0->0 0->0 0->0 0->0 0->0 0->0 0->0 0->0 0->0 0->0 0->0 0->0 0->0 0->0 0->0 0->0 0->0 0->0 0->0 0->0 0->0 0->0 0->0 0->0 0->0 0->0 0->0 0->0 0->0 0->0 0->0 0->0 0->0 0->0 
0->0 0->0 0->0 0->0 0->0 0->0 0->0 0->0 0->0 93->0 97->0 88->0 113->0 127->0 107->0 87->0 100->0 98->0 0->0 0->0 0->0 0->0 0->0 0->0 0->0 0->0 0->0 0->0 0->0 0->0 0->0 0->0 0->0 0->0 0->0 0->0 
0->0 0->0 0->0 0->0 0->0 0->0 0->0 0->0 0->0 108->0 115->0 117->0 132->0 130->0 78->0 171->0 181->0 165->0 0->0 0->0 0->0 0->0 0->0 0->0 0->0 0->0 0->0 0->0 0->0 0->0 0->0 0->0 0->0 0->0 0->0 0->0 
0->0 0->0 0->0 0->0 0->0 0->0 0->0 0->0 0->0 100->0 85->0 154->0 104->0 71->0 173->0 105->0 68->0 167->0 0->0 0->0 0->0 0->0 0->0 0->0 0->0 0->0 0->0 0->0 0->0 0->0 0->0 0->0 0->0 0->0 0->0 0->0 
0->0 0->0 0->0 0->0 0->0 0->0 0->0 0->0 0->0 0->0 0->0 0->0 0->0 0->0 0->0 0->0 0->0 0->0 0->0 0->0 0->0 0->0 0->0 0->0 0->0 0->0 0->0 0->0 0->0 0->0 0->0 0->0 0->0 0->0 0->0 0->0 
0->0 0->0 0->0 0->0 0->0 0->0 0->0 0->0 0->0 0->0 0->0 0->0 93->0 97->0 88->0 113->0 127->0 107->0 87->0 100->0 98->0 0->0 0->0 0->0 0->0 0->0 0->0 0->0 0->0 0->0 0->0 0->0 0->0 0->0 0->0 0->0 
0->0 0->0 0->0 0->0 0->0 0->0 0->0 0->0 0->0 0->0 0->0 0->0 108->0 115->0 117->0 132->0 130->0 78->0 171->0 181->0 165->0 0->0 0->0 0->0 0->0 0->0 0->0 0->0 0->0 0->0 0->0 0->0 0->0 0->0 0->0 0->0 
0->0 0->0 0->0 0->0 0->0 0->0 0->0 0->0 0->0 0->0 0->0 0->0 100->0 85->0 154->0 104->0 71->0 173->0 105->0 68->0 167->0 0->0 0->0 0->0 0->0 0->0 0->0 0->0 0->0 0->0 0->0 0->0 0->0 0->0 0->0 0->0 
0->0 0->0 0->0 0->0 0->0 0->0 0->0 0->0 0->0 0->0 0->0 0->0 0->0 0->0 0->0 0->0 0->0 0->0 0->0 0->0 0->0 0->0 0->0 0->0 0->0 0->0 0->0 0->0 0->0 0->0 0->0 0->0 0->0 0->0 0->0 0->0 
0->0 0->0 0->0 0->0 0->0 0->0 0->0 0->0 0->0 0->0 0->0 0->0 0->0 0->0 0->0 93->0 97->0 88->0 113->0 127->0 107->0 87->0 100->0 98->0 0->0 0->0 0->0 0->0 0->0 0->0 0->0 0->0 0->0 0->0 0->0 0->0 
0->0 0->0 0->0 0->0 0->0 0->0 0->0 0->0 0->0 0->0 0->0 0->0 0->0 0->0 0->0 108->0 115->0 117->0 132->0 130->0 78->0 171->0 181->0 165->0 0->0 0->0 0->0 0->0 0->0 0->0 0->0 0->0 0->0 0->0 0->0 0->0 
0->0 0->0 0->0 0->0 0->0 0->0 0->0 0->0 0->0 0->0 0->0 0->0 0->0 0->0 0->0 100->0 85->0 154->0 104->0 71->0 173->0 105->0 68->0 167->0 0->0 0->0 0->0 0->0 0->0 0->0 0->0 0->0 0->0 0->0 0->0 0->0 
0->0 0->0 0->0 0->0 0->0 0->0 0->0 0->0 0->0 0->0 0->0 0->0 0->0 0->0 0->0 0->0 0->0 0->0 0->0 0->0 0->0 0->0 0->0 0->0 0->0 0->0 0->0 0->0 0->0 0->0 0->0 0->0 0->0 0->0 0->0 0->0 
0->0 0->0 0->0 0->0 0->0 0->0 0->0 0->0 0->0 0->0 0->0 0->0 0->0 0->0 0->0 0->0 0->0 0->0 93->0 97->0 88->0 113->0 127->0 107->0 87->0 100->0 98->0 0->0 0->0 0->0 0->0 0->0 0->0 0->0 0->0 0->0 
0->0 0->0 0->0 0->0 0->0 0->0 0->0 0->0 0->0 0->0 0->0 0->0 0->0 0->0 0->0 0->0 0->0 0->0 108->0 115->0 117->0 132->0 130->0 78->0 171->0 181->0 165->0 0->0 0->0 0->0 0->0 0->0 0->0 0->0 0->0 0->0 
0->0 0->0 0->0 0->0 0->0 0->0 0->0 0->0 0->0 0->0 0->0 0->0 0->0 0->0 0->0 0->0 0->0 0->0 100->0 85->0 154->0 104->0 71->0 173->0 105->0 68->0 167->0 0->0 0->0 0->0 0->0 0->0 0->0 0->0 0->0 0->0 
0->0 0->0 0->0 0->0 0->0 0->0 0->0 0->0 0->0 0->0 0->0 0->0 0->0 0->0 0->0 0->0 0->0 0->0 0->0 0->0 0->0 0->0 0->0 0->0 0->0 0->0 0->0 0->0 0->0 0->0 0->0 0->0 0->0 0->0 0->0 0->0 
0->0 0->0 0->0 0->0 0->0 0->0 0->0 0->0 0->0 0->0 0->0 0->0 0->0 0->0 0->0 0->0 0->0 0->0 0->0 0->0 0->0 93->0 97->0 88->0 113->0 127->0 107->0 87->0 100->0 98->0 0->0 0->0 0->0 0->0 0->0 0->0 
0->0 0->0 0->0 0->0 0->0 0->0 0->0 0->0 0->0 0->0 0->0 0->0 0->0 0->0 0->0 0->0 0->0 0->0 0->0 0->0 0->0 108->0 115->0 117->0 132->0 130->0 78->0 171->0 181->0 165->0 0->0 0->0 0->0 0->0 0->0 0->0 
0->0 0->0 0->0 0->0 0->0 0->0 0->0 0->0 0->0 0->0 0->0 0->0 0->0 0->0 0->0 0->0 0->0 0->0 0->0 0->0 0->0 100->0 85->0 154->0 104->0 71->0 173->0 105->0 68->0 167->0 0->0 0->0 0->0 0->0 0->0 0->0 
0->0 0->0 0->0 0->0 0->0 0->0 0->0 0->0 0->0 0->0 0->0 0->0 0->0 0->0 0->0 0->0 0->0 0->0 0->0 0->0 0->0 0->0 0->0 0->0 0->0 0->0 0->0 0->0 0->0 0->0 0->0 0->0 0->0 0->0 0->0 0->0 

93->0 97->0 88->0 113->0 127->0 107->0 87->0 100->0 98->0 0->0 0->0 0->0 0->0 0->0 0->0 0->0 0->0 0->0 0->0 0->0 0->0 0->0 0->0 0->0 0->0 0->0 0->0 0->0 0->0 0->0 0->0 0->0 0->0 0->0 0->0 0->0 
108->0 115->0 117->0 132->0 130->0 78->0 171->0 181->0 165->0 0->0 0->0 0->0 0->0 0->0 0->0 0->0 0->0 0->0 0->0 0->0 0->0 0->0 0->0 0->0 0->0 0->0 0->0 0->0 0->0 0->0 0->0 0->0 0->0 0->0 0->0 0->0 
100->0 85->0 154->0 104->0 71->0 173->0 105->0 68->0 167->0 0->0 0->0 0->0 0->0 0->0 0->0 0->0 0->0 0->0 0->0 0->0 0->0 0->0 0->0 0->0 0->0 0->0 0->0 0->0 0->0 0->0 0->0 0->0 0->0 0->0 0->0 0->0 
0->0 0->0 0->0 0->0 0->0 0->0 0->0 0->0 0->0 0->0 0->0 0->0 0->0 0->0 0->0 0->0 0->0 0->0 0->0 0->0 0->0 0->0 0->0 0->0 0->0 0->0 0->0 0->0 0->0 0->0 0->0 0->0 0->0 0->0 0->0 0->0 
0->0 0->0 0->0 93->0 97->0 88->0 113->0 127->0 107->0 87->0 100->0 98->0 0->0 0->0 0->0 0->0 0->0 0->0 0->0 0->0 0->0 0->0 0->0 0->0 0->0 0->0 0->0 0->0 0->0 0->0 0->0 0->0 0->0 0->0 0->0 0->0 
0->0 0->0 0->0 108->0 115->0 117->0 132->0 130->0 78->0 171->0 181->0 165->0 0->0 0->0 0->0 0->0 0->0 0->0 0->0 0->0 0->0 0->0 0->0 0->0 0->0 0->0 0->0 0->0 0->0 0->0 0->0 0->0 0->0 0->0 0->0 0->0 
0->0 0->0 0->0 100->0 85->0 154->0 104->0 71->0 173->0 105->0 68->0 167->0 0->0 0->0 0->0 0->0 0->0 0->0 0->0 0->0 0->0 0->0 0->0 0->0 0->0 0->0 0->0 0->0 0->0 0->0 0->0 0->0 0->0 0->0 0->0 0->0 
0->0 0->0 0->0 0->0 0->0 0->0 0->0 0->0 0->0 0->0 0->0 0->0 0->0 0->0 0->0 0->0 0->0 0->0 0->0 0->0 0->0 0->0 0->0 0->0 0->0 0->0 0->0 0->0 0->0 0->0 0->0 0->0 0->0 0->0 0->0 0->0 
0->0 0->0 0->0 0->0 0->0 0->0 93->0 97->0 88->0 113->0 127->0 107->0 87->0 100->0 98->0 0->0 0->0 0->0 0->0 0->0 0->0 0->0 0->0 0->0 0->0 0->0 0->0 0->0 0->0 0->0 0->0 0->0 0->0 0->0 0->0 0->0 
0->0 0->0 0->0 0->0 0->0 0->0 108->0 115->0 117->0 132->0 130->0 78->0 171->0 181->0 165->0 0->0 0->0 0->0 0->0 0->0 0->0 0->0 0->0 0->0 0->0 0->0 0->0 0->0 0->0 0->0 0->0 0->0 0->0 0->0 0->0 0->0 
0->0 0->0 0->0 0->0 0->0 0->0 100->0 85->0 154->0 104->0 71->0 173->0 105->0 68->0 167->0 0->0 0->0 0->0 0->0 0->0 0->0 0->0 0->0 0->0 0->0 0->0 0->0 0->0 0->0 0->0 0->0 0->0 0->0 0->0 0->0 0->0 
0->0 0->0 0->0 0->0 0->0 0->0 0->0 0->0 0->0 0->0 0->0 0->0 0->0 0->0 0->0 0->0 0->0 0->0 0->0 0->0 0->0 0->0 0->0 0->0 0->0 0->0 0->0 0->0 0->0 0->0 0->0 0->0 0->0 0->0 0->0 0->0 
0->0 0->0 0->0 0->0 0->0 0->0 0->0 0->0 0->0 93->0 97->0 88->0 113->0 127->0 107->0 87->0 100->0 98->0 0->0 0->0 0->0 0->0 0->0 0->0 0->0 0->0 0->0 0->0 0->0 0->0 0->0 0->0 0->0 0->0 0->0 0->0 
0->0 0->0 0->0 0->0 0->0 0->0 0->0 0->0 0->0 108->0 115->0 117->0 132->0 130->0 78->0 171->0 181->0 165->0 0->0 0->0 0->0 0->0 0->0 0->0 0->0 0->0 0->0 0->0 0->0 0->0 0->0 0->0 0->0 0->0 0->0 0->0 
0->0 0->0 0->0 0->0 0->0 0->0 0->0 0->0 0->0 100->0 85->0 154->0 104->0 71->0 173->0 105->0 68->0 167->0 0->0 0->0 0->0 0->0 0->0 0->0 0->0 0->0 0->0 0->0 0->0 0->0 0->0 0->0 0->0 0->0 0->0 0->0 
0->0 0->0 0->0 0->0 0->0 0->0 0->0 0->0 0->0 0->0 0->0 0->0 0->0 0->0 0->0 0->0 0->0 0->0 0->0 0->0 0->0 0->0 0->0 0->0 0->0 0->0 0->0 0->0 0->0 0->0 0->0 0->0 0->0 0->0 0->0 0->0 
0->0 0->0 0->0 0->0 0->0 0->0 0->0 0->0 0->0 0->0 0->0 0->0 93->0 97->0 88->0 113->0 127->0 107->0 87->0 100->0 98->0 0->0 0->0 0->0 0->0 0->0 0->0 0->0 0->0 0->0 0->0 0->0 0->0 0->0 0->0 0->0 
0->0 0->0 0->0 0->0 0->0 0->0 0->0 0->0 0->0 0->0 0->0 0->0 108->0 115->0 117->0 132->0 130->0 78->0 171->0 181->0 165->0 0->0 0->0 0->0 0->0 0->0 0->0 0->0 0->0 0->0 0->0 0->0 0->0 0->0 0->0 0->0 
0->0 0->0 0->0 0->0 0->0 0->0 0->0 0->0 0->0 0->0 0->0 0->0 100->0 85->0 154->0 104->0 71->0 173->0 105->0 68->0 167->0 0->0 0->0 0->0 0->0 0->0 0->0 0->0 0->0 0->0 0->0 0->0 0->0 0->0 0->0 0->0 
0->0 0->0 0->0 0->0 0->0 0->0 0->0 0->0 0->0 0->0 0->0 0->0 0->0 0->0 0->0 0->0 0->0 0->0 0->0 0->0 0->0 0->0 0->0 0->0 0->0 0->0 0->0 0->0 0->0 0->0 0->0 0->0 0->0 0->0 0->0 0->0 
0->0 0->0 0->0 0->0 0->0 0->0 0->0 0->0 0->0 0->0 0->0 0->0 0->0 0->0 0->0 93->0 97->0 88->0 113->0 127->0 107->0 87->0 100->0 98->0 0->0 0->0 0->0 0->0 0->0 0->0 0->0 0->0 0->0 0->0 0->0 0->0 
0->0 0->0 0->0 0->0 0->0 0->0 0->0 0->0 0->0 0->0 0->0 0->0 0->0 0->0 0->0 108->0 115->0 117->0 132->0 130->0 78->0 171->0 181->0 165->0 0->0 0->0 0->0 0->0 0->0 0->0 0->0 0->0 0->0 0->0 0->0 0->0 
0->0 0->0 0->0 0->0 0->0 0->0 0->0 0->0 0->0 0->0 0->0 0->0 0->0 0->0 0->0 100->0 85->0 154->0 104->0 71->0 173->0 105->0 68->0 167->0 0->0 0->0 0->0 0->0 0->0 0->0 0->0 0->0 0->0 0->0 0->0 0->0 
0->0 0->0 0->0 0->0 0->0 0->0 0->0 0->0 0->0 0->0 0->0 0->0 0->0 0->0 0->0 0->0 0->0 0->0 0->0 0->0 0->0 0->0 0->0 0->0 0->0 0->0 0->0 0->0 0->0 0->0 0->0 0->0 0->0 0->0 0->0 0->0 
0->0 0->0 0->0 0->0 0->0 0->0 0->0 0->0 0->0 0->0 0->0 0->0 0->0 0->0 0->0 0->0 0->0 0->0 93->0 97->0 88->0 113->0 127->0 107->0 87->0 100->0 98->0 0->0 0->0 0->0 0->0 0->0 0->0 0->0 0->0 0->0 
0->0 0->0 0->0 0->0 0->0 0->0 0->0 0->0 0->0 0->0 0->0 0->0 0->0 0->0 0->0 0->0 0->0 0->0 108->0 115->0 117->0 132->0 130->0 78->0 171->0 181->0 165->0 0->0 0->0 0->0 0->0 0->0 0->0 0->0 0->0 0->0 
0->0 0->0 0->0 0->0 0->0 0->0 0->0 0->0 0->0 0->0 0->0 0->0 0->0 0->0 0->0 0->0 0->0 0->0 100->0 85->0 154->0 104->0 71->0 173->0 105->0 68->0 167->0 0->0 0->0 0->0 0->0 0->0 0->0 0->0 0->0 0->0 
0->0 0->0 0->0 0->0 0->0 0->0 0->0 0->0 0->0 0->0 0->0 0->0 0->0 0->0 0->0 0->0 0->0 0->0 0->0 0->0 0->0 0->0 0->0 0->0 0->0 0->0 0->0 0->0 0->0 0->0 0->0 0->0 0->0 0->0 0->0 0->0 
0->0 0->0 0->0 0->0 0->0 0->0 0->0 0->0 0->0 0->0 0->0 0->0 0->0 0->0 0->0 0->0 0->0 0->0 0->0 0->0 0->0 93->0 97->0 88->0 113->0 127->0 107->0 87->0 100->0 98->0 0->0 0->0 0->0 0->0 0->0 0->0 
0->0 0->0 0->0 0->0 0->0 0->0 0->0 0->0 0->0 0->0 0->0 0->0 0->0 0->0 0->0 0->0 0->0 0->0 0->0 0->0 0->0 108->0 115->0 117->0 132->0 130->0 78->0 171->0 181->0 165->0 0->0 0->0 0->0 0->0 0->0 0->0 
0->0 0->0 0->0 0->0 0->0 0->0 0->0 0->0 0->0 0->0 0->0 0->0 0->0 0->0 0->0 0->0 0->0 0->0 0->0 0->0 0->0 100->0 85->0 154->0 104->0 71->0 173->0 105->0 68->0 167->0 0->0 0->0 0->0 0->0 0->0 0->0 
0->0 0->0 0->0 0->0 0->0 0->0 0->0 0->0 0->0 0->0 0->0 0->0 0->0 0->0 0->0 0->0 0->0 0->0 0->0 0->0 0->0 0->0 0->0 0->0 0->0 0->0 0->0 0->0 0->0 0->0 0->0 0->0 0->0 0->0 0->0 0->0 

93->0 97->0 88->0 113->0 127->0 107->0 87->0 100->0 98->0 0->0 0->0 0->0 0->0 0->0 0->0 0->0 0->0 0->0 0->0 0->0 0->0 0->0 0->0 0->0 0->0 0->0 0->0 0->0 0->0 0->0 0->0 0->0 0->0 0->0 0->0 0->0 
108->0 115->0 117->0 132->0 130->0 78->0 171->0 181->0 165->0 0->0 0->0 0->0 0->0 0->0 0->0 0->0 0->0 0->0 0->0 0->0 0->0 0->0 0->0 0->0 0->0 0->0 0->0 0->0 0->0 0->0 0->0 0->0 0->0 0->0 0->0 0->0 
100->0 85->0 154->0 104->0 71->0 173->0 105->0 68->0 167->0 0->0 0->0 0->0 0->0 0->0 0->0 0->0 0->0 0->0 0->0 0->0 0->0 0->0 0->0 0->0 0->0 0->0 0->0 0->0 0->0 0->0 0->0 0->0 0->0 0->0 0->0 0->0 
0->0 0->0 0->0 0->0 0->0 0->0 0->0 0->0 0->0 0->0 0->0 0->0 0->0 0->0 0->0 0->0 0->0 0->0 0->0 0->0 0->0 0->0 0->0 0->0 0->0 0->0 0->0 0->0 0->0 0->0 0->0 0->0 0->0 0->0 0->0 0->0 
0->0 0->0 0->0 93->0 97->0 88->0 113->0 127->0 107->0 87->0 100->0 98->0 0->0 0->0 0->0 0->0 0->0 0->0 0->0 0->0 0->0 0->0 0->0 0->0 0->0 0->0 0->0 0->0 0->0 0->0 0->0 0->0 0->0 0->0 0->0 0->0 
0->0 0->0 0->0 108->0 115->0 117->0 132->0 130->0 78->0 171->0 181->0 165->0 0->0 0->0 0->0 0->0 0->0 0->0 0->0 0->0 0->0 0->0 0->0 0->0 0->0 0->0 0->0 0->0 0->0 0->0 0->0 0->0 0->0 0->0 0->0 0->0 
0->0 0->0 0->0 100->0 85->0 154->0 104->0 71->0 173->0 105->0 68->0 167->0 0->0 0->0 0->0 0->0 0->0 0->0 0->0 0->0 0->0 0->0 0->0 0->0 0->0 0->0 0->0 0->0 0->0 0->0 0->0 0->0 0->0 0->0 0->0 0->0 
0->0 0->0 0->0 0->0 0->0 0->0 0->0 0->0 0->0 0->0 0->0 0->0 0->0 0->0 0->0 0->0 0->0 0->0 0->0 0->0 0->0 0->0 0->0 0->0 0->0 0->0 0->0 0->0 0->0 0->0 0->0 0->0 0->0 0->0 0->0 0->0 
0->0 0->0 0->0 0->0 0->0 0->0 93->0 97->0 88->0 113->0 127->0 107->0 87->0 100->0 98->0 0->0 0->0 0->0 0->0 0->0 0->0 0->0 0->0 0->0 0->0 0->0 0->0 0->0 0->0 0->0 0->0 0->0 0->0 0->0 0->0 0->0 
0->0 0->0 0->0 0->0 0->0 0->0 108->0 115->0 117->0 132->0 130->0 78->0 171->0 181->0 165->0 0->0 0->0 0->0 0->0 0->0 0->0 0->0 0->0 0->0 0->0 0->0 0->0 0->0 0->0 0->0 0->0 0->0 0->0 0->0 0->0 0->0 
0->0 0->0 0->0 0->0 0->0 0->0 100->0 85->0 154->0 104->0 71->0 173->0 105->0 68->0 167->0 0->0 0->0 0->0 0->0 0->0 0->0 0->0 0->0 0->0 0->0 0->0 0->0 0->0 0->0 0->0 0->0 0->0 0->0 0->0 0->0 0->0 
0->0 0->0 0->0 0->0 0->0 0->0 0->0 0->0 0->0 0->0 0->0 0->0 0->0 0->0 0->0 0->0 0->0 0->0 0->0 0->0 0->0 0->0 0->0 0->0 0->0 0->0 0->0 0->0 0->0 0->0 0->0 0->0 0->0 0->0 0->0 0->0 
0->0 0->0 0->0 0->0 0->0 0->0 0->0 0->0 0->0 93->0 97->0 88->0 113->0 127->0 107->0 87->0 100->0 98->0 0->0 0->0 0->0 0->0 0->0 0->0 0->0 0->0 0->0 0->0 0->0 0->0 0->0 0->0 0->0 0->0 0->0 0->0 
0->0 0->0 0->0 0->0 0->0 0->0 0->0 0->0 0->0 108->0 115->0 117->0 132->0 130->0 78->0 171->0 181->0 165->0 0->0 0->0 0->0 0->0 0->0 0->0 0->0 0->0 0->0 0->0 0->0 0->0 0->0 0->0 0->0 0->0 0->0 0->0 
0->0 0->0 0->0 0->0 0->0 0->0 0->0 0->0 0->0 100->0 85->0 154->0 104->0 71->0 173->0 105->0 68->0 167->0 0->0 0->0 0->0 0->0 0->0 0->0 0->0 0->0 0->0 0->0 0->0 0->0 0->0 0->0 0->0 0->0 0->0 0->0 
0->0 0->0 0->0 0->0 0->0 0->0 0->0 0->0 0->0 0->0 0->0 0->0 0->0 0->0 0->0 0->0 0->0 0->0 0->0 0->0 0->0 0->0 0->0 0->0 0->0 0->0 0->0 0->0 0->0 0->0 0->0 0->0 0->0 0->0 0->0 0->0 
0->0 0->0 0->0 0->0 0->0 0->0 0->0 0->0 0->0 0->0 0->0 0->0 93->0 97->0 88->0 113->0 127->0 107->0 87->0 100->0 98->0 0->0 0->0 0->0 0->0 0->0 0->0 0->0 0->0 0->0 0->0 0->0 0->0 0->0 0->0 0->0 
0->0 0->0 0->0 0->0 0->0 0->0 0->0 0->0 0->0 0->0 0->0 0->0 108->0 115->0 117->0 132->0 130->0 78->0 171->0 181->0 165->0 0->0 0->0 0->0 0->0 0->0 0->0 0->0 0->0 0->0 0->0 0->0 0->0 0->0 0->0 0->0 
0->0 0->0 0->0 0->0 0->0 0->0 0->0 0->0 0->0 0->0 0->0 0->0 100->0 85->0 154->0 104->0 71->0 173->0 105->0 68->0 167->0 0->0 0->0 0->0 0->0 0->0 0->0 0->0 0->0 0->0 0->0 0->0 0->0 0->0 0->0 0->0 
0->0 0->0 0->0 0->0 0->0 0->0 0->0 0->0 0->0 0->0 0->0 0->0 0->0 0->0 0->0 0->0 0->0 0->0 0->0 0->0 0->0 0->0 0->0 0->0 0->0 0->0 0->0 0->0 0->0 0->0 0->0 0->0 0->0 0->0 0->0 0->0 
0->0 0->0 0->0 0->0 0->0 0->0 0->0 0->0 0->0 0->0 0->0 0->0 0->0 0->0 0->0 93->0 97->0 88->0 113->0 127->0 107->0 87->0 100->0 98->0 0->0 0->0 0->0 0->0 0->0 0->0 0->0 0->0 0->0 0->0 0->0 0->0 
0->0 0->0 0->0 0->0 0->0 0->0 0->0 0->0 0->0 0->0 0->0 0->0 0->0 0->0 0->0 108->0 115->0 117->0 132->0 130->0 78->0 171->0 181->0 165->0 0->0 0->0 0->0 0->0 0->0 0->0 0->0 0->0 0->0 0->0 0->0 0->0 
0->0 0->0 0->0 0->0 0->0 0->0 0->0 0->0 0->0 0->0 0->0 0->0 0->0 0->0 0->0 100->0 85->0 154->0 104->0 71->0 173->0 105->0 68->0 167->0 0->0 0->0 0->0 0->0 0->0 0->0 0->0 0->0 0->0 0->0 0->0 0->0 
0->0 0->0 0->0 0->0 0->0 0->0 0->0 0->0 0->0 0->0 0->0 0->0 0->0 0->0 0->0 0->0 0->0 0->0 0->0 0->0 0->0 0->0 0->0 0->0 0->0 0->0 0->0 0->0 0->0 0->0 0->0 0->0 0->0 0->0 0->0 0->0 
0->0 0->0 0->0 0->0 0->0 0->0 0->0 0->0 0->0 0->0 0->0 0->0 0->0 0->0 0->0 0->0 0->0 0->0 93->0 97->0 88->0 113->0 127->0 107->0 87->0 100->0 98->0 0->0 0->0 0->0 0->0 0->0 0->0 0->0 0->0 0->0 
0->0 0->0 0->0 0->0 0->0 0->0 0->0 0->0 0->0 0->0 0->0 0->0 0->0 0->0 0->0 0->0 0->0 0->0 108->0 115->0 117->0 132->0 130->0 78->0 171->0 181->0 165->0 0->0 0->0 0->0 0->0 0->0 0->0 0->0 0->0 0->0 
0->0 0->0 0->0 0->0 0->0 0->0 0->0 0->0 0->0 0->0 0->0 0->0 0->0 0->0 0->0 0->0 0->0 0->0 100->0 85->0 154->0 104->0 71->0 173->0 105->0 68->0 167->0 0->0 0->0 0->0 0->0 0->0 0->0 0->0 0->0 0->0 
0->0 0->0 0->0 0->0 0->0 0->0 0->0 0->0 0->0 0->0 0->0 0->0 0->0 0->0 0->0 0->0 0->0 0->0 0->0 0->0 0->0 0->0 0->0 0->0 0->0 0->0 0->0 0->0 0->0 0->0 0->0 0->0 0->0 0->0 0->0 0->0 
0->0 0->0 0->0 0->0 0->0 0->0 0->0 0->0 0->0 0->0 0->0 0->0 0->0 0->0 0->0 0->0 0->0 0->0 0->0 0->0 0->0 93->0 97->0 88->0 113->0 127->0 107->0 87->0 100->0 98->0 0->0 0->0 0->0 0->0 0->0 0->0 
0->0 0->0 0->0 0->0 0->0 0->0 0->0 0->0 0->0 0->0 0->0 0->0 0->0 0->0 0->0 0->0 0->0 0->0 0->0 0->0 0->0 108->0 115->0 117->0 132->0 130->0 78->0 171->0 181->0 165->0 0->0 0->0 0->0 0->0 0->0 0->0 
0->0 0->0 0->0 0->0 0->0 0->0 0->0 0->0 0->0 0->0 0->0 0->0 0->0 0->0 0->0 0->0 0->0 0->0 0->0 0->0 0->0 100->0 85->0 154->0 104->0 71->0 173->0 105->0 68->0 167->0 0->0 0->0 0->0 0->0 0->0 0->0 
0->0 0->0 0->0 0->0 0->0 0->0 0->0 0->0 0->0 0->0 0->0 0->0 0->0 0->0 0->0 0->0 0->0 0->0 0->0 0->0 0->0 0->0 0->0 0->0 0->0 0->0 0->0 0->0 0->0 0->0 0->0 0->0 0->0 0->0 0->0 0->0 

93->0 97->0 88->0 113->0 127->0 107->0 87->0 100->0 98->0 0->0 0->0 0->0 0->0 0->0 0->0 0->0 0->0 0->0 0->0 0->0 0->0 0->0 0->0 0->0 0->0 0->0 0->0 0->0 0->0 0->0 0->0 0->0 0->0 0->0 0->0 0->0 
108->0 115->0 117->0 132->0 130->0 78->0 171->0 181->0 165->0 0->0 0->0 0->0 0->0 0->0 0->0 0->0 0->0 0->0 0->0 0->0 0->0 0->0 0->0 0->0 0->0 0->0 0->0 0->0 0->0 0->0 0->0 0->0 0->0 0->0 0->0 0->0 
100->0 85->0 154->0 104->0 71->0 173->0 105->0 68->0 167->0 0->0 0->0 0->0 0->0 0->0 0->0 0->0 0->0 0->0 0->0 0->0 0->0 0->0 0->0 0->0 0->0 0->0 0->0 0->0 0->0 0->0 0->0 0->0 0->0 0->0 0->0 0->0 
0->0 0->0 0->0 0->0 0->0 0->0 0->0 0->0 0->0 0->0 0->0 0->0 0->0 0->0 0->0 0->0 0->0 0->0 0->0 0->0 0->0 0->0 0->0 0->0 0->0 0->0 0->0 0->0 0->0 0->0 0->0 0->0 0->0 0->0 0->0 0->0 
0->0 0->0 0->0 93->0 97->0 88->0 113->0 127->0 107->0 87->0 100->0 98->0 0->0 0->0 0->0 0->0 0->0 0->0 0->0 0->0 0->0 0->0 0->0 0->0 0->0 0->0 0->0 0->0 0->0 0->0 0->0 0->0 0->0 0->0 0->0 0->0 
0->0 0->0 0->0 108->0 115->0 117->0 132->0 130->0 78->0 171->0 181->0 165->0 0->0 0->0 0->0 0->0 0->0 0->0 0->0 0->0 0->0 0->0 0->0 0->0 0->0 0->0 0->0 0->0 0->0 0->0 0->0 0->0 0->0 0->0 0->0 0->0 
0->0 0->0 0->0 100->0 85->0 154->0 104->0 71->0 173->0 105->0 68->0 167->0 0->0 0->0 0->0 0->0 0->0 0->0 0->0 0->0 0->0 0->0 0->0 0->0 0->0 0->0 0->0 0->0 0->0 0->0 0->0 0->0 0->0 0->0 0->0 0->0 
0->0 0->0 0->0 0->0 0->0 0->0 0->0 0->0 0->0 0->0 0->0 0->0 0->0 0->0 0->0 0->0 0->0 0->0 0->0 0->0 0->0 0->0 0->0 0->0 0->0 0->0 0->0 0->0 0->0 0->0 0->0 0->0 0->0 0->0 0->0 0->0 
0->0 0->0 0->0 0->0 0->0 0->0 93->0 97->0 88->0 113->0 127->0 107->0 87->0 100->0 98->0 0->0 0->0 0->0 0->0 0->0 0->0 0->0 0->0 0->0 0->0 0->0 0->0 0->0 0->0 0->0 0->0 0->0 0->0 0->0 0->0 0->0 
0->0 0->0 0->0 0->0 0->0 0->0 108->0 115->0 117->0 132->0 130->0 78->0 171->0 181->0 165->0 0->0 0->0 0->0 0->0 0->0 0->0 0->0 0->0 0->0 0->0 0->0 0->0 0->0 0->0 0->0 0->0 0->0 0->0 0->0 0->0 0->0 
0->0 0->0 0->0 0->0 0->0 0->0 100->0 85->0 154->0 104->0 71->0 173->0 105->0 68->0 167->0 0->0 0->0 0->0 0->0 0->0 0->0 0->0 0->0 0->0 0->0 0->0 0->0 0->0 0->0 0->0 0->0 0->0 0->0 0->0 0->0 0->0 
0->0 0->0 0->0 0->0 0->0 0->0 0->0 0->0 0->0 0->0 0->0 0->0 0->0 0->0 0->0 0->0 0->0 0->0 0->0 0->0 0->0 0->0 0->0 0->0 0->0 0->0 0->0 0->0 0->0 0->0 0->0 0->0 0->0 0->0 0->0 0->0 
0->0 0->0 0->0 0->0 0->0 0->0 0->0 0->0 0->0 93->0 97->0 88->0 113->0 127->0 107->0 87->0 100->0 98->0 0->0 0->0 0->0 0->0 0->0 0->0 0->0 0->0 0->0 0->0 0->0 0->0 0->0 0->0 0->0 0->0 0->0 0->0 
0->0 0->0 0->0 0->0 0->0 0->0 0->0 0->0 0->0 108->0 115->0 117->0 132->0 130->0 78->0 171->0 181->0 165->0 0->0 0->0 0->0 0->0 0->0 0->0 0->0 0->0 0->0 0->0 0->0 0->0 0->0 0->0 0->0 0->0 0->0 0->0 
0->0 0->0 0->0 0->0 0->0 0->0 0->0 0->0 0->0 100->0 85->0 154->0 104->0 71->0 173->0 105->0 68->0 167->0 0->0 0->0 0->0 0->0 0->0 0->0 0->0 0->0 0->0 0->0 0->0 0->0 0->0 0->0 0->0 0->0 0->0 0->0 
0->0 0->0 0->0 0->0 0->0 0->0 0->0 0->0 0->0 0->0 0->0 0->0 0->0 0->0 0->0 0->0 0->0 0->0 0->0 0->0 0->0 0->0 0->0 0->0 0->0 0->0 0->0 0->0 0->0 0->0 0->0 0->0 0->0 0->0 0->0 0->0 
0->0 0->0 0->0 0->0 0->0 0->0 0->0 0->0 0->0 0->0 0->0 0->0 93->0 97->0 88->0 113->0 127->0 107->0 87->0 100->0 98->0 0->0 0->0 0->0 0->0 0->0 0->0 0->0 0->0 0->0 0->0 0->0 0->0 0->0 0->0 0->0 
0->0 0->0 0->0 0->0 0->0 0->0 0->0 0->0 0->0 0->0 0->0 0->0 108->0 115->0 117->0 132->0 130->0 78->0 171->0 181->0 165->0 0->0 0->0 0->0 0->0 0->0 0->0 0->0 0->0 0->0 0->0 0->0 0->0 0->0 0->0 0->0 
0->0 0->0 0->0 0->0 0->0 0->0 0->0 0->0 0->0 0->0 0->0 0->0 100->0 85->0 154->0 104->0 71->0 173->0 105->0 68->0 167->0 0->0 0->0 0->0 0->0 0->0 0->0 0->0 0->0 0->0 0->0 0->0 0->0 0->0 0->0 0->0 
0->0 0->0 0->0 0->0 0->0 0->0 0->0 0->0 0->0 0->0 0->0 0->0 0->0 0->0 0->0 0->0 0->0 0->0 0->0 0->0 0->0 0->0 0->0 0->0 0->0 0->0 0->0 0->0 0->0 0->0 0->0 0->0 0->0 0->0 0->0 0->0 
0->0 0->0 0->0 0->0 0->0 0->0 0->0 0->0 0->0 0->0 0->0 0->0 0->0 0->0 0->0 93->0 97->0 88->0 113->0 127->0 107->0 87->0 100->0 98->0 0->0 0->0 0->0 0->0 0->0 0->0 0->0 0->0 0->0 0->0 0->0 0->0 
0->0 0->0 0->0 0->0 0->0 0->0 0->0 0->0 0->0 0->0 0->0 0->0 0->0 0->0 0->0 108->0 115->0 117->0 132->0 130->0 78->0 171->0 181->0 165->0 0->0 0->0 0->0 0->0 0->0 0->0 0->0 0->0 0->0 0->0 0->0 0->0 
0->0 0->0 0->0 0->0 0->0 0->0 0->0 0->0 0->0 0->0 0->0 0->0 0->0 0->0 0->0 100->0 85->0 154->0 104->0 71->0 173->0 105->0 68->0 167->0 0->0 0->0 0->0 0->0 0->0 0->0 0->0 0->0 0->0 0->0 0->0 0->0 
0->0 0->0 0->0 0->0 0->0 0->0 0->0 0->0 0->0 0->0 0->0 0->0 0->0 0->0 0->0 0->0 0->0 0->0 0->0 0->0 0->0 0->0 0->0 0->0 0->0 0->0 0->0 0->0 0->0 0->0 0->0 0->0 0->0 0->0 0->0 0->0 
0->0 0->0 0->0 0->0 0->0 0->0 0->0 0->0 0->0 0->0 0->0 0->0 0->0 0->0 0->0 0->0 0->0 0->0 93->0 97->0 88->0 113->0 127->0 107->0 87->0 100->0 98->0 0->0 0->0 0->0 0->0 0->0 0->0 0->0 0->0 0->0 
0->0 0->0 0->0 0->0 0->0 0->0 0->0 0->0 0->0 0->0 0->0 0->0 0->0 0->0 0->0 0->0 0->0 0->0 108->0 115->0 117->0 132->0 130->0 78->0 171->0 181->0 165->0 0->0 0->0 0->0 0->0 0->0 0->0 0->0 0->0 0->0 
0->0 0->0 0->0 0->0 0->0 0->0 0->0 0->0 0->0 0->0 0->0 0->0 0->0 0->0 0->0 0->0 0->0 0->0 100->0 85->0 154->0 104->0 71->0 173->0 105->0 68->0 167->0 0->0 0->0 0->0 0->0 0->0 0->0 0->0 0->0 0->0 
0->0 0->0 0->0 0->0 0->0 0->0 0->0 0->0 0->0 0->0 0->0 0->0 0->0 0->0 0->0 0->0 0->0 0->0 0->0 0->0 0->0 0->0 0->0 0->0 0->0 0->0 0->0 0->0 0->0 0->0 0->0 0->0 0->0 0->0 0->0 0->0 
0->0 0->0 0->0 0->0 0->0 0->0 0->0 0->0 0->0 0->0 0->0 0->0 0->0 0->0 0->0 0->0 0->0 0->0 0->0 0->0 0->0 93->0 97->0 88->0 113->0 127->0 107->0 87->0 100->0 98->0 0->0 0->0 0->0 0->0 0->0 0->0 
0->0 0->0 0->0 0->0 0->0 0->0 0->0 0->0 0->0 0->0 0->0 0->0 0->0 0->0 0->0 0->0 0->0 0->0 0->0 0->0 0->0 108->0 115->0 117->0 132->0 130->0 78->0 171->0 181->0 165->0 0->0 0->0 0->0 0->0 0->0 0->0 
0->0 0->0 0->0 0->0 0->0 0->0 0->0 0->0 0->0 0->0 0->0 0->0 0->0 0->0 0->0 0->0 0->0 0->0 0->0 0->0 0->0 100->0 85->0 154->0 104->0 71->0 173->0 105->0 68->0 167->0 0->0 0->0 0->0 0->0 0->0 0->0 
0->0 0->0 0->0 0->0 0->0 0->0 0->0 0->0 0->0 0->0 0->0 0->0 0->0 0->0 0->0 0->0 0->0 0->0 0->0 0->0 0->0 0->0 0->0 0->0 0->0 0->0 0->0 0->0 0->0 0->0 0->0 0->0 0->0 0->0 0->0 0->0 

93->0 97->0 88->0 113->0 127->0 107->0 87->0 100->0 98->0 0->0 0->0 0->0 0->0 0->0 0->0 0->0 0->0 0->0 0->0 0->0 0->0 0->0 0->0 0->0 0->0 0->0 0->0 0->0 0->0 0->0 0->0 0->0 0->0 0->0 0->0 0->0 
108->0 115->0 117->0 132->0 130->0 78->0 171->0 181->0 165->0 0->0 0->0 0->0 0->0 0->0 0->0 0->0 0->0 0->0 0->0 0->0 0->0 0->0 0->0 0->0 0->0 0->0 0->0 0->0 0->0 0->0 0->0 0->0 0->0 0->0 0->0 0->0 
100->0 85->0 154->0 104->0 71->0 173->0 105->0 68->0 167->0 0->0 0->0 0->0 0->0 0->0 0->0 0->0 0->0 0->0 0->0 0->0 0->0 0->0 0->0 0->0 0->0 0->0 0->0 0->0 0->0 0->0 0->0 0->0 0->0 0->0 0->0 0->0 
0->0 0->0 0->0 0->0 0->0 0->0 0->0 0->0 0->0 0->0 0->0 0->0 0->0 0->0 0->0 0->0 0->0 0->0 0->0 0->0 0->0 0->0 0->0 0->0 0->0 0->0 0->0 0->0 0->0 0->0 0->0 0->0 0->0 0->0 0->0 0->0 
0->0 0->0 0->0 93->0 97->0 88->0 113->0 127->0 107->0 87->0 100->0 98->0 0->0 0->0 0->0 0->0 0->0 0->0 0->0 0->0 0->0 0->0 0->0 0->0 0->0 0->0 0->0 0->0 0->0 0->0 0->0 0->0 0->0 0->0 0->0 0->0 
0->0 0->0 0->0 108->0 115->0 117->0 132->0 130->0 78->0 171->0 181->0 165->0 0->0 0->0 0->0 0->0 0->0 0->0 0->0 0->0 0->0 0->0 0->0 0->0 0->0 0->0 0->0 0->0 0->0 0->0 0->0 0->0 0->0 0->0 0->0 0->0 
0->0 0->0 0->0 100->0 85->0 154->0 104->0 71->0 173->0 105->0 68->0 167->0 0->0 0->0 0->0 0->0 0->0 0->0 0->0 0->0 0->0 0->0 0->0 0->0 0->0 0->0 0->0 0->0 0->0 0->0 0->0 0->0 0->0 0->0 0->0 0->0 
0->0 0->0 0->0 0->0 0->0 0->0 0->0 0->0 0->0 0->0 0->0 0->0 0->0 0->0 0->0 0->0 0->0 0->0 0->0 0->0 0->0 0->0 0->0 0->0 0->0 0->0 0->0 0->0 0->0 0->0 0->0 0->0 0->0 0->0 0->0 0->0 
0->0 0->0 0->0 0->0 0->0 0->0 93->0 97->0 88->0 113->0 127->0 107->0 87->0 100->0 98->0 0->0 0->0 0->0 0->0 0->0 0->0 0->0 0->0 0->0 0->0 0->0 0->0 0->0 0->0 0->0 0->0 0->0 0->0 0->0 0->0 0->0 
0->0 0->0 0->0 0->0 0->0 0->0 108->0 115->0 117->0 132->0 130->0 78->0 171->0 181->0 165->0 0->0 0->0 0->0 0->0 0->0 0->0 0->0 0->0 0->0 0->0 0->0 0->0 0->0 0->0 0->0 0->0 0->0 0->0 0->0 0->0 0->0 
0->0 0->0 0->0 0->0 0->0 0->0 100->0 85->0 154->0 104->0 71->0 173->0 105->0 68->0 167->0 0->0 0->0 0->0 0->0 0->0 0->0 0->0 0->0 0->0 0->0 0->0 0->0 0->0 0->0 0->0 0->0 0->0 0->0 0->0 0->0 0->0 
0->0 0->0 0->0 0->0 0->0 0->0 0->0 0->0 0->0 0->0 0->0 0->0 0->0 0->0 0->0 0->0 0->0 0->0 0->0 0->0 0->0 0->0 0->0 0->0 0->0 0->0 0->0 0->0 0->0 0->0 0->0 0->0 0->0 0->0 0->0 0->0 
0->0 0->0 0->0 0->0 0->0 0->0 0->0 0->0 0->0 93->0 97->0 88->0 113->0 127->0 107->0 87->0 100->0 98->0 0->0 0->0 0->0 0->0 0->0 0->0 0->0 0->0 0->0 0->0 0->0 0->0 0->0 0->0 0->0 0->0 0->0 0->0 
0->0 0->0 0->0 0->0 0->0 0->0 0->0 0->0 0->0 108->0 115->0 117->0 132->0 130->0 78->0 171->0 181->0 165->0 0->0 0->0 0->0 0->0 0->0 0->0 0->0 0->0 0->0 0->0 0->0 0->0 0->0 0->0 0->0 0->0 0->0 0->0 
0->0 0->0 0->0 0->0 0->0 0->0 0->0 0->0 0->0 100->0 85->0 154->0 104->0 71->0 173->0 105->0 68->0 167->0 0->0 0->0 0->0 0->0 0->0 0->0 0->0 0->0 0->0 0->0 0->0 0->0 0->0 0->0 0->0 0->0 0->0 0->0 
0->0 0->0 0->0 0->0 0->0 0->0 0->0 0->0 0->0 0->0 0->0 0->0 0->0 0->0 0->0 0->0 0->0 0->0 0->0 0->0 0->0 0->0 0->0 0->0 0->0 0->0 0->0 0->0 0->0 0->0 0->0 0->0 0->0 0->0 0->0 0->0 
0->0 0->0 0->0 0->0 0->0 0->0 0->0 0->0 0->0 0->0 0->0 0->0 93->0 97->0 88->0 113->0 127->0 107->0 87->0 100->0 98->0 0->0 0->0 0->0 0->0 0->0 0->0 0->0 0->0 0->0 0->0 0->0 0->0 0->0 0->0 0->0 
0->0 0->0 0->0 0->0 0->0 0->0 0->0 0->0 0->0 0->0 0->0 0->0 108->0 115->0 117->0 132->0 130->0 78->0 171->0 181->0 165->0 0->0 0->0 0->0 0->0 0->0 0->0 0->0 0->0 0->0 0->0 0->0 0->0 0->0 0->0 0->0 
0->0 0->0 0->0 0->0 0->0 0->0 0->0 0->0 0->0 0->0 0->0 0->0 100->0 85->0 154->0 104->0 71->0 173->0 105->0 68->0 167->0 0->0 0->0 0->0 0->0 0->0 0->0 0->0 0->0 0->0 0->0 0->0 0->0 0->0 0->0 0->0 
0->0 0->0 0->0 0->0 0->0 0->0 0->0 0->0 0->0 0->0 0->0 0->0 0->0 0->0 0->0 0->0 0->0 0->0 0->0 0->0 0->0 0->0 0->0 0->0 0->0 0->0 0->0 0->0 0->0 0->0 0->0 0->0 0->0 0->0 0->0 0->0 
0->0 0->0 0->0 0->0 0->0 0->0 0->0 0->0 0->0 0->0 0->0 0->0 0->0 0->0 0->0 93->0 97->0 88->0 113->0 127->0 107->0 87->0 100->0 98->0 0->0 0->0 0->0 0->0 0->0 0->0 0->0 0->0 0->0 0->0 0->0 0->0 
0->0 0->0 0->0 0->0 0->0 0->0 0->0 0->0 0->0 0->0 0->0 0->0 0->0 0->0 0->0 108->0 115->0 117->0 132->0 130->0 78->0 171->0 181->0 165->0 0->0 0->0 0->0 0->0 0->0 0->0 0->0 0->0 0->0 0->0 0->0 0->0 
0->0 0->0 0->0 0->0 0->0 0->0 0->0 0->0 0->0 0->0 0->0 0->0 0->0 0->0 0->0 100->0 85->0 154->0 104->0 71->0 173->0 105->0 68->0 167->0 0->0 0->0 0->0 0->0 0->0 0->0 0->0 0->0 0->0 0->0 0->0 0->0 
0->0 0->0 0->0 0->0 0->0 0->0 0->0 0->0 0->0 0->0 0->0 0->0 0->0 0->0 0->0 0->0 0->0 0->0 0->0 0->0 0->0 0->0 0->0 0->0 0->0 0->0 0->0 0->0 0->0 0->0 0->0 0->0 0->0 0->0 0->0 0->0 
0->0 0->0 0->0 0->0 0->0 0->0 0->0 0->0 0->0 0->0 0->0 0->0 0->0 0->0 0->0 0->0 0->0 0->0 93->0 97->0 88->0 113->0 127->0 107->0 87->0 100->0 98->0 0->0 0->0 0->0 0->0 0->0 0->0 0->0 0->0 0->0 
0->0 0->0 0->0 0->0 0->0 0->0 0->0 0->0 0->0 0->0 0->0 0->0 0->0 0->0 0->0 0->0 0->0 0->0 108->0 115->0 117->0 132->0 130->0 78->0 171->0 181->0 165->0 0->0 0->0 0->0 0->0 0->0 0->0 0->0 0->0 0->0 
0->0 0->0 0->0 0->0 0->0 0->0 0->0 0->0 0->0 0->0 0->0 0->0 0->0 0->0 0->0 0->0 0->0 0->0 100->0 85->0 154->0 104->0 71->0 173->0 105->0 68->0 167->0 0->0 0->0 0->0 0->0 0->0 0->0 0->0 0->0 0->0 
0->0 0->0 0->0 0->0 0->0 0->0 0->0 0->0 0->0 0->0 0->0 0->0 0->0 0->0 0->0 0->0 0->0 0->0 0->0 0->0 0->0 0->0 0->0 0->0 0->0 0->0 0->0 0->0 0->0 0->0 0->0 0->0 0->0 0->0 0->0 0->0 
0->0 0->0 0->0 0->0 0->0 0->0 0->0 0->0 0->0 0->0 0->0 0->0 0->0 0->0 0->0 0->0 0->0 0->0 0->0 0->0 0->0 93->0 97->0 88->0 113->0 127->0 107->0 87->0 100->0 98->0 0->0 0->0 0->0 0->0 0->0 0->0 
0->0 0->0 0->0 0->0 0->0 0->0 0->0 0->0 0->0 0->0 0->0 0->0 0->0 0->0 0->0 0->0 0->0 0->0 0->0 0->0 0->0 108->0 115->0 117->0 132->0 130->0 78->0 171->0 181->0 165->0 0->0 0->0 0->0 0->0 0->0 0->0 
0->0 0->0 0->0 0->0 0->0 0->0 0->0 0->0 0->0 0->0 0->0 0->0 0->0 0->0 0->0 0->0 0->0 0->0 0->0 0->0 0->0 100->0 85->0 154->0 104->0 71->0 173->0 105->0 68->0 167->0 0->0 0->0 0->0 0->0 0->0 0->0 
0->0 0->0 0->0 0->0 0->0 0->0 0->0 0->0 0->0 0->0 0->0 0->0 0->0 0->0 0->0 0->0 0->0 0->0 0->0 0->0 0->0 0->0 0->0 0->0 0->0 0->0 0->0 0->0 0->0 0->0 0->0 0->0 0->0 0->0 0->0 0->0 

93->0 97->0 88->0 113->0 127->0 107->0 87->0 100->0 98->0 0->0 0->0 0->0 0->0 0->0 0->0 0->0 0->0 0->0 0->0 0->0 0->0 0->0 0->0 0->0 0->0 0->0 0->0 0->0 0->0 0->0 0->0 0->0 0->0 0->0 0->0 0->0 
108->0 115->0 117->0 132->0 130->0 78->0 171->0 181->0 165->0 0->0 0->0 0->0 0->0 0->0 0->0 0->0 0->0 0->0 0->0 0->0 0->0 0->0 0->0 0->0 0->0 0->0 0->0 0->0 0->0 0->0 0->0 0->0 0->0 0->0 0->0 0->0 
100->0 85->0 154->0 104->0 71->0 173->0 105->0 68->0 167->0 0->0 0->0 0->0 0->0 0->0 0->0 0->0 0->0 0->0 0->0 0->0 0->0 0->0 0->0 0->0 0->0 0->0 0->0 0->0 0->0 0->0 0->0 0->0 0->0 0->0 0->0 0->0 
0->0 0->0 0->0 0->0 0->0 0->0 0->0 0->0 0->0 0->0 0->0 0->0 0->0 0->0 0->0 0->0 0->0 0->0 0->0 0->0 0->0 0->0 0->0 0->0 0->0 0->0 0->0 0->0 0->0 0->0 0->0 0->0 0->0 0->0 0->0 0->0 
0->0 0->0 0->0 93->0 97->0 88->0 113->0 127->0 107->0 87->0 100->0 98->0 0->0 0->0 0->0 0->0 0->0 0->0 0->0 0->0 0->0 0->0 0->0 0->0 0->0 0->0 0->0 0->0 0->0 0->0 0->0 0->0 0->0 0->0 0->0 0->0 
0->0 0->0 0->0 108->0 115->0 117->0 132->0 130->0 78->0 171->0 181->0 165->0 0->0 0->0 0->0 0->0 0->0 0->0 0->0 0->0 0->0 0->0 0->0 0->0 0->0 0->0 0->0 0->0 0->0 0->0 0->0 0->0 0->0 0->0 0->0 0->0 
0->0 0->0 0->0 100->0 85->0 154->0 104->0 71->0 173->0 105->0 68->0 167->0 0->0 0->0 0->0 0->0 0->0 0->0 0->0 0->0 0->0 0->0 0->0 0->0 0->0 0->0 0->0 0->0 0->0 0->0 0->0 0->0 0->0 0->0 0->0 0->0 
0->0 0->0 0->0 0->0 0->0 0->0 0->0 0->0 0->0 0->0 0->0 0->0 0->0 0->0 0->0 0->0 0->0 0->0 0->0 0->0 0->0 0->0 0->0 0->0 0->0 0->0 0->0 0->0 0->0 0->0 0->0 0->0 0->0 0->0 0->0 0->0 
0->0 0->0 0->0 0->0 0->0 0->0 93->0 97->0 88->0 113->0 127->0 107->0 87->0 100->0 98->0 0->0 0->0 0->0 0->0 0->0 0->0 0->0 0->0 0->0 0->0 0->0 0->0 0->0 0->0 0->0 0->0 0->0 0->0 0->0 0->0 0->0 
0->0 0->0 0->0 0->0 0->0 0->0 108->0 115->0 117->0 132->0 130->0 78->0 171->0 181->0 165->0 0->0 0->0 0->0 0->0 0->0 0->0 0->0 0->0 0->0 0->0 0->0 0->0 0->0 0->0 0->0 0->0 0->0 0->0 0->0 0->0 0->0 
0->0 0->0 0->0 0->0 0->0 0->0 100->0 85->0 154->0 104->0 71->0 173->0 105->0 68->0 167->0 0->0 0->0 0->0 0->0 0->0 0->0 0->0 0->0 0->0 0->0 0->0 0->0 0->0 0->0 0->0 0->0 0->0 0->0 0->0 0->0 0->0 
0->0 0->0 0->0 0->0 0->0 0->0 0->0 0->0 0->0 0->0 0->0 0->0 0->0 0->0 0->0 0->0 0->0 0->0 0->0 0->0 0->0 0->0 0->0 0->0 0->0 0->0 0->0 0->0 0->0 0->0 0->0 0->0 0->0 0->0 0->0 0->0 
0->0 0->0 0->0 0->0 0->0 0->0 0->0 0->0 0->0 93->0 97->0 88->0 113->0 127->0 107->0 87->0 100->0 98->0 0->0 0->0 0->0 0->0 0->0 0->0 0->0 0->0 0->0 0->0 0->0 0->0 0->0 0->0 0->0 0->0 0->0 0->0 
0->0 0->0 0->0 0->0 0->0 0->0 0->0 0->0 0->0 108->0 115->0 117->0 132->0 130->0 78->0 171->0 181->0 165->0 0->0 0->0 0->0 0->0 0->0 0->0 0->0 0->0 0->0 0->0 0->0 0->0 0->0 0->0 0->0 0->0 0->0 0->0 
0->0 0->0 0->0 0->0 0->0 0->0 0->0 0->0 0->0 100->0 85->0 154->0 104->0 71->0 173->0 105->0 68->0 167->0 0->0 0->0 0->0 0->0 0->0 0->0 0->0 0->0 0->0 0->0 0->0 0->0 0->0 0->0 0->0 0->0 0->0 0->0 
0->0 0->0 0->0 0->0 0->0 0->0 0->0 0->0 0->0 0->0 0->0 0->0 0->0 0->0 0->0 0->0 0->0 0->0 0->0 0->0 0->0 0->0 0->0 0->0 0->0 0->0 0->0 0->0 0->0 0->0 0->0 0->0 0->0 0->0 0->0 0->0 
0->0 0->0 0->0 0->0 0->0 0->0 0->0 0->0 0->0 0->0 0->0 0->0 93->0 97->0 88->0 113->0 127->0 107->0 87->0 100->0 98->0 0->0 0->0 0->0 0->0 0->0 0->0 0->0 0->0 0->0 0->0 0->0 0->0 0->0 0->0 0->0 
0->0 0->0 0->0 0->0 0->0 0->0 0->0 0->0 0->0 0->0 0->0 0->0 108->0 115->0 117->0 132->0 130->0 78->0 171->0 181->0 165->0 0->0 0->0 0->0 0->0 0->0 0->0 0->0 0->0 0->0 0->0 0->0 0->0 0->0 0->0 0->0 
0->0 0->0 0->0 0->0 0->0 0->0 0->0 0->0 0->0 0->0 0->0 0->0 100->0 85->0 154->0 104->0 71->0 173->0 105->0 68->0 167->0 0->0 0->0 0->0 0->0 0->0 0->0 0->0 0->0 0->0 0->0 0->0 0->0 0->0 0->0 0->0 
0->0 0->0 0->0 0->0 0->0 0->0 0->0 0->0 0->0 0->0 0->0 0->0 0->0 0->0 0->0 0->0 0->0 0->0 0->0 0->0 0->0 0->0 0->0 0->0 0->0 0->0 0->0 0->0 0->0 0->0 0->0 0->0 0->0 0->0 0->0 0->0 
0->0 0->0 0->0 0->0 0->0 0->0 0->0 0->0 0->0 0->0 0->0 0->0 0->0 0->0 0->0 93->0 97->0 88->0 113->0 127->0 107->0 87->0 100->0 98->0 0->0 0->0 0->0 0->0 0->0 0->0 0->0 0->0 0->0 0->0 0->0 0->0 
0->0 0->0 0->0 0->0 0->0 0->0 0->0 0->0 0->0 0->0 0->0 0->0 0->0 0->0 0->0 108->0 115->0 117->0 132->0 130->0 78->0 171->0 181->0 165->0 0->0 0->0 0->0 0->0 0->0 0->0 0->0 0->0 0->0 0->0 0->0 0->0 
0->0 0->0 0->0 0->0 0->0 0->0 0->0 0->0 0->0 0->0 0->0 0->0 0->0 0->0 0->0 100->0 85->0 154->0 104->0 71->0 173->0 105->0 68->0 167->0 0->0 0->0 0->0 0->0 0->0 0->0 0->0 0->0 0->0 0->0 0->0 0->0 
0->0 0->0 0->0 0->0 0->0 0->0 0->0 0->0 0->0 0->0 0->0 0->0 0->0 0->0 0->0 0->0 0->0 0->0 0->0 0->0 0->0 0->0 0->0 0->0 0->0 0->0 0->0 0->0 0->0 0->0 0->0 0->0 0->0 0->0 0->0 0->0 
0->0 0->0 0->0 0->0 0->0 0->0 0->0 0->0 0->0 0->0 0->0 0->0 0->0 0->0 0->0 0->0 0->0 0->0 93->0 97->0 88->0 113->0 127->0 107->0 87->0 100->0 98->0 0->0 0->0 0->0 0->0 0->0 0->0 0->0 0->0 0->0 
0->0 0->0 0->0 0->0 0->0 0->0 0->0 0->0 0->0 0->0 0->0 0->0 0->0 0->0 0->0 0->0 0->0 0->0 108->0 115->0 117->0 132->0 130->0 78->0 171->0 181->0 165->0 0->0 0->0 0->0 0->0 0->0 0->0 0->0 0->0 0->0 
0->0 0->0 0->0 0->0 0->0 0->0 0->0 0->0 0->0 0->0 0->0 0->0 0->0 0->0 0->0 0->0 0->0 0->0 100->0 85->0 154->0 104->0 71->0 173->0 105->0 68->0 167->0 0->0 0->0 0->0 0->0 0->0 0->0 0->0 0->0 0->0 
0->0 0->0 0->0 0->0 0->0 0->0 0->0 0->0 0->0 0->0 0->0 0->0 0->0 0->0 0->0 0->0 0->0 0->0 0->0 0->0 0->0 0->0 0->0 0->0 0->0 0->0 0->0 0->0 0->0 0->0 0->0 0->0 0->0 0->0 0->0 0->0 
0->0 0->0 0->0 0->0 0->0 0->0 0->0 0->0 0->0 0->0 0->0 0->0 0->0 0->0 0->0 0->0 0->0 0->0 0->0 0->0 0->0 93->0 97->0 88->0 113->0 127->0 107->0 87->0 100->0 98->0 0->0 0->0 0->0 0->0 0->0 0->0 
0->0 0->0 0->0 0->0 0->0 0->0 0->0 0->0 0->0 0->0 0->0 0->0 0->0 0->0 0->0 0->0 0->0 0->0 0->0 0->0 0->0 108->0 115->0 117->0 132->0 130->0 78->0 171->0 181->0 165->0 0->0 0->0 0->0 0->0 0->0 0->0 
0->0 0->0 0->0 0->0 0->0 0->0 0->0 0->0 0->0 0->0 0->0 0->0 0->0 0->0 0->0 0->0 0->0 0->0 0->0 0->0 0->0 100->0 85->0 154->0 104->0 71->0 173->0 105->0 68->0 167->0 0->0 0->0 0->0 0->0 0->0 0->0 
0->0 0->0 0->0 0->0 0->0 0->0 0->0 0->0 0->0 0->0 0->0 0->0 0->0 0->0 0->0 0->0 0->0 0->0 0->0 0->0 0->0 0->0 0->0 0->0 0->0 0->0 0->0 0->0 0->0 0->0 0->0 0->0 0->0 0->0 0->0 0->0 

93->0 97->0 88->0 113->0 127->0 107->0 87->0 100->0 98->0 0->0 0->0 0->0 0->0 0->0 0->0 0->0 0->0 0->0 0->0 0->0 0->0 0->0 0->0 0->0 0->0 0->0 0->0 0->0 0->0 0->0 0->0 0->0 0->0 0->0 0->0 0->0 
108->0 115->0 117->0 132->0 130->0 78->0 171->0 181->0 165->0 0->0 0->0 0->0 0->0 0->0 0->0 0->0 0->0 0->0 0->0 0->0 0->0 0->0 0->0 0->0 0->0 0->0 0->0 0->0 0->0 0->0 0->0 0->0 0->0 0->0 0->0 0->0 
100->0 85->0 154->0 104->0 71->0 173->0 105->0 68->0 167->0 0->0 0->0 0->0 0->0 0->0 0->0 0->0 0->0 0->0 0->0 0->0 0->0 0->0 0->0 0->0 0->0 0->0 0->0 0->0 0->0 0->0 0->0 0->0 0->0 0->0 0->0 0->0 
0->0 0->0 0->0 0->0 0->0 0->0 0->0 0->0 0->0 0->0 0->0 0->0 0->0 0->0 0->0 0->0 0->0 0->0 0->0 0->0 0->0 0->0 0->0 0->0 0->0 0->0 0->0 0->0 0->0 0->0 0->0 0->0 0->0 0->0 0->0 0->0 
0->0 0->0 0->0 93->0 97->0 88->0 113->0 127->0 107->0 87->0 100->0 98->0 0->0 0->0 0->0 0->0 0->0 0->0 0->0 0->0 0->0 0->0 0->0 0->0 0->0 0->0 0->0 0->0 0->0 0->0 0->0 0->0 0->0 0->0 0->0 0->0 
0->0 0->0 0->0 108->0 115->0 117->0 132->0 130->0 78->0 171->0 181->0 165->0 0->0 0->0 0->0 0->0 0->0 0->0 0->0 0->0 0->0 0->0 0->0 0->0 0->0 0->0 0->0 0->0 0->0 0->0 0->0 0->0 0->0 0->0 0->0 0->0 
0->0 0->0 0->0 100->0 85->0 154->0 104->0 71->0 173->0 105->0 68->0 167->0 0->0 0->0 0->0 0->0 0->0 0->0 0->0 0->0 0->0 0->0 0->0 0->0 0->0 0->0 0->0 0->0 0->0 0->0 0->0 0->0 0->0 0->0 0->0 0->0 
0->0 0->0 0->0 0->0 0->0 0->0 0->0 0->0 0->0 0->0 0->0 0->0 0->0 0->0 0->0 0->0 0->0 0->0 0->0 0->0 0->0 0->0 0->0 0->0 0->0 0->0 0->0 0->0 0->0 0->0 0->0 0->0 0->0 0->0 0->0 0->0 
0->0 0->0 0->0 0->0 0->0 0->0 93->0 97->0 88->0 113->0 127->0 107->0 87->0 100->0 98->0 0->0 0->0 0->0 0->0 0->0 0->0 0->0 0->0 0->0 0->0 0->0 0->0 0->0 0->0 0->0 0->0 0->0 0->0 0->0 0->0 0->0 
0->0 0->0 0->0 0->0 0->0 0->0 108->0 115->0 117->0 132->0 130->0 78->0 171->0 181->0 165->0 0->0 0->0 0->0 0->0 0->0 0->0 0->0 0->0 0->0 0->0 0->0 0->0 0->0 0->0 0->0 0->0 0->0 0->0 0->0 0->0 0->0 
0->0 0->0 0->0 0->0 0->0 0->0 100->0 85->0 154->0 104->0 71->0 173->0 105->0 68->0 167->0 0->0 0->0 0->0 0->0 0->0 0->0 0->0 0->0 0->0 0->0 0->0 0->0 0->0 0->0 0->0 0->0 0->0 0->0 0->0 0->0 0->0 
0->0 0->0 0->0 0->0 0->0 0->0 0->0 0->0 0->0 0->0 0->0 0->0 0->0 0->0 0->0 0->0 0->0 0->0 0->0 0->0 0->0 0->0 0->0 0->0 0->0 0->0 0->0 0->0 0->0 0->0 0->0 0->0 0->0 0->0 0->0 0->0 
0->0 0->0 0->0 0->0 0->0 0->0 0->0 0->0 0->0 93->0 97->0 88->0 113->0 127->0 107->0 87->0 100->0 98->0 0->0 0->0 0->0 0->0 0->0 0->0 0->0 0->0 0->0 0->0 0->0 0->0 0->0 0->0 0->0 0->0 0->0 0->0 
0->0 0->0 0->0 0->0 0->0 0->0 0->0 0->0 0->0 108->0 115->0 117->0 132->0 130->0 78->0 171->0 181->0 165->0 0->0 0->0 0->0 0->0 0->0 0->0 0->0 0->0 0->0 0->0 0->0 0->0 0->0 0->0 0->0 0->0 0->0 0->0 
0->0 0->0 0->0 0->0 0->0 0->0 0->0 0->0 0->0 100->0 85->0 154->0 104->0 71->0 173->0 105->0 68->0 167->0 0->0 0->0 0->0 0->0 0->0 0->0 0->0 0->0 0->0 0->0 0->0 0->0 0->0 0->0 0->0 0->0 0->0 0->0 
0->0 0->0 0->0 0->0 0->0 0->0 0->0 0->0 0->0 0->0 0->0 0->0 0->0 0->0 0->0 0->0 0->0 0->0 0->0 0->0 0->0 0->0 0->0 0->0 0->0 0->0 0->0 0->0 0->0 0->0 0->0 0->0 0->0 0->0 0->0 0->0 
0->0 0->0 0->0 0->0 0->0 0->0 0->0 0->0 0->0 0->0 0->0 0->0 93->0 97->0 88->0 113->0 127->0 107->0 87->0 100->0 98->0 0->0 0->0 0->0 0->0 0->0 0->0 0->0 0->0 0->0 0->0 0->0 0->0 0->0 0->0 0->0 
0->0 0->0 0->0 0->0 0->0 0->0 0->0 0->0 0->0 0->0 0->0 0->0 108->0 115->0 117->0 132->0 130->0 78->0 171->0 181->0 165->0 0->0 0->0 0->0 0->0 0->0 0->0 0->0 0->0 0->0 0->0 0->0 0->0 0->0 0->0 0->0 
0->0 0->0 0->0 0->0 0->0 0->0 0->0 0->0 0->0 0->0 0->0 0->0 100->0 85->0 154->0 104->0 71->0 173->0 105->0 68->0 167->0 0->0 0->0 0->0 0->0 0->0 0->0 0->0 0->0 0->0 0->0 0->0 0->0 0->0 0->0 0->0 
0->0 0->0 0->0 0->0 0->0 0->0 0->0 0->0 0->0 0->0 0->0 0->0 0->0 0->0 0->0 0->0 0->0 0->0 0->0 0->0 0->0 0->0 0->0 0->0 0->0 0->0 0->0 0->0 0->0 0->0 0->0 0->0 0->0 0->0 0->0 0->0 
0->0 0->0 0->0 0->0 0->0 0->0 0->0 0->0 0->0 0->0 0->0 0->0 0->0 0->0 0->0 93->0 97->0 88->0 113->0 127->0 107->0 87->0 100->0 98->0 0->0 0->0 0->0 0->0 0->0 0->0 0->0 0->0 0->0 0->0 0->0 0->0 
0->0 0->0 0->0 0->0 0->0 0->0 0->0 0->0 0->0 0->0 0->0 0->0 0->0 0->0 0->0 108->0 115->0 117->0 132->0 130->0 78->0 171->0 181->0 165->0 0->0 0->0 0->0 0->0 0->0 0->0 0->0 0->0 0->0 0->0 0->0 0->0 
0->0 0->0 0->0 0->0 0->0 0->0 0->0 0->0 0->0 0->0 0->0 0->0 0->0 0->0 0->0 100->0 85->0 154->0 104->0 71->0 173->0 105->0 68->0 167->0 0->0 0->0 0->0 0->0 0->0 0->0 0->0 0->0 0->0 0->0 0->0 0->0 
0->0 0->0 0->0 0->0 0->0 0->0 0->0 0->0 0->0 0->0 0->0 0->0 0->0 0->0 0->0 0->0 0->0 0->0 0->0 0->0 0->0 0->0 0->0 0->0 0->0 0->0 0->0 0->0 0->0 0->0 0->0 0->0 0->0 0->0 0->0 0->0 
0->0 0->0 0->0 0->0 0->0 0->0 0->0 0->0 0->0 0->0 0->0 0->0 0->0 0->0 0->0 0->0 0->0 0->0 93->0 97->0 88->0 113->0 127->0 107->0 87->0 100->0 98->0 0->0 0->0 0->0 0->0 0->0 0->0 0->0 0->0 0->0 
0->0 0->0 0->0 0->0 0->0 0->0 0->0 0->0 0->0 0->0 0->0 0->0 0->0 0->0 0->0 0->0 0->0 0->0 108->0 115->0 117->0 132->0 130->0 78->0 171->0 181->0 165->0 0->0 0->0 0->0 0->0 0->0 0->0 0->0 0->0 0->0 
0->0 0->0 0->0 0->0 0->0 0->0 0->0 0->0 0->0 0->0 0->0 0->0 0->0 0->0 0->0 0->0 0->0 0->0 100->0 85->0 154->0 104->0 71->0 173->0 105->0 68->0 167->0 0->0 0->0 0->0 0->0 0->0 0->0 0->0 0->0 0->0 
0->0 0->0 0->0 0->0 0->0 0->0 0->0 0->0 0->0 0->0 0->0 0->0 0->0 0->0 0->0 0->0 0->0 0->0 0->0 0->0 0->0 0->0 0->0 0->0 0->0 0->0 0->0 0->0 0->0 0->0 0->0 0->0 0->0 0->0 0->0 0->0 
0->0 0->0 0->0 0->0 0->0 0->0 0->0 0->0 0->0 0->0 0->0 0->0 0->0 0->0 0->0 0->0 0->0 0->0 0->0 0->0 0->0 93->0 97->0 88->0 113->0 127->0 107->0 87->0 100->0 98->0 0->0 0->0 0->0 0->0 0->0 0->0 
0->0 0->0 0->0 0->0 0->0 0->0 0->0 0->0 0->0 0->0 0->0 0->0 0->0 0->0 0->0 0->0 0->0 0->0 0->0 0->0 0->0 108->0 115->0 117->0 132->0 130->0 78->0 171->0 181->0 165->0 0->0 0->0 0->0 0->0 0->0 0->0 
0->0 0->0 0->0 0->0 0->0 0->0 0->0 0->0 0->0 0->0 0->0 0->0 0->0 0->0 0->0 0->0 0->0 0->0 0->0 0->0 0->0 100->0 85->0 154->0 104->0 71->0 173->0 105->0 68->0 167->0 0->0 0->0 0->0 0->0 0->0 0->0 
0->0 0->0 0->0 0->0 0->0 0->0 0->0 0->0 0->0 0->0 0->0 0->0 0->0 0->0 0->0 0->0 0->0 0->0 0->0 0->0 0->0 0->0 0->0 0->0 0->0 0->0 0->0 0->0 0->0 0->0 0->0 0->0 0->0 0->0 0->0 0->0 

93->0 97->0 88->0 113->0 127->0 107->0 87->0 100->0 98->0 0->0 0->0 0->0 0->0 0->0 0->0 0->0 0->0 0->0 0->0 0->0 0->0 0->0 0->0 0->0 0->0 0->0 0->0 0->0 0->0 0->0 0->0 0->0 0->0 0->0 0->0 0->0 
108->0 115->0 117->0 132->0 130->0 78->0 171->0 181->0 165->0 0->0 0->0 0->0 0->0 0->0 0->0 0->0 0->0 0->0 0->0 0->0 0->0 0->0 0->0 0->0 0->0 0->0 0->0 0->0 0->0 0->0 0->0 0->0 0->0 0->0 0->0 0->0 
100->0 85->0 154->0 104->0 71->0 173->0 105->0 68->0 167->0 0->0 0->0 0->0 0->0 0->0 0->0 0->0 0->0 0->0 0->0 0->0 0->0 0->0 0->0 0->0 0->0 0->0 0->0 0->0 0->0 0->0 0->0 0->0 0->0 0->0 0->0 0->0 
0->0 0->0 0->0 0->0 0->0 0->0 0->0 0->0 0->0 0->0 0->0 0->0 0->0 0->0 0->0 0->0 0->0 0->0 0->0 0->0 0->0 0->0 0->0 0->0 0->0 0->0 0->0 0->0 0->0 0->0 0->0 0->0 0->0 0->0 0->0 0->0 
0->0 0->0 0->0 93->0 97->0 88->0 113->0 127->0 107->0 87->0 100->0 98->0 0->0 0->0 0->0 0->0 0->0 0->0 0->0 0->0 0->0 0->0 0->0 0->0 0->0 0->0 0->0 0->0 0->0 0->0 0->0 0->0 0->0 0->0 0->0 0->0 
0->0 0->0 0->0 108->0 115->0 117->0 132->0 130->0 78->0 171->0 181->0 165->0 0->0 0->0 0->0 0->0 0->0 0->0 0->0 0->0 0->0 0->0 0->0 0->0 0->0 0->0 0->0 0->0 0->0 0->0 0->0 0->0 0->0 0->0 0->0 0->0 
0->0 0->0 0->0 100->0 85->0 154->0 104->0 71->0 173->0 105->0 68->0 167->0 0->0 0->0 0->0 0->0 0->0 0->0 0->0 0->0 0->0 0->0 0->0 0->0 0->0 0->0 0->0 0->0 0->0 0->0 0->0 0->0 0->0 0->0 0->0 0->0 
0->0 0->0 0->0 0->0 0->0 0->0 0->0 0->0 0->0 0->0 0->0 0->0 0->0 0->0 0->0 0->0 0->0 0->0 0->0 0->0 0->0 0->0 0->0 0->0 0->0 0->0 0->0 0->0 0->0 0->0 0->0 0->0 0->0 0->0 0->0 0->0 
0->0 0->0 0->0 0->0 0->0 0->0 93->0 97->0 88->0 113->0 127->0 107->0 87->0 100->0 98->0 0->0 0->0 0->0 0->0 0->0 0->0 0->0 0->0 0->0 0->0 0->0 0->0 0->0 0->0 0->0 0->0 0->0 0->0 0->0 0->0 0->0 
0->0 0->0 0->0 0->0 0->0 0->0 108->0 115->0 117->0 132->0 130->0 78->0 171->0 181->0 165->0 0->0 0->0 0->0 0->0 0->0 0->0 0->0 0->0 0->0 0->0 0->0 0->0 0->0 0->0 0->0 0->0 0->0 0->0 0->0 0->0 0->0 
0->0 0->0 0->0 0->0 0->0 0->0 100->0 85->0 154->0 104->0 71->0 173->0 105->0 68->0 167->0 0->0 0->0 0->0 0->0 0->0 0->0 0->0 0->0 0->0 0->0 0->0 0->0 0->0 0->0 0->0 0->0 0->0 0->0 0->0 0->0 0->0 
0->0 0->0 0->0 0->0 0->0 0->0 0->0 0->0 0->0 0->0 0->0 0->0 0->0 0->0 0->0 0->0 0->0 0->0 0->0 0->0 0->0 0->0 0->0 0->0 0->0 0->0 0->0 0->0 0->0 0->0 0->0 0->0 0->0 0->0 0->0 0->0 
0->0 0->0 0->0 0->0 0->0 0->0 0->0 0->0 0->0 93->0 97->0 88->0 113->0 127->0 107->0 87->0 100->0 98->0 0->0 0->0 0->0 0->0 0->0 0->0 0->0 0->0 0->0 0->0 0->0 0->0 0->0 0->0 0->0 0->0 0->0 0->0 
0->0 0->0 0->0 0->0 0->0 0->0 0->0 0->0 0->0 108->0 115->0 117->0 132->0 130->0 78->0 171->0 181->0 165->0 0->0 0->0 0->0 0->0 0->0 0->0 0->0 0->0 0->0 0->0 0->0 0->0 0->0 0->0 0->0 0->0 0->0 0->0 
0->0 0->0 0->0 0->0 0->0 0->0 0->0 0->0 0->0 100->0 85->0 154->0 104->0 71->0 173->0 105->0 68->0 167->0 0->0 0->0 0->0 0->0 0->0 0->0 0->0 0->0 0->0 0->0 0->0 0->0 0->0 0->0 0->0 0->0 0->0 0->0 
0->0 0->0 0->0 0->0 0->0 0->0 0->0 0->0 0->0 0->0 0->0 0->0 0->0 0->0 0->0 0->0 0->0 0->0 0->0 0->0 0->0 0->0 0->0 0->0 0->0 0->0 0->0 0->0 0->0 0->0 0->0 0->0 0->0 0->0 0->0 0->0 
0->0 0->0 0->0 0->0 0->0 0->0 0->0 0->0 0->0 0->0 0->0 0->0 93->0 97->0 88->0 113->0 127->0 107->0 87->0 100->0 98->0 0->0 0->0 0->0 0->0 0->0 0->0 0->0 0->0 0->0 0->0 0->0 0->0 0->0 0->0 0->0 
0->0 0->0 0->0 0->0 0->0 0->0 0->0 0->0 0->0 0->0 0->0 0->0 108->0 115->0 117->0 132->0 130->0 78->0 171->0 181->0 165->0 0->0 0->0 0->0 0->0 0->0 0->0 0->0 0->0 0->0 0->0 0->0 0->0 0->0 0->0 0->0 
0->0 0->0 0->0 0->0 0->0 0->0 0->0 0->0 0->0 0->0 0->0 0->0 100->0 85->0 154->0 104->0 71->0 173->0 105->0 68->0 167->0 0->0 0->0 0->0 0->0 0->0 0->0 0->0 0->0 0->0 0->0 0->0 0->0 0->0 0->0 0->0 
0->0 0->0 0->0 0->0 0->0 0->0 0->0 0->0 0->0 0->0 0->0 0->0 0->0 0->0 0->0 0->0 0->0 0->0 0->0 0->0 0->0 0->0 0->0 0->0 0->0 0->0 0->0 0->0 0->0 0->0 0->0 0->0 0->0 0->0 0->0 0->0 
0->0 0->0 0->0 0->0 0->0 0->0 0->0 0->0 0->0 0->0 0->0 0->0 0->0 0->0 0->0 93->0 97->0 88->0 113->0 127->0 107->0 87->0 100->0 98->0 0->0 0->0 0->0 0->0 0->0 0->0 0->0 0->0 0->0 0->0 0->0 0->0 
0->0 0->0 0->0 0->0 0->0 0->0 0->0 0->0 0->0 0->0 0->0 0->0 0->0 0->0 0->0 108->0 115->0 117->0 132->0 130->0 78->0 171->0 181->0 165->0 0->0 0->0 0->0 0->0 0->0 0->0 0->0 0->0 0->0 0->0 0->0 0->0 
0->0 0->0 0->0 0->0 0->0 0->0 0->0 0->0 0->0 0->0 0->0 0->0 0->0 0->0 0->0 100->0 85->0 154->0 104->0 71->0 173->0 105->0 68->0 167->0 0->0 0->0 0->0 0->0 0->0 0->0 0->0 0->0 0->0 0->0 0->0 0->0 
0->0 0->0 0->0 0->0 0->0 0->0 0->0 0->0 0->0 0->0 0->0 0->0 0->0 0->0 0->0 0->0 0->0 0->0 0->0 0->0 0->0 0->0 0->0 0->0 0->0 0->0 0->0 0->0 0->0 0->0 0->0 0->0 0->0 0->0 0->0 0->0 
0->0 0->0 0->0 0->0 0->0 0->0 0->0 0->0 0->0 0->0 0->0 0->0 0->0 0->0 0->0 0->0 0->0 0->0 93->0 97->0 88->0 113->0 127->0 107->0 87->0 100->0 98->0 0->0 0->0 0->0 0->0 0->0 0->0 0->0 0->0 0->0 
0->0 0->0 0->0 0->0 0->0 0->0 0->0 0->0 0->0 0->0 0->0 0->0 0->0 0->0 0->0 0->0 0->0 0->0 108->0 115->0 117->0 132->0 130->0 78->0 171->0 181->0 165->0 0->0 0->0 0->0 0->0 0->0 0->0 0->0 0->0 0->0 
0->0 0->0 0->0 0->0 0->0 0->0 0->0 0->0 0->0 0->0 0->0 0->0 0->0 0->0 0->0 0->0 0->0 0->0 100->0 85->0 154->0 104->0 71->0 173->0 105->0 68->0 167->0 0->0 0->0 0->0 0->0 0->0 0->0 0->0 0->0 0->0 
0->0 0->0 0->0 0->0 0->0 0->0 0->0 0->0 0->0 0->0 0->0 0->0 0->0 0->0 0->0 0->0 0->0 0->0 0->0 0->0 0->0 0->0 0->0 0->0 0->0 0->0 0->0 0->0 0->0 0->0 0->0 0->0 0->0 0->0 0->0 0->0 
0->0 0->0 0->0 0->0 0->0 0->0 0->0 0->0 0->0 0->0 0->0 0->0 0->0 0->0 0->0 0->0 0->0 0->0 0->0 0->0 0->0 93->0 97->0 88->0 113->0 127->0 107->0 87->0 100->0 98->0 0->0 0->0 0->0 0->0 0->0 0->0 
0->0 0->0 0->0 0->0 0->0 0->0 0->0 0->0 0->0 0->0 0->0 0->0 0->0 0->0 0->0 0->0 0->0 0->0 0->0 0->0 0->0 108->0 115->0 117->0 132->0 130->0 78->0 171->0 181->0 165->0 0->0 0->0 0->0 0->0 0->0 0->0 
0->0 0->0 0->0 0->0 0->0 0->0 0->0 0->0 0->0 0->0 0->0 0->0 0->0 0->0 0->0 0->0 0->0 0->0 0->0 0->0 0->0 100->0 85->0 154->0 104->0 71->0 173->0 105->0 68->0 167->0 0->0 0->0 0->0 0->0 0->0 0->0 
0->0 0->0 0->0 0->0 0->0 0->0 0->0 0->0 0->0 0->0 0->0 0->0 0->0 0->0 0->0 0->0 0->0 0->0 0->0 0->0 0->0 0->0 0->0 0->0 0->0 0->0 0->0 0->0 0->0 0->0 0->0 0->0 0->0 0->0 0->0 0->0 

93->0 97->0 88->0 113->0 127->0 107->0 87->0 100->0 98->0 0->0 0->0 0->0 0->0 0->0 0->0 0->0 0->0 0->0 0->0 0->0 0->0 0->0 0->0 0->0 0->0 0->0 0->0 0->0 0->0 0->0 0->0 0->0 0->0 0->0 0->0 0->0 
108->0 115->0 117->0 132->0 130->0 78->0 171->0 181->0 165->0 0->0 0->0 0->0 0->0 0->0 0->0 0->0 0->0 0->0 0->0 0->0 0->0 0->0 0->0 0->0 0->0 0->0 0->0 0->0 0->0 0->0 0->0 0->0 0->0 0->0 0->0 0->0 
100->0 85->0 154->0 104->0 71->0 173->0 105->0 68->0 167->0 0->0 0->0 0->0 0->0 0->0 0->0 0->0 0->0 0->0 0->0 0->0 0->0 0->0 0->0 0->0 0->0 0->0 0->0 0->0 0->0 0->0 0->0 0->0 0->0 0->0 0->0 0->0 
0->0 0->0 0->0 0->0 0->0 0->0 0->0 0->0 0->0 0->0 0->0 0->0 0->0 0->0 0->0 0->0 0->0 0->0 0->0 0->0 0->0 0->0 0->0 0->0 0->0 0->0 0->0 0->0 0->0 0->0 0->0 0->0 0->0 0->0 0->0 0->0 
0->0 0->0 0->0 93->0 97->0 88->0 113->0 127->0 107->0 87->0 100->0 98->0 0->0 0->0 0->0 0->0 0->0 0->0 0->0 0->0 0->0 0->0 0->0 0->0 0->0 0->0 0->0 0->0 0->0 0->0 0->0 0->0 0->0 0->0 0->0 0->0 
0->0 0->0 0->0 108->0 115->0 117->0 132->0 130->0 78->0 171->0 181->0 165->0 0->0 0->0 0->0 0->0 0->0 0->0 0->0 0->0 0->0 0->0 0->0 0->0 0->0 0->0 0->0 0->0 0->0 0->0 0->0 0->0 0->0 0->0 0->0 0->0 
0->0 0->0 0->0 100->0 85->0 154->0 104->0 71->0 173->0 105->0 68->0 167->0 0->0 0->0 0->0 0->0 0->0 0->0 0->0 0->0 0->0 0->0 0->0 0->0 0->0 0->0 0->0 0->0 0->0 0->0 0->0 0->0 0->0 0->0 0->0 0->0 
0->0 0->0 0->0 0->0 0->0 0->0 0->0 0->0 0->0 0->0 0->0 0->0 0->0 0->0 0->0 0->0 0->0 0->0 0->0 0->0 0->0 0->0 0->0 0->0 0->0 0->0 0->0 0->0 0->0 0->0 0->0 0->0 0->0 0->0 0->0 0->0 
0->0 0->0 0->0 0->0 0->0 0->0 93->0 97->0 88->0 113->0 127->0 107->0 87->0 100->0 98->0 0->0 0->0 0->0 0->0 0->0 0->0 0->0 0->0 0->0 0->0 0->0 0->0 0->0 0->0 0->0 0->0 0->0 0->0 0->0 0->0 0->0 
0->0 0->0 0->0 0->0 0->0 0->0 108->0 115->0 117->0 132->0 130->0 78->0 171->0 181->0 165->0 0->0 0->0 0->0 0->0 0->0 0->0 0->0 0->0 0->0 0->0 0->0 0->0 0->0 0->0 0->0 0->0 0->0 0->0 0->0 0->0 0->0 
0->0 0->0 0->0 0->0 0->0 0->0 100->0 85->0 154->0 104->0 71->0 173->0 105->0 68->0 167->0 0->0 0->0 0->0 0->0 0->0 0->0 0->0 0->0 0->0 0->0 0->0 0->0 0->0 0->0 0->0 0->0 0->0 0->0 0->0 0->0 0->0 
0->0 0->0 0->0 0->0 0->0 0->0 0->0 0->0 0->0 0->0 0->0 0->0 0->0 0->0 0->0 0->0 0->0 0->0 0->0 0->0 0->0 0->0 0->0 0->0 0->0 0->0 0->0 0->0 0->0 0->0 0->0 0->0 0->0 0->0 0->0 0->0 
0->0 0->0 0->0 0->0 0->0 0->0 0->0 0->0 0->0 93->0 97->0 88->0 113->0 127->0 107->0 87->0 100->0 98->0 0->0 0->0 0->0 0->0 0->0 0->0 0->0 0->0 0->0 0->0 0->0 0->0 0->0 0->0 0->0 0->0 0->0 0->0 
0->0 0->0 0->0 0->0 0->0 0->0 0->0 0->0 0->0 108->0 115->0 117->0 132->0 130->0 78->0 171->0 181->0 165->0 0->0 0->0 0->0 0->0 0->0 0->0 0->0 0->0 0->0 0->0 0->0 0->0 0->0 0->0 0->0 0->0 0->0 0->0 
0->0 0->0 0->0 0->0 0->0 0->0 0->0 0->0 0->0 100->0 85->0 154->0 104->0 71->0 173->0 105->0 68->0 167->0 0->0 0->0 0->0 0->0 0->0 0->0 0->0 0->0 0->0 0->0 0->0 0->0 0->0 0->0 0->0 0->0 0->0 0->0 
0->0 0->0 0->0 0->0 0->0 0->0 0->0 0->0 0->0 0->0 0->0 0->0 0->0 0->0 0->0 0->0 0->0 0->0 0->0 0->0 0->0 0->0 0->0 0->0 0->0 0->0 0->0 0->0 0->0 0->0 0->0 0->0 0->0 0->0 0->0 0->0 
0->0 0->0 0->0 0->0 0->0 0->0 0->0 0->0 0->0 0->0 0->0 0->0 93->0 97->0 88->0 113->0 127->0 107->0 87->0 100->0 98->0 0->0 0->0 0->0 0->0 0->0 0->0 0->0 0->0 0->0 0->0 0->0 0->0 0->0 0->0 0->0 
0->0 0->0 0->0 0->0 0->0 0->0 0->0 0->0 0->0 0->0 0->0 0->0 108->0 115->0 117->0 132->0 130->0 78->0 171->0 181->0 165->0 0->0 0->0 0->0 0->0 0->0 0->0 0->0 0->0 0->0 0->0 0->0 0->0 0->0 0->0 0->0 
0->0 0->0 0->0 0->0 0->0 0->0 0->0 0->0 0->0 0->0 0->0 0->0 100->0 85->0 154->0 104->0 71->0 173->0 105->0 68->0 167->0 0->0 0->0 0->0 0->0 0->0 0->0 0->0 0->0 0->0 0->0 0->0 0->0 0->0 0->0 0->0 
0->0 0->0 0->0 0->0 0->0 0->0 0->0 0->0 0->0 0->0 0->0 0->0 0->0 0->0 0->0 0->0 0->0 0->0 0->0 0->0 0->0 0->0 0->0 0->0 0->0 0->0 0->0 0->0 0->0 0->0 0->0 0->0 0->0 0->0 0->0 0->0 
0->0 0->0 0->0 0->0 0->0 0->0 0->0 0->0 0->0 0->0 0->0 0->0 0->0 0->0 0->0 93->0 97->0 88->0 113->0 127->0 107->0 87->0 100->0 98->0 0->0 0->0 0->0 0->0 0->0 0->0 0->0 0->0 0->0 0->0 0->0 0->0 
0->0 0->0 0->0 0->0 0->0 0->0 0->0 0->0 0->0 0->0 0->0 0->0 0->0 0->0 0->0 108->0 115->0 117->0 132->0 130->0 78->0 171->0 181->0 165->0 0->0 0->0 0->0 0->0 0->0 0->0 0->0 0->0 0->0 0->0 0->0 0->0 
0->0 0->0 0->0 0->0 0->0 0->0 0->0 0->0 0->0 0->0 0->0 0->0 0->0 0->0 0->0 100->0 85->0 154->0 104->0 71->0 173->0 105->0 68->0 167->0 0->0 0->0 0->0 0->0 0->0 0->0 0->0 0->0 0->0 0->0 0->0 0->0 
0->0 0->0 0->0 0->0 0->0 0->0 0->0 0->0 0->0 0->0 0->0 0->0 0->0 0->0 0->0 0->0 0->0 0->0 0->0 0->0 0->0 0->0 0->0 0->0 0->0 0->0 0->0 0->0 0->0 0->0 0->0 0->0 0->0 0->0 0->0 0->0 
0->0 0->0 0->0 0->0 0->0 0->0 0->0 0->0 0->0 0->0 0->0 0->0 0->0 0->0 0->0 0->0 0->0 0->0 93->0 97->0 88->0 113->0 127->0 107->0 87->0 100->0 98->0 0->0 0->0 0->0 0->0 0->0 0->0 0->0 0->0 0->0 
0->0 0->0 0->0 0->0 0->0 0->0 0->0 0->0 0->0 0->0 0->0 0->0 0->0 0->0 0->0 0->0 0->0 0->0 108->0 115->0 117->0 132->0 130->0 78->0 171->0 181->0 165->0 0->0 0->0 0->0 0->0 0->0 0->0 0->0 0->0 0->0 
0->0 0->0 0->0 0->0 0->0 0->0 0->0 0->0 0->0 0->0 0->0 0->0 0->0 0->0 0->0 0->0 0->0 0->0 100->0 85->0 154->0 104->0 71->0 173->0 105->0 68->0 167->0 0->0 0->0 0->0 0->0 0->0 0->0 0->0 0->0 0->0 
0->0 0->0 0->0 0->0 0->0 0->0 0->0 0->0 0->0 0->0 0->0 0->0 0->0 0->0 0->0 0->0 0->0 0->0 0->0 0->0 0->0 0->0 0->0 0->0 0->0 0->0 0->0 0->0 0->0 0->0 0->0 0->0 0->0 0->0 0->0 0->0 
0->0 0->0 0->0 0->0 0->0 0->0 0->0 0->0 0->0 0->0 0->0 0->0 0->0 0->0 0->0 0->0 0->0 0->0 0->0 0->0 0->0 93->0 97->0 88->0 113->0 127->0 107->0 87->0 100->0 98->0 0->0 0->0 0->0 0->0 0->0 0->0 
0->0 0->0 0->0 0->0 0->0 0->0 0->0 0->0 0->0 0->0 0->0 0->0 0->0 0->0 0->0 0->0 0->0 0->0 0->0 0->0 0->0 108->0 115->0 117->0 132->0 130->0 78->0 171->0 181->0 165->0 0->0 0->0 0->0 0->0 0->0 0->0 
0->0 0->0 0->0 0->0 0->0 0->0 0->0 0->0 0->0 0->0 0->0 0->0 0->0 0->0 0->0 0->0 0->0 0->0 0->0 0->0 0->0 100->0 85->0 154->0 104->0 71->0 173->0 105->0 68->0 167->0 0->0 0->0 0->0 0->0 0->0 0->0 
0->0 0->0 0->0 0->0 0->0 0->0 0->0 0->0 0->0 0->0 0->0 0->0 0->0 0->0 0->0 0->0 0->0 0->0 0->0 0->0 0->0 0->0 0->0 0->0 0->0 0->0 0->0 0->0 0->0 0->0 0->0 0->0 0->0 0->0 0->0 0->0 

93->0 97->0 88->0 113->0 127->0 107->0 87->0 100->0 98->0 0->0 0->0 0->0 0->0 0->0 0->0 0->0 0->0 0->0 0->0 0->0 0->0 0->0 0->0 0->0 0->0 0->0 0->0 0->0 0->0 0->0 0->0 0->0 0->0 0->0 0->0 0->0 
108->0 115->0 117->0 132->0 130->0 78->0 171->0 181->0 165->0 0->0 0->0 0->0 0->0 0->0 0->0 0->0 0->0 0->0 0->0 0->0 0->0 0->0 0->0 0->0 0->0 0->0 0->0 0->0 0->0 0->0 0->0 0->0 0->0 0->0 0->0 0->0 
100->0 85->0 154->0 104->0 71->0 173->0 105->0 68->0 167->0 0->0 0->0 0->0 0->0 0->0 0->0 0->0 0->0 0->0 0->0 0->0 0->0 0->0 0->0 0->0 0->0 0->0 0->0 0->0 0->0 0->0 0->0 0->0 0->0 0->0 0->0 0->0 
0->0 0->0 0->0 0->0 0->0 0->0 0->0 0->0 0->0 0->0 0->0 0->0 0->0 0->0 0->0 0->0 0->0 0->0 0->0 0->0 0->0 0->0 0->0 0->0 0->0 0->0 0->0 0->0 0->0 0->0 0->0 0->0 0->0 0->0 0->0 0->0 
0->0 0->0 0->0 93->0 97->0 88->0 113->0 127->0 107->0 87->0 100->0 98->0 0->0 0->0 0->0 0->0 0->0 0->0 0->0 0->0 0->0 0->0 0->0 0->0 0->0 0->0 0->0 0->0 0->0 0->0 0->0 0->0 0->0 0->0 0->0 0->0 
0->0 0->0 0->0 108->0 115->0 117->0 132->0 130->0 78->0 171->0 181->0 165->0 0->0 0->0 0->0 0->0 0->0 0->0 0->0 0->0 0->0 0->0 0->0 0->0 0->0 0->0 0->0 0->0 0->0 0->0 0->0 0->0 0->0 0->0 0->0 0->0 
0->0 0->0 0->0 100->0 85->0 154->0 104->0 71->0 173->0 105->0 68->0 167->0 0->0 0->0 0->0 0->0 0->0 0->0 0->0 0->0 0->0 0->0 0->0 0->0 0->0 0->0 0->0 0->0 0->0 0->0 0->0 0->0 0->0 0->0 0->0 0->0 
0->0 0->0 0->0 0->0 0->0 0->0 0->0 0->0 0->0 0->0 0->0 0->0 0->0 0->0 0->0 0->0 0->0 0->0 0->0 0->0 0->0 0->0 0->0 0->0 0->0 0->0 0->0 0->0 0->0 0->0 0->0 0->0 0->0 0->0 0->0 0->0 
0->0 0->0 0->0 0->0 0->0 0->0 93->0 97->0 88->0 113->0 127->0 107->0 87->0 100->0 98->0 0->0 0->0 0->0 0->0 0->0 0->0 0->0 0->0 0->0 0->0 0->0 0->0 0->0 0->0 0->0 0->0 0->0 0->0 0->0 0->0 0->0 
0->0 0->0 0->0 0->0 0->0 0->0 108->0 115->0 117->0 132->0 130->0 78->0 171->0 181->0 165->0 0->0 0->0 0->0 0->0 0->0 0->0 0->0 0->0 0->0 0->0 0->0 0->0 0->0 0->0 0->0 0->0 0->0 0->0 0->0 0->0 0->0 
0->0 0->0 0->0 0->0 0->0 0->0 100->0 85->0 154->0 104->0 71->0 173->0 105->0 68->0 167->0 0->0 0->0 0->0 0->0 0->0 0->0 0->0 0->0 0->0 0->0 0->0 0->0 0->0 0->0 0->0 0->0 0->0 0->0 0->0 0->0 0->0 
0->0 0->0 0->0 0->0 0->0 0->0 0->0 0->0 0->0 0->0 0->0 0->0 0->0 0->0 0->0 0->0 0->0 0->0 0->0 0->0 0->0 0->0 0->0 0->0 0->0 0->0 0->0 0->0 0->0 0->0 0->0 0->0 0->0 0->0 0->0 0->0 
0->0 0->0 0->0 0->0 0->0 0->0 0->0 0->0 0->0 93->0 97->0 88->0 113->0 127->0 107->0 87->0 100->0 98->0 0->0 0->0 0->0 0->0 0->0 0->0 0->0 0->0 0->0 0->0 0->0 0->0 0->0 0->0 0->0 0->0 0->0 0->0 
0->0 0->0 0->0 0->0 0->0 0->0 0->0 0->0 0->0 108->0 115->0 117->0 132->0 130->0 78->0 171->0 181->0 165->0 0->0 0->0 0->0 0->0 0->0 0->0 0->0 0->0 0->0 0->0 0->0 0->0 0->0 0->0 0->0 0->0 0->0 0->0 
0->0 0->0 0->0 0->0 0->0 0->0 0->0 0->0 0->0 100->0 85->0 154->0 104->0 71->0 173->0 105->0 68->0 167->0 0->0 0->0 0->0 0->0 0->0 0->0 0->0 0->0 0->0 0->0 0->0 0->0 0->0 0->0 0->0 0->0 0->0 0->0 
0->0 0->0 0->0 0->0 0->0 0->0 0->0 0->0 0->0 0->0 0->0 0->0 0->0 0->0 0->0 0->0 0->0 0->0 0->0 0->0 0->0 0->0 0->0 0->0 0->0 0->0 0->0 0->0 0->0 0->0 0->0 0->0 0->0 0->0 0->0 0->0 
0->0 0->0 0->0 0->0 0->0 0->0 0->0 0->0 0->0 0->0 0->0 0->0 93->0 97->0 88->0 113->0 127->0 107->0 87->0 100->0 98->0 0->0 0->0 0->0 0->0 0->0 0->0 0->0 0->0 0->0 0->0 0->0 0->0 0->0 0->0 0->0 
0->0 0->0 0->0 0->0 0->0 0->0 0->0 0->0 0->0 0->0 0->0 0->0 108->0 115->0 117->0 132->0 130->0 78->0 171->0 181->0 165->0 0->0 0->0 0->0 0->0 0->0 0->0 0->0 0->0 0->0 0->0 0->0 0->0 0->0 0->0 0->0 
0->0 0->0 0->0 0->0 0->0 0->0 0->0 0->0 0->0 0->0 0->0 0->0 100->0 85->0 154->0 104->0 71->0 173->0 105->0 68->0 167->0 0->0 0->0 0->0 0->0 0->0 0->0 0->0 0->0 0->0 0->0 0->0 0->0 0->0 0->0 0->0 
0->0 0->0 0->0 0->0 0->0 0->0 0->0 0->0 0->0 0->0 0->0 0->0 0->0 0->0 0->0 0->0 0->0 0->0 0->0 0->0 0->0 0->0 0->0 0->0 0->0 0->0 0->0 0->0 0->0 0->0 0->0 0->0 0->0 0->0 0->0 0->0 
0->0 0->0 0->0 0->0 0->0 0->0 0->0 0->0 0->0 0->0 0->0 0->0 0->0 0->0 0->0 93->0 97->0 88->0 113->0 127->0 107->0 87->0 100->0 98->0 0->0 0->0 0->0 0->0 0->0 0->0 0->0 0->0 0->0 0->0 0->0 0->0 
0->0 0->0 0->0 0->0 0->0 0->0 0->0 0->0 0->0 0->0 0->0 0->0 0->0 0->0 0->0 108->0 115->0 117->0 132->0 130->0 78->0 171->0 181->0 165->0 0->0 0->0 0->0 0->0 0->0 0->0 0->0 0->0 0->0 0->0 0->0 0->0 
0->0 0->0 0->0 0->0 0->0 0->0 0->0 0->0 0->0 0->0 0->0 0->0 0->0 0->0 0->0 100->0 85->0 154->0 104->0 71->0 173->0 105->0 68->0 167->0 0->0 0->0 0->0 0->0 0->0 0->0 0->0 0->0 0->0 0->0 0->0 0->0 
0->0 0->0 0->0 0->0 0->0 0->0 0->0 0->0 0->0 0->0 0->0 0->0 0->0 0->0 0->0 0->0 0->0 0->0 0->0 0->0 0->0 0->0 0->0 0->0 0->0 0->0 0->0 0->0 0->0 0->0 0->0 0->0 0->0 0->0 0->0 0->0 
0->0 0->0 0->0 0->0 0->0 0->0 0->0 0->0 0->0 0->0 0->0 0->0 0->0 0->0 0->0 0->0 0->0 0->0 93->0 97->0 88->0 113->0 127->0 107->0 87->0 100->0 98->0 0->0 0->0 0->0 0->0 0->0 0->0 0->0 0->0 0->0 
0->0 0->0 0->0 0->0 0->0 0->0 0->0 0->0 0->0 0->0 0->0 0->0 0->0 0->0 0->0 0->0 0->0 0->0 108->0 115->0 117->0 132->0 130->0 78->0 171->0 181->0 165->0 0->0 0->0 0->0 0->0 0->0 0->0 0->0 0->0 0->0 
0->0 0->0 0->0 0->0 0->0 0->0 0->0 0->0 0->0 0->0 0->0 0->0 0->0 0->0 0->0 0->0 0->0 0->0 100->0 85->0 154->0 104->0 71->0 173->0 105->0 68->0 167->0 0->0 0->0 0->0 0->0 0->0 0->0 0->0 0->0 0->0 
0->0 0->0 0->0 0->0 0->0 0->0 0->0 0->0 0->0 0->0 0->0 0->0 0->0 0->0 0->0 0->0 0->0 0->0 0->0 0->0 0->0 0->0 0->0 0->0 0->0 0->0 0->0 0->0 0->0 0->0 0->0 0->0 0->0 0->0 0->0 0->0 
0->0 0->0 0->0 0->0 0->0 0->0 0->0 0->0 0->0 0->0 0->0 0->0 0->0 0->0 0->0 0->0 0->0 0->0 0->0 0->0 0->0 93->0 97->0 88->0 113->0 127->0 107->0 87->0 100->0 98->0 0->0 0->0 0->0 0->0 0->0 0->0 
0->0 0->0 0->0 0->0 0->0 0->0 0->0 0->0 0->0 0->0 0->0 0->0 0->0 0->0 0->0 0->0 0->0 0->0 0->0 0->0 0->0 108->0 115->0 117->0 132->0 130->0 78->0 171->0 181->0 165->0 0->0 0->0 0->0 0->0 0->0 0->0 
0->0 0->0 0->0 0->0 0->0 0->0 0->0 0->0 0->0 0->0 0->0 0->0 0->0 0->0 0->0 0->0 0->0 0->0 0->0 0->0 0->0 100->0 85->0 154->0 104->0 71->0 173->0 105->0 68->0 167->0 0->0 0->0 0->0 0->0 0->0 0->0 
0->0 0->0 0->0 0->0 0->0 0->0 0->0 0->0 0->0 0->0 0->0 0->0 0->0 0->0 0->0 0->0 0->0 0->0 0->0 0->0 0->0 0->0 0->0 0->0 0->0 0->0 0->0 0->0 0->0 0->0 0->0 0->0 0->0 0->0 0->0 0->0 

93->0 97->0 88->0 113->0 127->0 107->0 87->0 100->0 98->0 0->0 0->0 0->0 0->0 0->0 0->0 0->0 0->0 0->0 0->0 0->0 0->0 0->0 0->0 0->0 0->0 0->0 0->0 0->0 0->0 0->0 0->0 0->0 0->0 0->0 0->0 0->0 
108->0 115->0 117->0 132->0 130->0 78->0 171->0 181->0 165->0 0->0 0->0 0->0 0->0 0->0 0->0 0->0 0->0 0->0 0->0 0->0 0->0 0->0 0->0 0->0 0->0 0->0 0->0 0->0 0->0 0->0 0->0 0->0 0->0 0->0 0->0 0->0 
100->0 85->0 154->0 104->0 71->0 173->0 105->0 68->0 167->0 0->0 0->0 0->0 0->0 0->0 0->0 0->0 0->0 0->0 0->0 0->0 0->0 0->0 0->0 0->0 0->0 0->0 0->0 0->0 0->0 0->0 0->0 0->0 0->0 0->0 0->0 0->0 
0->0 0->0 0->0 0->0 0->0 0->0 0->0 0->0 0->0 0->0 0->0 0->0 0->0 0->0 0->0 0->0 0->0 0->0 0->0 0->0 0->0 0->0 0->0 0->0 0->0 0->0 0->0 0->0 0->0 0->0 0->0 0->0 0->0 0->0 0->0 0->0 
0->0 0->0 0->0 93->0 97->0 88->0 113->0 127->0 107->0 87->0 100->0 98->0 0->0 0->0 0->0 0->0 0->0 0->0 0->0 0->0 0->0 0->0 0->0 0->0 0->0 0->0 0->0 0->0 0->0 0->0 0->0 0->0 0->0 0->0 0->0 0->0 
0->0 0->0 0->0 108->0 115->0 117->0 132->0 130->0 78->0 171->0 181->0 165->0 0->0 0->0 0->0 0->0 0->0 0->0 0->0 0->0 0->0 0->0 0->0 0->0 0->0 0->0 0->0 0->0 0->0 0->0 0->0 0->0 0->0 0->0 0->0 0->0 
0->0 0->0 0->0 100->0 85->0 154->0 104->0 71->0 173->0 105->0 68->0 167->0 0->0 0->0 0->0 0->0 0->0 0->0 0->0 0->0 0->0 0->0 0->0 0->0 0->0 0->0 0->0 0->0 0->0 0->0 0->0 0->0 0->0 0->0 0->0 0->0 
0->0 0->0 0->0 0->0 0->0 0->0 0->0 0->0 0->0 0->0 0->0 0->0 0->0 0->0 0->0 0->0 0->0 0->0 0->0 0->0 0->0 0->0 0->0 0->0 0->0 0->0 0->0 0->0 0->0 0->0 0->0 0->0 0->0 0->0 0->0 0->0 
0->0 0->0 0->0 0->0 0->0 0->0 93->0 97->0 88->0 113->0 127->0 107->0 87->0 100->0 98->0 0->0 0->0 0->0 0->0 0->0 0->0 0->0 0->0 0->0 0->0 0->0 0->0 0->0 0->0 0->0 0->0 0->0 0->0 0->0 0->0 0->0 
0->0 0->0 0->0 0->0 0->0 0->0 108->0 115->0 117->0 132->0 130->0 78->0 171->0 181->0 165->0 0->0 0->0 0->0 0->0 0->0 0->0 0->0 0->0 0->0 0->0 0->0 0->0 0->0 0->0 0->0 0->0 0->0 0->0 0->0 0->0 0->0 
0->0 0->0 0->0 0->0 0->0 0->0 100->0 85->0 154->0 104->0 71->0 173->0 105->0 68->0 167->0 0->0 0->0 0->0 0->0 0->0 0->0 0->0 0->0 0->0 0->0 0->0 0->0 0->0 0->0 0->0 0->0 0->0 0->0 0->0 0->0 0->0 
0->0 0->0 0->0 0->0 0->0 0->0 0->0 0->0 0->0 0->0 0->0 0->0 0->0 0->0 0->0 0->0 0->0 0->0 0->0 0->0 0->0 0->0 0->0 0->0 0->0 0->0 0->0 0->0 0->0 0->0 0->0 0->0 0->0 0->0 0->0 0->0 
0->0 0->0 0->0 0->0 0->0 0->0 0->0 0->0 0->0 93->0 97->0 88->0 113->0 127->0 107->0 87->0 100->0 98->0 0->0 0->0 0->0 0->0 0->0 0->0 0->0 0->0 0->0 0->0 0->0 0->0 0->0 0->0 0->0 0->0 0->0 0->0 
0->0 0->0 0->0 0->0 0->0 0->0 0->0 0->0 0->0 108->0 115->0 117->0 132->0 130->0 78->0 171->0 181->0 165->0 0->0 0->0 0->0 0->0 0->0 0->0 0->0 0->0 0->0 0->0 0->0 0->0 0->0 0->0 0->0 0->0 0->0 0->0 
0->0 0->0 0->0 0->0 0->0 0->0 0->0 0->0 0->0 100->0 85->0 154->0 104->0 71->0 173->0 105->0 68->0 167->0 0->0 0->0 0->0 0->0 0->0 0->0 0->0 0->0 0->0 0->0 0->0 0->0 0->0 0->0 0->0 0->0 0->0 0->0 
0->0 0->0 0->0 0->0 0->0 0->0 0->0 0->0 0->0 0->0 0->0 0->0 0->0 0->0 0->0 0->0 0->0 0->0 0->0 0->0 0->0 0->0 0->0 0->0 0->0 0->0 0->0 0->0 0->0 0->0 0->0 0->0 0->0 0->0 0->0 0->0 
0->0 0->0 0->0 0->0 0->0 0->0 0->0 0->0 0->0 0->0 0->0 0->0 93->0 97->0 88->0 113->0 127->0 107->0 87->0 100->0 98->0 0->0 0->0 0->0 0->0 0->0 0->0 0->0 0->0 0->0 0->0 0->0 0->0 0->0 0->0 0->0 
0->0 0->0 0->0 0->0 0->0 0->0 0->0 0->0 0->0 0->0 0->0 0->0 108->0 115->0 117->0 132->0 130->0 78->0 171->0 181->0 165->0 0->0 0->0 0->0 0->0 0->0 0->0 0->0 0->0 0->0 0->0 0->0 0->0 0->0 0->0 0->0 
0->0 0->0 0->0 0->0 0->0 0->0 0->0 0->0 0->0 0->0 0->0 0->0 100->0 85->0 154->0 104->0 71->0 173->0 105->0 68->0 167->0 0->0 0->0 0->0 0->0 0->0 0->0 0->0 0->0 0->0 0->0 0->0 0->0 0->0 0->0 0->0 
0->0 0->0 0->0 0->0 0->0 0->0 0->0 0->0 0->0 0->0 0->0 0->0 0->0 0->0 0->0 0->0 0->0 0->0 0->0 0->0 0->0 0->0 0->0 0->0 0->0 0->0 0->0 0->0 0->0 0->0 0->0 0->0 0->0 0->0 0->0 0->0 
0->0 0->0 0->0 0->0 0->0 0->0 0->0 0->0 0->0 0->0 0->0 0->0 0->0 0->0 0->0 93->0 97->0 88->0 113->0 127->0 107->0 87->0 100->0 98->0 0->0 0->0 0->0 0->0 0->0 0->0 0->0 0->0 0->0 0->0 0->0 0->0 
0->0 0->0 0->0 0->0 0->0 0->0 0->0 0->0 0->0 0->0 0->0 0->0 0->0 0->0 0->0 108->0 115->0 117->0 132->0 130->0 78->0 171->0 181->0 165->0 0->0 0->0 0->0 0->0 0->0 0->0 0->0 0->0 0->0 0->0 0->0 0->0 
0->0 0->0 0->0 0->0 0->0 0->0 0->0 0->0 0->0 0->0 0->0 0->0 0->0 0->0 0->0 100->0 85->0 154->0 104->0 71->0 173->0 105->0 68->0 167->0 0->0 0->0 0->0 0->0 0->0 0->0 0->0 0->0 0->0 0->0 0->0 0->0 
0->0 0->0 0->0 0->0 0->0 0->0 0->0 0->0 0->0 0->0 0->0 0->0 0->0 0->0 0->0 0->0 0->0 0->0 0->0 0->0 0->0 0->0 0->0 0->0 0->0 0->0 0->0 0->0 0->0 0->0 0->0 0->0 0->0 0->0 0->0 0->0 
0->0 0->0 0->0 0->0 0->0 0->0 0->0 0->0 0->0 0->0 0->0 0->0 0->0 0->0 0->0 0->0 0->0 0->0 93->0 97->0 88->0 113->0 127->0 107->0 87->0 100->0 98->0 0->0 0->0 0->0 0->0 0->0 0->0 0->0 0->0 0->0 
0->0 0->0 0->0 0->0 0->0 0->0 0->0 0->0 0->0 0->0 0->0 0->0 0->0 0->0 0->0 0->0 0->0 0->0 108->0 115->0 117->0 132->0 130->0 78->0 171->0 181->0 165->0 0->0 0->0 0->0 0->0 0->0 0->0 0->0 0->0 0->0 
0->0 0->0 0->0 0->0 0->0 0->0 0->0 0->0 0->0 0->0 0->0 0->0 0->0 0->0 0->0 0->0 0->0 0->0 100->0 85->0 154->0 104->0 71->0 173->0 105->0 68->0 167->0 0->0 0->0 0->0 0->0 0->0 0->0 0->0 0->0 0->0 
0->0 0->0 0->0 0->0 0->0 0->0 0->0 0->0 0->0 0->0 0->0 0->0 0->0 0->0 0->0 0->0 0->0 0->0 0->0 0->0 0->0 0->0 0->0 0->0 0->0 0->0 0->0 0->0 0->0 0->0 0->0 0->0 0->0 0->0 0->0 0->0 
0->0 0->0 0->0 0->0 0->0 0->0 0->0 0->0 0->0 0->0 0->0 0->0 0->0 0->0 0->0 0->0 0->0 0->0 0->0 0->0 0->0 93->0 97->0 88->0 113->0 127->0 107->0 87->0 100->0 98->0 0->0 0->0 0->0 0->0 0->0 0->0 
0->0 0->0 0->0 0->0 0->0 0->0 0->0 0->0 0->0 0->0 0->0 0->0 0->0 0->0 0->0 0->0 0->0 0->0 0->0 0->0 0->0 108->0 115->0 117->0 132->0 130->0 78->0 171->0 181->0 165->0 0->0 0->0 0->0 0->0 0->0 0->0 
0->0 0->0 0->0 0->0 0->0 0->0 0->0 0->0 0->0 0->0 0->0 0->0 0->0 0->0 0->0 0->0 0->0 0->0 0->0 0->0 0->0 100->0 85->0 154->0 104->0 71->0 173->0 105->0 68->0 167->0 0->0 0->0 0->0 0->0 0->0 0->0 
0->0 0->0 0->0 0->0 0->0 0->0 0->0 0->0 0->0 0->0 0->0 0->0 0->0 0->0 0->0 0->0 0->0 0->0 0->0 0->0 0->0 0->0 0->0 0->0 0->0 0->0 0->0 0->0 0->0 0->0 0->0 0->0 0->0 0->0 0->0 0->0 

93->0 97->0 88->0 113->0 127->0 107->0 87->0 100->0 98->0 0->0 0->0 0->0 0->0 0->0 0->0 0->0 0->0 0->0 0->0 0->0 0->0 0->0 0->0 0->0 0->0 0->0 0->0 0->0 0->0 0->0 0->0 0->0 0->0 0->0 0->0 0->0 
108->0 115->0 117->0 132->0 130->0 78->0 171->0 181->0 165->0 0->0 0->0 0->0 0->0 0->0 0->0 0->0 0->0 0->0 0->0 0->0 0->0 0->0 0->0 0->0 0->0 0->0 0->0 0->0 0->0 0->0 0->0 0->0 0->0 0->0 0->0 0->0 
100->0 85->0 154->0 104->0 71->0 173->0 105->0 68->0 167->0 0->0 0->0 0->0 0->0 0->0 0->0 0->0 0->0 0->0 0->0 0->0 0->0 0->0 0->0 0->0 0->0 0->0 0->0 0->0 0->0 0->0 0->0 0->0 0->0 0->0 0->0 0->0 
0->0 0->0 0->0 0->0 0->0 0->0 0->0 0->0 0->0 0->0 0->0 0->0 0->0 0->0 0->0 0->0 0->0 0->0 0->0 0->0 0->0 0->0 0->0 0->0 0->0 0->0 0->0 0->0 0->0 0->0 0->0 0->0 0->0 0->0 0->0 0->0 
0->0 0->0 0->0 93->0 97->0 88->0 113->0 127->0 107->0 87->0 100->0 98->0 0->0 0->0 0->0 0->0 0->0 0->0 0->0 0->0 0->0 0->0 0->0 0->0 0->0 0->0 0->0 0->0 0->0 0->0 0->0 0->0 0->0 0->0 0->0 0->0 
0->0 0->0 0->0 108->0 115->0 117->0 132->0 130->0 78->0 171->0 181->0 165->0 0->0 0->0 0->0 0->0 0->0 0->0 0->0 0->0 0->0 0->0 0->0 0->0 0->0 0->0 0->0 0->0 0->0 0->0 0->0 0->0 0->0 0->0 0->0 0->0 
0->0 0->0 0->0 100->0 85->0 154->0 104->0 71->0 173->0 105->0 68->0 167->0 0->0 0->0 0->0 0->0 0->0 0->0 0->0 0->0 0->0 0->0 0->0 0->0 0->0 0->0 0->0 0->0 0->0 0->0 0->0 0->0 0->0 0->0 0->0 0->0 
0->0 0->0 0->0 0->0 0->0 0->0 0->0 0->0 0->0 0->0 0->0 0->0 0->0 0->0 0->0 0->0 0->0 0->0 0->0 0->0 0->0 0->0 0->0 0->0 0->0 0->0 0->0 0->0 0->0 0->0 0->0 0->0 0->0 0->0 0->0 0->0 
0->0 0->0 0->0 0->0 0->0 0->0 93->0 97->0 88->0 113->0 127->0 107->0 87->0 100->0 98->0 0->0 0->0 0->0 0->0 0->0 0->0 0->0 0->0 0->0 0->0 0->0 0->0 0->0 0->0 0->0 0->0 0->0 0->0 0->0 0->0 0->0 
0->0 0->0 0->0 0->0 0->0 0->0 108->0 115->0 117->0 132->0 130->0 78->0 171->0 181->0 165->0 0->0 0->0 0->0 0->0 0->0 0->0 0->0 0->0 0->0 0->0 0->0 0->0 0->0 0->0 0->0 0->0 0->0 0->0 0->0 0->0 0->0 
0->0 0->0 0->0 0->0 0->0 0->0 100->0 85->0 154->0 104->0 71->0 173->0 105->0 68->0 167->0 0->0 0->0 0->0 0->0 0->0 0->0 0->0 0->0 0->0 0->0 0->0 0->0 0->0 0->0 0->0 0->0 0->0 0->0 0->0 0->0 0->0 
0->0 0->0 0->0 0->0 0->0 0->0 0->0 0->0 0->0 0->0 0->0 0->0 0->0 0->0 0->0 0->0 0->0 0->0 0->0 0->0 0->0 0->0 0->0 0->0 0->0 0->0 0->0 0->0 0->0 0->0 0->0 0->0 0->0 0->0 0->0 0->0 
0->0 0->0 0->0 0->0 0->0 0->0 0->0 0->0 0->0 93->0 97->0 88->0 113->0 127->0 107->0 87->0 100->0 98->0 0->0 0->0 0->0 0->0 0->0 0->0 0->0 0->0 0->0 0->0 0->0 0->0 0->0 0->0 0->0 0->0 0->0 0->0 
0->0 0->0 0->0 0->0 0->0 0->0 0->0 0->0 0->0 108->0 115->0 117->0 132->0 130->0 78->0 171->0 181->0 165->0 0->0 0->0 0->0 0->0 0->0 0->0 0->0 0->0 0->0 0->0 0->0 0->0 0->0 0->0 0->0 0->0 0->0 0->0 
0->0 0->0 0->0 0->0 0->0 0->0 0->0 0->0 0->0 100->0 85->0 154->0 104->0 71->0 173->0 105->0 68->0 167->0 0->0 0->0 0->0 0->0 0->0 0->0 0->0 0->0 0->0 0->0 0->0 0->0 0->0 0->0 0->0 0->0 0->0 0->0 
0->0 0->0 0->0 0->0 0->0 0->0 0->0 0->0 0->0 0->0 0->0 0->0 0->0 0->0 0->0 0->0 0->0 0->0 0->0 0->0 0->0 0->0 0->0 0->0 0->0 0->0 0->0 0->0 0->0 0->0 0->0 0->0 0->0 0->0 0->0 0->0 
0->0 0->0 0->0 0->0 0->0 0->0 0->0 0->0 0->0 0->0 0->0 0->0 93->0 97->0 88->0 113->0 127->0 107->0 87->0 100->0 98->0 0->0 0->0 0->0 0->0 0->0 0->0 0->0 0->0 0->0 0->0 0->0 0->0 0->0 0->0 0->0 
0->0 0->0 0->0 0->0 0->0 0->0 0->0 0->0 0->0 0->0 0->0 0->0 108->0 115->0 117->0 132->0 130->0 78->0 171->0 181->0 165->0 0->0 0->0 0->0 0->0 0->0 0->0 0->0 0->0 0->0 0->0 0->0 0->0 0->0 0->0 0->0 
0->0 0->0 0->0 0->0 0->0 0->0 0->0 0->0 0->0 0->0 0->0 0->0 100->0 85->0 154->0 104->0 71->0 173->0 105->0 68->0 167->0 0->0 0->0 0->0 0->0 0->0 0->0 0->0 0->0 0->0 0->0 0->0 0->0 0->0 0->0 0->0 
0->0 0->0 0->0 0->0 0->0 0->0 0->0 0->0 0->0 0->0 0->0 0->0 0->0 0->0 0->0 0->0 0->0 0->0 0->0 0->0 0->0 0->0 0->0 0->0 0->0 0->0 0->0 0->0 0->0 0->0 0->0 0->0 0->0 0->0 0->0 0->0 
0->0 0->0 0->0 0->0 0->0 0->0 0->0 0->0 0->0 0->0 0->0 0->0 0->0 0->0 0->0 93->0 97->0 88->0 113->0 127->0 107->0 87->0 100->0 98->0 0->0 0->0 0->0 0->0 0->0 0->0 0->0 0->0 0->0 0->0 0->0 0->0 
0->0 0->0 0->0 0->0 0->0 0->0 0->0 0->0 0->0 0->0 0->0 0->0 0->0 0->0 0->0 108->0 115->0 117->0 132->0 130->0 78->0 171->0 181->0 165->0 0->0 0->0 0->0 0->0 0->0 0->0 0->0 0->0 0->0 0->0 0->0 0->0 
0->0 0->0 0->0 0->0 0->0 0->0 0->0 0->0 0->0 0->0 0->0 0->0 0->0 0->0 0->0 100->0 85->0 154->0 104->0 71->0 173->0 105->0 68->0 167->0 0->0 0->0 0->0 0->0 0->0 0->0 0->0 0->0 0->0 0->0 0->0 0->0 
0->0 0->0 0->0 0->0 0->0 0->0 0->0 0->0 0->0 0->0 0->0 0->0 0->0 0->0 0->0 0->0 0->0 0->0 0->0 0->0 0->0 0->0 0->0 0->0 0->0 0->0 0->0 0->0 0->0 0->0 0->0 0->0 0->0 0->0 0->0 0->0 
0->0 0->0 0->0 0->0 0->0 0->0 0->0 0->0 0->0 0->0 0->0 0->0 0->0 0->0 0->0 0->0 0->0 0->0 93->0 97->0 88->0 113->0 127->0 107->0 87->0 100->0 98->0 0->0 0->0 0->0 0->0 0->0 0->0 0->0 0->0 0->0 
0->0 0->0 0->0 0->0 0->0 0->0 0->0 0->0 0->0 0->0 0->0 0->0 0->0 0->0 0->0 0->0 0->0 0->0 108->0 115->0 117->0 132->0 130->0 78->0 171->0 181->0 165->0 0->0 0->0 0->0 0->0 0->0 0->0 0->0 0->0 0->0 
0->0 0->0 0->0 0->0 0->0 0->0 0->0 0->0 0->0 0->0 0->0 0->0 0->0 0->0 0->0 0->0 0->0 0->0 100->0 85->0 154->0 104->0 71->0 173->0 105->0 68->0 167->0 0->0 0->0 0->0 0->0 0->0 0->0 0->0 0->0 0->0 
0->0 0->0 0->0 0->0 0->0 0->0 0->0 0->0 0->0 0->0 0->0 0->0 0->0 0->0 0->0 0->0 0->0 0->0 0->0 0->0 0->0 0->0 0->0 0->0 0->0 0->0 0->0 0->0 0->0 0->0 0->0 0->0 0->0 0->0 0->0 0->0 
0->0 0->0 0->0 0->0 0->0 0->0 0->0 0->0 0->0 0->0 0->0 0->0 0->0 0->0 0->0 0->0 0->0 0->0 0->0 0->0 0->0 93->0 97->0 88->0 113->0 127->0 107->0 87->0 100->0 98->0 0->0 0->0 0->0 0->0 0->0 0->0 
0->0 0->0 0->0 0->0 0->0 0->0 0->0 0->0 0->0 0->0 0->0 0->0 0->0 0->0 0->0 0->0 0->0 0->0 0->0 0->0 0->0 108->0 115->0 117->0 132->0 130->0 78->0 171->0 181->0 165->0 0->0 0->0 0->0 0->0 0->0 0->0 
0->0 0->0 0->0 0->0 0->0 0->0 0->0 0->0 0->0 0->0 0->0 0->0 0->0 0->0 0->0 0->0 0->0 0->0 0->0 0->0 0->0 100->0 85->0 154->0 104->0 71->0 173->0 105->0 68->0 167->0 0->0 0->0 0->0 0->0 0->0 0->0 
0->0 0->0 0->0 0->0 0->0 0->0 0->0 0->0 0->0 0->0 0->0 0->0 0->0 0->0 0->0 0->0 0->0 0->0 0->0 0->0 0->0 0->0 0->0 0->0 0->0 0->0 0->0 0->0 0->0 0->0 0->0 0->0 0->0 0->0 0->0 0->0 

93->0 97->0 88->0 113->0 127->0 107->0 87->0 100->0 98->0 0->0 0->0 0->0 0->0 0->0 0->0 0->0 0->0 0->0 0->0 0->0 0->0 0->0 0->0 0->0 0->0 0->0 0->0 0->0 0->0 0->0 0->0 0->0 0->0 0->0 0->0 0->0 
108->0 115->0 117->0 132->0 130->0 78->0 171->0 181->0 165->0 0->0 0->0 0->0 0->0 0->0 0->0 0->0 0->0 0->0 0->0 0->0 0->0 0->0 0->0 0->0 0->0 0->0 0->0 0->0 0->0 0->0 0->0 0->0 0->0 0->0 0->0 0->0 
100->0 85->0 154->0 104->0 71->0 173->0 105->0 68->0 167->0 0->0 0->0 0->0 0->0 0->0 0->0 0->0 0->0 0->0 0->0 0->0 0->0 0->0 0->0 0->0 0->0 0->0 0->0 0->0 0->0 0->0 0->0 0->0 0->0 0->0 0->0 0->0 
0->0 0->0 0->0 0->0 0->0 0->0 0->0 0->0 0->0 0->0 0->0 0->0 0->0 0->0 0->0 0->0 0->0 0->0 0->0 0->0 0->0 0->0 0->0 0->0 0->0 0->0 0->0 0->0 0->0 0->0 0->0 0->0 0->0 0->0 0->0 0->0 
0->0 0->0 0->0 93->0 97->0 88->0 113->0 127->0 107->0 87->0 100->0 98->0 0->0 0->0 0->0 0->0 0->0 0->0 0->0 0->0 0->0 0->0 0->0 0->0 0->0 0->0 0->0 0->0 0->0 0->0 0->0 0->0 0->0 0->0 0->0 0->0 
0->0 0->0 0->0 108->0 115->0 117->0 132->0 130->0 78->0 171->0 181->0 165->0 0->0 0->0 0->0 0->0 0->0 0->0 0->0 0->0 0->0 0->0 0->0 0->0 0->0 0->0 0->0 0->0 0->0 0->0 0->0 0->0 0->0 0->0 0->0 0->0 
0->0 0->0 0->0 100->0 85->0 154->0 104->0 71->0 173->0 105->0 68->0 167->0 0->0 0->0 0->0 0->0 0->0 0->0 0->0 0->0 0->0 0->0 0->0 0->0 0->0 0->0 0->0 0->0 0->0 0->0 0->0 0->0 0->0 0->0 0->0 0->0 
0->0 0->0 0->0 0->0 0->0 0->0 0->0 0->0 0->0 0->0 0->0 0->0 0->0 0->0 0->0 0->0 0->0 0->0 0->0 0->0 0->0 0->0 0->0 0->0 0->0 0->0 0->0 0->0 0->0 0->0 0->0 0->0 0->0 0->0 0->0 0->0 
0->0 0->0 0->0 0->0 0->0 0->0 93->0 97->0 88->0 113->0 127->0 107->0 87->0 100->0 98->0 0->0 0->0 0->0 0->0 0->0 0->0 0->0 0->0 0->0 0->0 0->0 0->0 0->0 0->0 0->0 0->0 0->0 0->0 0->0 0->0 0->0 
0->0 0->0 0->0 0->0 0->0 0->0 108->0 115->0 117->0 132->0 130->0 78->0 171->0 181->0 165->0 0->0 0->0 0->0 0->0 0->0 0->0 0->0 0->0 0->0 0->0 0->0 0->0 0->0 0->0 0->0 0->0 0->0 0->0 0->0 0->0 0->0 
0->0 0->0 0->0 0->0 0->0 0->0 100->0 85->0 154->0 104->0 71->0 173->0 105->0 68->0 167->0 0->0 0->0 0->0 0->0 0->0 0->0 0->0 0->0 0->0 0->0 0->0 0->0 0->0 0->0 0->0 0->0 0->0 0->0 0->0 0->0 0->0 
0->0 0->0 0->0 0->0 0->0 0->0 0->0 0->0 0->0 0->0 0->0 0->0 0->0 0->0 0->0 0->0 0->0 0->0 0->0 0->0 0->0 0->0 0->0 0->0 0->0 0->0 0->0 0->0 0->0 0->0 0->0 0->0 0->0 0->0 0->0 0->0 
0->0 0->0 0->0 0->0 0->0 0->0 0->0 0->0 0->0 93->0 97->0 88->0 113->0 127->0 107->0 87->0 100->0 98->0 0->0 0->0 0->0 0->0 0->0 0->0 0->0 0->0 0->0 0->0 0->0 0->0 0->0 0->0 0->0 0->0 0->0 0->0 
0->0 0->0 0->0 0->0 0->0 0->0 0->0 0->0 0->0 108->0 115->0 117->0 132->0 130->0 78->0 171->0 181->0 165->0 0->0 0->0 0->0 0->0 0->0 0->0 0->0 0->0 0->0 0->0 0->0 0->0 0->0 0->0 0->0 0->0 0->0 0->0 
0->0 0->0 0->0 0->0 0->0 0->0 0->0 0->0 0->0 100->0 85->0 154->0 104->0 71->0 173->0 105->0 68->0 167->0 0->0 0->0 0->0 0->0 0->0 0->0 0->0 0->0 0->0 0->0 0->0 0->0 0->0 0->0 0->0 0->0 0->0 0->0 
0->0 0->0 0->0 0->0 0->0 0->0 0->0 0->0 0->0 0->0 0->0 0->0 0->0 0->0 0->0 0->0 0->0 0->0 0->0 0->0 0->0 0->0 0->0 0->0 0->0 0->0 0->0 0->0 0->0 0->0 0->0 0->0 0->0 0->0 0->0 0->0 
0->0 0->0 0->0 0->0 0->0 0->0 0->0 0->0 0->0 0->0 0->0 0->0 93->0 97->0 88->0 113->0 127->0 107->0 87->0 100->0 98->0 0->0 0->0 0->0 0->0 0->0 0->0 0->0 0->0 0->0 0->0 0->0 0->0 0->0 0->0 0->0 
0->0 0->0 0->0 0->0 0->0 0->0 0->0 0->0 0->0 0->0 0->0 0->0 108->0 115->0 117->0 132->0 130->0 78->0 171->0 181->0 165->0 0->0 0->0 0->0 0->0 0->0 0->0 0->0 0->0 0->0 0->0 0->0 0->0 0->0 0->0 0->0 
0->0 0->0 0->0 0->0 0->0 0->0 0->0 0->0 0->0 0->0 0->0 0->0 100->0 85->0 154->0 104->0 71->0 173->0 105->0 68->0 167->0 0->0 0->0 0->0 0->0 0->0 0->0 0->0 0->0 0->0 0->0 0->0 0->0 0->0 0->0 0->0 
0->0 0->0 0->0 0->0 0->0 0->0 0->0 0->0 0->0 0->0 0->0 0->0 0->0 0->0 0->0 0->0 0->0 0->0 0->0 0->0 0->0 0->0 0->0 0->0 0->0 0->0 0->0 0->0 0->0 0->0 0->0 0->0 0->0 0->0 0->0 0->0 
0->0 0->0 0->0 0->0 0->0 0->0 0->0 0->0 0->0 0->0 0->0 0->0 0->0 0->0 0->0 93->0 97->0 88->0 113->0 127->0 107->0 87->0 100->0 98->0 0->0 0->0 0->0 0->0 0->0 0->0 0->0 0->0 0->0 0->0 0->0 0->0 
0->0 0->0 0->0 0->0 0->0 0->0 0->0 0->0 0->0 0->0 0->0 0->0 0->0 0->0 0->0 108->0 115->0 117->0 132->0 130->0 78->0 171->0 181->0 165->0 0->0 0->0 0->0 0->0 0->0 0->0 0->0 0->0 0->0 0->0 0->0 0->0 
0->0 0->0 0->0 0->0 0->0 0->0 0->0 0->0 0->0 0->0 0->0 0->0 0->0 0->0 0->0 100->0 85->0 154->0 104->0 71->0 173->0 105->0 68->0 167->0 0->0 0->0 0->0 0->0 0->0 0->0 0->0 0->0 0->0 0->0 0->0 0->0 
0->0 0->0 0->0 0->0 0->0 0->0 0->0 0->0 0->0 0->0 0->0 0->0 0->0 0->0 0->0 0->0 0->0 0->0 0->0 0->0 0->0 0->0 0->0 0->0 0->0 0->0 0->0 0->0 0->0 0->0 0->0 0->0 0->0 0->0 0->0 0->0 
0->0 0->0 0->0 0->0 0->0 0->0 0->0 0->0 0->0 0->0 0->0 0->0 0->0 0->0 0->0 0->0 0->0 0->0 93->0 97->0 88->0 113->0 127->0 107->0 87->0 100->0 98->0 0->0 0->0 0->0 0->0 0->0 0->0 0->0 0->0 0->0 
0->0 0->0 0->0 0->0 0->0 0->0 0->0 0->0 0->0 0->0 0->0 0->0 0->0 0->0 0->0 0->0 0->0 0->0 108->0 115->0 117->0 132->0 130->0 78->0 171->0 181->0 165->0 0->0 0->0 0->0 0->0 0->0 0->0 0->0 0->0 0->0 
0->0 0->0 0->0 0->0 0->0 0->0 0->0 0->0 0->0 0->0 0->0 0->0 0->0 0->0 0->0 0->0 0->0 0->0 100->0 85->0 154->0 104->0 71->0 173->0 105->0 68->0 167->0 0->0 0->0 0->0 0->0 0->0 0->0 0->0 0->0 0->0 
0->0 0->0 0->0 0->0 0->0 0->0 0->0 0->0 0->0 0->0 0->0 0->0 0->0 0->0 0->0 0->0 0->0 0->0 0->0 0->0 0->0 0->0 0->0 0->0 0->0 0->0 0->0 0->0 0->0 0->0 0->0 0->0 0->0 0->0 0->0 0->0 
0->0 0->0 0->0 0->0 0->0 0->0 0->0 0->0 0->0 0->0 0->0 0->0 0->0 0->0 0->0 0->0 0->0 0->0 0->0 0->0 0->0 93->0 97->0 88->0 113->0 127->0 107->0 87->0 100->0 98->0 0->0 0->0 0->0 0->0 0->0 0->0 
0->0 0->0 0->0 0->0 0->0 0->0 0->0 0->0 0->0 0->0 0->0 0->0 0->0 0->0 0->0 0->0 0->0 0->0 0->0 0->0 0->0 108->0 115->0 117->0 132->0 130->0 78->0 171->0 181->0 165->0 0->0 0->0 0->0 0->0 0->0 0->0 
0->0 0->0 0->0 0->0 0->0 0->0 0->0 0->0 0->0 0->0 0->0 0->0 0->0 0->0 0->0 0->0 0->0 0->0 0->0 0->0 0->0 100->0 85->0 154->0 104->0 71->0 173->0 105->0 68->0 167->0 0->0 0->0 0->0 0->0 0->0 0->0 
0->0 0->0 0->0 0->0 0->0 0->0 0->0 0->0 0->0 0->0 0->0 0->0 0->0 0->0 0->0 0->0 0->0 0->0 0->0 0->0 0->0 0->0 0->0 0->0 0->0 0->0 0->0 0->0 0->0 0->0 0->0 0->0 0->0 0->0 0->0 0->0 

93->0 97->0 88->0 113->0 127->0 107->0 87->0 100->0 98->0 0->0 0->0 0->0 0->0 0->0 0->0 0->0 0->0 0->0 0->0 0->0 0->0 0->0 0->0 0->0 0->0 0->0 0->0 0->0 0->0 0->0 0->0 0->0 0->0 0->0 0->0 0->0 
108->0 115->0 117->0 132->0 130->0 78->0 171->0 181->0 165->0 0->0 0->0 0->0 0->0 0->0 0->0 0->0 0->0 0->0 0->0 0->0 0->0 0->0 0->0 0->0 0->0 0->0 0->0 0->0 0->0 0->0 0->0 0->0 0->0 0->0 0->0 0->0 
100->0 85->0 154->0 104->0 71->0 173->0 105->0 68->0 167->0 0->0 0->0 0->0 0->0 0->0 0->0 0->0 0->0 0->0 0->0 0->0 0->0 0->0 0->0 0->0 0->0 0->0 0->0 0->0 0->0 0->0 0->0 0->0 0->0 0->0 0->0 0->0 
0->0 0->0 0->0 0->0 0->0 0->0 0->0 0->0 0->0 0->0 0->0 0->0 0->0 0->0 0->0 0->0 0->0 0->0 0->0 0->0 0->0 0->0 0->0 0->0 0->0 0->0 0->0 0->0 0->0 0->0 0->0 0->0 0->0 0->0 0->0 0->0 
0->0 0->0 0->0 93->0 97->0 88->0 113->0 127->0 107->0 87->0 100->0 98->0 0->0 0->0 0->0 0->0 0->0 0->0 0->0 0->0 0->0 0->0 0->0 0->0 0->0 0->0 0->0 0->0 0->0 0->0 0->0 0->0 0->0 0->0 0->0 0->0 
0->0 0->0 0->0 108->0 115->0 117->0 132->0 130->0 78->0 171->0 181->0 165->0 0->0 0->0 0->0 0->0 0->0 0->0 0->0 0->0 0->0 0->0 0->0 0->0 0->0 0->0 0->0 0->0 0->0 0->0 0->0 0->0 0->0 0->0 0->0 0->0 
0->0 0->0 0->0 100->0 85->0 154->0 104->0 71->0 173->0 105->0 68->0 167->0 0->0 0->0 0->0 0->0 0->0 0->0 0->0 0->0 0->0 0->0 0->0 0->0 0->0 0->0 0->0 0->0 0->0 0->0 0->0 0->0 0->0 0->0 0->0 0->0 
0->0 0->0 0->0 0->0 0->0 0->0 0->0 0->0 0->0 0->0 0->0 0->0 0->0 0->0 0->0 0->0 0->0 0->0 0->0 0->0 0->0 0->0 0->0 0->0 0->0 0->0 0->0 0->0 0->0 0->0 0->0 0->0 0->0 0->0 0->0 0->0 
0->0 0->0 0->0 0->0 0->0 0->0 93->0 97->0 88->0 113->0 127->0 107->0 87->0 100->0 98->0 0->0 0->0 0->0 0->0 0->0 0->0 0->0 0->0 0->0 0->0 0->0 0->0 0->0 0->0 0->0 0->0 0->0 0->0 0->0 0->0 0->0 
0->0 0->0 0->0 0->0 0->0 0->0 108->0 115->0 117->0 132->0 130->0 78->0 171->0 181->0 165->0 0->0 0->0 0->0 0->0 0->0 0->0 0->0 0->0 0->0 0->0 0->0 0->0 0->0 0->0 0->0 0->0 0->0 0->0 0->0 0->0 0->0 
0->0 0->0 0->0 0->0 0->0 0->0 100->0 85->0 154->0 104->0 71->0 173->0 105->0 68->0 167->0 0->0 0->0 0->0 0->0 0->0 0->0 0->0 0->0 0->0 0->0 0->0 0->0 0->0 0->0 0->0 0->0 0->0 0->0 0->0 0->0 0->0 
0->0 0->0 0->0 0->0 0->0 0->0 0->0 0->0 0->0 0->0 0->0 0->0 0->0 0->0 0->0 0->0 0->0 0->0 0->0 0->0 0->0 0->0 0->0 0->0 0->0 0->0 0->0 0->0 0->0 0->0 0->0 0->0 0->0 0->0 0->0 0->0 
0->0 0->0 0->0 0->0 0->0 0->0 0->0 0->0 0->0 93->0 97->0 88->0 113->0 127->0 107->0 87->0 100->0 98->0 0->0 0->0 0->0 0->0 0->0 0->0 0->0 0->0 0->0 0->0 0->0 0->0 0->0 0->0 0->0 0->0 0->0 0->0 
0->0 0->0 0->0 0->0 0->0 0->0 0->0 0->0 0->0 108->0 115->0 117->0 132->0 130->0 78->0 171->0 181->0 165->0 0->0 0->0 0->0 0->0 0->0 0->0 0->0 0->0 0->0 0->0 0->0 0->0 0->0 0->0 0->0 0->0 0->0 0->0 
0->0 0->0 0->0 0->0 0->0 0->0 0->0 0->0 0->0 100->0 85->0 154->0 104->0 71->0 173->0 105->0 68->0 167->0 0->0 0->0 0->0 0->0 0->0 0->0 0->0 0->0 0->0 0->0 0->0 0->0 0->0 0->0 0->0 0->0 0->0 0->0 
0->0 0->0 0->0 0->0 0->0 0->0 0->0 0->0 0->0 0->0 0->0 0->0 0->0 0->0 0->0 0->0 0->0 0->0 0->0 0->0 0->0 0->0 0->0 0->0 0->0 0->0 0->0 0->0 0->0 0->0 0->0 0->0 0->0 0->0 0->0 0->0 
0->0 0->0 0->0 0->0 0->0 0->0 0->0 0->0 0->0 0->0 0->0 0->0 93->0 97->0 88->0 113->0 127->0 107->0 87->0 100->0 98->0 0->0 0->0 0->0 0->0 0->0 0->0 0->0 0->0 0->0 0->0 0->0 0->0 0->0 0->0 0->0 
0->0 0->0 0->0 0->0 0->0 0->0 0->0 0->0 0->0 0->0 0->0 0->0 108->0 115->0 117->0 132->0 130->0 78->0 171->0 181->0 165->0 0->0 0->0 0->0 0->0 0->0 0->0 0->0 0->0 0->0 0->0 0->0 0->0 0->0 0->0 0->0 
0->0 0->0 0->0 0->0 0->0 0->0 0->0 0->0 0->0 0->0 0->0 0->0 100->0 85->0 154->0 104->0 71->0 173->0 105->0 68->0 167->0 0->0 0->0 0->0 0->0 0->0 0->0 0->0 0->0 0->0 0->0 0->0 0->0 0->0 0->0 0->0 
0->0 0->0 0->0 0->0 0->0 0->0 0->0 0->0 0->0 0->0 0->0 0->0 0->0 0->0 0->0 0->0 0->0 0->0 0->0 0->0 0->0 0->0 0->0 0->0 0->0 0->0 0->0 0->0 0->0 0->0 0->0 0->0 0->0 0->0 0->0 0->0 
0->0 0->0 0->0 0->0 0->0 0->0 0->0 0->0 0->0 0->0 0->0 0->0 0->0 0->0 0->0 93->0 97->0 88->0 113->0 127->0 107->0 87->0 100->0 98->0 0->0 0->0 0->0 0->0 0->0 0->0 0->0 0->0 0->0 0->0 0->0 0->0 
0->0 0->0 0->0 0->0 0->0 0->0 0->0 0->0 0->0 0->0 0->0 0->0 0->0 0->0 0->0 108->0 115->0 117->0 132->0 130->0 78->0 171->0 181->0 165->0 0->0 0->0 0->0 0->0 0->0 0->0 0->0 0->0 0->0 0->0 0->0 0->0 
0->0 0->0 0->0 0->0 0->0 0->0 0->0 0->0 0->0 0->0 0->0 0->0 0->0 0->0 0->0 100->0 85->0 154->0 104->0 71->0 173->0 105->0 68->0 167->0 0->0 0->0 0->0 0->0 0->0 0->0 0->0 0->0 0->0 0->0 0->0 0->0 
0->0 0->0 0->0 0->0 0->0 0->0 0->0 0->0 0->0 0->0 0->0 0->0 0->0 0->0 0->0 0->0 0->0 0->0 0->0 0->0 0->0 0->0 0->0 0->0 0->0 0->0 0->0 0->0 0->0 0->0 0->0 0->0 0->0 0->0 0->0 0->0 
0->0 0->0 0->0 0->0 0->0 0->0 0->0 0->0 0->0 0->0 0->0 0->0 0->0 0->0 0->0 0->0 0->0 0->0 93->0 97->0 88->0 113->0 127->0 107->0 87->0 100->0 98->0 0->0 0->0 0->0 0->0 0->0 0->0 0->0 0->0 0->0 
0->0 0->0 0->0 0->0 0->0 0->0 0->0 0->0 0->0 0->0 0->0 0->0 0->0 0->0 0->0 0->0 0->0 0->0 108->0 115->0 117->0 132->0 130->0 78->0 171->0 181->0 165->0 0->0 0->0 0->0 0->0 0->0 0->0 0->0 0->0 0->0 
0->0 0->0 0->0 0->0 0->0 0->0 0->0 0->0 0->0 0->0 0->0 0->0 0->0 0->0 0->0 0->0 0->0 0->0 100->0 85->0 154->0 104->0 71->0 173->0 105->0 68->0 167->0 0->0 0->0 0->0 0->0 0->0 0->0 0->0 0->0 0->0 
0->0 0->0 0->0 0->0 0->0 0->0 0->0 0->0 0->0 0->0 0->0 0->0 0->0 0->0 0->0 0->0 0->0 0->0 0->0 0->0 0->0 0->0 0->0 0->0 0->0 0->0 0->0 0->0 0->0 0->0 0->0 0->0 0->0 0->0 0->0 0->0 
0->0 0->0 0->0 0->0 0->0 0->0 0->0 0->0 0->0 0->0 0->0 0->0 0->0 0->0 0->0 0->0 0->0 0->0 0->0 0->0 0->0 93->0 97->0 88->0 113->0 127->0 107->0 87->0 100->0 98->0 0->0 0->0 0->0 0->0 0->0 0->0 
0->0 0->0 0->0 0->0 0->0 0->0 0->0 0->0 0->0 0->0 0->0 0->0 0->0 0->0 0->0 0->0 0->0 0->0 0->0 0->0 0->0 108->0 115->0 117->0 132->0 130->0 78->0 171->0 181->0 165->0 0->0 0->0 0->0 0->0 0->0 0->0 
0->0 0->0 0->0 0->0 0->0 0->0 0->0 0->0 0->0 0->0 0->0 0->0 0->0 0->0 0->0 0->0 0->0 0->0 0->0 0->0 0->0 100->0 85->0 154->0 104->0 71->0 173->0 105->0 68->0 167->0 0->0 0->0 0->0 0->0 0->0 0->0 
0->0 0->0 0->0 0->0 0->0 0->0 0->0 0->0 0->0 0->0 0->0 0->0 0->0 0->0 0->0 0->0 0->0 0->0 0->0 0->0 0->0 0->0 0->0 0->0 0->0 0->0 0->0 0->0 0->0 0->0 0->0 0->0 0->0 0->0 0->0 0->0 

93->0 97->0 88->0 113->0 127->0 107->0 87->0 100->0 98->0 0->0 0->0 0->0 0->0 0->0 0->0 0->0 0->0 0->0 0->0 0->0 0->0 0->0 0->0 0->0 0->0 0->0 0->0 0->0 0->0 0->0 0->0 0->0 0->0 0->0 0->0 0->0 
108->0 115->0 117->0 132->0 130->0 78->0 171->0 181->0 165->0 0->0 0->0 0->0 0->0 0->0 0->0 0->0 0->0 0->0 0->0 0->0 0->0 0->0 0->0 0->0 0->0 0->0 0->0 0->0 0->0 0->0 0->0 0->0 0->0 0->0 0->0 0->0 
100->0 85->0 154->0 104->0 71->0 173->0 105->0 68->0 167->0 0->0 0->0 0->0 0->0 0->0 0->0 0->0 0->0 0->0 0->0 0->0 0->0 0->0 0->0 0->0 0->0 0->0 0->0 0->0 0->0 0->0 0->0 0->0 0->0 0->0 0->0 0->0 
0->0 0->0 0->0 0->0 0->0 0->0 0->0 0->0 0->0 0->0 0->0 0->0 0->0 0->0 0->0 0->0 0->0 0->0 0->0 0->0 0->0 0->0 0->0 0->0 0->0 0->0 0->0 0->0 0->0 0->0 0->0 0->0 0->0 0->0 0->0 0->0 
0->0 0->0 0->0 93->0 97->0 88->0 113->0 127->0 107->0 87->0 100->0 98->0 0->0 0->0 0->0 0->0 0->0 0->0 0->0 0->0 0->0 0->0 0->0 0->0 0->0 0->0 0->0 0->0 0->0 0->0 0->0 0->0 0->0 0->0 0->0 0->0 
0->0 0->0 0->0 108->0 115->0 117->0 132->0 130->0 78->0 171->0 181->0 165->0 0->0 0->0 0->0 0->0 0->0 0->0 0->0 0->0 0->0 0->0 0->0 0->0 0->0 0->0 0->0 0->0 0->0 0->0 0->0 0->0 0->0 0->0 0->0 0->0 
0->0 0->0 0->0 100->0 85->0 154->0 104->0 71->0 173->0 105->0 68->0 167->0 0->0 0->0 0->0 0->0 0->0 0->0 0->0 0->0 0->0 0->0 0->0 0->0 0->0 0->0 0->0 0->0 0->0 0->0 0->0 0->0 0->0 0->0 0->0 0->0 
0->0 0->0 0->0 0->0 0->0 0->0 0->0 0->0 0->0 0->0 0->0 0->0 0->0 0->0 0->0 0->0 0->0 0->0 0->0 0->0 0->0 0->0 0->0 0->0 0->0 0->0 0->0 0->0 0->0 0->0 0->0 0->0 0->0 0->0 0->0 0->0 
0->0 0->0 0->0 0->0 0->0 0->0 93->0 97->0 88->0 113->0 127->0 107->0 87->0 100->0 98->0 0->0 0->0 0->0 0->0 0->0 0->0 0->0 0->0 0->0 0->0 0->0 0->0 0->0 0->0 0->0 0->0 0->0 0->0 0->0 0->0 0->0 
0->0 0->0 0->0 0->0 0->0 0->0 108->0 115->0 117->0 132->0 130->0 78->0 171->0 181->0 165->0 0->0 0->0 0->0 0->0 0->0 0->0 0->0 0->0 0->0 0->0 0->0 0->0 0->0 0->0 0->0 0->0 0->0 0->0 0->0 0->0 0->0 
0->0 0->0 0->0 0->0 0->0 0->0 100->0 85->0 154->0 104->0 71->0 173->0 105->0 68->0 167->0 0->0 0->0 0->0 0->0 0->0 0->0 0->0 0->0 0->0 0->0 0->0 0->0 0->0 0->0 0->0 0->0 0->0 0->0 0->0 0->0 0->0 
0->0 0->0 0->0 0->0 0->0 0->0 0->0 0->0 0->0 0->0 0->0 0->0 0->0 0->0 0->0 0->0 0->0 0->0 0->0 0->0 0->0 0->0 0->0 0->0 0->0 0->0 0->0 0->0 0->0 0->0 0->0 0->0 0->0 0->0 0->0 0->0 
0->0 0->0 0->0 0->0 0->0 0->0 0->0 0->0 0->0 93->0 97->0 88->0 113->0 127->0 107->0 87->0 100->0 98->0 0->0 0->0 0->0 0->0 0->0 0->0 0->0 0->0 0->0 0->0 0->0 0->0 0->0 0->0 0->0 0->0 0->0 0->0 
0->0 0->0 0->0 0->0 0->0 0->0 0->0 0->0 0->0 108->0 115->0 117->0 132->0 130->0 78->0 171->0 181->0 165->0 0->0 0->0 0->0 0->0 0->0 0->0 0->0 0->0 0->0 0->0 0->0 0->0 0->0 0->0 0->0 0->0 0->0 0->0 
0->0 0->0 0->0 0->0 0->0 0->0 0->0 0->0 0->0 100->0 85->0 154->0 104->0 71->0 173->0 105->0 68->0 167->0 0->0 0->0 0->0 0->0 0->0 0->0 0->0 0->0 0->0 0->0 0->0 0->0 0->0 0->0 0->0 0->0 0->0 0->0 
0->0 0->0 0->0 0->0 0->0 0->0 0->0 0->0 0->0 0->0 0->0 0->0 0->0 0->0 0->0 0->0 0->0 0->0 0->0 0->0 0->0 0->0 0->0 0->0 0->0 0->0 0->0 0->0 0->0 0->0 0->0 0->0 0->0 0->0 0->0 0->0 
0->0 0->0 0->0 0->0 0->0 0->0 0->0 0->0 0->0 0->0 0->0 0->0 93->0 97->0 88->0 113->0 127->0 107->0 87->0 100->0 98->0 0->0 0->0 0->0 0->0 0->0 0->0 0->0 0->0 0->0 0->0 0->0 0->0 0->0 0->0 0->0 
0->0 0->0 0->0 0->0 0->0 0->0 0->0 0->0 0->0 0->0 0->0 0->0 108->0 115->0 117->0 132->0 130->0 78->0 171->0 181->0 165->0 0->0 0->0 0->0 0->0 0->0 0->0 0->0 0->0 0->0 0->0 0->0 0->0 0->0 0->0 0->0 
0->0 0->0 0->0 0->0 0->0 0->0 0->0 0->0 0->0 0->0 0->0 0->0 100->0 85->0 154->0 104->0 71->0 173->0 105->0 68->0 167->0 0->0 0->0 0->0 0->0 0->0 0->0 0->0 0->0 0->0 0->0 0->0 0->0 0->0 0->0 0->0 
0->0 0->0 0->0 0->0 0->0 0->0 0->0 0->0 0->0 0->0 0->0 0->0 0->0 0->0 0->0 0->0 0->0 0->0 0->0 0->0 0->0 0->0 0->0 0->0 0->0 0->0 0->0 0->0 0->0 0->0 0->0 0->0 0->0 0->0 0->0 0->0 
0->0 0->0 0->0 0->0 0->0 0->0 0->0 0->0 0->0 0->0 0->0 0->0 0->0 0->0 0->0 93->0 97->0 88->0 113->0 127->0 107->0 87->0 100->0 98->0 0->0 0->0 0->0 0->0 0->0 0->0 0->0 0->0 0->0 0->0 0->0 0->0 
0->0 0->0 0->0 0->0 0->0 0->0 0->0 0->0 0->0 0->0 0->0 0->0 0->0 0->0 0->0 108->0 115->0 117->0 132->0 130->0 78->0 171->0 181->0 165->0 0->0 0->0 0->0 0->0 0->0 0->0 0->0 0->0 0->0 0->0 0->0 0->0 
0->0 0->0 0->0 0->0 0->0 0->0 0->0 0->0 0->0 0->0 0->0 0->0 0->0 0->0 0->0 100->0 85->0 154->0 104->0 71->0 173->0 105->0 68->0 167->0 0->0 0->0 0->0 0->0 0->0 0->0 0->0 0->0 0->0 0->0 0->0 0->0 
0->0 0->0 0->0 0->0 0->0 0->0 0->0 0->0 0->0 0->0 0->0 0->0 0->0 0->0 0->0 0->0 0->0 0->0 0->0 0->0 0->0 0->0 0->0 0->0 0->0 0->0 0->0 0->0 0->0 0->0 0->0 0->0 0->0 0->0 0->0 0->0 
0->0 0->0 0->0 0->0 0->0 0->0 0->0 0->0 0->0 0->0 0->0 0->0 0->0 0->0 0->0 0->0 0->0 0->0 93->0 97->0 88->0 113->0 127->0 107->0 87->0 100->0 98->0 0->0 0->0 0->0 0->0 0->0 0->0 0->0 0->0 0->0 
0->0 0->0 0->0 0->0 0->0 0->0 0->0 0->0 0->0 0->0 0->0 0->0 0->0 0->0 0->0 0->0 0->0 0->0 108->0 115->0 117->0 132->0 130->0 78->0 171->0 181->0 165->0 0->0 0->0 0->0 0->0 0->0 0->0 0->0 0->0 0->0 
0->0 0->0 0->0 0->0 0->0 0->0 0->0 0->0 0->0 0->0 0->0 0->0 0->0 0->0 0->0 0->0 0->0 0->0 100->0 85->0 154->0 104->0 71->0 173->0 105->0 68->0 167->0 0->0 0->0 0->0 0->0 0->0 0->0 0->0 0->0 0->0 
0->0 0->0 0->0 0->0 0->0 0->0 0->0 0->0 0->0 0->0 0->0 0->0 0->0 0->0 0->0 0->0 0->0 0->0 0->0 0->0 0->0 0->0 0->0 0->0 0->0 0->0 0->0 0->0 0->0 0->0 0->0 0->0 0->0 0->0 0->0 0->0 
0->0 0->0 0->0 0->0 0->0 0->0 0->0 0->0 0->0 0->0 0->0 0->0 0->0 0->0 0->0 0->0 0->0 0->0 0->0 0->0 0->0 93->0 97->0 88->0 113->0 127->0 107->0 87->0 100->0 98->0 0->0 0->0 0->0 0->0 0->0 0->0 
0->0 0->0 0->0 0->0 0->0 0->0 0->0 0->0 0->0 0->0 0->0 0->0 0->0 0->0 0->0 0->0 0->0 0->0 0->0 0->0 0->0 108->0 115->0 117->0 132->0 130->0 78->0 171->0 181->0 165->0 0->0 0->0 0->0 0->0 0->0 0->0 
0->0 0->0 0->0 0->0 0->0 0->0 0->0 0->0 0->0 0->0 0->0 0->0 0->0 0->0 0->0 0->0 0->0 0->0 0->0 0->0 0->0 100->0 85->0 154->0 104->0 71->0 173->0 105->0 68->0 167->0 0->0 0->0 0->0 0->0 0->0 0->0 
0->0 0->0 0->0 0->0 0->0 0->0 0->0 0->0 0->0 0->0 0->0 0->0 0->0 0->0 0->0 0->0 0->0 0->0 0->0 0->0 0->0 0->0 0->0 0->0 0->0 0->0 0->0 0->0 0->0 0->0 0->0 0->0 0->0 0->0 0->0 0->0 

93->0 97->0 88->0 113->0 127->0 107->0 87->0 100->0 98->0 0->0 0->0 0->0 0->0 0->0 0->0 0->0 0->0 0->0 0->0 0->0 0->0 0->0 0->0 0->0 0->0 0->0 0->0 0->0 0->0 0->0 0->0 0->0 0->0 0->0 0->0 0->0 
108->0 115->0 117->0 132->0 130->0 78->0 171->0 181->0 165->0 0->0 0->0 0->0 0->0 0->0 0->0 0->0 0->0 0->0 0->0 0->0 0->0 0->0 0->0 0->0 0->0 0->0 0->0 0->0 0->0 0->0 0->0 0->0 0->0 0->0 0->0 0->0 
100->0 85->0 154->0 104->0 71->0 173->0 105->0 68->0 167->0 0->0 0->0 0->0 0->0 0->0 0->0 0->0 0->0 0->0 0->0 0->0 0->0 0->0 0->0 0->0 0->0 0->0 0->0 0->0 0->0 0->0 0->0 0->0 0->0 0->0 0->0 0->0 
0->0 0->0 0->0 0->0 0->0 0->0 0->0 0->0 0->0 0->0 0->0 0->0 0->0 0->0 0->0 0->0 0->0 0->0 0->0 0->0 0->0 0->0 0->0 0->0 0->0 0->0 0->0 0->0 0->0 0->0 0->0 0->0 0->0 0->0 0->0 0->0 
0->0 0->0 0->0 93->0 97->0 88->0 113->0 127->0 107->0 87->0 100->0 98->0 0->0 0->0 0->0 0->0 0->0 0->0 0->0 0->0 0->0 0->0 0->0 0->0 0->0 0->0 0->0 0->0 0->0 0->0 0->0 0->0 0->0 0->0 0->0 0->0 
0->0 0->0 0->0 108->0 115->0 117->0 132->0 130->0 78->0 171->0 181->0 165->0 0->0 0->0 0->0 0->0 0->0 0->0 0->0 0->0 0->0 0->0 0->0 0->0 0->0 0->0 0->0 0->0 0->0 0->0 0->0 0->0 0->0 0->0 0->0 0->0 
0->0 0->0 0->0 100->0 85->0 154->0 104->0 71->0 173->0 105->0 68->0 167->0 0->0 0->0 0->0 0->0 0->0 0->0 0->0 0->0 0->0 0->0 0->0 0->0 0->0 0->0 0->0 0->0 0->0 0->0 0->0 0->0 0->0 0->0 0->0 0->0 
0->0 0->0 0->0 0->0 0->0 0->0 0->0 0->0 0->0 0->0 0->0 0->0 0->0 0->0 0->0 0->0 0->0 0->0 0->0 0->0 0->0 0->0 0->0 0->0 0->0 0->0 0->0 0->0 0->0 0->0 0->0 0->0 0->0 0->0 0->0 0->0 
0->0 0->0 0->0 0->0 0->0 0->0 93->0 97->0 88->0 113->0 127->0 107->0 87->0 100->0 98->0 0->0 0->0 0->0 0->0 0->0 0->0 0->0 0->0 0->0 0->0 0->0 0->0 0->0 0->0 0->0 0->0 0->0 0->0 0->0 0->0 0->0 
0->0 0->0 0->0 0->0 0->0 0->0 108->0 115->0 117->0 132->0 130->0 78->0 171->0 181->0 165->0 0->0 0->0 0->0 0->0 0->0 0->0 0->0 0->0 0->0 0->0 0->0 0->0 0->0 0->0 0->0 0->0 0->0 0->0 0->0 0->0 0->0 
0->0 0->0 0->0 0->0 0->0 0->0 100->0 85->0 154->0 104->0 71->0 173->0 105->0 68->0 167->0 0->0 0->0 0->0 0->0 0->0 0->0 0->0 0->0 0->0 0->0 0->0 0->0 0->0 0->0 0->0 0->0 0->0 0->0 0->0 0->0 0->0 
0->0 0->0 0->0 0->0 0->0 0->0 0->0 0->0 0->0 0->0 0->0 0->0 0->0 0->0 0->0 0->0 0->0 0->0 0->0 0->0 0->0 0->0 0->0 0->0 0->0 0->0 0->0 0->0 0->0 0->0 0->0 0->0 0->0 0->0 0->0 0->0 
0->0 0->0 0->0 0->0 0->0 0->0 0->0 0->0 0->0 93->0 97->0 88->0 113->0 127->0 107->0 87->0 100->0 98->0 0->0 0->0 0->0 0->0 0->0 0->0 0->0 0->0 0->0 0->0 0->0 0->0 0->0 0->0 0->0 0->0 0->0 0->0 
0->0 0->0 0->0 0->0 0->0 0->0 0->0 0->0 0->0 108->0 115->0 117->0 132->0 130->0 78->0 171->0 181->0 165->0 0->0 0->0 0->0 0->0 0->0 0->0 0->0 0->0 0->0 0->0 0->0 0->0 0->0 0->0 0->0 0->0 0->0 0->0 
0->0 0->0 0->0 0->0 0->0 0->0 0->0 0->0 0->0 100->0 85->0 154->0 104->0 71->0 173->0 105->0 68->0 167->0 0->0 0->0 0->0 0->0 0->0 0->0 0->0 0->0 0->0 0->0 0->0 0->0 0->0 0->0 0->0 0->0 0->0 0->0 
0->0 0->0 0->0 0->0 0->0 0->0 0->0 0->0 0->0 0->0 0->0 0->0 0->0 0->0 0->0 0->0 0->0 0->0 0->0 0->0 0->0 0->0 0->0 0->0 0->0 0->0 0->0 0->0 0->0 0->0 0->0 0->0 0->0 0->0 0->0 0->0 
0->0 0->0 0->0 0->0 0->0 0->0 0->0 0->0 0->0 0->0 0->0 0->0 93->0 97->0 88->0 113->0 127->0 107->0 87->0 100->0 98->0 0->0 0->0 0->0 0->0 0->0 0->0 0->0 0->0 0->0 0->0 0->0 0->0 0->0 0->0 0->0 
0->0 0->0 0->0 0->0 0->0 0->0 0->0 0->0 0->0 0->0 0->0 0->0 108->0 115->0 117->0 132->0 130->0 78->0 171->0 181->0 165->0 0->0 0->0 0->0 0->0 0->0 0->0 0->0 0->0 0->0 0->0 0->0 0->0 0->0 0->0 0->0 
0->0 0->0 0->0 0->0 0->0 0->0 0->0 0->0 0->0 0->0 0->0 0->0 100->0 85->0 154->0 104->0 71->0 173->0 105->0 68->0 167->0 0->0 0->0 0->0 0->0 0->0 0->0 0->0 0->0 0->0 0->0 0->0 0->0 0->0 0->0 0->0 
0->0 0->0 0->0 0->0 0->0 0->0 0->0 0->0 0->0 0->0 0->0 0->0 0->0 0->0 0->0 0->0 0->0 0->0 0->0 0->0 0->0 0->0 0->0 0->0 0->0 0->0 0->0 0->0 0->0 0->0 0->0 0->0 0->0 0->0 0->0 0->0 
0->0 0->0 0->0 0->0 0->0 0->0 0->0 0->0 0->0 0->0 0->0 0->0 0->0 0->0 0->0 93->0 97->0 88->0 113->0 127->0 107->0 87->0 100->0 98->0 0->0 0->0 0->0 0->0 0->0 0->0 0->0 0->0 0->0 0->0 0->0 0->0 
0->0 0->0 0->0 0->0 0->0 0->0 0->0 0->0 0->0 0->0 0->0 0->0 0->0 0->0 0->0 108->0 115->0 117->0 132->0 130->0 78->0 171->0 181->0 165->0 0->0 0->0 0->0 0->0 0->0 0->0 0->0 0->0 0->0 0->0 0->0 0->0 
0->0 0->0 0->0 0->0 0->0 0->0 0->0 0->0 0->0 0->0 0->0 0->0 0->0 0->0 0->0 100->0 85->0 154->0 104->0 71->0 173->0 105->0 68->0 167->0 0->0 0->0 0->0 0->0 0->0 0->0 0->0 0->0 0->0 0->0 0->0 0->0 
0->0 0->0 0->0 0->0 0->0 0->0 0->0 0->0 0->0 0->0 0->0 0->0 0->0 0->0 0->0 0->0 0->0 0->0 0->0 0->0 0->0 0->0 0->0 0->0 0->0 0->0 0->0 0->0 0->0 0->0 0->0 0->0 0->0 0->0 0->0 0->0 
0->0 0->0 0->0 0->0 0->0 0->0 0->0 0->0 0->0 0->0 0->0 0->0 0->0 0->0 0->0 0->0 0->0 0->0 93->0 97->0 88->0 113->0 127->0 107->0 87->0 100->0 98->0 0->0 0->0 0->0 0->0 0->0 0->0 0->0 0->0 0->0 
0->0 0->0 0->0 0->0 0->0 0->0 0->0 0->0 0->0 0->0 0->0 0->0 0->0 0->0 0->0 0->0 0->0 0->0 108->0 115->0 117->0 132->0 130->0 78->0 171->0 181->0 165->0 0->0 0->0 0->0 0->0 0->0 0->0 0->0 0->0 0->0 
0->0 0->0 0->0 0->0 0->0 0->0 0->0 0->0 0->0 0->0 0->0 0->0 0->0 0->0 0->0 0->0 0->0 0->0 100->0 85->0 154->0 104->0 71->0 173->0 105->0 68->0 167->0 0->0 0->0 0->0 0->0 0->0 0->0 0->0 0->0 0->0 
0->0 0->0 0->0 0->0 0->0 0->0 0->0 0->0 0->0 0->0 0->0 0->0 0->0 0->0 0->0 0->0 0->0 0->0 0->0 0->0 0->0 0->0 0->0 0->0 0->0 0->0 0->0 0->0 0->0 0->0 0->0 0->0 0->0 0->0 0->0 0->0 
0->0 0->0 0->0 0->0 0->0 0->0 0->0 0->0 0->0 0->0 0->0 0->0 0->0 0->0 0->0 0->0 0->0 0->0 0->0 0->0 0->0 93->0 97->0 88->0 113->0 127->0 107->0 87->0 100->0 98->0 0->0 0->0 0->0 0->0 0->0 0->0 
0->0 0->0 0->0 0->0 0->0 0->0 0->0 0->0 0->0 0->0 0->0 0->0 0->0 0->0 0->0 0->0 0->0 0->0 0->0 0->0 0->0 108->0 115->0 117->0 132->0 130->0 78->0 171->0 181->0 165->0 0->0 0->0 0->0 0->0 0->0 0->0 
0->0 0->0 0->0 0->0 0->0 0->0 0->0 0->0 0->0 0->0 0->0 0->0 0->0 0->0 0->0 0->0 0->0 0->0 0->0 0->0 0->0 100->0 85->0 154->0 104->0 71->0 173->0 105->0 68->0 167->0 0->0 0->0 0->0 0->0 0->0 0->0 
0->0 0->0 0->0 0->0 0->0 0->0 0->0 0->0 0->0 0->0 0->0 0->0 0->0 0->0 0->0 0->0 0->0 0->0 0->0 0->0 0->0 0->0 0->0 0->0 0->0 0->0 0->0 0->0 0->0 0->0 0->0 0->0 0->0 0->0 0->0 0->0 

93->0 97->0 88->0 113->0 127->0 107->0 87->0 100->0 98->0 0->0 0->0 0->0 0->0 0->0 0->0 0->0 0->0 0->0 0->0 0->0 0->0 0->0 0->0 0->0 0->0 0->0 0->3 0->0 0->0 0->24 0->0 0->0 0->0 0->0 0->0 0->0 
108->0 115->0 117->0 132->0 130->0 78->0 171->0 181->0 165->0 0->0 0->0 0->0 0->0 0->0 0->0 0->0 0->0 0->0 0->0 0->0 0->0 0->0 0->0 0->0 0->0 0->0 0->3 0->0 0->0 0->24 0->0 0->0 0->0 0->0 0->0 0->0 
100->0 85->0 154->0 104->0 71->0 173->0 105->0 68->0 167->0 0->0 0->0 0->0 0->0 0->0 0->0 0->0 0->0 0->0 0->0 0->0 0->0 0->0 0->0 0->0 0->0 0->0 0->3 0->0 0->0 0->24 0->0 0->0 0->0 0->0 0->0 0->0 
0->0 0->0 0->0 0->0 0->0 0->0 0->0 0->0 0->0 0->0 0->0 0->0 0->0 0->0 0->0 0->0 0->0 0->0 0->0 0->0 0->0 0->0 0->0 0->0 0->0 0->0 0->3 0->0 0->0 0->24 0->0 0->0 0->0 0->0 0->0 0->0 
0->0 0->0 0->0 93->0 97->0 88->0 113->0 127->0 107->0 87->0 100->0 98->0 0->0 0->0 0->0 0->0 0->0 0->0 0->0 0->0 0->0 0->0 0->0 0->0 0->0 0->0 0->3 0->0 0->0 0->24 0->0 0->0 0->0 0->0 0->0 0->0 
0->0 0->0 0->0 108->0 115->0 117->0 132->0 130->0 78->0 171->0 181->0 165->0 0->0 0->0 0->0 0->0 0->0 0->0 0->0 0->0 0->0 0->0 0->0 0->0 0->0 0->0 0->3 0->0 0->0 0->24 0->0 0->0 0->0 0->0 0->0 0->0 
0->0 0->0 0->0 100->0 85->0 154->0 104->0 71->0 173->0 105->0 68->0 167->0 0->0 0->0 0->0 0->0 0->0 0->0 0->0 0->0 0->0 0->0 0->0 0->0 0->0 0->0 0->3 0->0 0->0 0->24 0->0 0->0 0->0 0->0 0->0 0->0 
0->0 0->0 0->0 0->0 0->0 0->0 0->0 0->0 0->0 0->0 0->0 0->0 0->0 0->0 0->0 0->0 0->0 0->0 0->0 0->0 0->0 0->0 0->0 0->0 0->0 0->0 0->3 0->0 0->0 0->24 0->0 0->0 0->0 0->0 0->0 0->0 
0->0 0->0 0->0 0->0 0->0 0->0 93->0 97->0 88->0 113->0 127->0 107->0 87->0 100->0 98->0 0->0 0->0 0->0 0->0 0->0 0->0 0->0 0->0 0->0 0->0 0->0 0->3 0->0 0->0 0->24 0->0 0->0 0->0 0->0 0->0 0->0 
0->0 0->0 0->0 0->0 0->0 0->0 108->0 115->0 117->0 132->0 130->0 78->0 171->0 181->0 165->0 0->0 0->0 0->0 0->0 0->0 0->0 0->0 0->0 0->0 0->0 0->0 0->3 0->0 0->0 0->24 0->0 0->0 0->0 0->0 0->0 0->0 
0->0 0->0 0->0 0->0 0->0 0->0 100->0 85->0 154->0 104->0 71->0 173->0 105->0 68->0 167->0 0->0 0->0 0->0 0->0 0->0 0->0 0->0 0->0 0->0 0->0 0->0 0->3 0->0 0->0 0->24 0->0 0->0 0->0 0->0 0->0 0->0 
0->0 0->0 0->0 0->0 0->0 0->0 0->0 0->0 0->0 0->0 0->0 0->0 0->0 0->0 0->0 0->0 0->0 0->0 0->0 0->0 0->0 0->0 0->0 0->0 0->0 0->0 0->3 0->0 0->0 0->24 0->0 0->0 0->0 0->0 0->0 0->0 
0->0 0->0 0->0 0->0 0->0 0->0 0->0 0->0 0->0 93->0 97->0 88->0 113->0 127->0 107->0 87->0 100->0 98->0 0->0 0->0 0->0 0->0 0->0 0->0 0->0 0->0 0->3 0->0 0->0 0->24 0->0 0->0 0->0 0->0 0->0 0->0 
0->0 0->0 0->0 0->0 0->0 0->0 0->0 0->0 0->0 108->0 115->0 117->0 132->0 130->0 78->0 171->0 181->0 165->0 0->0 0->0 0->0 0->0 0->0 0->0 0->0 0->0 0->3 0->0 0->0 0->24 0->0 0->0 0->0 0->0 0->0 0->0 
0->0 0->0 0->0 0->0 0->0 0->0 0->0 0->0 0->0 100->0 85->0 154->0 104->0 71->0 173->0 105->0 68->0 167->0 0->0 0->0 0->0 0->0 0->0 0->0 0->0 0->0 0->3 0->0 0->0 0->24 0->0 0->0 0->0 0->0 0->0 0->0 
0->0 0->0 0->0 0->0 0->0 0->0 0->0 0->0 0->0 0->0 0->0 0->0 0->0 0->0 0->0 0->0 0->0 0->0 0->0 0->0 0->0 0->0 0->0 0->0 0->0 0->0 0->3 0->0 0->0 0->24 0->0 0->0 0->0 0->0 0->0 0->0 
0->0 0->0 0->0 0->0 0->0 0->0 0->0 0->0 0->0 0->0 0->0 0->0 93->0 97->0 88->0 113->0 127->0 107->0 87->0 100->0 98->0 0->0 0->0 0->0 0->0 0->0 0->3 0->0 0->0 0->24 0->0 0->0 0->0 0->0 0->0 0->0 
0->0 0->0 0->0 0->0 0->0 0->0 0->0 0->0 0->0 0->0 0->0 0->0 108->0 115->0 117->0 132->0 130->0 78->0 171->0 181->0 165->0 0->0 0->0 0->0 0->0 0->0 0->3 0->0 0->0 0->24 0->0 0->0 0->0 0->0 0->0 0->0 
0->0 0->0 0->0 0->0 0->0 0->0 0->0 0->0 0->0 0->0 0->0 0->0 100->0 85->0 154->0 104->0 71->0 173->0 105->0 68->0 167->0 0->0 0->0 0->0 0->0 0->0 0->3 0->0 0->0 0->24 0->0 0->0 0->0 0->0 0->0 0->0 
0->0 0->0 0->0 0->0 0->0 0->0 0->0 0->0 0->0 0->0 0->0 0->0 0->0 0->0 0->0 0->0 0->0 0->0 0->0 0->0 0->0 0->0 0->0 0->0 0->0 0->0 0->3 0->0 0->0 0->24 0->0 0->0 0->0 0->0 0->0 0->0 
0->0 0->0 0->0 0->0 0->0 0->0 0->0 0->0 0->0 0->0 0->0 0->0 0->0 0->0 0->0 93->0 97->0 88->0 113->0 127->0 107->0 87->0 100->0 98->0 0->0 0->0 0->3 0->0 0->0 0->24 0->0 0->0 0->0 0->0 0->0 0->0 
0->0 0->0 0->0 0->0 0->0 0->0 0->0 0->0 0->0 0->0 0->0 0->0 0->0 0->0 0->0 108->0 115->0 117->0 132->0 130->0 78->0 171->0 181->0 165->0 0->0 0->0 0->3 0->0 0->0 0->24 0->0 0->0 0->0 0->0 0->0 0->0 
0->0 0->0 0->0 0->0 0->0 0->0 0->0 0->0 0->0 0->0 0->0 0->0 0->0 0->0 0->0 100->0 85->0 154->0 104->0 71->0 173->0 105->0 68->0 167->0 0->0 0->0 0->3 0->0 0->0 0->24 0->0 0->0 0->0 0->0 0->0 0->0 
0->0 0->0 0->0 0->0 0->0 0->0 0->0 0->0 0->0 0->0 0->0 0->0 0->0 0->0 0->0 0->0 0->0 0->0 0->0 0->0 0->0 0->0 0->0 0->0 0->0 0->0 0->3 0->0 0->0 0->24 0->0 0->0 0->0 0->0 0->0 0->0 
0->0 0->0 0->0 0->0 0->0 0->0 0->0 0->0 0->0 0->0 0->0 0->0 0->0 0->0 0->0 0->0 0->0 0->0 93->0 97->0 88->0 113->0 127->0 107->0 87->0 100->0 98->3 0->0 0->0 0->24 0->0 0->0 0->0 0->0 0->0 0->0 
0->0 0->0 0->0 0->0 0->0 0->0 0->0 0->0 0->0 0->0 0->0 0->0 0->0 0->0 0->0 0->0 0->0 0->0 108->0 115->0 117->0 132->0 130->0 78->0 171->0 181->0 165->3 0->0 0->0 0->24 0->0 0->0 0->0 0->0 0->0 0->0 
0->0 0->0 0->0 0->0 0->0 0->0 0->0 0->0 0->0 0->0 0->0 0->0 0->0 0->0 0->0 0->0 0->0 0->0 100->0 85->0 154->0 104->0 71->0 173->0 105->0 68->0 167->3 0->0 0->0 0->24 0->0 0->0 0->0 0->0 0->0 0->0 
0->0 0->0 0->0 0->0 0->0 0->0 0->0 0->0 0->0 0->0 0->0 0->0 0->0 0->0 0->0 0->0 0->0 0->0 0->0 0->0 0->0 0->0 0->0 0->0 0->0 0->0 0->3 0->0 0->0 0->24 0->0 0->0 0->0 0->0 0->0 0->0 
0->0 0->0 0->0 0->0 0->0 0->0 0->0 0->0 0->0 0->0 0->0 0->0 0->0 0->0 0->0 0->0 0->0 0->0 0->0 0->0 0->0 93->0 97->0 88->0 113->0 127->0 107->3 87->0 100->0 98->24 0->0 0->0 0->0 0->0 0->0 0->0 
0->0 0->0 0->0 0->0 0->0 0->0 0->0 0->0 0->0 0->0 0->0 0->0 0->0 0->0 0->0 0->0 0->0 0->0 0->0 0->0 0->0 108->0 115->0 117->0 132->0 130->0 78->3 171->0 181->0 165->24 0->0 0->0 0->0 0->0 0->0 0->0 
0->0 0->0 0->0 0->0 0->0 0->0 0->0 0->0 0->0 0->0 0->0 0->0 0->0 0->0 0->0 0->0 0->0 0->0 0->0 0->0 0->0 100->0 85->0 154->0 104->0 71->0 173->3 105->0 68->0 167->24 0->0 0->0 0->0 0->0 0->0 0->0 
0->0 0->0 0->0 0->0 0->0 0->0 0->0 0->0 0->0 0->0 0->0 0->0 0->0 0->0 0->0 0->0 0->0 0->0 0->0 0->0 0->0 0->0 0->0 0->0 0->0 0->0 0->3 0->0 0->0 0->24 0->0 0->0 0->0 0->0 0->0 0->0 

93->0 97->0 88->3 113->0 127->0 107->24 87->0 100->0 98->24 0->0 0->0 0->24 0->0 0->0 0->16 0->0 0->0 0->0 0->0 0->0 0->0 0->0 0->0 0->0 0->0 0->0 0->0 0->0 0->0 0->0 0->0 0->0 0->0 0->0 0->0 0->0 
108->0 115->0 117->3 132->0 130->0 78->24 171->0 181->0 165->24 0->0 0->0 0->24 0->0 0->0 0->16 0->0 0->0 0->0 0->0 0->0 0->0 0->0 0->0 0->0 0->0 0->0 0->0 0->0 0->0 0->0 0->0 0->0 0->0 0->0 0->0 0->0 
100->0 85->0 154->3 104->0 71->0 173->24 105->0 68->0 167->24 0->0 0->0 0->24 0->0 0->0 0->16 0->0 0->0 0->0 0->0 0->0 0->0 0->0 0->0 0->0 0->0 0->0 0->0 0->0 0->0 0->0 0->0 0->0 0->0 0->0 0->0 0->0 
0->0 0->0 0->3 0->0 0->0 0->24 0->0 0->0 0->24 0->0 0->0 0->24 0->0 0->0 0->16 0->0 0->0 0->0 0->0 0->0 0->0 0->0 0->0 0->0 0->0 0->0 0->0 0->0 0->0 0->0 0->0 0->0 0->0 0->0 0->0 0->0 
0->0 0->0 0->3 93->0 97->0 88->24 113->0 127->0 107->24 87->0 100->0 98->24 0->0 0->0 0->16 0->0 0->0 0->0 0->0 0->0 0->0 0->0 0->0 0->0 0->0 0->0 0->0 0->0 0->0 0->0 0->0 0->0 0->0 0->0 0->0 0->0 
0->0 0->0 0->3 108->0 115->0 117->24 132->0 130->0 78->24 171->0 181->0 165->24 0->0 0->0 0->16 0->0 0->0 0->0 0->0 0->0 0->0 0->0 0->0 0->0 0->0 0->0 0->0 0->0 0->0 0->0 0->0 0->0 0->0 0->0 0->0 0->0 
0->0 0->0 0->3 100->0 85->0 154->24 104->0 71->0 173->24 105->0 68->0 167->24 0->0 0->0 0->16 0->0 0->0 0->0 0->0 0->0 0->0 0->0 0->0 0->0 0->0 0->0 0->0 0->0 0->0 0->0 0->0 0->0 0->0 0->0 0->0 0->0 
0->0 0->0 0->3 0->0 0->0 0->24 0->0 0->0 0->24 0->0 0->0 0->24 0->0 0->0 0->16 0->0 0->0 0->0 0->0 0->0 0->0 0->0 0->0 0->0 0->0 0->0 0->0 0->0 0->0 0->0 0->0 0->0 0->0 0->0 0->0 0->0 
0->0 0->0 0->3 0->0 0->0 0->24 93->0 97->0 88->24 113->0 127->0 107->24 87->0 100->0 98->16 0->0 0->0 0->0 0->0 0->0 0->0 0->0 0->0 0->0 0->0 0->0 0->0 0->0 0->0 0->0 0->0 0->0 0->0 0->0 0->0 0->0 
0->0 0->0 0->3 0->0 0->0 0->24 108->0 115->0 117->24 132->0 130->0 78->24 171->0 181->0 165->16 0->0 0->0 0->0 0->0 0->0 0->0 0->0 0->0 0->0 0->0 0->0 0->0 0->0 0->0 0->0 0->0 0->0 0->0 0->0 0->0 0->0 
0->0 0->0 0->3 0->0 0->0 0->24 100->0 85->0 154->24 104->0 71->0 173->24 105->0 68->0 167->16 0->0 0->0 0->0 0->0 0->0 0->0 0->0 0->0 0->0 0->0 0->0 0->0 0->0 0->0 0->0 0->0 0->0 0->0 0->0 0->0 0->0 
0->0 0->0 0->3 0->0 0->0 0->24 0->0 0->0 0->24 0->0 0->0 0->24 0->0 0->0 0->16 0->0 0->0 0->0 0->0 0->0 0->0 0->0 0->0 0->0 0->0 0->0 0->0 0->0 0->0 0->0 0->0 0->0 0->0 0->0 0->0 0->0 
0->0 0->0 0->3 0->0 0->0 0->24 0->0 0->0 0->24 93->0 97->0 88->24 113->0 127->0 107->16 87->0 100->0 98->0 0->0 0->0 0->0 0->0 0->0 0->0 0->0 0->0 0->0 0->0 0->0 0->0 0->0 0->0 0->0 0->0 0->0 0->0 
0->0 0->0 0->3 0->0 0->0 0->24 0->0 0->0 0->24 108->0 115->0 117->24 132->0 130->0 78->16 171->0 181->0 165->0 0->0 0->0 0->0 0->0 0->0 0->0 0->0 0->0 0->0 0->0 0->0 0->0 0->0 0->0 0->0 0->0 0->0 0->0 
0->0 0->0 0->3 0->0 0->0 0->24 0->0 0->0 0->24 100->0 85->0 154->24 104->0 71->0 173->16 105->0 68->0 167->0 0->0 0->0 0->0 0->0 0->0 0->0 0->0 0->0 0->0 0->0 0->0 0->0 0->0 0->0 0->0 0->0 0->0 0->0 
0->0 0->0 0->3 0->0 0->0 0->24 0->0 0->0 0->24 0->0 0->0 0->24 0->0 0->0 0->16 0->0 0->0 0->0 0->0 0->0 0->0 0->0 0->0 0->0 0->0 0->0 0->0 0->0 0->0 0->0 0->0 0->0 0->0 0->0 0->0 0->0 
0->0 0->0 0->3 0->0 0->0 0->24 0->0 0->0 0->24 0->0 0->0 0->24 93->0 97->0 88->16 113->0 127->0 107->0 87->0 100->0 98->0 0->0 0->0 0->0 0->0 0->0 0->0 0->0 0->0 0->0 0->0 0->0 0->0 0->0 0->0 0->0 
0->0 0->0 0->3 0->0 0->0 0->24 0->0 0->0 0->24 0->0 0->0 0->24 108->0 115->0 117->16 132->0 130->0 78->0 171->0 181->0 165->0 0->0 0->0 0->0 0->0 0->0 0->0 0->0 0->0 0->0 0->0 0->0 0->0 0->0 0->0 0->0 
0->0 0->0 0->3 0->0 0->0 0->24 0->0 0->0 0->24 0->0 0->0 0->24 100->0 85->0 154->16 104->0 71->0 173->0 105->0 68->0 167->0 0->0 0->0 0->0 0->0 0->0 0->0 0->0 0->0 0->0 0->0 0->0 0->0 0->0 0->0 0->0 
0->0 0->0 0->3 0->0 0->0 0->24 0->0 0->0 0->24 0->0 0->0 0->24 0->0 0->0 0->16 0->0 0->0 0->0 0->0 0->0 0->0 0->0 0->0 0->0 0->0 0->0 0->0 0->0 0->0 0->0 0->0 0->0 0->0 0->0 0->0 0->0 
0->0 0->0 0->3 0->0 0->0 0->24 0->0 0->0 0->24 0->0 0->0 0->24 0->0 0->0 0->16 93->0 97->0 88->0 113->0 127->0 107->0 87->0 100->0 98->0 0->0 0->0 0->0 0->0 0->0 0->0 0->0 0->0 0->0 0->0 0->0 0->0 
0->0 0->0 0->3 0->0 0->0 0->24 0->0 0->0 0->24 0->0 0->0 0->24 0->0 0->0 0->16 108->0 115->0 117->0 132->0 130->0 78->0 171->0 181->0 165->0 0->0 0->0 0->0 0->0 0->0 0->0 0->0 0->0 0->0 0->0 0->0 0->0 
0->0 0->0 0->3 0->0 0->0 0->24 0->0 0->0 0->24 0->0 0->0 0->24 0->0 0->0 0->16 100->0 85->0 154->0 104->0 71->0 173->0 105->0 68->0 167->0 0->0 0->0 0->0 0->0 0->0 0->0 0->0 0->0 0->0 0->0 0->0 0->0 
0->0 0->0 0->3 0->0 0->0 0->24 0->0 0->0 0->24 0->0 0->0 0->24 0->0 0->0 0->16 0->0 0->0 0->0 0->0 0->0 0->0 0->0 0->0 0->0 0->0 0->0 0->0 0->0 0->0 0->0 0->0 0->0 0->0 0->0 0->0 0->0 
0->0 0->0 0->3 0->0 0->0 0->24 0->0 0->0 0->24 0->0 0->0 0->24 0->0 0->0 0->16 0->0 0->0 0->0 93->0 97->0 88->0 113->0 127->0 107->0 87->0 100->0 98->0 0->0 0->0 0->0 0->0 0->0 0->0 0->0 0->0 0->0 
0->0 0->0 0->3 0->0 0->0 0->24 0->0 0->0 0->24 0->0 0->0 0->24 0->0 0->0 0->16 0->0 0->0 0->0 108->0 115->0 117->0 132->0 130->0 78->0 171->0 181->0 165->0 0->0 0->0 0->0 0->0 0->0 0->0 0->0 0->0 0->0 
0->0 0->0 0->3 0->0 0->0 0->24 0->0 0->0 0->24 0->0 0->0 0->24 0->0 0->0 0->16 0->0 0->0 0->0 100->0 85->0 154->0 104->0 71->0 173->0 105->0 68->0 167->0 0->0 0->0 0->0 0->0 0->0 0->0 0->0 0->0 0->0 
0->0 0->0 0->3 0->0 0->0 0->24 0->0 0->0 0->24 0->0 0->0 0->24 0->0 0->0 0->16 0->0 0->0 0->0 0->0 0->0 0->0 0->0 0->0 0->0 0->0 0->0 0->0 0->0 0->0 0->0 0->0 0->0 0->0 0->0 0->0 0->0 
0->0 0->0 0->3 0->0 0->0 0->24 0->0 0->0 0->24 0->0 0->0 0->24 0->0 0->0 0->16 0->0 0->0 0->0 0->0 0->0 0->0 93->0 97->0 88->0 113->0 127->0 107->0 87->0 100->0 98->0 0->0 0->0 0->0 0->0 0->0 0->0 
0->0 0->0 0->3 0->0 0->0 0->24 0->0 0->0 0->24 0->0 0->0 0->24 0->0 0->0 0->16 0->0 0->0 0->0 0->0 0->0 0->0 108->0 115->0 117->0 132->0 130->0 78->0 171->0 181->0 165->0 0->0 0->0 0->0 0->0 0->0 0->0 
0->0 0->0 0->3 0->0 0->0 0->24 0->0 0->0 0->24 0->0 0->0 0->24 0->0 0->0 0->16 0->0 0->0 0->0 0->0 0->0 0->0 100->0 85->0 154->0 104->0 71->0 173->0 105->0 68->0 167->0 0->0 0->0 0->0 0->0 0->0 0->0 
0->0 0->0 0->3 0->0 0->0 0->24 0->0 0->0 0->24 0->0 0->0 0->24 0->0 0->0 0->16 0->0 0->0 0->0 0->0 0->0 0->0 0->0 0->0 0->0 0->0 0->0 0->0 0->0 0->0 0->0 0->0 0->0 0->0 0->0 0->0 0->0 

93->0 97->0 88->0 113->0 127->0 107->0 87->0 100->0 98->0 0->0 0->0 0->0 0->0 0->0 0->0 0->0 0->0 0->0 0->0 0->0 0->0 0->0 0->0 0->0 0->0 0->0 0->0 0->0 0->0 0->0 0->0 0->0 0->0 0->0 0->0 0->0 
108->0 115->0 117->0 132->0 130->0 78->0 171->0 181->0 165->0 0->0 0->0 0->0 0->0 0->0 0->0 0->0 0->0 0->0 0->0 0->0 0->0 0->0 0->0 0->0 0->0 0->0 0->0 0->0 0->0 0->0 0->0 0->0 0->0 0->0 0->0 0->0 
100->0 85->0 154->0 104->0 71->0 173->0 105->0 68->0 167->0 0->0 0->0 0->0 0->0 0->0 0->0 0->0 0->0 0->0 0->0 0->0 0->0 0->0 0->0 0->0 0->0 0->0 0->0 0->0 0->0 0->0 0->0 0->0 0->0 0->0 0->0 0->0 
0->0 0->0 0->0 0->0 0->0 0->0 0->0 0->0 0->0 0->0 0->0 0->0 0->0 0->0 0->0 0->0 0->0 0->0 0->0 0->0 0->0 0->0 0->0 0->0 0->0 0->0 0->0 0->0 0->0 0->0 0->0 0->0 0->0 0->0 0->0 0->0 
0->0 0->0 0->0 93->0 97->0 88->0 113->0 127->0 107->0 87->0 100->0 98->0 0->0 0->0 0->0 0->0 0->0 0->0 0->0 0->0 0->0 0->0 0->0 0->0 0->0 0->0 0->0 0->0 0->0 0->0 0->0 0->0 0->0 0->0 0->0 0->0 
0->0 0->0 0->0 108->0 115->0 117->0 132->0 130->0 78->0 171->0 181->0 165->0 0->0 0->0 0->0 0->0 0->0 0->0 0->0 0->0 0->0 0->0 0->0 0->0 0->0 0->0 0->0 0->0 0->0 0->0 0->0 0->0 0->0 0->0 0->0 0->0 
0->0 0->0 0->0 100->0 85->0 154->0 104->0 71->0 173->0 105->0 68->0 167->0 0->0 0->0 0->0 0->0 0->0 0->0 0->0 0->0 0->0 0->0 0->0 0->0 0->0 0->0 0->0 0->0 0->0 0->0 0->0 0->0 0->0 0->0 0->0 0->0 
0->0 0->0 0->0 0->0 0->0 0->0 0->0 0->0 0->0 0->0 0->0 0->0 0->0 0->0 0->0 0->0 0->0 0->0 0->0 0->0 0->0 0->0 0->0 0->0 0->0 0->0 0->0 0->0 0->0 0->0 0->0 0->0 0->0 0->0 0->0 0->0 
0->0 0->0 0->0 0->0 0->0 0->0 93->0 97->0 88->0 113->0 127->0 107->0 87->0 100->0 98->0 0->0 0->0 0->0 0->0 0->0 0->0 0->0 0->0 0->0 0->0 0->0 0->0 0->0 0->0 0->0 0->0 0->0 0->0 0->0 0->0 0->0 
0->0 0->0 0->0 0->0 0->0 0->0 108->0 115->0 117->0 132->0 130->0 78->0 171->0 181->0 165->0 0->0 0->0 0->0 0->0 0->0 0->0 0->0 0->0 0->0 0->0 0->0 0->0 0->0 0->0 0->0 0->0 0->0 0->0 0->0 0->0 0->0 
0->0 0->0 0->0 0->0 0->0 0->0 100->0 85->0 154->0 104->0 71->0 173->0 105->0 68->0 167->0 0->0 0->0 0->0 0->0 0->0 0->0 0->0 0->0 0->0 0->0 0->0 0->0 0->0 0->0 0->0 0->0 0->0 0->0 0->0 0->0 0->0 
0->0 0->0 0->0 0->0 0->0 0->0 0->0 0->0 0->0 0->0 0->0 0->0 0->0 0->0 0->0 0->0 0->0 0->0 0->0 0->0 0->0 0->0 0->0 0->0 0->0 0->0 0->0 0->0 0->0 0->0 0->0 0->0 0->0 0->0 0->0 0->0 
0->0 0->0 0->0 0->0 0->0 0->0 0->0 0->0 0->0 93->0 97->0 88->0 113->0 127->0 107->0 87->0 100->0 98->0 0->0 0->0 0->0 0->0 0->0 0->0 0->0 0->0 0->0 0->0 0->0 0->0 0->0 0->0 0->0 0->0 0->0 0->0 
0->0 0->0 0->0 0->0 0->0 0->0 0->0 0->0 0->0 108->0 115->0 117->0 132->0 130->0 78->0 171->0 181->0 165->0 0->0 0->0 0->0 0->0 0->0 0->0 0->0 0->0 0->0 0->0 0->0 0->0 0->0 0->0 0->0 0->0 0->0 0->0 
0->0 0->0 0->0 0->0 0->0 0->0 0->0 0->0 0->0 100->0 85->0 154->0 104->0 71->0 173->0 105->0 68->0 167->0 0->0 0->0 0->0 0->0 0->0 0->0 0->0 0->0 0->0 0->0 0->0 0->0 0->0 0->0 0->0 0->0 0->0 0->0 
0->0 0->0 0->0 0->0 0->0 0->0 0->0 0->0 0->0 0->0 0->0 0->0 0->0 0->0 0->0 0->0 0->0 0->0 0->0 0->0 0->0 0->0 0->0 0->0 0->0 0->0 0->0 0->0 0->0 0->0 0->0 0->0 0->0 0->0 0->0 0->0 
0->0 0->0 0->0 0->0 0->0 0->0 0->0 0->0 0->0 0->0 0->0 0->0 93->0 97->0 88->0 113->0 127->0 107->0 87->0 100->0 98->0 0->0 0->0 0->0 0->0 0->0 0->0 0->0 0->0 0->0 0->0 0->0 0->0 0->0 0->0 0->0 
0->0 0->0 0->0 0->0 0->0 0->0 0->0 0->0 0->0 0->0 0->0 0->0 108->0 115->0 117->0 132->0 130->0 78->0 171->0 181->0 165->0 0->0 0->0 0->0 0->0 0->0 0->0 0->0 0->0 0->0 0->0 0->0 0->0 0->0 0->0 0->0 
0->0 0->0 0->0 0->0 0->0 0->0 0->0 0->0 0->0 0->0 0->0 0->0 100->0 85->0 154->0 104->0 71->0 173->0 105->0 68->0 167->0 0->0 0->0 0->0 0->0 0->0 0->0 0->0 0->0 0->0 0->0 0->0 0->0 0->0 0->0 0->0 
0->0 0->0 0->0 0->0 0->0 0->0 0->0 0->0 0->0 0->0 0->0 0->0 0->0 0->0 0->0 0->0 0->0 0->0 0->0 0->0 0->0 0->0 0->0 0->0 0->0 0->0 0->0 0->0 0->0 0->0 0->0 0->0 0->0 0->0 0->0 0->0 
0->0 0->0 0->0 0->0 0->0 0->0 0->0 0->0 0->0 0->0 0->0 0->0 0->0 0->0 0->0 93->0 97->0 88->0 113->0 127->0 107->0 87->0 100->0 98->0 0->0 0->0 0->0 0->0 0->0 0->0 0->0 0->0 0->0 0->0 0->0 0->0 
0->0 0->0 0->0 0->0 0->0 0->0 0->0 0->0 0->0 0->0 0->0 0->0 0->0 0->0 0->0 108->0 115->0 117->0 132->0 130->0 78->0 171->0 181->0 165->0 0->0 0->0 0->0 0->0 0->0 0->0 0->0 0->0 0->0 0->0 0->0 0->0 
0->0 0->0 0->0 0->0 0->0 0->0 0->0 0->0 0->0 0->0 0->0 0->0 0->0 0->0 0->0 100->0 85->0 154->0 104->0 71->0 173->0 105->0 68->0 167->0 0->0 0->0 0->0 0->0 0->0 0->0 0->0 0->0 0->0 0->0 0->0 0->0 
0->0 0->0 0->0 0->0 0->0 0->0 0->0 0->0 0->0 0->0 0->0 0->0 0->0 0->0 0->0 0->0 0->0 0->0 0->0 0->0 0->0 0->0 0->0 0->0 0->0 0->0 0->0 0->0 0->0 0->0 0->0 0->0 0->0 0->0 0->0 0->0 
0->0 0->0 0->0 0->0 0->0 0->0 0->0 0->0 0->0 0->0 0->0 0->0 0->0 0->0 0->0 0->0 0->0 0->0 93->0 97->0 88->0 113->0 127->0 107->0 87->0 100->0 98->0 0->0 0->0 0->0 0->0 0->0 0->0 0->0 0->0 0->0 
0->0 0->0 0->0 0->0 0->0 0->0 0->0 0->0 0->0 0->0 0->0 0->0 0->0 0->0 0->0 0->0 0->0 0->0 108->0 115->0 117->0 132->0 130->0 78->0 171->0 181->0 165->0 0->0 0->0 0->0 0->0 0->0 0->0 0->0 0->0 0->0 
0->0 0->0 0->0 0->0 0->0 0->0 0->0 0->0 0->0 0->0 0->0 0->0 0->0 0->0 0->0 0->0 0->0 0->0 100->0 85->0 154->0 104->0 71->0 173->0 105->0 68->0 167->0 0->0 0->0 0->0 0->0 0->0 0->0 0->0 0->0 0->0 
0->0 0->0 0->0 0->0 0->0 0->0 0->0 0->0 0->0 0->0 0->0 0->0 0->0 0->0 0->0 0->0 0->0 0->0 0->0 0->0 0->0 0->0 0->0 0->0 0->0 0->0 0->0 0->0 0->0 0->0 0->0 0->0 0->0 0->0 0->0 0->0 
0->0 0->0 0->0 0->0 0->0 0->0 0->0 0->0 0->0 0->0 0->0 0->0 0->0 0->0 0->0 0->0 0->0 0->0 0->0 0->0 0->0 93->0 97->0 88->0 113->0 127->0 107->0 87->0 100->0 98->0 0->0 0->0 0->0 0->0 0->0 0->0 
0->0 0->0 0->0 0->0 0->0 0->0 0->0 0->0 0->0 0->0 0->0 0->0 0->0 0->0 0->0 0->0 0->0 0->0 0->0 0->0 0->0 108->0 115->0 117->0 132->0 130->0 78->0 171->0 181->0 165->0 0->0 0->0 0->0 0->0 0->0 0->0 
0->0 0->0 0->0 0->0 0->0 0->0 0->0 0->0 0->0 0->0 0->0 0->0 0->0 0->0 0->0 0->0 0->0 0->0 0->0 0->0 0->0 100->0 85->0 154->0 104->0 71->0 173->0 105->0 68->0 167->0 0->0 0->0 0->0 0->0 0->0 0->0 
0->0 0->0 0->0 0->0 0->0 0->0 0->0 0->0 0->0 0->0 0->0 0->0 0->0 0->0 0->0 0->0 0->0 0->0 0->0 0->0 0->0 0->0 0->0 0->0 0->0 0->0 0->0 0->0 0->0 0->0 0->0 0->0 0->0 0->0 0->0 0->0 

93->0 97->0 88->0 113->0 127->0 107->0 87->0 100->0 98->0 0->0 0->0 0->0 0->0 0->0 0->0 0->0 0->0 0->0 0->0 0->0 0->0 0->0 0->0 0->0 0->0 0->0 0->0 0->0 0->0 0->0 0->0 0->0 0->0 0->0 0->0 0->0 
108->0 115->0 117->0 132->0 130->0 78->0 171->0 181->0 165->0 0->0 0->0 0->0 0->0 0->0 0->0 0->0 0->0 0->0 0->0 0->0 0->0 0->0 0->0 0->0 0->0 0->0 0->0 0->0 0->0 0->0 0->0 0->0 0->0 0->0 0->0 0->0 
100->0 85->0 154->0 104->0 71->0 173->0 105->0 68->0 167->0 0->0 0->0 0->0 0->0 0->0 0->0 0->0 0->0 0->0 0->0 0->0 0->0 0->0 0->0 0->0 0->0 0->0 0->0 0->0 0->0 0->0 0->0 0->0 0->0 0->0 0->0 0->0 
0->0 0->0 0->0 0->0 0->0 0->0 0->0 0->0 0->0 0->0 0->0 0->0 0->0 0->0 0->0 0->0 0->0 0->0 0->0 0->0 0->0 0->0 0->0 0->0 0->0 0->0 0->0 0->0 0->0 0->0 0->0 0->0 0->0 0->0 0->0 0->0 
0->0 0->0 0->0 93->0 97->0 88->0 113->0 127->0 107->0 87->0 100->0 98->0 0->0 0->0 0->0 0->0 0->0 0->0 0->0 0->0 0->0 0->0 0->0 0->0 0->0 0->0 0->0 0->0 0->0 0->0 0->0 0->0 0->0 0->0 0->0 0->0 
0->0 0->0 0->0 108->0 115->0 117->0 132->0 130->0 78->0 171->0 181->0 165->0 0->0 0->0 0->0 0->0 0->0 0->0 0->0 0->0 0->0 0->0 0->0 0->0 0->0 0->0 0->0 0->0 0->0 0->0 0->0 0->0 0->0 0->0 0->0 0->0 
0->0 0->0 0->0 100->0 85->0 154->0 104->0 71->0 173->0 105->0 68->0 167->0 0->0 0->0 0->0 0->0 0->0 0->0 0->0 0->0 0->0 0->0 0->0 0->0 0->0 0->0 0->0 0->0 0->0 0->0 0->0 0->0 0->0 0->0 0->0 0->0 
0->0 0->0 0->0 0->0 0->0 0->0 0->0 0->0 0->0 0->0 0->0 0->0 0->0 0->0 0->0 0->0 0->0 0->0 0->0 0->0 0->0 0->0 0->0 0->0 0->0 0->0 0->0 0->0 0->0 0->0 0->0 0->0 0->0 0->0 0->0 0->0 
0->0 0->0 0->0 0->0 0->0 0->0 93->0 97->0 88->0 113->0 127->0 107->0 87->0 100->0 98->0 0->0 0->0 0->0 0->0 0->0 0->0 0->0 0->0 0->0 0->0 0->0 0->0 0->0 0->0 0->0 0->0 0->0 0->0 0->0 0->0 0->0 
0->0 0->0 0->0 0->0 0->0 0->0 108->0 115->0 117->0 132->0 130->0 78->0 171->0 181->0 165->0 0->0 0->0 0->0 0->0 0->0 0->0 0->0 0->0 0->0 0->0 0->0 0->0 0->0 0->0 0->0 0->0 0->0 0->0 0->0 0->0 0->0 
0->0 0->0 0->0 0->0 0->0 0->0 100->0 85->0 154->0 104->0 71->0 173->0 105->0 68->0 167->0 0->0 0->0 0->0 0->0 0->0 0->0 0->0 0->0 0->0 0->0 0->0 0->0 0->0 0->0 0->0 0->0 0->0 0->0 0->0 0->0 0->0 
0->0 0->0 0->0 0->0 0->0 0->0 0->0 0->0 0->0 0->0 0->0 0->0 0->0 0->0 0->0 0->0 0->0 0->0 0->0 0->0 0->0 0->0 0->0 0->0 0->0 0->0 0->0 0->0 0->0 0->0 0->0 0->0 0->0 0->0 0->0 0->0 
0->0 0->0 0->0 0->0 0->0 0->0 0->0 0->0 0->0 93->0 97->0 88->0 113->0 127->0 107->0 87->0 100->0 98->0 0->0 0->0 0->0 0->0 0->0 0->0 0->0 0->0 0->0 0->0 0->0 0->0 0->0 0->0 0->0 0->0 0->0 0->0 
0->0 0->0 0->0 0->0 0->0 0->0 0->0 0->0 0->0 108->0 115->0 117->0 132->0 130->0 78->0 171->0 181->0 165->0 0->0 0->0 0->0 0->0 0->0 0->0 0->0 0->0 0->0 0->0 0->0 0->0 0->0 0->0 0->0 0->0 0->0 0->0 
0->0 0->0 0->0 0->0 0->0 0->0 0->0 0->0 0->0 100->0 85->0 154->0 104->0 71->0 173->0 105->0 68->0 167->0 0->0 0->0 0->0 0->0 0->0 0->0 0->0 0->0 0->0 0->0 0->0 0->0 0->0 0->0 0->0 0->0 0->0 0->0 
0->0 0->0 0->0 0->0 0->0 0->0 0->0 0->0 0->0 0->0 0->0 0->0 0->0 0->0 0->0 0->0 0->0 0->0 0->0 0->0 0->0 0->0 0->0 0->0 0->0 0->0 0->0 0->0 0->0 0->0 0->0 0->0 0->0 0->0 0->0 0->0 
0->0 0->0 0->0 0->0 0->0 0->0 0->0 0->0 0->0 0->0 0->0 0->0 93->0 97->0 88->0 113->0 127->0 107->0 87->0 100->0 98->0 0->0 0->0 0->0 0->0 0->0 0->0 0->0 0->0 0->0 0->0 0->0 0->0 0->0 0->0 0->0 
0->0 0->0 0->0 0->0 0->0 0->0 0->0 0->0 0->0 0->0 0->0 0->0 108->0 115->0 117->0 132->0 130->0 78->0 171->0 181->0 165->0 0->0 0->0 0->0 0->0 0->0 0->0 0->0 0->0 0->0 0->0 0->0 0->0 0->0 0->0 0->0 
0->0 0->0 0->0 0->0 0->0 0->0 0->0 0->0 0->0 0->0 0->0 0->0 100->0 85->0 154->0 104->0 71->0 173->0 105->0 68->0 167->0 0->0 0->0 0->0 0->0 0->0 0->0 0->0 0->0 0->0 0->0 0->0 0->0 0->0 0->0 0->0 
0->0 0->0 0->0 0->0 0->0 0->0 0->0 0->0 0->0 0->0 0->0 0->0 0->0 0->0 0->0 0->0 0->0 0->0 0->0 0->0 0->0 0->0 0->0 0->0 0->0 0->0 0->0 0->0 0->0 0->0 0->0 0->0 0->0 0->0 0->0 0->0 
0->0 0->0 0->0 0->0 0->0 0->0 0->0 0->0 0->0 0->0 0->0 0->0 0->0 0->0 0->0 93->0 97->0 88->0 113->0 127->0 107->0 87->0 100->0 98->0 0->0 0->0 0->0 0->0 0->0 0->0 0->0 0->0 0->0 0->0 0->0 0->0 
0->0 0->0 0->0 0->0 0->0 0->0 0->0 0->0 0->0 0->0 0->0 0->0 0->0 0->0 0->0 108->0 115->0 117->0 132->0 130->0 78->0 171->0 181->0 165->0 0->0 0->0 0->0 0->0 0->0 0->0 0->0 0->0 0->0 0->0 0->0 0->0 
0->0 0->0 0->0 0->0 0->0 0->0 0->0 0->0 0->0 0->0 0->0 0->0 0->0 0->0 0->0 100->0 85->0 154->0 104->0 71->0 173->0 105->0 68->0 167->0 0->0 0->0 0->0 0->0 0->0 0->0 0->0 0->0 0->0 0->0 0->0 0->0 
0->0 0->0 0->0 0->0 0->0 0->0 0->0 0->0 0->0 0->0 0->0 0->0 0->0 0->0 0->0 0->0 0->0 0->0 0->0 0->0 0->0 0->0 0->0 0->0 0->0 0->0 0->0 0->0 0->0 0->0 0->0 0->0 0->0 0->0 0->0 0->0 
0->0 0->0 0->0 0->0 0->0 0->0 0->0 0->0 0->0 0->0 0->0 0->0 0->0 0->0 0->0 0->0 0->0 0->0 93->0 97->0 88->0 113->0 127->0 107->0 87->0 100->0 98->0 0->0 0->0 0->0 0->0 0->0 0->0 0->0 0->0 0->0 
0->0 0->0 0->0 0->0 0->0 0->0 0->0 0->0 0->0 0->0 0->0 0->0 0->0 0->0 0->0 0->0 0->0 0->0 108->0 115->0 117->0 132->0 130->0 78->0 171->0 181->0 165->0 0->0 0->0 0->0 0->0 0->0 0->0 0->0 0->0 0->0 
0->0 0->0 0->0 0->0 0->0 0->0 0->0 0->0 0->0 0->0 0->0 0->0 0->0 0->0 0->0 0->0 0->0 0->0 100->0 85->0 154->0 104->0 71->0 173->0 105->0 68->0 167->0 0->0 0->0 0->0 0->0 0->0 0->0 0->0 0->0 0->0 
0->0 0->0 0->0 0->0 0->0 0->0 0->0 0->0 0->0 0->0 0->0 0->0 0->0 0->0 0->0 0->0 0->0 0->0 0->0 0->0 0->0 0->0 0->0 0->0 0->0 0->0 0->0 0->0 0->0 0->0 0->0 0->0 0->0 0->0 0->0 0->0 
0->0 0->0 0->0 0->0 0->0 0->0 0->0 0->0 0->0 0->0 0->0 0->0 0->0 0->0 0->0 0->0 0->0 0->0 0->0 0->0 0->0 93->0 97->0 88->0 113->0 127->0 107->0 87->0 100->0 98->0 0->0 0->0 0->0 0->0 0->0 0->0 
0->0 0->0 0->0 0->0 0->0 0->0 0->0 0->0 0->0 0->0 0->0 0->0 0->0 0->0 0->0 0->0 0->0 0->0 0->0 0->0 0->0 108->0 115->0 117->0 132->0 130->0 78->0 171->0 181->0 165->0 0->0 0->0 0->0 0->0 0->0 0->0 
0->0 0->0 0->0 0->0 0->0 0->0 0->0 0->0 0->0 0->0 0->0 0->0 0->0 0->0 0->0 0->0 0->0 0->0 0->0 0->0 0->0 100->0 85->0 154->0 104->0 71->0 173->0 105->0 68->0 167->0 0->0 0->0 0->0 0->0 0->0 0->0 
0->0 0->0 0->0 0->0 0->0 0->0 0->0 0->0 0->0 0->0 0->0 0->0 0->0 0->0 0->0 0->0 0->0 0->0 0->0 0->0 0->0 0->0 0->0 0->0 0->0 0->0 0->0 0->0 0->0 0->0 0->0 0->0 0->0 0->0 0->0 0->0 

93->0 97->0 88->0 113->0 127->0 107->0 87->0 100->0 98->0 0->0 0->0 0->0 0->0 0->0 0->8 0->0 0->0 0->32 0->0 0->0 0->54 0->0 0->0 0->54 0->0 0->3 0->55 0->0 0->24 0->63 0->0 0->0 0->0 0->0 0->0 0->0 
108->0 115->0 117->0 132->0 130->0 78->0 171->0 181->0 165->0 0->0 0->0 0->0 0->0 0->0 0->8 0->0 0->0 0->32 0->0 0->0 0->54 0->0 0->0 0->54 0->0 0->3 0->55 0->0 0->24 0->63 0->0 0->0 0->0 0->0 0->0 0->0 
100->0 85->0 154->0 104->0 71->0 173->0 105->0 68->0 167->0 0->0 0->0 0->0 0->0 0->0 0->8 0->0 0->0 0->32 0->0 0->0 0->54 0->0 0->0 0->54 0->0 0->3 0->55 0->0 0->24 0->63 0->0 0->0 0->0 0->0 0->0 0->0 
0->0 0->0 0->0 0->0 0->0 0->0 0->0 0->0 0->0 0->0 0->0 0->0 0->0 0->0 0->8 0->0 0->0 0->32 0->0 0->0 0->54 0->0 0->0 0->54 0->0 0->3 0->55 0->0 0->24 0->63 0->0 0->0 0->0 0->0 0->0 0->0 
0->0 0->0 0->0 93->0 97->0 88->0 113->0 127->0 107->0 87->0 100->0 98->0 0->0 0->0 0->8 0->0 0->0 0->32 0->0 0->0 0->54 0->0 0->0 0->54 0->0 0->3 0->55 0->0 0->24 0->63 0->0 0->0 0->0 0->0 0->0 0->0 
0->0 0->0 0->0 108->0 115->0 117->0 132->0 130->0 78->0 171->0 181->0 165->0 0->0 0->0 0->8 0->0 0->0 0->32 0->0 0->0 0->54 0->0 0->0 0->54 0->0 0->3 0->55 0->0 0->24 0->63 0->0 0->0 0->0 0->0 0->0 0->0 
0->0 0->0 0->0 100->0 85->0 154->0 104->0 71->0 173->0 105->0 68->0 167->0 0->0 0->0 0->8 0->0 0->0 0->32 0->0 0->0 0->54 0->0 0->0 0->54 0->0 0->3 0->55 0->0 0->24 0->63 0->0 0->0 0->0 0->0 0->0 0->0 
0->0 0->0 0->0 0->0 0->0 0->0 0->0 0->0 0->0 0->0 0->0 0->0 0->0 0->0 0->8 0->0 0->0 0->32 0->0 0->0 0->54 0->0 0->0 0->54 0->0 0->3 0->55 0->0 0->24 0->63 0->0 0->0 0->0 0->0 0->0 0->0 
0->0 0->0 0->0 0->0 0->0 0->0 93->0 97->0 88->0 113->0 127->0 107->0 87->0 100->0 98->8 0->0 0->0 0->32 0->0 0->0 0->54 0->0 0->0 0->54 0->0 0->3 0->55 0->0 0->24 0->63 0->0 0->0 0->0 0->0 0->0 0->0 
0->0 0->0 0->0 0->0 0->0 0->0 108->0 115->0 117->0 132->0 130->0 78->0 171->0 181->0 165->8 0->0 0->0 0->32 0->0 0->0 0->54 0->0 0->0 0->54 0->0 0->3 0->55 0->0 0->24 0->63 0->0 0->0 0->0 0->0 0->0 0->0 
0->0 0->0 0->0 0->0 0->0 0->0 100->0 85->0 154->0 104->0 71->0 173->0 105->0 68->0 167->8 0->0 0->0 0->32 0->0 0->0 0->54 0->0 0->0 0->54 0->0 0->3 0->55 0->0 0->24 0->63 0->0 0->0 0->0 0->0 0->0 0->0 
0->0 0->0 0->0 0->0 0->0 0->0 0->0 0->0 0->0 0->0 0->0 0->0 0->0 0->0 0->8 0->0 0->0 0->32 0->0 0->0 0->54 0->0 0->0 0->54 0->0 0->3 0->55 0->0 0->24 0->63 0->0 0->0 0->0 0->0 0->0 0->0 
0->0 0->0 0->0 0->0 0->0 0->0 0->0 0->0 0->0 93->0 97->0 88->0 113->0 127->0 107->8 87->0 100->0 98->32 0->0 0->0 0->54 0->0 0->0 0->54 0->0 0->3 0->55 0->0 0->24 0->63 0->0 0->0 0->0 0->0 0->0 0->0 
0->0 0->0 0->0 0->0 0->0 0->0 0->0 0->0 0->0 108->0 115->0 117->0 132->0 130->0 78->8 171->0 181->0 165->32 0->0 0->0 0->54 0->0 0->0 0->54 0->0 0->3 0->55 0->0 0->24 0->63 0->0 0->0 0->0 0->0 0->0 0->0 
0->0 0->0 0->0 0->0 0->0 0->0 0->0 0->0 0->0 100->0 85->0 154->0 104->0 71->0 173->8 105->0 68->0 167->32 0->0 0->0 0->54 0->0 0->0 0->54 0->0 0->3 0->55 0->0 0->24 0->63 0->0 0->0 0->0 0->0 0->0 0->0 
0->0 0->0 0->0 0->0 0->0 0->0 0->0 0->0 0->0 0->0 0->0 0->0 0->0 0->0 0->8 0->0 0->0 0->32 0->0 0->0 0->54 0->0 0->0 0->54 0->0 0->3 0->55 0->0 0->24 0->63 0->0 0->0 0->0 0->0 0->0 0->0 
0->0 0->0 0->0 0->0 0->0 0->0 0->0 0->0 0->0 0->0 0->0 0->0 93->0 97->0 88->8 113->0 127->0 107->32 87->0 100->0 98->54 0->0 0->0 0->54 0->0 0->3 0->55 0->0 0->24 0->63 0->0 0->0 0->0 0->0 0->0 0->0 
0->0 0->0 0->0 0->0 0->0 0->0 0->0 0->0 0->0 0->0 0->0 0->0 108->0 115->0 117->8 132->0 130->0 78->32 171->0 181->0 165->54 0->0 0->0 0->54 0->0 0->3 0->55 0->0 0->24 0->63 0->0 0->0 0->0 0->0 0->0 0->0 
0->0 0->0 0->0 0->0 0->0 0->0 0->0 0->0 0->0 0->0 0->0 0->0 100->0 85->0 154->8 104->0 71->0 173->32 105->0 68->0 167->54 0->0 0->0 0->54 0->0 0->3 0->55 0->0 0->24 0->63 0->0 0->0 0->0 0->0 0->0 0->0 
0->0 0->0 0->0 0->0 0->0 0->0 0->0 0->0 0->0 0->0 0->0 0->0 0->0 0->0 0->8 0->0 0->0 0->32 0->0 0->0 0->54 0->0 0->0 0->54 0->0 0->3 0->55 0->0 0->24 0->63 0->0 0->0 0->0 0->0 0->0 0->0 
0->0 0->0 0->0 0->0 0->0 0->0 0->0 0->0 0->0 0->0 0->0 0->0 0->0 0->0 0->8 93->0 97->0 88->32 113->0 127->0 107->54 87->0 100->0 98->54 0->0 0->3 0->55 0->0 0->24 0->63 0->0 0->0 0->0 0->0 0->0 0->0 
0->0 0->0 0->0 0->0 0->0 0->0 0->0 0->0 0->0 0->0 0->0 0->0 0->0 0->0 0->8 108->0 115->0 117->32 132->0 130->0 78->54 171->0 181->0 165->54 0->0 0->3 0->55 0->0 0->24 0->63 0->0 0->0 0->0 0->0 0->0 0->0 
0->0 0->0 0->0 0->0 0->0 0->0 0->0 0->0 0->0 0->0 0->0 0->0 0->0 0->0 0->8 100->0 85->0 154->32 104->0 71->0 173->54 105->0 68->0 167->54 0->0 0->3 0->55 0->0 0->24 0->63 0->0 0->0 0->0 0->0 0->0 0->0 
0->0 0->0 0->0 0->0 0->0 0->0 0->0 0->0 0->0 0->0 0->0 0->0 0->0 0->0 0->8 0->0 0->0 0->32 0->0 0->0 0->54 0->0 0->0 0->54 0->0 0->3 0->55 0->0 0->24 0->63 0->0 0->0 0->0 0->0 0->0 0->0 
0->0 0->0 0->0 0->0 0->0 0->0 0->0 0->0 0->0 0->0 0->0 0->0 0->0 0->0 0->8 0->0 0->0 0->32 93->0 97->0 88->54 113->0 127->0 107->54 87->0 100->3 98->55 0->0 0->24 0->63 0->0 0->0 0->0 0->0 0->0 0->0 
0->0 0->0 0->0 0->0 0->0 0->0 0->0 0->0 0->0 0->0 0->0 0->0 0->0 0->0 0->8 0->0 0->0 0->32 108->0 115->0 117->54 132->0 130->0 78->54 171->0 181->3 165->55 0->0 0->24 0->63 0->0 0->0 0->0 0->0 0->0 0->0 
0->0 0->0 0->0 0->0 0->0 0->0 0->0 0->0 0->0 0->0 0->0 0->0 0->0 0->0 0->8 0->0 0->0 0->32 100->0 85->0 154->54 104->0 71->0 173->54 105->0 68->3 167->55 0->0 0->24 0->63 0->0 0->0 0->0 0->0 0->0 0->0 
0->0 0->0 0->0 0->0 0->0 0->0 0->0 0->0 0->0 0->0 0->0 0->0 0->0 0->0 0->8 0->0 0->0 0->32 0->0 0->0 0->54 0->0 0->0 0->54 0->0 0->3 0->55 0->0 0->24 0->63 0->0 0->0 0->0 0->0 0->0 0->0 
0->0 0->0 0->0 0->0 0->0 0->0 0->0 0->0 0->0 0->0 0->0 0->0 0->0 0->0 0->8 0->0 0->0 0->32 0->0 0->0 0->54 93->0 97->0 88->54 113->0 127->3 107->55 87->0 100->24 98->63 0->0 0->0 0->0 0->0 0->0 0->0 
0->0 0->0 0->0 0->0 0->0 0->0 0->0 0->0 0->0 0->0 0->0 0->0 0->0 0->0 0->8 0->0 0->0 0->32 0->0 0->0 0->54 108->0 115->0 117->54 132->0 130->3 78->55 171->0 181->24 165->63 0->0 0->0 0->0 0->0 0->0 0->0 
0->0 0->0 0->0 0->0 0->0 0->0 0->0 0->0 0->0 0->0 0->0 0->0 0->0 0->0 0->8 0->0 0->0 0->32 0->0 0->0 0->54 100->0 85->0 154->54 104->0 71->3 173->55 105->0 68->24 167->63 0->0 0->0 0->0 0->0 0->0 0->0 
0->0 0->0 0->0 0->0 0->0 0->0 0->0 0->0 0->0 0->0 0->0 0->0 0->0 0->0 0->8 0->0 0->0 0->32 0->0 0->0 0->54 0->0 0->0 0->54 0->0 0->3 0->55 0->0 0->24 0->63 0->0 0->0 0->0 0->0 0->0 0->0 

93->0 97->3 88->55 113->0 127->24 107->63 87->0 100->24 98->63 0->0 0->24 0->63 0->0 0->16 0->60 0->0 0->0 0->54 0->0 0->0 0->54 0->0 0->0 0->20 0->0 0->0 0->0 0->0 0->0 0->0 0->0 0->0 0->0 0->0 0->0 0->0 
108->0 115->3 117->55 132->0 130->24 78->63 171->0 181->24 165->63 0->0 0->24 0->63 0->0 0->16 0->60 0->0 0->0 0->54 0->0 0->0 0->54 0->0 0->0 0->20 0->0 0->0 0->0 0->0 0->0 0->0 0->0 0->0 0->0 0->0 0->0 0->0 
100->0 85->3 154->55 104->0 71->24 173->63 105->0 68->24 167->63 0->0 0->24 0->63 0->0 0->16 0->60 0->0 0->0 0->54 0->0 0->0 0->54 0->0 0->0 0->20 0->0 0->0 0->0 0->0 0->0 0->0 0->0 0->0 0->0 0->0 0->0 0->0 
0->0 0->3 0->55 0->0 0->24 0->63 0->0 0->24 0->63 0->0 0->24 0->63 0->0 0->16 0->60 0->0 0->0 0->54 0->0 0->0 0->54 0->0 0->0 0->20 0->0 0->0 0->0 0->0 0->0 0->0 0->0 0->0 0->0 0->0 0->0 0->0 
0->0 0->3 0->55 93->0 97->24 88->63 113->0 127->24 107->63 87->0 100->24 98->63 0->0 0->16 0->60 0->0 0->0 0->54 0->0 0->0 0->54 0->0 0->0 0->20 0->0 0->0 0->0 0->0 0->0 0->0 0->0 0->0 0->0 0->0 0->0 0->0 
0->0 0->3 0->55 108->0 115->24 117->63 132->0 130->24 78->63 171->0 181->24 165->63 0->0 0->16 0->60 0->0 0->0 0->54 0->0 0->0 0->54 0->0 0->0 0->20 0->0 0->0 0->0 0->0 0->0 0->0 0->0 0->0 0->0 0->0 0->0 0->0 
0->0 0->3 0->55 100->0 85->24 154->63 104->0 71->24 173->63 105->0 68->24 167->63 0->0 0->16 0->60 0->0 0->0 0->54 0->0 0->0 0->54 0->0 0->0 0->20 0->0 0->0 0->0 0->0 0->0 0->0 0->0 0->0 0->0 0->0 0->0 0->0 
0->0 0->3 0->55 0->0 0->24 0->63 0->0 0->24 0->63 0->0 0->24 0->63 0->0 0->16 0->60 0->0 0->0 0->54 0->0 0->0 0->54 0->0 0->0 0->20 0->0 0->0 0->0 0->0 0->0 0->0 0->0 0->0 0->0 0->0 0->0 0->0 
0->0 0->3 0->55 0->0 0->24 0->63 93->0 97->24 88->63 113->0 127->24 107->63 87->0 100->16 98->60 0->0 0->0 0->54 0->0 0->0 0->54 0->0 0->0 0->20 0->0 0->0 0->0 0->0 0->0 0->0 0->0 0->0 0->0 0->0 0->0 0->0 
0->0 0->3 0->55 0->0 0->24 0->63 108->0 115->24 117->63 132->0 130->24 78->63 171->0 181->16 165->60 0->0 0->0 0->54 0->0 0->0 0->54 0->0 0->0 0->20 0->0 0->0 0->0 0->0 0->0 0->0 0->0 0->0 0->0 0->0 0->0 0->0 
0->0 0->3 0->55 0->0 0->24 0->63 100->0 85->24 154->63 104->0 71->24 173->63 105->0 68->16 167->60 0->0 0->0 0->54 0->0 0->0 0->54 0->0 0->0 0->20 0->0 0->0 0->0 0->0 0->0 0->0 0->0 0->0 0->0 0->0 0->0 0->0 
0->0 0->3 0->55 0->0 0->24 0->63 0->0 0->24 0->63 0->0 0->24 0->63 0->0 0->16 0->60 0->0 0->0 0->54 0->0 0->0 0->54 0->0 0->0 0->20 0->0 0->0 0->0 0->0 0->0 0->0 0->0 0->0 0->0 0->0 0->0 0->0 
0->0 0->3 0->55 0->0 0->24 0->63 0->0 0->24 0->63 93->0 97->24 88->63 113->0 127->16 107->60 87->0 100->0 98->54 0->0 0->0 0->54 0->0 0->0 0->20 0->0 0->0 0->0 0->0 0->0 0->0 0->0 0->0 0->0 0->0 0->0 0->0 
0->0 0->3 0->55 0->0 0->24 0->63 0->0 0->24 0->63 108->0 115->24 117->63 132->0 130->16 78->60 171->0 181->0 165->54 0->0 0->0 0->54 0->0 0->0 0->20 0->0 0->0 0->0 0->0 0->0 0->0 0->0 0->0 0->0 0->0 0->0 0->0 
0->0 0->3 0->55 0->0 0->24 0->63 0->0 0->24 0->63 100->0 85->24 154->63 104->0 71->16 173->60 105->0 68->0 167->54 0->0 0->0 0->54 0->0 0->0 0->20 0->0 0->0 0->0 0->0 0->0 0->0 0->0 0->0 0->0 0->0 0->0 0->0 
0->0 0->3 0->55 0->0 0->24 0->63 0->0 0->24 0->63 0->0 0->24 0->63 0->0 0->16 0->60 0->0 0->0 0->54 0->0 0->0 0->54 0->0 0->0 0->20 0->0 0->0 0->0 0->0 0->0 0->0 0->0 0->0 0->0 0->0 0->0 0->0 
0->0 0->3 0->55 0->0 0->24 0->63 0->0 0->24 0->63 0->0 0->24 0->63 93->0 97->16 88->60 113->0 127->0 107->54 87->0 100->0 98->54 0->0 0->0 0->20 0->0 0->0 0->0 0->0 0->0 0->0 0->0 0->0 0->0 0->0 0->0 0->0 
0->0 0->3 0->55 0->0 0->24 0->63 0->0 0->24 0->63 0->0 0->24 0->63 108->0 115->16 117->60 132->0 130->0 78->54 171->0 181->0 165->54 0->0 0->0 0->20 0->0 0->0 0->0 0->0 0->0 0->0 0->0 0->0 0->0 0->0 0->0 0->0 
0->0 0->3 0->55 0->0 0->24 0->63 0->0 0->24 0->63 0->0 0->24 0->63 100->0 85->16 154->60 104->0 71->0 173->54 105->0 68->0 167->54 0->0 0->0 0->20 0->0 0->0 0->0 0->0 0->0 0->0 0->0 0->0 0->0 0->0 0->0 0->0 
0->0 0->3 0->55 0->0 0->24 0->63 0->0 0->24 0->63 0->0 0->24 0->63 0->0 0->16 0->60 0->0 0->0 0->54 0->0 0->0 0->54 0->0 0->0 0->20 0->0 0->0 0->0 0->0 0->0 0->0 0->0 0->0 0->0 0->0 0->0 0->0 
0->0 0->3 0->55 0->0 0->24 0->63 0->0 0->24 0->63 0->0 0->24 0->63 0->0 0->16 0->60 93->0 97->0 88->54 113->0 127->0 107->54 87->0 100->0 98->20 0->0 0->0 0->0 0->0 0->0 0->0 0->0 0->0 0->0 0->0 0->0 0->0 
0->0 0->3 0->55 0->0 0->24 0->63 0->0 0->24 0->63 0->0 0->24 0->63 0->0 0->16 0->60 108->0 115->0 117->54 132->0 130->0 78->54 171->0 181->0 165->20 0->0 0->0 0->0 0->0 0->0 0->0 0->0 0->0 0->0 0->0 0->0 0->0 
0->0 0->3 0->55 0->0 0->24 0->63 0->0 0->24 0->63 0->0 0->24 0->63 0->0 0->16 0->60 100->0 85->0 154->54 104->0 71->0 173->54 105->0 68->0 167->20 0->0 0->0 0->0 0->0 0->0 0->0 0->0 0->0 0->0 0->0 0->0 0->0 
0->0 0->3 0->55 0->0 0->24 0->63 0->0 0->24 0->63 0->0 0->24 0->63 0->0 0->16 0->60 0->0 0->0 0->54 0->0 0->0 0->54 0->0 0->0 0->20 0->0 0->0 0->0 0->0 0->0 0->0 0->0 0->0 0->0 0->0 0->0 0->0 
0->0 0->3 0->55 0->0 0->24 0->63 0->0 0->24 0->63 0->0 0->24 0->63 0->0 0->16 0->60 0->0 0->0 0->54 93->0 97->0 88->54 113->0 127->0 107->20 87->0 100->0 98->0 0->0 0->0 0->0 0->0 0->0 0->0 0->0 0->0 0->0 
0->0 0->3 0->55 0->0 0->24 0->63 0->0 0->24 0->63 0->0 0->24 0->63 0->0 0->16 0->60 0->0 0->0 0->54 108->0 115->0 117->54 132->0 130->0 78->20 171->0 181->0 165->0 0->0 0->0 0->0 0->0 0->0 0->0 0->0 0->0 0->0 
0->0 0->3 0->55 0->0 0->24 0->63 0->0 0->24 0->63 0->0 0->24 0->63 0->0 0->16 0->60 0->0 0->0 0->54 100->0 85->0 154->54 104->0 71->0 173->20 105->0 68->0 167->0 0->0 0->0 0->0 0->0 0->0 0->0 0->0 0->0 0->0 
0->0 0->3 0->55 0->0 0->24 0->63 0->0 0->24 0->63 0->0 0->24 0->63 0->0 0->16 0->60 0->0 0->0 0->54 0->0 0->0 0->54 0->0 0->0 0->20 0->0 0->0 0->0 0->0 0->0 0->0 0->0 0->0 0->0 0->0 0->0 0->0 
0->0 0->3 0->55 0->0 0->24 0->63 0->0 0->24 0->63 0->0 0->24 0->63 0->0 0->16 0->60 0->0 0->0 0->54 0->0 0->0 0->54 93->0 97->0 88->20 113->0 127->0 107->0 87->0 100->0 98->0 0->0 0->0 0->0 0->0 0->0 0->0 
0->0 0->3 0->55 0->0 0->24 0->63 0->0 0->24 0->63 0->0 0->24 0->63 0->0 0->16 0->60 0->0 0->0 0->54 0->0 0->0 0->54 108->0 115->0 117->20 132->0 130->0 78->0 171->0 181->0 165->0 0->0 0->0 0->0 0->0 0->0 0->0 
0->0 0->3 0->55 0->0 0->24 0->63 0->0 0->24 0->63 0->0 0->24 0->63 0->0 0->16 0->60 0->0 0->0 0->54 0->0 0->0 0->54 100->0 85->0 154->20 104->0 71->0 173->0 105->0 68->0 167->0 0->0 0->0 0->0 0->0 0->0 0->0 
0->0 0->3 0->55 0->0 0->24 0->63 0->0 0->24 0->63 0->0 0->24 0->63 0->0 0->16 0->60 0->0 0->0 0->54 0->0 0->0 0->54 0->0 0->0 0->20 0->0 0->0 0->0 0->0 0->0 0->0 0->0 0->0 0->0 0->0 0->0 0->0 

93->0 97->0 88->0 113->0 127->0 107->0 87->0 100->0 98->0 0->0 0->0 0->0 0->0 0->0 0->0 0->0 0->0 0->0 0->0 0->0 0->0 0->0 0->0 0->0 0->0 0->0 0->0 0->0 0->0 0->0 0->0 0->0 0->0 0->0 0->0 0->0 
108->0 115->0 117->0 132->0 130->0 78->0 171->0 181->0 165->0 0->0 0->0 0->0 0->0 0->0 0->0 0->0 0->0 0->0 0->0 0->0 0->0 0->0 0->0 0->0 0->0 0->0 0->0 0->0 0->0 0->0 0->0 0->0 0->0 0->0 0->0 0->0 
100->0 85->0 154->0 104->0 71->0 173->0 105->0 68->0 167->0 0->0 0->0 0->0 0->0 0->0 0->0 0->0 0->0 0->0 0->0 0->0 0->0 0->0 0->0 0->0 0->0 0->0 0->0 0->0 0->0 0->0 0->0 0->0 0->0 0->0 0->0 0->0 
0->0 0->0 0->0 0->0 0->0 0->0 0->0 0->0 0->0 0->0 0->0 0->0 0->0 0->0 0->0 0->0 0->0 0->0 0->0 0->0 0->0 0->0 0->0 0->0 0->0 0->0 0->0 0->0 0->0 0->0 0->0 0->0 0->0 0->0 0->0 0->0 
0->0 0->0 0->0 93->0 97->0 88->0 113->0 127->0 107->0 87->0 100->0 98->0 0->0 0->0 0->0 0->0 0->0 0->0 0->0 0->0 0->0 0->0 0->0 0->0 0->0 0->0 0->0 0->0 0->0 0->0 0->0 0->0 0->0 0->0 0->0 0->0 
0->0 0->0 0->0 108->0 115->0 117->0 132->0 130->0 78->0 171->0 181->0 165->0 0->0 0->0 0->0 0->0 0->0 0->0 0->0 0->0 0->0 0->0 0->0 0->0 0->0 0->0 0->0 0->0 0->0 0->0 0->0 0->0 0->0 0->0 0->0 0->0 
0->0 0->0 0->0 100->0 85->0 154->0 104->0 71->0 173->0 105->0 68->0 167->0 0->0 0->0 0->0 0->0 0->0 0->0 0->0 0->0 0->0 0->0 0->0 0->0 0->0 0->0 0->0 0->0 0->0 0->0 0->0 0->0 0->0 0->0 0->0 0->0 
0->0 0->0 0->0 0->0 0->0 0->0 0->0 0->0 0->0 0->0 0->0 0->0 0->0 0->0 0->0 0->0 0->0 0->0 0->0 0->0 0->0 0->0 0->0 0->0 0->0 0->0 0->0 0->0 0->0 0->0 0->0 0->0 0->0 0->0 0->0 0->0 
0->0 0->0 0->0 0->0 0->0 0->0 93->0 97->0 88->0 113->0 127->0 107->0 87->0 100->0 98->0 0->0 0->0 0->0 0->0 0->0 0->0 0->0 0->0 0->0 0->0 0->0 0->0 0->0 0->0 0->0 0->0 0->0 0->0 0->0 0->0 0->0 
0->0 0->0 0->0 0->0 0->0 0->0 108->0 115->0 117->0 132->0 130->0 78->0 171->0 181->0 165->0 0->0 0->0 0->0 0->0 0->0 0->0 0->0 0->0 0->0 0->0 0->0 0->0 0->0 0->0 0->0 0->0 0->0 0->0 0->0 0->0 0->0 
0->0 0->0 0->0 0->0 0->0 0->0 100->0 85->0 154->0 104->0 71->0 173->0 105->0 68->0 167->0 0->0 0->0 0->0 0->0 0->0 0->0 0->0 0->0 0->0 0->0 0->0 0->0 0->0 0->0 0->0 0->0 0->0 0->0 0->0 0->0 0->0 
0->0 0->0 0->0 0->0 0->0 0->0 0->0 0->0 0->0 0->0 0->0 0->0 0->0 0->0 0->0 0->0 0->0 0->0 0->0 0->0 0->0 0->0 0->0 0->0 0->0 0->0 0->0 0->0 0->0 0->0 0->0 0->0 0->0 0->0 0->0 0->0 
0->0 0->0 0->0 0->0 0->0 0->0 0->0 0->0 0->0 93->0 97->0 88->0 113->0 127->0 107->0 87->0 100->0 98->0 0->0 0->0 0->0 0->0 0->0 0->0 0->0 0->0 0->0 0->0 0->0 0->0 0->0 0->0 0->0 0->0 0->0 0->0 
0->0 0->0 0->0 0->0 0->0 0->0 0->0 0->0 0->0 108->0 115->0 117->0 132->0 130->0 78->0 171->0 181->0 165->0 0->0 0->0 0->0 0->0 0->0 0->0 0->0 0->0 0->0 0->0 0->0 0->0 0->0 0->0 0->0 0->0 0->0 0->0 
0->0 0->0 0->0 0->0 0->0 0->0 0->0 0->0 0->0 100->0 85->0 154->0 104->0 71->0 173->0 105->0 68->0 167->0 0->0 0->0 0->0 0->0 0->0 0->0 0->0 0->0 0->0 0->0 0->0 0->0 0->0 0->0 0->0 0->0 0->0 0->0 
0->0 0->0 0->0 0->0 0->0 0->0 0->0 0->0 0->0 0->0 0->0 0->0 0->0 0->0 0->0 0->0 0->0 0->0 0->0 0->0 0->0 0->0 0->0 0->0 0->0 0->0 0->0 0->0 0->0 0->0 0->0 0->0 0->0 0->0 0->0 0->0 
0->0 0->0 0->0 0->0 0->0 0->0 0->0 0->0 0->0 0->0 0->0 0->0 93->0 97->0 88->0 113->0 127->0 107->0 87->0 100->0 98->0 0->0 0->0 0->0 0->0 0->0 0->0 0->0 0->0 0->0 0->0 0->0 0->0 0->0 0->0 0->0 
0->0 0->0 0->0 0->0 0->0 0->0 0->0 0->0 0->0 0->0 0->0 0->0 108->0 115->0 117->0 132->0 130->0 78->0 171->0 181->0 165->0 0->0 0->0 0->0 0->0 0->0 0->0 0->0 0->0 0->0 0->0 0->0 0->0 0->0 0->0 0->0 
0->0 0->0 0->0 0->0 0->0 0->0 0->0 0->0 0->0 0->0 0->0 0->0 100->0 85->0 154->0 104->0 71->0 173->0 105->0 68->0 167->0 0->0 0->0 0->0 0->0 0->0 0->0 0->0 0->0 0->0 0->0 0->0 0->0 0->0 0->0 0->0 
0->0 0->0 0->0 0->0 0->0 0->0 0->0 0->0 0->0 0->0 0->0 0->0 0->0 0->0 0->0 0->0 0->0 0->0 0->0 0->0 0->0 0->0 0->0 0->0 0->0 0->0 0->0 0->0 0->0 0->0 0->0 0->0 0->0 0->0 0->0 0->0 
0->0 0->0 0->0 0->0 0->0 0->0 0->0 0->0 0->0 0->0 0->0 0->0 0->0 0->0 0->0 93->0 97->0 88->0 113->0 127->0 107->0 87->0 100->0 98->0 0->0 0->0 0->0 0->0 0->0 0->0 0->0 0->0 0->0 0->0 0->0 0->0 
0->0 0->0 0->0 0->0 0->0 0->0 0->0 0->0 0->0 0->0 0->0 0->0 0->0 0->0 0->0 108->0 115->0 117->0 132->0 130->0 78->0 171->0 181->0 165->0 0->0 0->0 0->0 0->0 0->0 0->0 0->0 0->0 0->0 0->0 0->0 0->0 
0->0 0->0 0->0 0->0 0->0 0->0 0->0 0->0 0->0 0->0 0->0 0->0 0->0 0->0 0->0 100->0 85->0 154->0 104->0 71->0 173->0 105->0 68->0 167->0 0->0 0->0 0->0 0->0 0->0 0->0 0->0 0->0 0->0 0->0 0->0 0->0 
0->0 0->0 0->0 0->0 0->0 0->0 0->0 0->0 0->0 0->0 0->0 0->0 0->0 0->0 0->0 0->0 0->0 0->0 0->0 0->0 0->0 0->0 0->0 0->0 0->0 0->0 0->0 0->0 0->0 0->0 0->0 0->0 0->0 0->0 0->0 0->0 
0->0 0->0 0->0 0->0 0->0 0->0 0->0 0->0 0->0 0->0 0->0 0->0 0->0 0->0 0->0 0->0 0->0 0->0 93->0 97->0 88->0 113->0 127->0 107->0 87->0 100->0 98->0 0->0 0->0 0->0 0->0 0->0 0->0 0->0 0->0 0->0 
0->0 0->0 0->0 0->0 0->0 0->0 0->0 0->0 0->0 0->0 0->0 0->0 0->0 0->0 0->0 0->0 0->0 0->0 108->0 115->0 117->0 132->0 130->0 78->0 171->0 181->0 165->0 0->0 0->0 0->0 0->0 0->0 0->0 0->0 0->0 0->0 
0->0 0->0 0->0 0->0 0->0 0->0 0->0 0->0 0->0 0->0 0->0 0->0 0->0 0->0 0->0 0->0 0->0 0->0 100->0 85->0 154->0 104->0 71->0 173->0 105->0 68->0 167->0 0->0 0->0 0->0 0->0 0->0 0->0 0->0 0->0 0->0 
0->0 0->0 0->0 0->0 0->0 0->0 0->0 0->0 0->0 0->0 0->0 0->0 0->0 0->0 0->0 0->0 0->0 0->0 0->0 0->0 0->0 0->0 0->0 0->0 0->0 0->0 0->0 0->0 0->0 0->0 0->0 0->0 0->0 0->0 0->0 0->0 
0->0 0->0 0->0 0->0 0->0 0->0 0->0 0->0 0->0 0->0 0->0 0->0 0->0 0->0 0->0 0->0 0->0 0->0 0->0 0->0 0->0 93->0 97->0 88->0 113->0 127->0 107->0 87->0 100->0 98->0 0->0 0->0 0->0 0->0 0->0 0->0 
0->0 0->0 0->0 0->0 0->0 0->0 0->0 0->0 0->0 0->0 0->0 0->0 0->0 0->0 0->0 0->0 0->0 0->0 0->0 0->0 0->0 108->0 115->0 117->0 132->0 130->0 78->0 171->0 181->0 165->0 0->0 0->0 0->0 0->0 0->0 0->0 
0->0 0->0 0->0 0->0 0->0 0->0 0->0 0->0 0->0 0->0 0->0 0->0 0->0 0->0 0->0 0->0 0->0 0->0 0->0 0->0 0->0 100->0 85->0 154->0 104->0 71->0 173->0 105->0 68->0 167->0 0->0 0->0 0->0 0->0 0->0 0->0 
0->0 0->0 0->0 0->0 0->0 0->0 0->0 0->0 0->0 0->0 0->0 0->0 0->0 0->0 0->0 0->0 0->0 0->0 0->0 0->0 0->0 0->0 0->0 0->0 0->0 0->0 0->0 0->0 0->0 0->0 0->0 0->0 0->0 0->0 0->0 0->0 

93->0 97->0 88->0 113->0 127->0 107->0 87->0 100->0 98->0 0->0 0->0 0->0 0->0 0->0 0->0 0->0 0->0 0->0 0->0 0->0 0->0 0->0 0->0 0->0 0->0 0->0 0->11 0->0 0->0 0->14 0->0 0->0 0->0 0->0 0->0 0->0 
108->0 115->0 117->0 132->0 130->0 78->0 171->0 181->0 165->0 0->0 0->0 0->0 0->0 0->0 0->0 0->0 0->0 0->0 0->0 0->0 0->0 0->0 0->0 0->0 0->0 0->0 0->11 0->0 0->0 0->14 0->0 0->0 0->0 0->0 0->0 0->0 
100->0 85->0 154->0 104->0 71->0 173->0 105->0 68->0 167->0 0->0 0->0 0->0 0->0 0->0 0->0 0->0 0->0 0->0 0->0 0->0 0->0 0->0 0->0 0->0 0->0 0->0 0->11 0->0 0->0 0->14 0->0 0->0 0->0 0->0 0->0 0->0 
0->0 0->0 0->0 0->0 0->0 0->0 0->0 0->0 0->0 0->0 0->0 0->0 0->0 0->0 0->0 0->0 0->0 0->0 0->0 0->0 0->0 0->0 0->0 0->0 0->0 0->0 0->11 0->0 0->0 0->14 0->0 0->0 0->0 0->0 0->0 0->0 
0->0 0->0 0->0 93->0 97->0 88->0 113->0 127->0 107->0 87->0 100->0 98->0 0->0 0->0 0->0 0->0 0->0 0->0 0->0 0->0 0->0 0->0 0->0 0->0 0->0 0->0 0->11 0->0 0->0 0->14 0->0 0->0 0->0 0->0 0->0 0->0 
0->0 0->0 0->0 108->0 115->0 117->0 132->0 130->0 78->0 171->0 181->0 165->0 0->0 0->0 0->0 0->0 0->0 0->0 0->0 0->0 0->0 0->0 0->0 0->0 0->0 0->0 0->11 0->0 0->0 0->14 0->0 0->0 0->0 0->0 0->0 0->0 
0->0 0->0 0->0 100->0 85->0 154->0 104->0 71->0 173->0 105->0 68->0 167->0 0->0 0->0 0->0 0->0 0->0 0->0 0->0 0->0 0->0 0->0 0->0 0->0 0->0 0->0 0->11 0->0 0->0 0->14 0->0 0->0 0->0 0->0 0->0 0->0 
0->0 0->0 0->0 0->0 0->0 0->0 0->0 0->0 0->0 0->0 0->0 0->0 0->0 0->0 0->0 0->0 0->0 0->0 0->0 0->0 0->0 0->0 0->0 0->0 0->0 0->0 0->11 0->0 0->0 0->14 0->0 0->0 0->0 0->0 0->0 0->0 
0->0 0->0 0->0 0->0 0->0 0->0 93->0 97->0 88->0 113->0 127->0 107->0 87->0 100->0 98->0 0->0 0->0 0->0 0->0 0->0 0->0 0->0 0->0 0->0 0->0 0->0 0->11 0->0 0->0 0->14 0->0 0->0 0->0 0->0 0->0 0->0 
0->0 0->0 0->0 0->0 0->0 0->0 108->0 115->0 117->0 132->0 130->0 78->0 171->0 181->0 165->0 0->0 0->0 0->0 0->0 0->0 0->0 0->0 0->0 0->0 0->0 0->0 0->11 0->0 0->0 0->14 0->0 0->0 0->0 0->0 0->0 0->0 
0->0 0->0 0->0 0->0 0->0 0->0 100->0 85->0 154->0 104->0 71->0 173->0 105->0 68->0 167->0 0->0 0->0 0->0 0->0 0->0 0->0 0->0 0->0 0->0 0->0 0->0 0->11 0->0 0->0 0->14 0->0 0->0 0->0 0->0 0->0 0->0 
0->0 0->0 0->0 0->0 0->0 0->0 0->0 0->0 0->0 0->0 0->0 0->0 0->0 0->0 0->0 0->0 0->0 0->0 0->0 0->0 0->0 0->0 0->0 0->0 0->0 0->0 0->11 0->0 0->0 0->14 0->0 0->0 0->0 0->0 0->0 0->0 
0->0 0->0 0->0 0->0 0->0 0->0 0->0 0->0 0->0 93->0 97->0 88->0 113->0 127->0 107->0 87->0 100->0 98->0 0->0 0->0 0->0 0->0 0->0 0->0 0->0 0->0 0->11 0->0 0->0 0->14 0->0 0->0 0->0 0->0 0->0 0->0 
0->0 0->0 0->0 0->0 0->0 0->0 0->0 0->0 0->0 108->0 115->0 117->0 132->0 130->0 78->0 171->0 181->0 165->0 0->0 0->0 0->0 0->0 0->0 0->0 0->0 0->0 0->11 0->0 0->0 0->14 0->0 0->0 0->0 0->0 0->0 0->0 
0->0 0->0 0->0 0->0 0->0 0->0 0->0 0->0 0->0 100->0 85->0 154->0 104->0 71->0 173->0 105->0 68->0 167->0 0->0 0->0 0->0 0->0 0->0 0->0 0->0 0->0 0->11 0->0 0->0 0->14 0->0 0->0 0->0 0->0 0->0 0->0 
0->0 0->0 0->0 0->0 0->0 0->0 0->0 0->0 0->0 0->0 0->0 0->0 0->0 0->0 0->0 0->0 0->0 0->0 0->0 0->0 0->0 0->0 0->0 0->0 0->0 0->0 0->11 0->0 0->0 0->14 0->0 0->0 0->0 0->0 0->0 0->0 
0->0 0->0 0->0 0->0 0->0 0->0 0->0 0->0 0->0 0->0 0->0 0->0 93->0 97->0 88->0 113->0 127->0 107->0 87->0 100->0 98->0 0->0 0->0 0->0 0->0 0->0 0->11 0->0 0->0 0->14 0->0 0->0 0->0 0->0 0->0 0->0 
0->0 0->0 0->0 0->0 0->0 0->0 0->0 0->0 0->0 0->0 0->0 0->0 108->0 115->0 117->0 132->0 130->0 78->0 171->0 181->0 165->0 0->0 0->0 0->0 0->0 0->0 0->11 0->0 0->0 0->14 0->0 0->0 0->0 0->0 0->0 0->0 
0->0 0->0 0->0 0->0 0->0 0->0 0->0 0->0 0->0 0->0 0->0 0->0 100->0 85->0 154->0 104->0 71->0 173->0 105->0 68->0 167->0 0->0 0->0 0->0 0->0 0->0 0->11 0->0 0->0 0->14 0->0 0->0 0->0 0->0 0->0 0->0 
0->0 0->0 0->0 0->0 0->0 0->0 0->0 0->0 0->0 0->0 0->0 0->0 0->0 0->0 0->0 0->0 0->0 0->0 0->0 0->0 0->0 0->0 0->0 0->0 0->0 0->0 0->11 0->0 0->0 0->14 0->0 0->0 0->0 0->0 0->0 0->0 
0->0 0->0 0->0 0->0 0->0 0->0 0->0 0->0 0->0 0->0 0->0 0->0 0->0 0->0 0->0 93->0 97->0 88->0 113->0 127->0 107->0 87->0 100->0 98->0 0->0 0->0 0->11 0->0 0->0 0->14 0->0 0->0 0->0 0->0 0->0 0->0 
0->0 0->0 0->0 0->0 0->0 0->0 0->0 0->0 0->0 0->0 0->0 0->0 0->0 0->0 0->0 108->0 115->0 117->0 132->0 130->0 78->0 171->0 181->0 165->0 0->0 0->0 0->11 0->0 0->0 0->14 0->0 0->0 0->0 0->0 0->0 0->0 
0->0 0->0 0->0 0->0 0->0 0->0 0->0 0->0 0->0 0->0 0->0 0->0 0->0 0->0 0->0 100->0 85->0 154->0 104->0 71->0 173->0 105->0 68->0 167->0 0->0 0->0 0->11 0->0 0->0 0->14 0->0 0->0 0->0 0->0 0->0 0->0 
0->0 0->0 0->0 0->0 0->0 0->0 0->0 0->0 0->0 0->0 0->0 0->0 0->0 0->0 0->0 0->0 0->0 0->0 0->0 0->0 0->0 0->0 0->0 0->0 0->0 0->0 0->11 0->0 0->0 0->14 0->0 0->0 0->0 0->0 0->0 0->0 
0->0 0->0 0->0 0->0 0->0 0->0 0->0 0->0 0->0 0->0 0->0 0->0 0->0 0->0 0->0 0->0 0->0 0->0 93->0 97->0 88->0 113->0 127->0 107->0 87->0 100->0 98->11 0->0 0->0 0->14 0->0 0->0 0->0 0->0 0->0 0->0 
0->0 0->0 0->0 0->0 0->0 0->0 0->0 0->0 0->0 0->0 0->0 0->0 0->0 0->0 0->0 0->0 0->0 0->0 108->0 115->0 117->0 132->0 130->0 78->0 171->0 181->0 165->11 0->0 0->0 0->14 0->0 0->0 0->0 0->0 0->0 0->0 
0->0 0->0 0->0 0->0 0->0 0->0 0->0 0->0 0->0 0->0 0->0 0->0 0->0 0->0 0->0 0->0 0->0 0->0 100->0 85->0 154->0 104->0 71->0 173->0 105->0 68->0 167->11 0->0 0->0 0->14 0->0 0->0 0->0 0->0 0->0 0->0 
0->0 0->0 0->0 0->0 0->0 0->0 0->0 0->0 0->0 0->0 0->0 0->0 0->0 0->0 0->0 0->0 0->0 0->0 0->0 0->0 0->0 0->0 0->0 0->0 0->0 0->0 0->11 0->0 0->0 0->14 0->0 0->0 0->0 0->0 0->0 0->0 
0->0 0->0 0->0 0->0 0->0 0->0 0->0 0->0 0->0 0->0 0->0 0->0 0->0 0->0 0->0 0->0 0->0 0->0 0->0 0->0 0->0 93->0 97->0 88->0 113->0 127->0 107->11 87->0 100->0 98->14 0->0 0->0 0->0 0->0 0->0 0->0 
0->0 0->0 0->0 0->0 0->0 0->0 0->0 0->0 0->0 0->0 0->0 0->0 0->0 0->0 0->0 0->0 0->0 0->0 0->0 0->0 0->0 108->0 115->0 117->0 132->0 130->0 78->11 171->0 181->0 165->14 0->0 0->0 0->0 0->0 0->0 0->0 
0->0 0->0 0->0 0->0 0->0 0->0 0->0 0->0 0->0 0->0 0->0 0->0 0->0 0->0 0->0 0->0 0->0 0->0 0->0 0->0 0->0 100->0 85->0 154->0 104->0 71->0 173->11 105->0 68->0 167->14 0->0 0->0 0->0 0->0 0->0 0->0 
0->0 0->0 0->0 0->0 0->0 0->0 0->0 0->0 0->0 0->0 0->0 0->0 0->0 0->0 0->0 0->0 0->0 0->0 0->0 0->0 0->0 0->0 0->0 0->0 0->0 0->0 0->11 0->0 0->0 0->14 0->0 0->0 0->0 0->0 0->0 0->0 

93->0 97->0 88->11 113->0 127->0 107->14 87->0 100->0 98->16 0->0 0->0 0->48 0->0 0->8 0->55 0->0 0->32 0->63 0->0 0->54 0->60 0->0 0->54 0->50 0->3 0->55 0->50 0->24 0->63 0->50 0->0 0->0 0->0 0->0 0->0 0->0 
108->0 115->0 117->11 132->0 130->0 78->14 171->0 181->0 165->16 0->0 0->0 0->48 0->0 0->8 0->55 0->0 0->32 0->63 0->0 0->54 0->60 0->0 0->54 0->50 0->3 0->55 0->50 0->24 0->63 0->50 0->0 0->0 0->0 0->0 0->0 0->0 
100->0 85->0 154->11 104->0 71->0 173->14 105->0 68->0 167->16 0->0 0->0 0->48 0->0 0->8 0->55 0->0 0->32 0->63 0->0 0->54 0->60 0->0 0->54 0->50 0->3 0->55 0->50 0->24 0->63 0->50 0->0 0->0 0->0 0->0 0->0 0->0 
0->0 0->0 0->11 0->0 0->0 0->14 0->0 0->0 0->16 0->0 0->0 0->48 0->0 0->8 0->55 0->0 0->32 0->63 0->0 0->54 0->60 0->0 0->54 0->50 0->3 0->55 0->50 0->24 0->63 0->50 0->0 0->0 0->0 0->0 0->0 0->0 
0->0 0->0 0->11 93->0 97->0 88->14 113->0 127->0 107->16 87->0 100->0 98->48 0->0 0->8 0->55 0->0 0->32 0->63 0->0 0->54 0->60 0->0 0->54 0->50 0->3 0->55 0->50 0->24 0->63 0->50 0->0 0->0 0->0 0->0 0->0 0->0 
0->0 0->0 0->11 108->0 115->0 117->14 132->0 130->0 78->16 171->0 181->0 165->48 0->0 0->8 0->55 0->0 0->32 0->63 0->0 0->54 0->60 0->0 0->54 0->50 0->3 0->55 0->50 0->24 0->63 0->50 0->0 0->0 0->0 0->0 0->0 0->0 
0->0 0->0 0->11 100->0 85->0 154->14 104->0 71->0 173->16 105->0 68->0 167->48 0->0 0->8 0->55 0->0 0->32 0->63 0->0 0->54 0->60 0->0 0->54 0->50 0->3 0->55 0->50 0->24 0->63 0->50 0->0 0->0 0->0 0->0 0->0 0->0 
0->0 0->0 0->11 0->0 0->0 0->14 0->0 0->0 0->16 0->0 0->0 0->48 0->0 0->8 0->55 0->0 0->32 0->63 0->0 0->54 0->60 0->0 0->54 0->50 0->3 0->55 0->50 0->24 0->63 0->50 0->0 0->0 0->0 0->0 0->0 0->0 
0->0 0->0 0->11 0->0 0->0 0->14 93->0 97->0 88->16 113->0 127->0 107->48 87->0 100->8 98->55 0->0 0->32 0->63 0->0 0->54 0->60 0->0 0->54 0->50 0->3 0->55 0->50 0->24 0->63 0->50 0->0 0->0 0->0 0->0 0->0 0->0 
0->0 0->0 0->11 0->0 0->0 0->14 108->0 115->0 117->16 132->0 130->0 78->48 171->0 181->8 165->55 0->0 0->32 0->63 0->0 0->54 0->60 0->0 0->54 0->50 0->3 0->55 0->50 0->24 0->63 0->50 0->0 0->0 0->0 0->0 0->0 0->0 
0->0 0->0 0->11 0->0 0->0 0->14 100->0 85->0 154->16 104->0 71->0 173->48 105->0 68->8 167->55 0->0 0->32 0->63 0->0 0->54 0->60 0->0 0->54 0->50 0->3 0->55 0->50 0->24 0->63 0->50 0->0 0->0 0->0 0->0 0->0 0->0 
0->0 0->0 0->11 0->0 0->0 0->14 0->0 0->0 0->16 0->0 0->0 0->48 0->0 0->8 0->55 0->0 0->32 0->63 0->0 0->54 0->60 0->0 0->54 0->50 0->3 0->55 0->50 0->24 0->63 0->50 0->0 0->0 0->0 0->0 0->0 0->0 
0->0 0->0 0->11 0->0 0->0 0->14 0->0 0->0 0->16 93->0 97->0 88->48 113->0 127->8 107->55 87->0 100->32 98->63 0->0 0->54 0->60 0->0 0->54 0->50 0->3 0->55 0->50 0->24 0->63 0->50 0->0 0->0 0->0 0->0 0->0 0->0 
0->0 0->0 0->11 0->0 0->0 0->14 0->0 0->0 0->16 108->0 115->0 117->48 132->0 130->8 78->55 171->0 181->32 165->63 0->0 0->54 0->60 0->0 0->54 0->50 0->3 0->55 0->50 0->24 0->63 0->50 0->0 0->0 0->0 0->0 0->0 0->0 
0->0 0->0 0->11 0->0 0->0 0->14 0->0 0->0 0->16 100->0 85->0 154->48 104->0 71->8 173->55 105->0 68->32 167->63 0->0 0->54 0->60 0->0 0->54 0->50 0->3 0->55 0->50 0->24 0->63 0->50 0->0 0->0 0->0 0->0 0->0 0->0 
0->0 0->0 0->11 0->0 0->0 0->14 0->0 0->0 0->16 0->0 0->0 0->48 0->0 0->8 0->55 0->0 0->32 0->63 0->0 0->54 0->60 0->0 0->54 0->50 0->3 0->55 0->50 0->24 0->63 0->50 0->0 0->0 0->0 0->0 0->0 0->0 
0->0 0->0 0->11 0->0 0->0 0->14 0->0 0->0 0->16 0->0 0->0 0->48 93->0 97->8 88->55 113->0 127->32 107->63 87->0 100->54 98->60 0->0 0->54 0->50 0->3 0->55 0->50 0->24 0->63 0->50 0->0 0->0 0->0 0->0 0->0 0->0 
0->0 0->0 0->11 0->0 0->0 0->14 0->0 0->0 0->16 0->0 0->0 0->48 108->0 115->8 117->55 132->0 130->32 78->63 171->0 181->54 165->60 0->0 0->54 0->50 0->3 0->55 0->50 0->24 0->63 0->50 0->0 0->0 0->0 0->0 0->0 0->0 
0->0 0->0 0->11 0->0 0->0 0->14 0->0 0->0 0->16 0->0 0->0 0->48 100->0 85->8 154->55 104->0 71->32 173->63 105->0 68->54 167->60 0->0 0->54 0->50 0->3 0->55 0->50 0->24 0->63 0->50 0->0 0->0 0->0 0->0 0->0 0->0 
0->0 0->0 0->11 0->0 0->0 0->14 0->0 0->0 0->16 0->0 0->0 0->48 0->0 0->8 0->55 0->0 0->32 0->63 0->0 0->54 0->60 0->0 0->54 0->50 0->3 0->55 0->50 0->24 0->63 0->50 0->0 0->0 0->0 0->0 0->0 0->0 
0->0 0->0 0->11 0->0 0->0 0->14 0->0 0->0 0->16 0->0 0->0 0->48 0->0 0->8 0->55 93->0 97->32 88->63 113->0 127->54 107->60 87->0 100->54 98->50 0->3 0->55 0->50 0->24 0->63 0->50 0->0 0->0 0->0 0->0 0->0 0->0 
0->0 0->0 0->11 0->0 0->0 0->14 0->0 0->0 0->16 0->0 0->0 0->48 0->0 0->8 0->55 108->0 115->32 117->63 132->0 130->54 78->60 171->0 181->54 165->50 0->3 0->55 0->50 0->24 0->63 0->50 0->0 0->0 0->0 0->0 0->0 0->0 
0->0 0->0 0->11 0->0 0->0 0->14 0->0 0->0 0->16 0->0 0->0 0->48 0->0 0->8 0->55 100->0 85->32 154->63 104->0 71->54 173->60 105->0 68->54 167->50 0->3 0->55 0->50 0->24 0->63 0->50 0->0 0->0 0->0 0->0 0->0 0->0 
0->0 0->0 0->11 0->0 0->0 0->14 0->0 0->0 0->16 0->0 0->0 0->48 0->0 0->8 0->55 0->0 0->32 0->63 0->0 0->54 0->60 0->0 0->54 0->50 0->3 0->55 0->50 0->24 0->63 0->50 0->0 0->0 0->0 0->0 0->0 0->0 
0->0 0->0 0->11 0->0 0->0 0->14 0->0 0->0 0->16 0->0 0->0 0->48 0->0 0->8 0->55 0->0 0->32 0->63 93->0 97->54 88->60 113->0 127->54 107->50 87->3 100->55 98->50 0->24 0->63 0->50 0->0 0->0 0->0 0->0 0->0 0->0 
0->0 0->0 0->11 0->0 0->0 0->14 0->0 0->0 0->16 0->0 0->0 0->48 0->0 0->8 0->55 0->0 0->32 0->63 108->0 115->54 117->60 132->0 130->54 78->50 171->3 181->55 165->50 0->24 0->63 0->50 0->0 0->0 0->0 0->0 0->0 0->0 
0->0 0->0 0->11 0->0 0->0 0->14 0->0 0->0 0->16 0->0 0->0 0->48 0->0 0->8 0->55 0->0 0->32 0->63 100->0 85->54 154->60 104->0 71->54 173->50 105->3 68->55 167->50 0->24 0->63 0->50 0->0 0->0 0->0 0->0 0->0 0->0 
0->0 0->0 0->11 0->0 0->0 0->14 0->0 0->0 0->16 0->0 0->0 0->48 0->0 0->8 0->55 0->0 0->32 0->63 0->0 0->54 0->60 0->0 0->54 0->50 0->3 0->55 0->50 0->24 0->63 0->50 0->0 0->0 0->0 0->0 0->0 0->0 
0->0 0->0 0->11 0->0 0->0 0->14 0->0 0->0 0->16 0->0 0->0 0->48 0->0 0->8 0->55 0->0 0->32 0->63 0->0 0->54 0->60 93->0 97->54 88->50 113->3 127->55 107->50 87->24 100->63 98->50 0->0 0->0 0->0 0->0 0->0 0->0 
0->0 0->0 0->11 0->0 0->0 0->14 0->0 0->0 0->16 0->0 0->0 0->48 0->0 0->8 0->55 0->0 0->32 0->63 0->0 0->54 0->60 108->0 115->54 117->50 132->3 130->55 78->50 171->24 181->63 165->50 0->0 0->0 0->0 0->0 0->0 0->0 
0->0 0->0 0->11 0->0 0->0 0->14 0->0 0->0 0->16 0->0 0->0 0->48 0->0 0->8 0->55 0->0 0->32 0->63 0->0 0->54 0->60 100->0 85->54 154->50 104->3 71->55 173->50 105->24 68->63 167->50 0->0 0->0 0->0 0->0 0->0 0->0 
0->0 0->0 0->11 0->0 0->0 0->14 0->0 0->0 0->16 0->0 0->0 0->48 0->0 0->8 0->55 0->0 0->32 0->63 0->0 0->54 0->60 0->0 0->54 0->50 0->3 0->55 0->50 0->24 0->63 0->50 0->0 0->0 0->0 0->0 0->0 0->0 

93->3 97->55 88->50 113->24 127->63 107->50 87->24 100->63 98->50 0->24 0->63 0->50 0->16 0->60 0->50 0->0 0->54 0->53 0->0 0->54 0->63 0->0 0->20 0->51 0->0 0->0 0->6 0->0 0->0 0->0 0->0 0->0 0->0 0->0 0->0 0->0 
108->3 115->55 117->50 132->24 130->63 78->50 171->24 181->63 165->50 0->24 0->63 0->50 0->16 0->60 0->50 0->0 0->54 0->53 0->0 0->54 0->63 0->0 0->20 0->51 0->0 0->0 0->6 0->0 0->0 0->0 0->0 0->0 0->0 0->0 0->0 0->0 
100->3 85->55 154->50 104->24 71->63 173->50 105->24 68->63 167->50 0->24 0->63 0->50 0->16 0->60 0->50 0->0 0->54 0->53 0->0 0->54 0->63 0->0 0->20 0->51 0->0 0->0 0->6 0->0 0->0 0->0 0->0 0->0 0->0 0->0 0->0 0->0 
0->3 0->55 0->50 0->24 0->63 0->50 0->24 0->63 0->50 0->24 0->63 0->50 0->16 0->60 0->50 0->0 0->54 0->53 0->0 0->54 0->63 0->0 0->20 0->51 0->0 0->0 0->6 0->0 0->0 0->0 0->0 0->0 0->0 0->0 0->0 0->0 
0->3 0->55 0->50 93->24 97->63 88->50 113->24 127->63 107->50 87->24 100->63 98->50 0->16 0->60 0->50 0->0 0->54 0->53 0->0 0->54 0->63 0->0 0->20 0->51 0->0 0->0 0->6 0->0 0->0 0->0 0->0 0->0 0->0 0->0 0->0 0->0 
0->3 0->55 0->50 108->24 115->63 117->50 132->24 130->63 78->50 171->24 181->63 165->50 0->16 0->60 0->50 0->0 0->54 0->53 0->0 0->54 0->63 0->0 0->20 0->51 0->0 0->0 0->6 0->0 0->0 0->0 0->0 0->0 0->0 0->0 0->0 0->0 
0->3 0->55 0->50 100->24 85->63 154->50 104->24 71->63 173->50 105->24 68->63 167->50 0->16 0->60 0->50 0->0 0->54 0->53 0->0 0->54 0->63 0->0 0->20 0->51 0->0 0->0 0->6 0->0 0->0 0->0 0->0 0->0 0->0 0->0 0->0 0->0 
0->3 0->55 0->50 0->24 0->63 0->50 0->24 0->63 0->50 0->24 0->63 0->50 0->16 0->60 0->50 0->0 0->54 0->53 0->0 0->54 0->63 0->0 0->20 0->51 0->0 0->0 0->6 0->0 0->0 0->0 0->0 0->0 0->0 0->0 0->0 0->0 
0->3 0->55 0->50 0->24 0->63 0->50 93->24 97->63 88->50 113->24 127->63 107->50 87->16 100->60 98->50 0->0 0->54 0->53 0->0 0->54 0->63 0->0 0->20 0->51 0->0 0->0 0->6 0->0 0->0 0->0 0->0 0->0 0->0 0->0 0->0 0->0 
0->3 0->55 0->50 0->24 0->63 0->50 108->24 115->63 117->50 132->24 130->63 78->50 171->16 181->60 165->50 0->0 0->54 0->53 0->0 0->54 0->63 0->0 0->20 0->51 0->0 0->0 0->6 0->0 0->0 0->0 0->0 0->0 0->0 0->0 0->0 0->0 
0->3 0->55 0->50 0->24 0->63 0->50 100->24 85->63 154->50 104->24 71->63 173->50 105->16 68->60 167->50 0->0 0->54 0->53 0->0 0->54 0->63 0->0 0->20 0->51 0->0 0->0 0->6 0->0 0->0 0->0 0->0 0->0 0->0 0->0 0->0 0->0 
0->3 0->55 0->50 0->24 0->63 0->50 0->24 0->63 0->50 0->24 0->63 0->50 0->16 0->60 0->50 0->0 0->54 0->53 0->0 0->54 0->63 0->0 0->20 0->51 0->0 0->0 0->6 0->0 0->0 0->0 0->0 0->0 0->0 0->0 0->0 0->0 
0->3 0->55 0->50 0->24 0->63 0->50 0->24 0->63 0->50 93->24 97->63 88->50 113->16 127->60 107->50 87->0 100->54 98->53 0->0 0->54 0->63 0->0 0->20 0->51 0->0 0->0 0->6 0->0 0->0 0->0 0->0 0->0 0->0 0->0 0->0 0->0 
0->3 0->55 0->50 0->24 0->63 0->50 0->24 0->63 0->50 108->24 115->63 117->50 132->16 130->60 78->50 171->0 181->54 165->53 0->0 0->54 0->63 0->0 0->20 0->51 0->0 0->0 0->6 0->0 0->0 0->0 0->0 0->0 0->0 0->0 0->0 0->0 
0->3 0->55 0->50 0->24 0->63 0->50 0->24 0->63 0->50 100->24 85->63 154->50 104->16 71->60 173->50 105->0 68->54 167->53 0->0 0->54 0->63 0->0 0->20 0->51 0->0 0->0 0->6 0->0 0->0 0->0 0->0 0->0 0->0 0->0 0->0 0->0 
0->3 0->55 0->50 0->24 0->63 0->50 0->24 0->63 0->50 0->24 0->63 0->50 0->16 0->60 0->50 0->0 0->54 0->53 0->0 0->54 0->63 0->0 0->20 0->51 0->0 0->0 0->6 0->0 0->0 0->0 0->0 0->0 0->0 0->0 0->0 0->0 
0->3 0->55 0->50 0->24 0->63 0->50 0->24 0->63 0->50 0->24 0->63 0->50 93->16 97->60 88->50 113->0 127->54 107->53 87->0 100->54 98->63 0->0 0->20 0->51 0->0 0->0 0->6 0->0 0->0 0->0 0->0 0->0 0->0 0->0 0->0 0->0 
0->3 0->55 0->50 0->24 0->63 0->50 0->24 0->63 0->50 0->24 0->63 0->50 108->16 115->60 117->50 132->0 130->54 78->53 171->0 181->54 165->63 0->0 0->20 0->51 0->0 0->0 0->6 0->0 0->0 0->0 0->0 0->0 0->0 0->0 0->0 0->0 
0->3 0->55 0->50 0->24 0->63 0->50 0->24 0->63 0->50 0->24 0->63 0->50 100->16 85->60 154->50 104->0 71->54 173->53 105->0 68->54 167->63 0->0 0->20 0->51 0->0 0->0 0->6 0->0 0->0 0->0 0->0 0->0 0->0 0->0 0->0 0->0 
0->3 0->55 0->50 0->24 0->63 0->50 0->24 0->63 0->50 0->24 0->63 0->50 0->16 0->60 0->50 0->0 0->54 0->53 0->0 0->54 0->63 0->0 0->20 0->51 0->0 0->0 0->6 0->0 0->0 0->0 0->0 0->0 0->0 0->0 0->0 0->0 
0->3 0->55 0->50 0->24 0->63 0->50 0->24 0->63 0->50 0->24 0->63 0->50 0->16 0->60 0->50 93->0 97->54 88->53 113->0 127->54 107->63 87->0 100->20 98->51 0->0 0->0 0->6 0->0 0->0 0->0 0->0 0->0 0->0 0->0 0->0 0->0 
0->3 0->55 0->50 0->24 0->63 0->50 0->24 0->63 0->50 0->24 0->63 0->50 0->16 0->60 0->50 108->0 115->54 117->53 132->0 130->54 78->63 171->0 181->20 165->51 0->0 0->0 0->6 0->0 0->0 0->0 0->0 0->0 0->0 0->0 0->0 0->0 
0->3 0->55 0->50 0->24 0->63 0->50 0->24 0->63 0->50 0->24 0->63 0->50 0->16 0->60 0->50 100->0 85->54 154->53 104->0 71->54 173->63 105->0 68->20 167->51 0->0 0->0 0->6 0->0 0->0 0->0 0->0 0->0 0->0 0->0 0->0 0->0 
0->3 0->55 0->50 0->24 0->63 0->50 0->24 0->63 0->50 0->24 0->63 0->50 0->16 0->60 0->50 0->0 0->54 0->53 0->0 0->54 0->63 0->0 0->20 0->51 0->0 0->0 0->6 0->0 0->0 0->0 0->0 0->0 0->0 0->0 0->0 0->0 
0->3 0->55 0->50 0->24 0->63 0->50 0->24 0->63 0->50 0->24 0->63 0->50 0->16 0->60 0->50 0->0 0->54 0->53 93->0 97->54 88->63 113->0 127->20 107->51 87->0 100->0 98->6 0->0 0->0 0->0 0->0 0->0 0->0 0->0 0->0 0->0 
0->3 0->55 0->50 0->24 0->63 0->50 0->24 0->63 0->50 0->24 0->63 0->50 0->16 0->60 0->50 0->0 0->54 0->53 108->0 115->54 117->63 132->0 130->20 78->51 171->0 181->0 165->6 0->0 0->0 0->0 0->0 0->0 0->0 0->0 0->0 0->0 
0->3 0->55 0->50 0->24 0->63 0->50 0->24 0->63 0->50 0->24 0->63 0->50 0->16 0->60 0->50 0->0 0->54 0->53 100->0 85->54 154->63 104->0 71->20 173->51 105->0 68->0 167->6 0->0 0->0 0->0 0->0 0->0 0->0 0->0 0->0 0->0 
0->3 0->55 0->50 0->24 0->63 0->50 0->24 0->63 0->50 0->24 0->63 0->50 0->16 0->60 0->50 0->0 0->54 0->53 0->0 0->54 0->63 0->0 0->20 0->51 0->0 0->0 0->6 0->0 0->0 0->0 0->0 0->0 0->0 0->0 0->0 0->0 
0->3 0->55 0->50 0->24 0->63 0->50 0->24 0->63 0->50 0->24 0->63 0->50 0->16 0->60 0->50 0->0 0->54 0->53 0->0 0->54 0->63 93->0 97->20 88->51 113->0 127->0 107->6 87->0 100->0 98->0 0->0 0->0 0->0 0->0 0->0 0->0 
0->3 0->55 0->50 0->24 0->63 0->50 0->24 0->63 0->50 0->24 0->63 0->50 0->16 0->60 0->50 0->0 0->54 0->53 0->0 0->54 0->63 108->0 115->20 117->51 132->0 130->0 78->6 171->0 181->0 165->0 0->0 0->0 0->0 0->0 0->0 0->0 
0->3 0->55 0->50 0->24 0->63 0->50 0->24 0->63 0->50 0->24 0->63 0->50 0->16 0->60 0->50 0->0 0->54 0->53 0->0 0->54 0->63 100->0 85->20 154->51 104->0 71->0 173->6 105->0 68->0 167->0 0->0 0->0 0->0 0->0 0->0 0->0 
0->3 0->55 0->50 0->24 0->63 0->50 0->24 0->63 0->50 0->24 0->63 0->50 0->16 0->60 0->50 0->0 0->54 0->53 0->0 0->54 0->63 0->0 0->20 0->51 0->0 0->0 0->6 0->0 0->0 0->0 0->0 0->0 0->0 0->0 0->0 0->0 

93->0 97->0 88->6 113->0 127->0 107->0 87->0 100->0 98->0 0->0 0->0 0->0 0->0 0->0 0->0 0->0 0->0 0->0 0->0 0->0 0->0 0->0 0->0 0->0 0->0 0->0 0->0 0->0 0->0 0->0 0->0 0->0 0->0 0->0 0->0 0->0 
108->0 115->0 117->6 132->0 130->0 78->0 171->0 181->0 165->0 0->0 0->0 0->0 0->0 0->0 0->0 0->0 0->0 0->0 0->0 0->0 0->0 0->0 0->0 0->0 0->0 0->0 0->0 0->0 0->0 0->0 0->0 0->0 0->0 0->0 0->0 0->0 
100->0 85->0 154->6 104->0 71->0 173->0 105->0 68->0 167->0 0->0 0->0 0->0 0->0 0->0 0->0 0->0 0->0 0->0 0->0 0->0 0->0 0->0 0->0 0->0 0->0 0->0 0->0 0->0 0->0 0->0 0->0 0->0 0->0 0->0 0->0 0->0 
0->0 0->0 0->6 0->0 0->0 0->0 0->0 0->0 0->0 0->0 0->0 0->0 0->0 0->0 0->0 0->0 0->0 0->0 0->0 0->0 0->0 0->0 0->0 0->0 0->0 0->0 0->0 0->0 0->0 0->0 0->0 0->0 0->0 0->0 0->0 0->0 
0->0 0->0 0->6 93->0 97->0 88->0 113->0 127->0 107->0 87->0 100->0 98->0 0->0 0->0 0->0 0->0 0->0 0->0 0->0 0->0 0->0 0->0 0->0 0->0 0->0 0->0 0->0 0->0 0->0 0->0 0->0 0->0 0->0 0->0 0->0 0->0 
0->0 0->0 0->6 108->0 115->0 117->0 132->0 130->0 78->0 171->0 181->0 165->0 0->0 0->0 0->0 0->0 0->0 0->0 0->0 0->0 0->0 0->0 0->0 0->0 0->0 0->0 0->0 0->0 0->0 0->0 0->0 0->0 0->0 0->0 0->0 0->0 
0->0 0->0 0->6 100->0 85->0 154->0 104->0 71->0 173->0 105->0 68->0 167->0 0->0 0->0 0->0 0->0 0->0 0->0 0->0 0->0 0->0 0->0 0->0 0->0 0->0 0->0 0->0 0->0 0->0 0->0 0->0 0->0 0->0 0->0 0->0 0->0 
0->0 0->0 0->6 0->0 0->0 0->0 0->0 0->0 0->0 0->0 0->0 0->0 0->0 0->0 0->0 0->0 0->0 0->0 0->0 0->0 0->0 0->0 0->0 0->0 0->0 0->0 0->0 0->0 0->0 0->0 0->0 0->0 0->0 0->0 0->0 0->0 
0->0 0->0 0->6 0->0 0->0 0->0 93->0 97->0 88->0 113->0 127->0 107->0 87->0 100->0 98->0 0->0 0->0 0->0 0->0 0->0 0->0 0->0 0->0 0->0 0->0 0->0 0->0 0->0 0->0 0->0 0->0 0->0 0->0 0->0 0->0 0->0 
0->0 0->0 0->6 0->0 0->0 0->0 108->0 115->0 117->0 132->0 130->0 78->0 171->0 181->0 165->0 0->0 0->0 0->0 0->0 0->0 0->0 0->0 0->0 0->0 0->0 0->0 0->0 0->0 0->0 0->0 0->0 0->0 0->0 0->0 0->0 0->0 
0->0 0->0 0->6 0->0 0->0 0->0 100->0 85->0 154->0 104->0 71->0 173->0 105->0 68->0 167->0 0->0 0->0 0->0 0->0 0->0 0->0 0->0 0->0 0->0 0->0 0->0 0->0 0->0 0->0 0->0 0->0 0->0 0->0 0->0 0->0 0->0 
0->0 0->0 0->6 0->0 0->0 0->0 0->0 0->0 0->0 0->0 0->0 0->0 0->0 0->0 0->0 0->0 0->0 0->0 0->0 0->0 0->0 0->0 0->0 0->0 0->0 0->0 0->0 0->0 0->0 0->0 0->0 0->0 0->0 0->0 0->0 0->0 
0->0 0->0 0->6 0->0 0->0 0->0 0->0 0->0 0->0 93->0 97->0 88->0 113->0 127->0 107->0 87->0 100->0 98->0 0->0 0->0 0->0 0->0 0->0 0->0 0->0 0->0 0->0 0->0 0->0 0->0 0->0 0->0 0->0 0->0 0->0 0->0 
0->0 0->0 0->6 0->0 0->0 0->0 0->0 0->0 0->0 108->0 115->0 117->0 132->0 130->0 78->0 171->0 181->0 165->0 0->0 0->0 0->0 0->0 0->0 0->0 0->0 0->0 0->0 0->0 0->0 0->0 0->0 0->0 0->0 0->0 0->0 0->0 
0->0 0->0 0->6 0->0 0->0 0->0 0->0 0->0 0->0 100->0 85->0 154->0 104->0 71->0 173->0 105->0 68->0 167->0 0->0 0->0 0->0 0->0 0->0 0->0 0->0 0->0 0->0 0->0 0->0 0->0 0->0 0->0 0->0 0->0 0->0 0->0 
0->0 0->0 0->6 0->0 0->0 0->0 0->0 0->0 0->0 0->0 0->0 0->0 0->0 0->0 0->0 0->0 0->0 0->0 0->0 0->0 0->0 0->0 0->0 0->0 0->0 0->0 0->0 0->0 0->0 0->0 0->0 0->0 0->0 0->0 0->0 0->0 
0->0 0->0 0->6 0->0 0->0 0->0 0->0 0->0 0->0 0->0 0->0 0->0 93->0 97->0 88->0 113->0 127->0 107->0 87->0 100->0 98->0 0->0 0->0 0->0 0->0 0->0 0->0 0->0 0->0 0->0 0->0 0->0 0->0 0->0 0->0 0->0 
0->0 0->0 0->6 0->0 0->0 0->0 0->0 0->0 0->0 0->0 0->0 0->0 108->0 115->0 117->0 132->0 130->0 78->0 171->0 181->0 165->0 0->0 0->0 0->0 0->0 0->0 0->0 0->0 0->0 0->0 0->0 0->0 0->0 0->0 0->0 0->0 
0->0 0->0 0->6 0->0 0->0 0->0 0->0 0->0 0->0 0->0 0->0 0->0 100->0 85->0 154->0 104->0 71->0 173->0 105->0 68->0 167->0 0->0 0->0 0->0 0->0 0->0 0->0 0->0 0->0 0->0 0->0 0->0 0->0 0->0 0->0 0->0 
0->0 0->0 0->6 0->0 0->0 0->0 0->0 0->0 0->0 0->0 0->0 0->0 0->0 0->0 0->0 0->0 0->0 0->0 0->0 0->0 0->0 0->0 0->0 0->0 0->0 0->0 0->0 0->0 0->0 0->0 0->0 0->0 0->0 0->0 0->0 0->0 
0->0 0->0 0->6 0->0 0->0 0->0 0->0 0->0 0->0 0->0 0->0 0->0 0->0 0->0 0->0 93->0 97->0 88->0 113->0 127->0 107->0 87->0 100->0 98->0 0->0 0->0 0->0 0->0 0->0 0->0 0->0 0->0 0->0 0->0 0->0 0->0 
0->0 0->0 0->6 0->0 0->0 0->0 0->0 0->0 0->0 0->0 0->0 0->0 0->0 0->0 0->0 108->0 115->0 117->0 132->0 130->0 78->0 171->0 181->0 165->0 0->0 0->0 0->0 0->0 0->0 0->0 0->0 0->0 0->0 0->0 0->0 0->0 
0->0 0->0 0->6 0->0 0->0 0->0 0->0 0->0 0->0 0->0 0->0 0->0 0->0 0->0 0->0 100->0 85->0 154->0 104->0 71->0 173->0 105->0 68->0 167->0 0->0 0->0 0->0 0->0 0->0 0->0 0->0 0->0 0->0 0->0 0->0 0->0 
0->0 0->0 0->6 0->0 0->0 0->0 0->0 0->0 0->0 0->0 0->0 0->0 0->0 0->0 0->0 0->0 0->0 0->0 0->0 0->0 0->0 0->0 0->0 0->0 0->0 0->0 0->0 0->0 0->0 0->0 0->0 0->0 0->0 0->0 0->0 0->0 
0->0 0->0 0->6 0->0 0->0 0->0 0->0 0->0 0->0 0->0 0->0 0->0 0->0 0->0 0->0 0->0 0->0 0->0 93->0 97->0 88->0 113->0 127->0 107->0 87->0 100->0 98->0 0->0 0->0 0->0 0->0 0->0 0->0 0->0 0->0 0->0 
0->0 0->0 0->6 0->0 0->0 0->0 0->0 0->0 0->0 0->0 0->0 0->0 0->0 0->0 0->0 0->0 0->0 0->0 108->0 115->0 117->0 132->0 130->0 78->0 171->0 181->0 165->0 0->0 0->0 0->0 0->0 0->0 0->0 0->0 0->0 0->0 
0->0 0->0 0->6 0->0 0->0 0->0 0->0 0->0 0->0 0->0 0->0 0->0 0->0 0->0 0->0 0->0 0->0 0->0 100->0 85->0 154->0 104->0 71->0 173->0 105->0 68->0 167->0 0->0 0->0 0->0 0->0 0->0 0->0 0->0 0->0 0->0 
0->0 0->0 0->6 0->0 0->0 0->0 0->0 0->0 0->0 0->0 0->0 0->0 0->0 0->0 0->0 0->0 0->0 0->0 0->0 0->0 0->0 0->0 0->0 0->0 0->0 0->0 0->0 0->0 0->0 0->0 0->0 0->0 0->0 0->0 0->0 0->0 
0->0 0->0 0->6 0->0 0->0 0->0 0->0 0->0 0->0 0->0 0->0 0->0 0->0 0->0 0->0 0->0 0->0 0->0 0->0 0->0 0->0 93->0 97->0 88->0 113->0 127->0 107->0 87->0 100->0 98->0 0->0 0->0 0->0 0->0 0->0 0->0 
0->0 0->0 0->6 0->0 0->0 0->0 0->0 0->0 0->0 0->0 0->0 0->0 0->0 0->0 0->0 0->0 0->0 0->0 0->0 0->0 0->0 108->0 115->0 117->0 132->0 130->0 78->0 171->0 181->0 165->0 0->0 0->0 0->0 0->0 0->0 0->0 
0->0 0->0 0->6 0->0 0->0 0->0 0->0 0->0 0->0 0->0 0->0 0->0 0->0 0->0 0->0 0->0 0->0 0->0 0->0 0->0 0->0 100->0 85->0 154->0 104->0 71->0 173->0 105->0 68->0 167->0 0->0 0->0 0->0 0->0 0->0 0->0 
0->0 0->0 0->6 0->0 0->0 0->0 0->0 0->0 0->0 0->0 0->0 0->0 0->0 0->0 0->0 0->0 0->0 0->0 0->0 0->0 0->0 0->0 0->0 0->0 0->0 0->0 0->0 0->0 0->0 0->0 0->0 0->0 0->0 0->0 0->0 0->0 

93->0 97->0 88->0 113->0 127->0 107->0 87->0 100->0 98->0 0->0 0->0 0->0 0->0 0->0 0->0 0->0 0->0 0->0 0->0 0->0 0->4 0->0 0->0 0->38 0->0 0->11 0->59 0->0 0->14 0->63 0->0 0->0 0->0 0->0 0->0 0->0 
108->0 115->0 117->0 132->0 130->0 78->0 171->0 181->0 165->0 0->0 0->0 0->0 0->0 0->0 0->0 0->0 0->0 0->0 0->0 0->0 0->4 0->0 0->0 0->38 0->0 0->11 0->59 0->0 0->14 0->63 0->0 0->0 0->0 0->0 0->0 0->0 
100->0 85->0 154->0 104->0 71->0 173->0 105->0 68->0 167->0 0->0 0->0 0->0 0->0 0->0 0->0 0->0 0->0 0->0 0->0 0->0 0->4 0->0 0->0 0->38 0->0 0->11 0->59 0->0 0->14 0->63 0->0 0->0 0->0 0->0 0->0 0->0 
0->0 0->0 0->0 0->0 0->0 0->0 0->0 0->0 0->0 0->0 0->0 0->0 0->0 0->0 0->0 0->0 0->0 0->0 0->0 0->0 0->4 0->0 0->0 0->38 0->0 0->11 0->59 0->0 0->14 0->63 0->0 0->0 0->0 0->0 0->0 0->0 
0->0 0->0 0->0 93->0 97->0 88->0 113->0 127->0 107->0 87->0 100->0 98->0 0->0 0->0 0->0 0->0 0->0 0->0 0->0 0->0 0->4 0->0 0->0 0->38 0->0 0->11 0->59 0->0 0->14 0->63 0->0 0->0 0->0 0->0 0->0 0->0 
0->0 0->0 0->0 108->0 115->0 117->0 132->0 130->0 78->0 171->0 181->0 165->0 0->0 0->0 0->0 0->0 0->0 0->0 0->0 0->0 0->4 0->0 0->0 0->38 0->0 0->11 0->59 0->0 0->14 0->63 0->0 0->0 0->0 0->0 0->0 0->0 
0->0 0->0 0->0 100->0 85->0 154->0 104->0 71->0 173->0 105->0 68->0 167->0 0->0 0->0 0->0 0->0 0->0 0->0 0->0 0->0 0->4 0->0 0->0 0->38 0->0 0->11 0->59 0->0 0->14 0->63 0->0 0->0 0->0 0->0 0->0 0->0 
0->0 0->0 0->0 0->0 0->0 0->0 0->0 0->0 0->0 0->0 0->0 0->0 0->0 0->0 0->0 0->0 0->0 0->0 0->0 0->0 0->4 0->0 0->0 0->38 0->0 0->11 0->59 0->0 0->14 0->63 0->0 0->0 0->0 0->0 0->0 0->0 
0->0 0->0 0->0 0->0 0->0 0->0 93->0 97->0 88->0 113->0 127->0 107->0 87->0 100->0 98->0 0->0 0->0 0->0 0->0 0->0 0->4 0->0 0->0 0->38 0->0 0->11 0->59 0->0 0->14 0->63 0->0 0->0 0->0 0->0 0->0 0->0 
0->0 0->0 0->0 0->0 0->0 0->0 108->0 115->0 117->0 132->0 130->0 78->0 171->0 181->0 165->0 0->0 0->0 0->0 0->0 0->0 0->4 0->0 0->0 0->38 0->0 0->11 0->59 0->0 0->14 0->63 0->0 0->0 0->0 0->0 0->0 0->0 
0->0 0->0 0->0 0->0 0->0 0->0 100->0 85->0 154->0 104->0 71->0 173->0 105->0 68->0 167->0 0->0 0->0 0->0 0->0 0->0 0->4 0->0 0->0 0->38 0->0 0->11 0->59 0->0 0->14 0->63 0->0 0->0 0->0 0->0 0->0 0->0 
0->0 0->0 0->0 0->0 0->0 0->0 0->0 0->0 0->0 0->0 0->0 0->0 0->0 0->0 0->0 0->0 0->0 0->0 0->0 0->0 0->4 0->0 0->0 0->38 0->0 0->11 0->59 0->0 0->14 0->63 0->0 0->0 0->0 0->0 0->0 0->0 
0->0 0->0 0->0 0->0 0->0 0->0 0->0 0->0 0->0 93->0 97->0 88->0 113->0 127->0 107->0 87->0 100->0 98->0 0->0 0->0 0->4 0->0 0->0 0->38 0->0 0->11 0->59 0->0 0->14 0->63 0->0 0->0 0->0 0->0 0->0 0->0 
0->0 0->0 0->0 0->0 0->0 0->0 0->0 0->0 0->0 108->0 115->0 117->0 132->0 130->0 78->0 171->0 181->0 165->0 0->0 0->0 0->4 0->0 0->0 0->38 0->0 0->11 0->59 0->0 0->14 0->63 0->0 0->0 0->0 0->0 0->0 0->0 
0->0 0->0 0->0 0->0 0->0 0->0 0->0 0->0 0->0 100->0 85->0 154->0 104->0 71->0 173->0 105->0 68->0 167->0 0->0 0->0 0->4 0->0 0->0 0->38 0->0 0->11 0->59 0->0 0->14 0->63 0->0 0->0 0->0 0->0 0->0 0->0 
0->0 0->0 0->0 0->0 0->0 0->0 0->0 0->0 0->0 0->0 0->0 0->0 0->0 0->0 0->0 0->0 0->0 0->0 0->0 0->0 0->4 0->0 0->0 0->38 0->0 0->11 0->59 0->0 0->14 0->63 0->0 0->0 0->0 0->0 0->0 0->0 
0->0 0->0 0->0 0->0 0->0 0->0 0->0 0->0 0->0 0->0 0->0 0->0 93->0 97->0 88->0 113->0 127->0 107->0 87->0 100->0 98->4 0->0 0->0 0->38 0->0 0->11 0->59 0->0 0->14 0->63 0->0 0->0 0->0 0->0 0->0 0->0 
0->0 0->0 0->0 0->0 0->0 0->0 0->0 0->0 0->0 0->0 0->0 0->0 108->0 115->0 117->0 132->0 130->0 78->0 171->0 181->0 165->4 0->0 0->0 0->38 0->0 0->11 0->59 0->0 0->14 0->63 0->0 0->0 0->0 0->0 0->0 0->0 
0->0 0->0 0->0 0->0 0->0 0->0 0->0 0->0 0->0 0->0 0->0 0->0 100->0 85->0 154->0 104->0 71->0 173->0 105->0 68->0 167->4 0->0 0->0 0->38 0->0 0->11 0->59 0->0 0->14 0->63 0->0 0->0 0->0 0->0 0->0 0->0 
0->0 0->0 0->0 0->0 0->0 0->0 0->0 0->0 0->0 0->0 0->0 0->0 0->0 0->0 0->0 0->0 0->0 0->0 0->0 0->0 0->4 0->0 0->0 0->38 0->0 0->11 0->59 0->0 0->14 0->63 0->0 0->0 0->0 0->0 0->0 0->0 
0->0 0->0 0->0 0->0 0->0 0->0 0->0 0->0 0->0 0->0 0->0 0->0 0->0 0->0 0->0 93->0 97->0 88->0 113->0 127->0 107->4 87->0 100->0 98->38 0->0 0->11 0->59 0->0 0->14 0->63 0->0 0->0 0->0 0->0 0->0 0->0 
0->0 0->0 0->0 0->0 0->0 0->0 0->0 0->0 0->0 0->0 0->0 0->0 0->0 0->0 0->0 108->0 115->0 117->0 132->0 130->0 78->4 171->0 181->0 165->38 0->0 0->11 0->59 0->0 0->14 0->63 0->0 0->0 0->0 0->0 0->0 0->0 
0->0 0->0 0->0 0->0 0->0 0->0 0->0 0->0 0->0 0->0 0->0 0->0 0->0 0->0 0->0 100->0 85->0 154->0 104->0 71->0 173->4 105->0 68->0 167->38 0->0 0->11 0->59 0->0 0->14 0->63 0->0 0->0 0->0 0->0 0->0 0->0 
0->0 0->0 0->0 0->0 0->0 0->0 0->0 0->0 0->0 0->0 0->0 0->0 0->0 0->0 0->0 0->0 0->0 0->0 0->0 0->0 0->4 0->0 0->0 0->38 0->0 0->11 0->59 0->0 0->14 0->63 0->0 0->0 0->0 0->0 0->0 0->0 
0->0 0->0 0->0 0->0 0->0 0->0 0->0 0->0 0->0 0->0 0->0 0->0 0->0 0->0 0->0 0->0 0->0 0->0 93->0 97->0 88->4 113->0 127->0 107->38 87->0 100->11 98->59 0->0 0->14 0->63 0->0 0->0 0->0 0->0 0->0 0->0 
0->0 0->0 0->0 0->0 0->0 0->0 0->0 0->0 0->0 0->0 0->0 0->0 0->0 0->0 0->0 0->0 0->0 0->0 108->0 115->0 117->4 132->0 130->0 78->38 171->0 181->11 165->59 0->0 0->14 0->63 0->0 0->0 0->0 0->0 0->0 0->0 
0->0 0->0 0->0 0->0 0->0 0->0 0->0 0->0 0->0 0->0 0->0 0->0 0->0 0->0 0->0 0->0 0->0 0->0 100->0 85->0 154->4 104->0 71->0 173->38 105->0 68->11 167->59 0->0 0->14 0->63 0->0 0->0 0->0 0->0 0->0 0->0 
0->0 0->0 0->0 0->0 0->0 0->0 0->0 0->0 0->0 0->0 0->0 0->0 0->0 0->0 0->0 0->0 0->0 0->0 0->0 0->0 0->4 0->0 0->0 0->38 0->0 0->11 0->59 0->0 0->14 0->63 0->0 0->0 0->0 0->0 0->0 0->0 
0->0 0->0 0->0 0->0 0->0 0->0 0->0 0->0 0->0 0->0 0->0 0->0 0->0 0->0 0->0 0->0 0->0 0->0 0->0 0->0 0->4 93->0 97->0 88->38 113->0 127->11 107->59 87->0 100->14 98->63 0->0 0->0 0->0 0->0 0->0 0->0 
0->0 0->0 0->0 0->0 0->0 0->0 0->0 0->0 0->0 0->0 0->0 0->0 0->0 0->0 0->0 0->0 0->0 0->0 0->0 0->0 0->4 108->0 115->0 117->38 132->0 130->11 78->59 171->0 181->14 165->63 0->0 0->0 0->0 0->0 0->0 0->0 
0->0 0->0 0->0 0->0 0->0 0->0 0->0 0->0 0->0 0->0 0->0 0->0 0->0 0->0 0->0 0->0 0->0 0->0 0->0 0->0 0->4 100->0 85->0 154->38 104->0 71->11 173->59 105->0 68->14 167->63 0->0 0->0 0->0 0->0 0->0 0->0 
0->0 0->0 0->0 0->0 0->0 0->0 0->0 0->0 0->0 0->0 0->0 0->0 0->0 0->0 0->0 0->0 0->0 0->0 0->0 0->0 0->4 0->0 0->0 0->38 0->0 0->11 0->59 0->0 0->14 0->63 0->0 0->0 0->0 0->0 0->0 0->0 

93->0 97->11 88->59 113->0 127->14 107->63 87->0 100->16 98->63 0->0 0->48 0->63 0->8 0->55 0->60 0->32 0->63 0->43 0->54 0->60 0->15 0->54 0->50 0->0 0->55 0->50 0->0 0->63 0->50 0->0 0->0 0->0 0->0 0->0 0->0 0->0 
108->0 115->11 117->59 132->0 130->14 78->63 171->0 181->16 165->63 0->0 0->48 0->63 0->8 0->55 0->60 0->32 0->63 0->43 0->54 0->60 0->15 0->54 0->50 0->0 0->55 0->50 0->0 0->63 0->50 0->0 0->0 0->0 0->0 0->0 0->0 0->0 
100->0 85->11 154->59 104->0 71->14 173->63 105->0 68->16 167->63 0->0 0->48 0->63 0->8 0->55 0->60 0->32 0->63 0->43 0->54 0->60 0->15 0->54 0->50 0->0 0->55 0->50 0->0 0->63 0->50 0->0 0->0 0->0 0->0 0->0 0->0 0->0 
0->0 0->11 0->59 0->0 0->14 0->63 0->0 0->16 0->63 0->0 0->48 0->63 0->8 0->55 0->60 0->32 0->63 0->43 0->54 0->60 0->15 0->54 0->50 0->0 0->55 0->50 0->0 0->63 0->50 0->0 0->0 0->0 0->0 0->0 0->0 0->0 
0->0 0->11 0->59 93->0 97->14 88->63 113->0 127->16 107->63 87->0 100->48 98->63 0->8 0->55 0->60 0->32 0->63 0->43 0->54 0->60 0->15 0->54 0->50 0->0 0->55 0->50 0->0 0->63 0->50 0->0 0->0 0->0 0->0 0->0 0->0 0->0 
0->0 0->11 0->59 108->0 115->14 117->63 132->0 130->16 78->63 171->0 181->48 165->63 0->8 0->55 0->60 0->32 0->63 0->43 0->54 0->60 0->15 0->54 0->50 0->0 0->55 0->50 0->0 0->63 0->50 0->0 0->0 0->0 0->0 0->0 0->0 0->0 
0->0 0->11 0->59 100->0 85->14 154->63 104->0 71->16 173->63 105->0 68->48 167->63 0->8 0->55 0->60 0->32 0->63 0->43 0->54 0->60 0->15 0->54 0->50 0->0 0->55 0->50 0->0 0->63 0->50 0->0 0->0 0->0 0->0 0->0 0->0 0->0 
0->0 0->11 0->59 0->0 0->14 0->63 0->0 0->16 0->63 0->0 0->48 0->63 0->8 0->55 0->60 0->32 0->63 0->43 0->54 0->60 0->15 0->54 0->50 0->0 0->55 0->50 0->0 0->63 0->50 0->0 0->0 0->0 0->0 0->0 0->0 0->0 
0->0 0->11 0->59 0->0 0->14 0->63 93->0 97->16 88->63 113->0 127->48 107->63 87->8 100->55 98->60 0->32 0->63 0->43 0->54 0->60 0->15 0->54 0->50 0->0 0->55 0->50 0->0 0->63 0->50 0->0 0->0 0->0 0->0 0->0 0->0 0->0 
0->0 0->11 0->59 0->0 0->14 0->63 108->0 115->16 117->63 132->0 130->48 78->63 171->8 181->55 165->60 0->32 0->63 0->43 0->54 0->60 0->15 0->54 0->50 0->0 0->55 0->50 0->0 0->63 0->50 0->0 0->0 0->0 0->0 0->0 0->0 0->0 
0->0 0->11 0->59 0->0 0->14 0->63 100->0 85->16 154->63 104->0 71->48 173->63 105->8 68->55 167->60 0->32 0->63 0->43 0->54 0->60 0->15 0->54 0->50 0->0 0->55 0->50 0->0 0->63 0->50 0->0 0->0 0->0 0->0 0->0 0->0 0->0 
0->0 0->11 0->59 0->0 0->14 0->63 0->0 0->16 0->63 0->0 0->48 0->63 0->8 0->55 0->60 0->32 0->63 0->43 0->54 0->60 0->15 0->54 0->50 0->0 0->55 0->50 0->0 0->63 0->50 0->0 0->0 0->0 0->0 0->0 0->0 0->0 
0->0 0->11 0->59 0->0 0->14 0->63 0->0 0->16 0->63 93->0 97->48 88->63 113->8 127->55 107->60 87->32 100->63 98->43 0->54 0->60 0->15 0->54 0->50 0->0 0->55 0->50 0->0 0->63 0->50 0->0 0->0 0->0 0->0 0->0 0->0 0->0 
0->0 0->11 0->59 0->0 0->14 0->63 0->0 0->16 0->63 108->0 115->48 117->63 132->8 130->55 78->60 171->32 181->63 165->43 0->54 0->60 0->15 0->54 0->50 0->0 0->55 0->50 0->0 0->63 0->50 0->0 0->0 0->0 0->0 0->0 0->0 0->0 
0->0 0->11 0->59 0->0 0->14 0->63 0->0 0->16 0->63 100->0 85->48 154->63 104->8 71->55 173->60 105->32 68->63 167->43 0->54 0->60 0->15 0->54 0->50 0->0 0->55 0->50 0->0 0->63 0->50 0->0 0->0 0->0 0->0 0->0 0->0 0->0 
0->0 0->11 0->59 0->0 0->14 0->63 0->0 0->16 0->63 0->0 0->48 0->63 0->8 0->55 0->60 0->32 0->63 0->43 0->54 0->60 0->15 0->54 0->50 0->0 0->55 0->50 0->0 0->63 0->50 0->0 0->0 0->0 0->0 0->0 0->0 0->0 
0->0 0->11 0->59 0->0 0->14 0->63 0->0 0->16 0->63 0->0 0->48 0->63 93->8 97->55 88->60 113->32 127->63 107->43 87->54 100->60 98->15 0->54 0->50 0->0 0->55 0->50 0->0 0->63 0->50 0->0 0->0 0->0 0->0 0->0 0->0 0->0 
0->0 0->11 0->59 0->0 0->14 0->63 0->0 0->16 0->63 0->0 0->48 0->63 108->8 115->55 117->60 132->32 130->63 78->43 171->54 181->60 165->15 0->54 0->50 0->0 0->55 0->50 0->0 0->63 0->50 0->0 0->0 0->0 0->0 0->0 0->0 0->0 
0->0 0->11 0->59 0->0 0->14 0->63 0->0 0->16 0->63 0->0 0->48 0->63 100->8 85->55 154->60 104->32 71->63 173->43 105->54 68->60 167->15 0->54 0->50 0->0 0->55 0->50 0->0 0->63 0->50 0->0 0->0 0->0 0->0 0->0 0->0 0->0 
0->0 0->11 0->59 0->0 0->14 0->63 0->0 0->16 0->63 0->0 0->48 0->63 0->8 0->55 0->60 0->32 0->63 0->43 0->54 0->60 0->15 0->54 0->50 0->0 0->55 0->50 0->0 0->63 0->50 0->0 0->0 0->0 0->0 0->0 0->0 0->0 
0->0 0->11 0->59 0->0 0->14 0->63 0->0 0->16 0->63 0->0 0->48 0->63 0->8 0->55 0->60 93->32 97->63 88->43 113->54 127->60 107->15 87->54 100->50 98->0 0->55 0->50 0->0 0->63 0->50 0->0 0->0 0->0 0->0 0->0 0->0 0->0 
0->0 0->11 0->59 0->0 0->14 0->63 0->0 0->16 0->63 0->0 0->48 0->63 0->8 0->55 0->60 108->32 115->63 117->43 132->54 130->60 78->15 171->54 181->50 165->0 0->55 0->50 0->0 0->63 0->50 0->0 0->0 0->0 0->0 0->0 0->0 0->0 
0->0 0->11 0->59 0->0 0->14 0->63 0->0 0->16 0->63 0->0 0->48 0->63 0->8 0->55 0->60 100->32 85->63 154->43 104->54 71->60 173->15 105->54 68->50 167->0 0->55 0->50 0->0 0->63 0->50 0->0 0->0 0->0 0->0 0->0 0->0 0->0 
0->0 0->11 0->59 0->0 0->14 0->63 0->0 0->16 0->63 0->0 0->48 0->63 0->8 0->55 0->60 0->32 0->63 0->43 0->54 0->60 0->15 0->54 0->50 0->0 0->55 0->50 0->0 0->63 0->50 0->0 0->0 0->0 0->0 0->0 0->0 0->0 
0->0 0->11 0->59 0->0 0->14 0->63 0->0 0->16 0->63 0->0 0->48 0->63 0->8 0->55 0->60 0->32 0->63 0->43 93->54 97->60 88->15 113->54 127->50 107->0 87->55 100->50 98->0 0->63 0->50 0->0 0->0 0->0 0->0 0->0 0->0 0->0 
0->0 0->11 0->59 0->0 0->14 0->63 0->0 0->16 0->63 0->0 0->48 0->63 0->8 0->55 0->60 0->32 0->63 0->43 108->54 115->60 117->15 132->54 130->50 78->0 171->55 181->50 165->0 0->63 0->50 0->0 0->0 0->0 0->0 0->0 0->0 0->0 
0->0 0->11 0->59 0->0 0->14 0->63 0->0 0->16 0->63 0->0 0->48 0->63 0->8 0->55 0->60 0->32 0->63 0->43 100->54 85->60 154->15 104->54 71->50 173->0 105->55 68->50 167->0 0->63 0->50 0->0 0->0 0->0 0->0 0->0 0->0 0->0 
0->0 0->11 0->59 0->0 0->14 0->63 0->0 0->16 0->63 0->0 0->48 0->63 0->8 0->55 0->60 0->32 0->63 0->43 0->54 0->60 0->15 0->54 0->50 0->0 0->55 0->50 0->0 0->63 0->50 0->0 0->0 0->0 0->0 0->0 0->0 0->0 
0->0 0->11 0->59 0->0 0->14 0->63 0->0 0->16 0->63 0->0 0->48 0->63 0->8 0->55 0->60 0->32 0->63 0->43 0->54 0->60 0->15 93->54 97->50 88->0 113->55 127->50 107->0 87->63 100->50 98->0 0->0 0->0 0->0 0->0 0->0 0->0 
0->0 0->11 0->59 0->0 0->14 0->63 0->0 0->16 0->63 0->0 0->48 0->63 0->8 0->55 0->60 0->32 0->63 0->43 0->54 0->60 0->15 108->54 115->50 117->0 132->55 130->50 78->0 171->63 181->50 165->0 0->0 0->0 0->0 0->0 0->0 0->0 
0->0 0->11 0->59 0->0 0->14 0->63 0->0 0->16 0->63 0->0 0->48 0->63 0->8 0->55 0->60 0->32 0->63 0->43 0->54 0->60 0->15 100->54 85->50 154->0 104->55 71->50 173->0 105->63 68->50 167->0 0->0 0->0 0->0 0->0 0->0 0->0 
0->0 0->11 0->59 0->0 0->14 0->63 0->0 0->16 0->63 0->0 0->48 0->63 0->8 0->55 0->60 0->32 0->63 0->43 0->54 0->60 0->15 0->54 0->50 0->0 0->55 0->50 0->0 0->63 0->50 0->0 0->0 0->0 0->0 0->0 0->0 0->0 

93->55 97->50 88->0 113->63 127->50 107->0 87->63 100->50 98->0 0->63 0->50 0->0 0->60 0->50 0->0 0->54 0->53 0->5 0->54 0->63 0->51 0->20 0->51 0->63 0->0 0->6 0->52 0->0 0->0 0->0 0->0 0->0 0->0 0->0 0->0 0->0 
108->55 115->50 117->0 132->63 130->50 78->0 171->63 181->50 165->0 0->63 0->50 0->0 0->60 0->50 0->0 0->54 0->53 0->5 0->54 0->63 0->51 0->20 0->51 0->63 0->0 0->6 0->52 0->0 0->0 0->0 0->0 0->0 0->0 0->0 0->0 0->0 
100->55 85->50 154->0 104->63 71->50 173->0 105->63 68->50 167->0 0->63 0->50 0->0 0->60 0->50 0->0 0->54 0->53 0->5 0->54 0->63 0->51 0->20 0->51 0->63 0->0 0->6 0->52 0->0 0->0 0->0 0->0 0->0 0->0 0->0 0->0 0->0 
0->55 0->50 0->0 0->63 0->50 0->0 0->63 0->50 0->0 0->63 0->50 0->0 0->60 0->50 0->0 0->54 0->53 0->5 0->54 0->63 0->51 0->20 0->51 0->63 0->0 0->6 0->52 0->0 0->0 0->0 0->0 0->0 0->0 0->0 0->0 0->0 
0->55 0->50 0->0 93->63 97->50 88->0 113->63 127->50 107->0 87->63 100->50 98->0 0->60 0->50 0->0 0->54 0->53 0->5 0->54 0->63 0->51 0->20 0->51 0->63 0->0 0->6 0->52 0->0 0->0 0->0 0->0 0->0 0->0 0->0 0->0 0->0 
0->55 0->50 0->0 108->63 115->50 117->0 132->63 130->50 78->0 171->63 181->50 165->0 0->60 0->50 0->0 0->54 0->53 0->5 0->54 0->63 0->51 0->20 0->51 0->63 0->0 0->6 0->52 0->0 0->0 0->0 0->0 0->0 0->0 0->0 0->0 0->0 
0->55 0->50 0->0 100->63 85->50 154->0 104->63 71->50 173->0 105->63 68->50 167->0 0->60 0->50 0->0 0->54 0->53 0->5 0->54 0->63 0->51 0->20 0->51 0->63 0->0 0->6 0->52 0->0 0->0 0->0 0->0 0->0 0->0 0->0 0->0 0->0 
0->55 0->50 0->0 0->63 0->50 0->0 0->63 0->50 0->0 0->63 0->50 0->0 0->60 0->50 0->0 0->54 0->53 0->5 0->54 0->63 0->51 0->20 0->51 0->63 0->0 0->6 0->52 0->0 0->0 0->0 0->0 0->0 0->0 0->0 0->0 0->0 
0->55 0->50 0->0 0->63 0->50 0->0 93->63 97->50 88->0 113->63 127->50 107->0 87->60 100->50 98->0 0->54 0->53 0->5 0->54 0->63 0->51 0->20 0->51 0->63 0->0 0->6 0->52 0->0 0->0 0->0 0->0 0->0 0->0 0->0 0->0 0->0 
0->55 0->50 0->0 0->63 0->50 0->0 108->63 115->50 117->0 132->63 130->50 78->0 171->60 181->50 165->0 0->54 0->53 0->5 0->54 0->63 0->51 0->20 0->51 0->63 0->0 0->6 0->52 0->0 0->0 0->0 0->0 0->0 0->0 0->0 0->0 0->0 
0->55 0->50 0->0 0->63 0->50 0->0 100->63 85->50 154->0 104->63 71->50 173->0 105->60 68->50 167->0 0->54 0->53 0->5 0->54 0->63 0->51 0->20 0->51 0->63 0->0 0->6 0->52 0->0 0->0 0->0 0->0 0->0 0->0 0->0 0->0 0->0 
0->55 0->50 0->0 0->63 0->50 0->0 0->63 0->50 0->0 0->63 0->50 0->0 0->60 0->50 0->0 0->54 0->53 0->5 0->54 0->63 0->51 0->20 0->51 0->63 0->0 0->6 0->52 0->0 0->0 0->0 0->0 0->0 0->0 0->0 0->0 0->0 
0->55 0->50 0->0 0->63 0->50 0->0 0->63 0->50 0->0 93->63 97->50 88->0 113->60 127->50 107->0 87->54 100->53 98->5 0->54 0->63 0->51 0->20 0->51 0->63 0->0 0->6 0->52 0->0 0->0 0->0 0->0 0->0 0->0 0->0 0->0 0->0 
0->55 0->50 0->0 0->63 0->50 0->0 0->63 0->50 0->0 108->63 115->50 117->0 132->60 130->50 78->0 171->54 181->53 165->5 0->54 0->63 0->51 0->20 0->51 0->63 0->0 0->6 0->52 0->0 0->0 0->0 0->0 0->0 0->0 0->0 0->0 0->0 
0->55 0->50 0->0 0->63 0->50 0->0 0->63 0->50 0->0 100->63 85->50 154->0 104->60 71->50 173->0 105->54 68->53 167->5 0->54 0->63 0->51 0->20 0->51 0->63 0->0 0->6 0->52 0->0 0->0 0->0 0->0 0->0 0->0 0->0 0->0 0->0 
0->55 0->50 0->0 0->63 0->50 0->0 0->63 0->50 0->0 0->63 0->50 0->0 0->60 0->50 0->0 0->54 0->53 0->5 0->54 0->63 0->51 0->20 0->51 0->63 0->0 0->6 0->52 0->0 0->0 0->0 0->0 0->0 0->0 0->0 0->0 0->0 
0->55 0->50 0->0 0->63 0->50 0->0 0->63 0->50 0->0 0->63 0->50 0->0 93->60 97->50 88->0 113->54 127->53 107->5 87->54 100->63 98->51 0->20 0->51 0->63 0->0 0->6 0->52 0->0 0->0 0->0 0->0 0->0 0->0 0->0 0->0 0->0 
0->55 0->50 0->0 0->63 0->50 0->0 0->63 0->50 0->0 0->63 0->50 0->0 108->60 115->50 117->0 132->54 130->53 78->5 171->54 181->63 165->51 0->20 0->51 0->63 0->0 0->6 0->52 0->0 0->0 0->0 0->0 0->0 0->0 0->0 0->0 0->0 
0->55 0->50 0->0 0->63 0->50 0->0 0->63 0->50 0->0 0->63 0->50 0->0 100->60 85->50 154->0 104->54 71->53 173->5 105->54 68->63 167->51 0->20 0->51 0->63 0->0 0->6 0->52 0->0 0->0 0->0 0->0 0->0 0->0 0->0 0->0 0->0 
0->55 0->50 0->0 0->63 0->50 0->0 0->63 0->50 0->0 0->63 0->50 0->0 0->60 0->50 0->0 0->54 0->53 0->5 0->54 0->63 0->51 0->20 0->51 0->63 0->0 0->6 0->52 0->0 0->0 0->0 0->0 0->0 0->0 0->0 0->0 0->0 
0->55 0->50 0->0 0->63 0->50 0->0 0->63 0->50 0->0 0->63 0->50 0->0 0->60 0->50 0->0 93->54 97->53 88->5 113->54 127->63 107->51 87->20 100->51 98->63 0->0 0->6 0->52 0->0 0->0 0->0 0->0 0->0 0->0 0->0 0->0 0->0 
0->55 0->50 0->0 0->63 0->50 0->0 0->63 0->50 0->0 0->63 0->50 0->0 0->60 0->50 0->0 108->54 115->53 117->5 132->54 130->63 78->51 171->20 181->51 165->63 0->0 0->6 0->52 0->0 0->0 0->0 0->0 0->0 0->0 0->0 0->0 0->0 
0->55 0->50 0->0 0->63 0->50 0->0 0->63 0->50 0->0 0->63 0->50 0->0 0->60 0->50 0->0 100->54 85->53 154->5 104->54 71->63 173->51 105->20 68->51 167->63 0->0 0->6 0->52 0->0 0->0 0->0 0->0 0->0 0->0 0->0 0->0 0->0 
0->55 0->50 0->0 0->63 0->50 0->0 0->63 0->50 0->0 0->63 0->50 0->0 0->60 0->50 0->0 0->54 0->53 0->5 0->54 0->63 0->51 0->20 0->51 0->63 0->0 0->6 0->52 0->0 0->0 0->0 0->0 0->0 0->0 0->0 0->0 0->0 
0->55 0->50 0->0 0->63 0->50 0->0 0->63 0->50 0->0 0->63 0->50 0->0 0->60 0->50 0->0 0->54 0->53 0->5 93->54 97->63 88->51 113->20 127->51 107->63 87->0 100->6 98->52 0->0 0->0 0->0 0->0 0->0 0->0 0->0 0->0 0->0 
0->55 0->50 0->0 0->63 0->50 0->0 0->63 0->50 0->0 0->63 0->50 0->0 0->60 0->50 0->0 0->54 0->53 0->5 108->54 115->63 117->51 132->20 130->51 78->63 171->0 181->6 165->52 0->0 0->0 0->0 0->0 0->0 0->0 0->0 0->0 0->0 
0->55 0->50 0->0 0->63 0->50 0->0 0->63 0->50 0->0 0->63 0->50 0->0 0->60 0->50 0->0 0->54 0->53 0->5 100->54 85->63 154->51 104->20 71->51 173->63 105->0 68->6 167->52 0->0 0->0 0->0 0->0 0->0 0->0 0->0 0->0 0->0 
0->55 0->50 0->0 0->63 0->50 0->0 0->63 0->50 0->0 0->63 0->50 0->0 0->60 0->50 0->0 0->54 0->53 0->5 0->54 0->63 0->51 0->20 0->51 0->63 0->0 0->6 0->52 0->0 0->0 0->0 0->0 0->0 0->0 0->0 0->0 0->0 
0->55 0->50 0->0 0->63 0->50 0->0 0->63 0->50 0->0 0->63 0->50 0->0 0->60 0->50 0->0 0->54 0->53 0->5 0->54 0->63 0->51 93->20 97->51 88->63 113->0 127->6 107->52 87->0 100->0 98->0 0->0 0->0 0->0 0->0 0->0 0->0 
0->55 0->50 0->0 0->63 0->50 0->0 0->63 0->50 0->0 0->63 0->50 0->0 0->60 0->50 0->0 0->54 0->53 0->5 0->54 0->63 0->51 108->20 115->51 117->63 132->0 130->6 78->52 171->0 181->0 165->0 0->0 0->0 0->0 0->0 0->0 0->0 
0->55 0->50 0->0 0->63 0->50 0->0 0->63 0->50 0->0 0->63 0->50 0->0 0->60 0->50 0->0 0->54 0->53 0->5 0->54 0->63 0->51 100->20 85->51 154->63 104->0 71->6 173->52 105->0 68->0 167->0 0->0 0->0 0->0 0->0 0->0 0->0 
0->55 0->50 0->0 0->63 0->50 0->0 0->63 0->50 0->0 0->63 0->50 0->0 0->60 0->50 0->0 0->54 0->53 0->5 0->54 0->63 0->51 0->20 0->51 0->63 0->0 0->6 0->52 0->0 0->0 0->0 0->0 0->0 0->0 0->0 0->0 0->0 

93->0 97->6 88->52 113->0 127->0 107->0 87->0 100->0 98->0 0->0 0->0 0->0 0->0 0->0 0->0 0->0 0->0 0->0 0->0 0->0 0->0 0->0 0->0 0->0 0->0 0->0 0->0 0->0 0->0 0->0 0->0 0->0 0->0 0->0 0->0 0->0 
108->0 115->6 117->52 132->0 130->0 78->0 171->0 181->0 165->0 0->0 0->0 0->0 0->0 0->0 0->0 0->0 0->0 0->0 0->0 0->0 0->0 0->0 0->0 0->0 0->0 0->0 0->0 0->0 0->0 0->0 0->0 0->0 0->0 0->0 0->0 0->0 
100->0 85->6 154->52 104->0 71->0 173->0 105->0 68->0 167->0 0->0 0->0 0->0 0->0 0->0 0->0 0->0 0->0 0->0 0->0 0->0 0->0 0->0 0->0 0->0 0->0 0->0 0->0 0->0 0->0 0->0 0->0 0->0 0->0 0->0 0->0 0->0 
0->0 0->6 0->52 0->0 0->0 0->0 0->0 0->0 0->0 0->0 0->0 0->0 0->0 0->0 0->0 0->0 0->0 0->0 0->0 0->0 0->0 0->0 0->0 0->0 0->0 0->0 0->0 0->0 0->0 0->0 0->0 0->0 0->0 0->0 0->0 0->0 
0->0 0->6 0->52 93->0 97->0 88->0 113->0 127->0 107->0 87->0 100->0 98->0 0->0 0->0 0->0 0->0 0->0 0->0 0->0 0->0 0->0 0->0 0->0 0->0 0->0 0->0 0->0 0->0 0->0 0->0 0->0 0->0 0->0 0->0 0->0 0->0 
0->0 0->6 0->52 108->0 115->0 117->0 132->0 130->0 78->0 171->0 181->0 165->0 0->0 0->0 0->0 0->0 0->0 0->0 0->0 0->0 0->0 0->0 0->0 0->0 0->0 0->0 0->0 0->0 0->0 0->0 0->0 0->0 0->0 0->0 0->0 0->0 
0->0 0->6 0->52 100->0 85->0 154->0 104->0 71->0 173->0 105->0 68->0 167->0 0->0 0->0 0->0 0->0 0->0 0->0 0->0 0->0 0->0 0->0 0->0 0->0 0->0 0->0 0->0 0->0 0->0 0->0 0->0 0->0 0->0 0->0 0->0 0->0 
0->0 0->6 0->52 0->0 0->0 0->0 0->0 0->0 0->0 0->0 0->0 0->0 0->0 0->0 0->0 0->0 0->0 0->0 0->0 0->0 0->0 0->0 0->0 0->0 0->0 0->0 0->0 0->0 0->0 0->0 0->0 0->0 0->0 0->0 0->0 0->0 
0->0 0->6 0->52 0->0 0->0 0->0 93->0 97->0 88->0 113->0 127->0 107->0 87->0 100->0 98->0 0->0 0->0 0->0 0->0 0->0 0->0 0->0 0->0 0->0 0->0 0->0 0->0 0->0 0->0 0->0 0->0 0->0 0->0 0->0 0->0 0->0 
0->0 0->6 0->52 0->0 0->0 0->0 108->0 115->0 117->0 132->0 130->0 78->0 171->0 181->0 165->0 0->0 0->0 0->0 0->0 0->0 0->0 0->0 0->0 0->0 0->0 0->0 0->0 0->0 0->0 0->0 0->0 0->0 0->0 0->0 0->0 0->0 
0->0 0->6 0->52 0->0 0->0 0->0 100->0 85->0 154->0 104->0 71->0 173->0 105->0 68->0 167->0 0->0 0->0 0->0 0->0 0->0 0->0 0->0 0->0 0->0 0->0 0->0 0->0 0->0 0->0 0->0 0->0 0->0 0->0 0->0 0->0 0->0 
0->0 0->6 0->52 0->0 0->0 0->0 0->0 0->0 0->0 0->0 0->0 0->0 0->0 0->0 0->0 0->0 0->0 0->0 0->0 0->0 0->0 0->0 0->0 0->0 0->0 0->0 0->0 0->0 0->0 0->0 0->0 0->0 0->0 0->0 0->0 0->0 
0->0 0->6 0->52 0->0 0->0 0->0 0->0 0->0 0->0 93->0 97->0 88->0 113->0 127->0 107->0 87->0 100->0 98->0 0->0 0->0 0->0 0->0 0->0 0->0 0->0 0->0 0->0 0->0 0->0 0->0 0->0 0->0 0->0 0->0 0->0 0->0 
0->0 0->6 0->52 0->0 0->0 0->0 0->0 0->0 0->0 108->0 115->0 117->0 132->0 130->0 78->0 171->0 181->0 165->0 0->0 0->0 0->0 0->0 0->0 0->0 0->0 0->0 0->0 0->0 0->0 0->0 0->0 0->0 0->0 0->0 0->0 0->0 
0->0 0->6 0->52 0->0 0->0 0->0 0->0 0->0 0->0 100->0 85->0 154->0 104->0 71->0 173->0 105->0 68->0 167->0 0->0 0->0 0->0 0->0 0->0 0->0 0->0 0->0 0->0 0->0 0->0 0->0 0->0 0->0 0->0 0->0 0->0 0->0 
0->0 0->6 0->52 0->0 0->0 0->0 0->0 0->0 0->0 0->0 0->0 0->0 0->0 0->0 0->0 0->0 0->0 0->0 0->0 0->0 0->0 0->0 0->0 0->0 0->0 0->0 0->0 0->0 0->0 0->0 0->0 0->0 0->0 0->0 0->0 0->0 
0->0 0->6 0->52 0->0 0->0 0->0 0->0 0->0 0->0 0->0 0->0 0->0 93->0 97->0 88->0 113->0 127->0 107->0 87->0 100->0 98->0 0->0 0->0 0->0 0->0 0->0 0->0 0->0 0->0 0->0 0->0 0->0 0->0 0->0 0->0 0->0 
0->0 0->6 0->52 0->0 0->0 0->0 0->0 0->0 0->0 0->0 0->0 0->0 108->0 115->0 117->0 132->0 130->0 78->0 171->0 181->0 165->0 0->0 0->0 0->0 0->0 0->0 0->0 0->0 0->0 0->0 0->0 0->0 0->0 0->0 0->0 0->0 
0->0 0->6 0->52 0->0 0->0 0->0 0->0 0->0 0->0 0->0 0->0 0->0 100->0 85->0 154->0 104->0 71->0 173->0 105->0 68->0 167->0 0->0 0->0 0->0 0->0 0->0 0->0 0->0 0->0 0->0 0->0 0->0 0->0 0->0 0->0 0->0 
0->0 0->6 0->52 0->0 0->0 0->0 0->0 0->0 0->0 0->0 0->0 0->0 0->0 0->0 0->0 0->0 0->0 0->0 0->0 0->0 0->0 0->0 0->0 0->0 0->0 0->0 0->0 0->0 0->0 0->0 0->0 0->0 0->0 0->0 0->0 0->0 
0->0 0->6 0->52 0->0 0->0 0->0 0->0 0->0 0->0 0->0 0->0 0->0 0->0 0->0 0->0 93->0 97->0 88->0 113->0 127->0 107->0 87->0 100->0 98->0 0->0 0->0 0->0 0->0 0->0 0->0 0->0 0->0 0->0 0->0 0->0 0->0 
0->0 0->6 0->52 0->0 0->0 0->0 0->0 0->0 0->0 0->0 0->0 0->0 0->0 0->0 0->0 108->0 115->0 117->0 132->0 130->0 78->0 171->0 181->0 165->0 0->0 0->0 0->0 0->0 0->0 0->0 0->0 0->0 0->0 0->0 0->0 0->0 
0->0 0->6 0->52 0->0 0->0 0->0 0->0 0->0 0->0 0->0 0->0 0->0 0->0 0->0 0->0 100->0 85->0 154->0 104->0 71->0 173->0 105->0 68->0 167->0 0->0 0->0 0->0 0->0 0->0 0->0 0->0 0->0 0->0 0->0 0->0 0->0 
0->0 0->6 0->52 0->0 0->0 0->0 0->0 0->0 0->0 0->0 0->0 0->0 0->0 0->0 0->0 0->0 0->0 0->0 0->0 0->0 0->0 0->0 0->0 0->0 0->0 0->0 0->0 0->0 0->0 0->0 0->0 0->0 0->0 0->0 0->0 0->0 
0->0 0->6 0->52 0->0 0->0 0->0 0->0 0->0 0->0 0->0 0->0 0->0 0->0 0->0 0->0 0->0 0->0 0->0 93->0 97->0 88->0 113->0 127->0 107->0 87->0 100->0 98->0 0->0 0->0 0->0 0->0 0->0 0->0 0->0 0->0 0->0 
0->0 0->6 0->52 0->0 0->0 0->0 0->0 0->0 0->0 0->0 0->0 0->0 0->0 0->0 0->0 0->0 0->0 0->0 108->0 115->0 117->0 132->0 130->0 78->0 171->0 181->0 165->0 0->0 0->0 0->0 0->0 0->0 0->0 0->0 0->0 0->0 
0->0 0->6 0->52 0->0 0->0 0->0 0->0 0->0 0->0 0->0 0->0 0->0 0->0 0->0 0->0 0->0 0->0 0->0 100->0 85->0 154->0 104->0 71->0 173->0 105->0 68->0 167->0 0->0 0->0 0->0 0->0 0->0 0->0 0->0 0->0 0->0 
0->0 0->6 0->52 0->0 0->0 0->0 0->0 0->0 0->0 0->0 0->0 0->0 0->0 0->0 0->0 0->0 0->0 0->0 0->0 0->0 0->0 0->0 0->0 0->0 0->0 0->0 0->0 0->0 0->0 0->0 0->0 0->0 0->0 0->0 0->0 0->0 
0->0 0->6 0->52 0->0 0->0 0->0 0->0 0->0 0->0 0->0 0->0 0->0 0->0 0->0 0->0 0->0 0->0 0->0 0->0 0->0 0->0 93->0 97->0 88->0 113->0 127->0 107->0 87->0 100->0 98->0 0->0 0->0 0->0 0->0 0->0 0->0 
0->0 0->6 0->52 0->0 0->0 0->0 0->0 0->0 0->0 0->0 0->0 0->0 0->0 0->0 0->0 0->0 0->0 0->0 0->0 0->0 0->0 108->0 115->0 117->0 132->0 130->0 78->0 171->0 181->0 165->0 0->0 0->0 0->0 0->0 0->0 0->0 
0->0 0->6 0->52 0->0 0->0 0->0 0->0 0->0 0->0 0->0 0->0 0->0 0->0 0->0 0->0 0->0 0->0 0->0 0->0 0->0 0->0 100->0 85->0 154->0 104->0 71->0 173->0 105->0 68->0 167->0 0->0 0->0 0->0 0->0 0->0 0->0 
0->0 0->6 0->52 0->0 0->0 0->0 0->0 0->0 0->0 0->0 0->0 0->0 0->0 0->0 0->0 0->0 0->0 0->0 0->0 0->0 0->0 0->0 0->0 0->0 0->0 0->0 0->0 0->0 0->0 0->0 0->0 0->0 0->0 0->0 0->0 0->0 

93->0 97->0 88->0 113->0 127->0 107->0 87->0 100->0 98->0 0->0 0->0 0->0 0->0 0->0 0->0 0->0 0->0 0->0 0->0 0->4 0->45 0->0 0->38 0->63 0->11 0->59 0->63 0->14 0->63 0->63 0->0 0->0 0->0 0->0 0->0 0->0 
108->0 115->0 117->0 132->0 130->0 78->0 171->0 181->0 165->0 0->0 0->0 0->0 0->0 0->0 0->0 0->0 0->0 0->0 0->0 0->4 0->45 0->0 0->38 0->63 0->11 0->59 0->63 0->14 0->63 0->63 0->0 0->0 0->0 0->0 0->0 0->0 
100->0 85->0 154->0 104->0 71->0 173->0 105->0 68->0 167->0 0->0 0->0 0->0 0->0 0->0 0->0 0->0 0->0 0->0 0->0 0->4 0->45 0->0 0->38 0->63 0->11 0->59 0->63 0->14 0->63 0->63 0->0 0->0 0->0 0->0 0->0 0->0 
0->0 0->0 0->0 0->0 0->0 0->0 0->0 0->0 0->0 0->0 0->0 0->0 0->0 0->0 0->0 0->0 0->0 0->0 0->0 0->4 0->45 0->0 0->38 0->63 0->11 0->59 0->63 0->14 0->63 0->63 0->0 0->0 0->0 0->0 0->0 0->0 
0->0 0->0 0->0 93->0 97->0 88->0 113->0 127->0 107->0 87->0 100->0 98->0 0->0 0->0 0->0 0->0 0->0 0->0 0->0 0->4 0->45 0->0 0->38 0->63 0->11 0->59 0->63 0->14 0->63 0->63 0->0 0->0 0->0 0->0 0->0 0->0 
0->0 0->0 0->0 108->0 115->0 117->0 132->0 130->0 78->0 171->0 181->0 165->0 0->0 0->0 0->0 0->0 0->0 0->0 0->0 0->4 0->45 0->0 0->38 0->63 0->11 0->59 0->63 0->14 0->63 0->63 0->0 0->0 0->0 0->0 0->0 0->0 
0->0 0->0 0->0 100->0 85->0 154->0 104->0 71->0 173->0 105->0 68->0 167->0 0->0 0->0 0->0 0->0 0->0 0->0 0->0 0->4 0->45 0->0 0->38 0->63 0->11 0->59 0->63 0->14 0->63 0->63 0->0 0->0 0->0 0->0 0->0 0->0 
0->0 0->0 0->0 0->0 0->0 0->0 0->0 0->0 0->0 0->0 0->0 0->0 0->0 0->0 0->0 0->0 0->0 0->0 0->0 0->4 0->45 0->0 0->38 0->63 0->11 0->59 0->63 0->14 0->63 0->63 0->0 0->0 0->0 0->0 0->0 0->0 
0->0 0->0 0->0 0->0 0->0 0->0 93->0 97->0 88->0 113->0 127->0 107->0 87->0 100->0 98->0 0->0 0->0 0->0 0->0 0->4 0->45 0->0 0->38 0->63 0->11 0->59 0->63 0->14 0->63 0->63 0->0 0->0 0->0 0->0 0->0 0->0 
0->0 0->0 0->0 0->0 0->0 0->0 108->0 115->0 117->0 132->0 130->0 78->0 171->0 181->0 165->0 0->0 0->0 0->0 0->0 0->4 0->45 0->0 0->38 0->63 0->11 0->59 0->63 0->14 0->63 0->63 0->0 0->0 0->0 0->0 0->0 0->0 
0->0 0->0 0->0 0->0 0->0 0->0 100->0 85->0 154->0 104->0 71->0 173->0 105->0 68->0 167->0 0->0 0->0 0->0 0->0 0->4 0->45 0->0 0->38 0->63 0->11 0->59 0->63 0->14 0->63 0->63 0->0 0->0 0->0 0->0 0->0 0->0 
0->0 0->0 0->0 0->0 0->0 0->0 0->0 0->0 0->0 0->0 0->0 0->0 0->0 0->0 0->0 0->0 0->0 0->0 0->0 0->4 0->45 0->0 0->38 0->63 0->11 0->59 0->63 0->14 0->63 0->63 0->0 0->0 0->0 0->0 0->0 0->0 
0->0 0->0 0->0 0->0 0->0 0->0 0->0 0->0 0->0 93->0 97->0 88->0 113->0 127->0 107->0 87->0 100->0 98->0 0->0 0->4 0->45 0->0 0->38 0->63 0->11 0->59 0->63 0->14 0->63 0->63 0->0 0->0 0->0 0->0 0->0 0->0 
0->0 0->0 0->0 0->0 0->0 0->0 0->0 0->0 0->0 108->0 115->0 117->0 132->0 130->0 78->0 171->0 181->0 165->0 0->0 0->4 0->45 0->0 0->38 0->63 0->11 0->59 0->63 0->14 0->63 0->63 0->0 0->0 0->0 0->0 0->0 0->0 
0->0 0->0 0->0 0->0 0->0 0->0 0->0 0->0 0->0 100->0 85->0 154->0 104->0 71->0 173->0 105->0 68->0 167->0 0->0 0->4 0->45 0->0 0->38 0->63 0->11 0->59 0->63 0->14 0->63 0->63 0->0 0->0 0->0 0->0 0->0 0->0 
0->0 0->0 0->0 0->0 0->0 0->0 0->0 0->0 0->0 0->0 0->0 0->0 0->0 0->0 0->0 0->0 0->0 0->0 0->0 0->4 0->45 0->0 0->38 0->63 0->11 0->59 0->63 0->14 0->63 0->63 0->0 0->0 0->0 0->0 0->0 0->0 
0->0 0->0 0->0 0->0 0->0 0->0 0->0 0->0 0->0 0->0 0->0 0->0 93->0 97->0 88->0 113->0 127->0 107->0 87->0 100->4 98->45 0->0 0->38 0->63 0->11 0->59 0->63 0->14 0->63 0->63 0->0 0->0 0->0 0->0 0->0 0->0 
0->0 0->0 0->0 0->0 0->0 0->0 0->0 0->0 0->0 0->0 0->0 0->0 108->0 115->0 117->0 132->0 130->0 78->0 171->0 181->4 165->45 0->0 0->38 0->63 0->11 0->59 0->63 0->14 0->63 0->63 0->0 0->0 0->0 0->0 0->0 0->0 
0->0 0->0 0->0 0->0 0->0 0->0 0->0 0->0 0->0 0->0 0->0 0->0 100->0 85->0 154->0 104->0 71->0 173->0 105->0 68->4 167->45 0->0 0->38 0->63 0->11 0->59 0->63 0->14 0->63 0->63 0->0 0->0 0->0 0->0 0->0 0->0 
0->0 0->0 0->0 0->0 0->0 0->0 0->0 0->0 0->0 0->0 0->0 0->0 0->0 0->0 0->0 0->0 0->0 0->0 0->0 0->4 0->45 0->0 0->38 0->63 0->11 0->59 0->63 0->14 0->63 0->63 0->0 0->0 0->0 0->0 0->0 0->0 
0->0 0->0 0->0 0->0 0->0 0->0 0->0 0->0 0->0 0->0 0->0 0->0 0->0 0->0 0->0 93->0 97->0 88->0 113->0 127->4 107->45 87->0 100->38 98->63 0->11 0->59 0->63 0->14 0->63 0->63 0->0 0->0 0->0 0->0 0->0 0->0 
0->0 0->0 0->0 0->0 0->0 0->0 0->0 0->0 0->0 0->0 0->0 0->0 0->0 0->0 0->0 108->0 115->0 117->0 132->0 130->4 78->45 171->0 181->38 165->63 0->11 0->59 0->63 0->14 0->63 0->63 0->0 0->0 0->0 0->0 0->0 0->0 
0->0 0->0 0->0 0->0 0->0 0->0 0->0 0->0 0->0 0->0 0->0 0->0 0->0 0->0 0->0 100->0 85->0 154->0 104->0 71->4 173->45 105->0 68->38 167->63 0->11 0->59 0->63 0->14 0->63 0->63 0->0 0->0 0->0 0->0 0->0 0->0 
0->0 0->0 0->0 0->0 0->0 0->0 0->0 0->0 0->0 0->0 0->0 0->0 0->0 0->0 0->0 0->0 0->0 0->0 0->0 0->4 0->45 0->0 0->38 0->63 0->11 0->59 0->63 0->14 0->63 0->63 0->0 0->0 0->0 0->0 0->0 0->0 
0->0 0->0 0->0 0->0 0->0 0->0 0->0 0->0 0->0 0->0 0->0 0->0 0->0 0->0 0->0 0->0 0->0 0->0 93->0 97->4 88->45 113->0 127->38 107->63 87->11 100->59 98->63 0->14 0->63 0->63 0->0 0->0 0->0 0->0 0->0 0->0 
0->0 0->0 0->0 0->0 0->0 0->0 0->0 0->0 0->0 0->0 0->0 0->0 0->0 0->0 0->0 0->0 0->0 0->0 108->0 115->4 117->45 132->0 130->38 78->63 171->11 181->59 165->63 0->14 0->63 0->63 0->0 0->0 0->0 0->0 0->0 0->0 
0->0 0->0 0->0 0->0 0->0 0->0 0->0 0->0 0->0 0->0 0->0 0->0 0->0 0->0 0->0 0->0 0->0 0->0 100->0 85->4 154->45 104->0 71->38 173->63 105->11 68->59 167->63 0->14 0->63 0->63 0->0 0->0 0->0 0->0 0->0 0->0 
0->0 0->0 0->0 0->0 0->0 0->0 0->0 0->0 0->0 0->0 0->0 0->0 0->0 0->0 0->0 0->0 0->0 0->0 0->0 0->4 0->45 0->0 0->38 0->63 0->11 0->59 0->63 0->14 0->63 0->63 0->0 0->0 0->0 0->0 0->0 0->0 
0->0 0->0 0->0 0->0 0->0 0->0 0->0 0->0 0->0 0->0 0->0 0->0 0->0 0->0 0->0 0->0 0->0 0->0 0->0 0->4 0->45 93->0 97->38 88->63 113->11 127->59 107->63 87->14 100->63 98->63 0->0 0->0 0->0 0->0 0->0 0->0 
0->0 0->0 0->0 0->0 0->0 0->0 0->0 0->0 0->0 0->0 0->0 0->0 0->0 0->0 0->0 0->0 0->0 0->0 0->0 0->4 0->45 108->0 115->38 117->63 132->11 130->59 78->63 171->14 181->63 165->63 0->0 0->0 0->0 0->0 0->0 0->0 
0->0 0->0 0->0 0->0 0->0 0->0 0->0 0->0 0->0 0->0 0->0 0->0 0->0 0->0 0->0 0->0 0->0 0->0 0->0 0->4 0->45 100->0 85->38 154->63 104->11 71->59 173->63 105->14 68->63 167->63 0->0 0->0 0->0 0->0 0->0 0->0 
0->0 0->0 0->0 0->0 0->0 0->0 0->0 0->0 0->0 0->0 0->0 0->0 0->0 0->0 0->0 0->0 0->0 0->0 0->0 0->4 0->45 0->0 0->38 0->63 0->11 0->59 0->63 0->14 0->63 0->63 0->0 0->0 0->0 0->0 0->0 0->0 

93->11 97->59 88->63 113->14 127->63 107->63 87->16 100->63 98->40 0->48 0->63 0->26 0->55 0->60 0->14 0->63 0->43 0->0 0->60 0->15 0->0 0->50 0->0 0->0 0->50 0->0 0->0 0->50 0->0 0->0 0->0 0->0 0->0 0->0 0->0 0->0 
108->11 115->59 117->63 132->14 130->63 78->63 171->16 181->63 165->40 0->48 0->63 0->26 0->55 0->60 0->14 0->63 0->43 0->0 0->60 0->15 0->0 0->50 0->0 0->0 0->50 0->0 0->0 0->50 0->0 0->0 0->0 0->0 0->0 0->0 0->0 0->0 
100->11 85->59 154->63 104->14 71->63 173->63 105->16 68->63 167->40 0->48 0->63 0->26 0->55 0->60 0->14 0->63 0->43 0->0 0->60 0->15 0->0 0->50 0->0 0->0 0->50 0->0 0->0 0->50 0->0 0->0 0->0 0->0 0->0 0->0 0->0 0->0 
0->11 0->59 0->63 0->14 0->63 0->63 0->16 0->63 0->40 0->48 0->63 0->26 0->55 0->60 0->14 0->63 0->43 0->0 0->60 0->15 0->0 0->50 0->0 0->0 0->50 0->0 0->0 0->50 0->0 0->0 0->0 0->0 0->0 0->0 0->0 0->0 
0->11 0->59 0->63 93->14 97->63 88->63 113->16 127->63 107->40 87->48 100->63 98->26 0->55 0->60 0->14 0->63 0->43 0->0 0->60 0->15 0->0 0->50 0->0 0->0 0->50 0->0 0->0 0->50 0->0 0->0 0->0 0->0 0->0 0->0 0->0 0->0 
0->11 0->59 0->63 108->14 115->63 117->63 132->16 130->63 78->40 171->48 181->63 165->26 0->55 0->60 0->14 0->63 0->43 0->0 0->60 0->15 0->0 0->50 0->0 0->0 0->50 0->0 0->0 0->50 0->0 0->0 0->0 0->0 0->0 0->0 0->0 0->0 
0->11 0->59 0->63 100->14 85->63 154->63 104->16 71->63 173->40 105->48 68->63 167->26 0->55 0->60 0->14 0->63 0->43 0->0 0->60 0->15 0->0 0->50 0->0 0->0 0->50 0->0 0->0 0->50 0->0 0->0 0->0 0->0 0->0 0->0 0->0 0->0 
0->11 0->59 0->63 0->14 0->63 0->63 0->16 0->63 0->40 0->48 0->63 0->26 0->55 0->60 0->14 0->63 0->43 0->0 0->60 0->15 0->0 0->50 0->0 0->0 0->50 0->0 0->0 0->50 0->0 0->0 0->0 0->0 0->0 0->0 0->0 0->0 
0->11 0->59 0->63 0->14 0->63 0->63 93->16 97->63 88->40 113->48 127->63 107->26 87->55 100->60 98->14 0->63 0->43 0->0 0->60 0->15 0->0 0->50 0->0 0->0 0->50 0->0 0->0 0->50 0->0 0->0 0->0 0->0 0->0 0->0 0->0 0->0 
0->11 0->59 0->63 0->14 0->63 0->63 108->16 115->63 117->40 132->48 130->63 78->26 171->55 181->60 165->14 0->63 0->43 0->0 0->60 0->15 0->0 0->50 0->0 0->0 0->50 0->0 0->0 0->50 0->0 0->0 0->0 0->0 0->0 0->0 0->0 0->0 
0->11 0->59 0->63 0->14 0->63 0->63 100->16 85->63 154->40 104->48 71->63 173->26 105->55 68->60 167->14 0->63 0->43 0->0 0->60 0->15 0->0 0->50 0->0 0->0 0->50 0->0 0->0 0->50 0->0 0->0 0->0 0->0 0->0 0->0 0->0 0->0 
0->11 0->59 0->63 0->14 0->63 0->63 0->16 0->63 0->40 0->48 0->63 0->26 0->55 0->60 0->14 0->63 0->43 0->0 0->60 0->15 0->0 0->50 0->0 0->0 0->50 0->0 0->0 0->50 0->0 0->0 0->0 0->0 0->0 0->0 0->0 0->0 
0->11 0->59 0->63 0->14 0->63 0->63 0->16 0->63 0->40 93->48 97->63 88->26 113->55 127->60 107->14 87->63 100->43 98->0 0->60 0->15 0->0 0->50 0->0 0->0 0->50 0->0 0->0 0->50 0->0 0->0 0->0 0->0 0->0 0->0 0->0 0->0 
0->11 0->59 0->63 0->14 0->63 0->63 0->16 0->63 0->40 108->48 115->63 117->26 132->55 130->60 78->14 171->63 181->43 165->0 0->60 0->15 0->0 0->50 0->0 0->0 0->50 0->0 0->0 0->50 0->0 0->0 0->0 0->0 0->0 0->0 0->0 0->0 
0->11 0->59 0->63 0->14 0->63 0->63 0->16 0->63 0->40 100->48 85->63 154->26 104->55 71->60 173->14 105->63 68->43 167->0 0->60 0->15 0->0 0->50 0->0 0->0 0->50 0->0 0->0 0->50 0->0 0->0 0->0 0->0 0->0 0->0 0->0 0->0 
0->11 0->59 0->63 0->14 0->63 0->63 0->16 0->63 0->40 0->48 0->63 0->26 0->55 0->60 0->14 0->63 0->43 0->0 0->60 0->15 0->0 0->50 0->0 0->0 0->50 0->0 0->0 0->50 0->0 0->0 0->0 0->0 0->0 0->0 0->0 0->0 
0->11 0->59 0->63 0->14 0->63 0->63 0->16 0->63 0->40 0->48 0->63 0->26 93->55 97->60 88->14 113->63 127->43 107->0 87->60 100->15 98->0 0->50 0->0 0->0 0->50 0->0 0->0 0->50 0->0 0->0 0->0 0->0 0->0 0->0 0->0 0->0 
0->11 0->59 0->63 0->14 0->63 0->63 0->16 0->63 0->40 0->48 0->63 0->26 108->55 115->60 117->14 132->63 130->43 78->0 171->60 181->15 165->0 0->50 0->0 0->0 0->50 0->0 0->0 0->50 0->0 0->0 0->0 0->0 0->0 0->0 0->0 0->0 
0->11 0->59 0->63 0->14 0->63 0->63 0->16 0->63 0->40 0->48 0->63 0->26 100->55 85->60 154->14 104->63 71->43 173->0 105->60 68->15 167->0 0->50 0->0 0->0 0->50 0->0 0->0 0->50 0->0 0->0 0->0 0->0 0->0 0->0 0->0 0->0 
0->11 0->59 0->63 0->14 0->63 0->63 0->16 0->63 0->40 0->48 0->63 0->26 0->55 0->60 0->14 0->63 0->43 0->0 0->60 0->15 0->0 0->50 0->0 0->0 0->50 0->0 0->0 0->50 0->0 0->0 0->0 0->0 0->0 0->0 0->0 0->0 
0->11 0->59 0->63 0->14 0->63 0->63 0->16 0->63 0->40 0->48 0->63 0->26 0->55 0->60 0->14 93->63 97->43 88->0 113->60 127->15 107->0 87->50 100->0 98->0 0->50 0->0 0->0 0->50 0->0 0->0 0->0 0->0 0->0 0->0 0->0 0->0 
0->11 0->59 0->63 0->14 0->63 0->63 0->16 0->63 0->40 0->48 0->63 0->26 0->55 0->60 0->14 108->63 115->43 117->0 132->60 130->15 78->0 171->50 181->0 165->0 0->50 0->0 0->0 0->50 0->0 0->0 0->0 0->0 0->0 0->0 0->0 0->0 
0->11 0->59 0->63 0->14 0->63 0->63 0->16 0->63 0->40 0->48 0->63 0->26 0->55 0->60 0->14 100->63 85->43 154->0 104->60 71->15 173->0 105->50 68->0 167->0 0->50 0->0 0->0 0->50 0->0 0->0 0->0 0->0 0->0 0->0 0->0 0->0 
0->11 0->59 0->63 0->14 0->63 0->63 0->16 0->63 0->40 0->48 0->63 0->26 0->55 0->60 0->14 0->63 0->43 0->0 0->60 0->15 0->0 0->50 0->0 0->0 0->50 0->0 0->0 0->50 0->0 0->0 0->0 0->0 0->0 0->0 0->0 0->0 
0->11 0->59 0->63 0->14 0->63 0->63 0->16 0->63 0->40 0->48 0->63 0->26 0->55 0->60 0->14 0->63 0->43 0->0 93->60 97->15 88->0 113->50 127->0 107->0 87->50 100->0 98->0 0->50 0->0 0->0 0->0 0->0 0->0 0->0 0->0 0->0 
0->11 0->59 0->63 0->14 0->63 0->63 0->16 0->63 0->40 0->48 0->63 0->26 0->55 0->60 0->14 0->63 0->43 0->0 108->60 115->15 117->0 132->50 130->0 78->0 171->50 181->0 165->0 0->50 0->0 0->0 0->0 0->0 0->0 0->0 0->0 0->0 
0->11 0->59 0->63 0->14 0->63 0->63 0->16 0->63 0->40 0->48 0->63 0->26 0->55 0->60 0->14 0->63 0->43 0->0 100->60 85->15 154->0 104->50 71->0 173->0 105->50 68->0 167->0 0->50 0->0 0->0 0->0 0->0 0->0 0->0 0->0 0->0 
0->11 0->59 0->63 0->14 0->63 0->63 0->16 0->63 0->40 0->48 0->63 0->26 0->55 0->60 0->14 0->63 0->43 0->0 0->60 0->15 0->0 0->50 0->0 0->0 0->50 0->0 0->0 0->50 0->0 0->0 0->0 0->0 0->0 0->0 0->0 0->0 
0->11 0->59 0->63 0->14 0->63 0->63 0->16 0->63 0->40 0->48 0->63 0->26 0->55 0->60 0->14 0->63 0->43 0->0 0->60 0->15 0->0 93->50 97->0 88->0 113->50 127->0 107->0 87->50 100->0 98->0 0->0 0->0 0->0 0->0 0->0 0->0 
0->11 0->59 0->63 0->14 0->63 0->63 0->16 0->63 0->40 0->48 0->63 0->26 0->55 0->60 0->14 0->63 0->43 0->0 0->60 0->15 0->0 108->50 115->0 117->0 132->50 130->0 78->0 171->50 181->0 165->0 0->0 0->0 0->0 0->0 0->0 0->0 
0->11 0->59 0->63 0->14 0->63 0->63 0->16 0->63 0->40 0->48 0->63 0->26 0->55 0->60 0->14 0->63 0->43 0->0 0->60 0->15 0->0 100->50 85->0 154->0 104->50 71->0 173->0 105->50 68->0 167->0 0->0 0->0 0->0 0->0 0->0 0->0 
0->11 0->59 0->63 0->14 0->63 0->63 0->16 0->63 0->40 0->48 0->63 0->26 0->55 0->60 0->14 0->63 0->43 0->0 0->60 0->15 0->0 0->50 0->0 0->0 0->50 0->0 0->0 0->50 0->0 0->0 0->0 0->0 0->0 0->0 0->0 0->0 

93->50 97->0 88->0 113->50 127->0 107->0 87->50 100->0 98->0 0->50 0->0 0->0 0->50 0->0 0->0 0->53 0->5 0->0 0->63 0->51 0->45 0->51 0->63 0->63 0->6 0->52 0->63 0->0 0->0 0->0 0->0 0->0 0->0 0->0 0->0 0->0 
108->50 115->0 117->0 132->50 130->0 78->0 171->50 181->0 165->0 0->50 0->0 0->0 0->50 0->0 0->0 0->53 0->5 0->0 0->63 0->51 0->45 0->51 0->63 0->63 0->6 0->52 0->63 0->0 0->0 0->0 0->0 0->0 0->0 0->0 0->0 0->0 
100->50 85->0 154->0 104->50 71->0 173->0 105->50 68->0 167->0 0->50 0->0 0->0 0->50 0->0 0->0 0->53 0->5 0->0 0->63 0->51 0->45 0->51 0->63 0->63 0->6 0->52 0->63 0->0 0->0 0->0 0->0 0->0 0->0 0->0 0->0 0->0 
0->50 0->0 0->0 0->50 0->0 0->0 0->50 0->0 0->0 0->50 0->0 0->0 0->50 0->0 0->0 0->53 0->5 0->0 0->63 0->51 0->45 0->51 0->63 0->63 0->6 0->52 0->63 0->0 0->0 0->0 0->0 0->0 0->0 0->0 0->0 0->0 
0->50 0->0 0->0 93->50 97->0 88->0 113->50 127->0 107->0 87->50 100->0 98->0 0->50 0->0 0->0 0->53 0->5 0->0 0->63 0->51 0->45 0->51 0->63 0->63 0->6 0->52 0->63 0->0 0->0 0->0 0->0 0->0 0->0 0->0 0->0 0->0 
0->50 0->0 0->0 108->50 115->0 117->0 132->50 130->0 78->0 171->50 181->0 165->0 0->50 0->0 0->0 0->53 0->5 0->0 0->63 0->51 0->45 0->51 0->63 0->63 0->6 0->52 0->63 0->0 0->0 0->0 0->0 0->0 0->0 0->0 0->0 0->0 
0->50 0->0 0->0 100->50 85->0 154->0 104->50 71->0 173->0 105->50 68->0 167->0 0->50 0->0 0->0 0->53 0->5 0->0 0->63 0->51 0->45 0->51 0->63 0->63 0->6 0->52 0->63 0->0 0->0 0->0 0->0 0->0 0->0 0->0 0->0 0->0 
0->50 0->0 0->0 0->50 0->0 0->0 0->50 0->0 0->0 0->50 0->0 0->0 0->50 0->0 0->0 0->53 0->5 0->0 0->63 0->51 0->45 0->51 0->63 0->63 0->6 0->52 0->63 0->0 0->0 0->0 0->0 0->0 0->0 0->0 0->0 0->0 
0->50 0->0 0->0 0->50 0->0 0->0 93->50 97->0 88->0 113->50 127->0 107->0 87->50 100->0 98->0 0->53 0->5 0->0 0->63 0->51 0->45 0->51 0->63 0->63 0->6 0->52 0->63 0->0 0->0 0->0 0->0 0->0 0->0 0->0 0->0 0->0 
0->50 0->0 0->0 0->50 0->0 0->0 108->50 115->0 117->0 132->50 130->0 78->0 171->50 181->0 165->0 0->53 0->5 0->0 0->63 0->51 0->45 0->51 0->63 0->63 0->6 0->52 0->63 0->0 0->0 0->0 0->0 0->0 0->0 0->0 0->0 0->0 
0->50 0->0 0->0 0->50 0->0 0->0 100->50 85->0 154->0 104->50 71->0 173->0 105->50 68->0 167->0 0->53 0->5 0->0 0->63 0->51 0->45 0->51 0->63 0->63 0->6 0->52 0->63 0->0 0->0 0->0 0->0 0->0 0->0 0->0 0->0 0->0 
0->50 0->0 0->0 0->50 0->0 0->0 0->50 0->0 0->0 0->50 0->0 0->0 0->50 0->0 0->0 0->53 0->5 0->0 0->63 0->51 0->45 0->51 0->63 0->63 0->6 0->52 0->63 0->0 0->0 0->0 0->0 0->0 0->0 0->0 0->0 0->0 
0->50 0->0 0->0 0->50 0->0 0->0 0->50 0->0 0->0 93->50 97->0 88->0 113->50 127->0 107->0 87->53 100->5 98->0 0->63 0->51 0->45 0->51 0->63 0->63 0->6 0->52 0->63 0->0 0->0 0->0 0->0 0->0 0->0 0->0 0->0 0->0 
0->50 0->0 0->0 0->50 0->0 0->0 0->50 0->0 0->0 108->50 115->0 117->0 132->50 130->0 78->0 171->53 181->5 165->0 0->63 0->51 0->45 0->51 0->63 0->63 0->6 0->52 0->63 0->0 0->0 0->0 0->0 0->0 0->0 0->0 0->0 0->0 
0->50 0->0 0->0 0->50 0->0 0->0 0->50 0->0 0->0 100->50 85->0 154->0 104->50 71->0 173->0 105->53 68->5 167->0 0->63 0->51 0->45 0->51 0->63 0->63 0->6 0->52 0->63 0->0 0->0 0->0 0->0 0->0 0->0 0->0 0->0 0->0 
0->50 0->0 0->0 0->50 0->0 0->0 0->50 0->0 0->0 0->50 0->0 0->0 0->50 0->0 0->0 0->53 0->5 0->0 0->63 0->51 0->45 0->51 0->63 0->63 0->6 0->52 0->63 0->0 0->0 0->0 0->0 0->0 0->0 0->0 0->0 0->0 
0->50 0->0 0->0 0->50 0->0 0->0 0->50 0->0 0->0 0->50 0->0 0->0 93->50 97->0 88->0 113->53 127->5 107->0 87->63 100->51 98->45 0->51 0->63 0->63 0->6 0->52 0->63 0->0 0->0 0->0 0->0 0->0 0->0 0->0 0->0 0->0 
0->50 0->0 0->0 0->50 0->0 0->0 0->50 0->0 0->0 0->50 0->0 0->0 108->50 115->0 117->0 132->53 130->5 78->0 171->63 181->51 165->45 0->51 0->63 0->63 0->6 0->52 0->63 0->0 0->0 0->0 0->0 0->0 0->0 0->0 0->0 0->0 
0->50 0->0 0->0 0->50 0->0 0->0 0->50 0->0 0->0 0->50 0->0 0->0 100->50 85->0 154->0 104->53 71->5 173->0 105->63 68->51 167->45 0->51 0->63 0->63 0->6 0->52 0->63 0->0 0->0 0->0 0->0 0->0 0->0 0->0 0->0 0->0 
0->50 0->0 0->0 0->50 0->0 0->0 0->50 0->0 0->0 0->50 0->0 0->0 0->50 0->0 0->0 0->53 0->5 0->0 0->63 0->51 0->45 0->51 0->63 0->63 0->6 0->52 0->63 0->0 0->0 0->0 0->0 0->0 0->0 0->0 0->0 0->0 
0->50 0->0 0->0 0->50 0->0 0->0 0->50 0->0 0->0 0->50 0->0 0->0 0->50 0->0 0->0 93->53 97->5 88->0 113->63 127->51 107->45 87->51 100->63 98->63 0->6 0->52 0->63 0->0 0->0 0->0 0->0 0->0 0->0 0->0 0->0 0->0 
0->50 0->0 0->0 0->50 0->0 0->0 0->50 0->0 0->0 0->50 0->0 0->0 0->50 0->0 0->0 108->53 115->5 117->0 132->63 130->51 78->45 171->51 181->63 165->63 0->6 0->52 0->63 0->0 0->0 0->0 0->0 0->0 0->0 0->0 0->0 0->0 
0->50 0->0 0->0 0->50 0->0 0->0 0->50 0->0 0->0 0->50 0->0 0->0 0->50 0->0 0->0 100->53 85->5 154->0 104->63 71->51 173->45 105->51 68->63 167->63 0->6 0->52 0->63 0->0 0->0 0->0 0->0 0->0 0->0 0->0 0->0 0->0 
0->50 0->0 0->0 0->50 0->0 0->0 0->50 0->0 0->0 0->50 0->0 0->0 0->50 0->0 0->0 0->53 0->5 0->0 0->63 0->51 0->45 0->51 0->63 0->63 0->6 0->52 0->63 0->0 0->0 0->0 0->0 0->0 0->0 0->0 0->0 0->0 
0->50 0->0 0->0 0->50 0->0 0->0 0->50 0->0 0->0 0->50 0->0 0->0 0->50 0->0 0->0 0->53 0->5 0->0 93->63 97->51 88->45 113->51 127->63 107->63 87->6 100->52 98->63 0->0 0->0 0->0 0->0 0->0 0->0 0->0 0->0 0->0 
0->50 0->0 0->0 0->50 0->0 0->0 0->50 0->0 0->0 0->50 0->0 0->0 0->50 0->0 0->0 0->53 0->5 0->0 108->63 115->51 117->45 132->51 130->63 78->63 171->6 181->52 165->63 0->0 0->0 0->0 0->0 0->0 0->0 0->0 0->0 0->0 
0->50 0->0 0->0 0->50 0->0 0->0 0->50 0->0 0->0 0->50 0->0 0->0 0->50 0->0 0->0 0->53 0->5 0->0 100->63 85->51 154->45 104->51 71->63 173->63 105->6 68->52 167->63 0->0 0->0 0->0 0->0 0->0 0->0 0->0 0->0 0->0 
0->50 0->0 0->0 0->50 0->0 0->0 0->50 0->0 0->0 0->50 0->0 0->0 0->50 0->0 0->0 0->53 0->5 0->0 0->63 0->51 0->45 0->51 0->63 0->63 0->6 0->52 0->63 0->0 0->0 0->0 0->0 0->0 0->0 0->0 0->0 0->0 
0->50 0->0 0->0 0->50 0->0 0->0 0->50 0->0 0->0 0->50 0->0 0->0 0->50 0->0 0->0 0->53 0->5 0->0 0->63 0->51 0->45 93->51 97->63 88->63 113->6 127->52 107->63 87->0 100->0 98->0 0->0 0->0 0->0 0->0 0->0 0->0 
0->50 0->0 0->0 0->50 0->0 0->0 0->50 0->0 0->0 0->50 0->0 0->0 0->50 0->0 0->0 0->53 0->5 0->0 0->63 0->51 0->45 108->51 115->63 117->63 132->6 130->52 78->63 171->0 181->0 165->0 0->0 0->0 0->0 0->0 0->0 0->0 
0->50 0->0 0->0 0->50 0->0 0->0 0->50 0->0 0->0 0->50 0->0 0->0 0->50 0->0 0->0 0->53 0->5 0->0 0->63 0->51 0->45 100->51 85->63 154->63 104->6 71->52 173->63 105->0 68->0 167->0 0->0 0->0 0->0 0->0 0->0 0->0 
0->50 0->0 0->0 0->50 0->0 0->0 0->50 0->0 0->0 0->50 0->0 0->0 0->50 0->0 0->0 0->53 0->5 0->0 0->63 0->51 0->45 0->51 0->63 0->63 0->6 0->52 0->63 0->0 0->0 0->0 0->0 0->0 0->0 0->0 0->0 0->0 

93->6 97->52 88->63 113->0 127->0 107->0 87->0 100->0 98->0 0->0 0->0 0->0 0->0 0->0 0->0 0->0 0->0 0->0 0->0 0->0 0->0 0->0 0->0 0->0 0->0 0->0 0->0 0->0 0->0 0->0 0->0 0->0 0->0 0->0 0->0 0->0 
108->6 115->52 117->63 132->0 130->0 78->0 171->0 181->0 165->0 0->0 0->0 0->0 0->0 0->0 0->0 0->0 0->0 0->0 0->0 0->0 0->0 0->0 0->0 0->0 0->0 0->0 0->0 0->0 0->0 0->0 0->0 0->0 0->0 0->0 0->0 0->0 
100->6 85->52 154->63 104->0 71->0 173->0 105->0 68->0 167->0 0->0 0->0 0->0 0->0 0->0 0->0 0->0 0->0 0->0 0->0 0->0 0->0 0->0 0->0 0->0 0->0 0->0 0->0 0->0 0->0 0->0 0->0 0->0 0->0 0->0 0->0 0->0 
0->6 0->52 0->63 0->0 0->0 0->0 0->0 0->0 0->0 0->0 0->0 0->0 0->0 0->0 0->0 0->0 0->0 0->0 0->0 0->0 0->0 0->0 0->0 0->0 0->0 0->0 0->0 0->0 0->0 0->0 0->0 0->0 0->0 0->0 0->0 0->0 
0->6 0->52 0->63 93->0 97->0 88->0 113->0 127->0 107->0 87->0 100->0 98->0 0->0 0->0 0->0 0->0 0->0 0->0 0->0 0->0 0->0 0->0 0->0 0->0 0->0 0->0 0->0 0->0 0->0 0->0 0->0 0->0 0->0 0->0 0->0 0->0 
0->6 0->52 0->63 108->0 115->0 117->0 132->0 130->0 78->0 171->0 181->0 165->0 0->0 0->0 0->0 0->0 0->0 0->0 0->0 0->0 0->0 0->0 0->0 0->0 0->0 0->0 0->0 0->0 0->0 0->0 0->0 0->0 0->0 0->0 0->0 0->0 
0->6 0->52 0->63 100->0 85->0 154->0 104->0 71->0 173->0 105->0 68->0 167->0 0->0 0->0 0->0 0->0 0->0 0->0 0->0 0->0 0->0 0->0 0->0 0->0 0->0 0->0 0->0 0->0 0->0 0->0 0->0 0->0 0->0 0->0 0->0 0->0 
0->6 0->52 0->63 0->0 0->0 0->0 0->0 0->0 0->0 0->0 0->0 0->0 0->0 0->0 0->0 0->0 0->0 0->0 0->0 0->0 0->0 0->0 0->0 0->0 0->0 0->0 0->0 0->0 0->0 0->0 0->0 0->0 0->0 0->0 0->0 0->0 
0->6 0->52 0->63 0->0 0->0 0->0 93->0 97->0 88->0 113->0 127->0 107->0 87->0 100->0 98->0 0->0 0->0 0->0 0->0 0->0 0->0 0->0 0->0 0->0 0->0 0->0 0->0 0->0 0->0 0->0 0->0 0->0 0->0 0->0 0->0 0->0 
0->6 0->52 0->63 0->0 0->0 0->0 108->0 115->0 117->0 132->0 130->0 78->0 171->0 181->0 165->0 0->0 0->0 0->0 0->0 0->0 0->0 0->0 0->0 0->0 0->0 0->0 0->0 0->0 0->0 0->0 0->0 0->0 0->0 0->0 0->0 0->0 
0->6 0->52 0->63 0->0 0->0 0->0 100->0 85->0 154->0 104->0 71->0 173->0 105->0 68->0 167->0 0->0 0->0 0->0 0->0 0->0 0->0 0->0 0->0 0->0 0->0 0->0 0->0 0->0 0->0 0->0 0->0 0->0 0->0 0->0 0->0 0->0 
0->6 0->52 0->63 0->0 0->0 0->0 0->0 0->0 0->0 0->0 0->0 0->0 0->0 0->0 0->0 0->0 0->0 0->0 0->0 0->0 0->0 0->0 0->0 0->0 0->0 0->0 0->0 0->0 0->0 0->0 0->0 0->0 0->0 0->0 0->0 0->0 
0->6 0->52 0->63 0->0 0->0 0->0 0->0 0->0 0->0 93->0 97->0 88->0 113->0 127->0 107->0 87->0 100->0 98->0 0->0 0->0 0->0 0->0 0->0 0->0 0->0 0->0 0->0 0->0 0->0 0->0 0->0 0->0 0->0 0->0 0->0 0->0 
0->6 0->52 0->63 0->0 0->0 0->0 0->0 0->0 0->0 108->0 115->0 117->0 132->0 130->0 78->0 171->0 181->0 165->0 0->0 0->0 0->0 0->0 0->0 0->0 0->0 0->0 0->0 0->0 0->0 0->0 0->0 0->0 0->0 0->0 0->0 0->0 
0->6 0->52 0->63 0->0 0->0 0->0 0->0 0->0 0->0 100->0 85->0 154->0 104->0 71->0 173->0 105->0 68->0 167->0 0->0 0->0 0->0 0->0 0->0 0->0 0->0 0->0 0->0 0->0 0->0 0->0 0->0 0->0 0->0 0->0 0->0 0->0 
0->6 0->52 0->63 0->0 0->0 0->0 0->0 0->0 0->0 0->0 0->0 0->0 0->0 0->0 0->0 0->0 0->0 0->0 0->0 0->0 0->0 0->0 0->0 0->0 0->0 0->0 0->0 0->0 0->0 0->0 0->0 0->0 0->0 0->0 0->0 0->0 
0->6 0->52 0->63 0->0 0->0 0->0 0->0 0->0 0->0 0->0 0->0 0->0 93->0 97->0 88->0 113->0 127->0 107->0 87->0 100->0 98->0 0->0 0->0 0->0 0->0 0->0 0->0 0->0 0->0 0->0 0->0 0->0 0->0 0->0 0->0 0->0 
0->6 0->52 0->63 0->0 0->0 0->0 0->0 0->0 0->0 0->0 0->0 0->0 108->0 115->0 117->0 132->0 130->0 78->0 171->0 181->0 165->0 0->0 0->0 0->0 0->0 0->0 0->0 0->0 0->0 0->0 0->0 0->0 0->0 0->0 0->0 0->0 
0->6 0->52 0->63 0->0 0->0 0->0 0->0 0->0 0->0 0->0 0->0 0->0 100->0 85->0 154->0 104->0 71->0 173->0 105->0 68->0 167->0 0->0 0->0 0->0 0->0 0->0 0->0 0->0 0->0 0->0 0->0 0->0 0->0 0->0 0->0 0->0 
0->6 0->52 0->63 0->0 0->0 0->0 0->0 0->0 0->0 0->0 0->0 0->0 0->0 0->0 0->0 0->0 0->0 0->0 0->0 0->0 0->0 0->0 0->0 0->0 0->0 0->0 0->0 0->0 0->0 0->0 0->0 0->0 0->0 0->0 0->0 0->0 
0->6 0->52 0->63 0->0 0->0 0->0 0->0 0->0 0->0 0->0 0->0 0->0 0->0 0->0 0->0 93->0 97->0 88->0 113->0 127->0 107->0 87->0 100->0 98->0 0->0 0->0 0->0 0->0 0->0 0->0 0->0 0->0 0->0 0->0 0->0 0->0 
0->6 0->52 0->63 0->0 0->0 0->0 0->0 0->0 0->0 0->0 0->0 0->0 0->0 0->0 0->0 108->0 115->0 117->0 132->0 130->0 78->0 171->0 181->0 165->0 0->0 0->0 0->0 0->0 0->0 0->0 0->0 0->0 0->0 0->0 0->0 0->0 
0->6 0->52 0->63 0->0 0->0 0->0 0->0 0->0 0->0 0->0 0->0 0->0 0->0 0->0 0->0 100->0 85->0 154->0 104->0 71->0 173->0 105->0 68->0 167->0 0->0 0->0 0->0 0->0 0->0 0->0 0->0 0->0 0->0 0->0 0->0 0->0 
0->6 0->52 0->63 0->0 0->0 0->0 0->0 0->0 0->0 0->0 0->0 0->0 0->0 0->0 0->0 0->0 0->0 0->0 0->0 0->0 0->0 0->0 0->0 0->0 0->0 0->0 0->0 0->0 0->0 0->0 0->0 0->0 0->0 0->0 0->0 0->0 
0->6 0->52 0->63 0->0 0->0 0->0 0->0 0->0 0->0 0->0 0->0 0->0 0->0 0->0 0->0 0->0 0->0 0->0 93->0 97->0 88->0 113->0 127->0 107->0 87->0 100->0 98->0 0->0 0->0 0->0 0->0 0->0 0->0 0->0 0->0 0->0 
0->6 0->52 0->63 0->0 0->0 0->0 0->0 0->0 0->0 0->0 0->0 0->0 0->0 0->0 0->0 0->0 0->0 0->0 108->0 115->0 117->0 132->0 130->0 78->0 171->0 181->0 165->0 0->0 0->0 0->0 0->0 0->0 0->0 0->0 0->0 0->0 
0->6 0->52 0->63 0->0 0->0 0->0 0->0 0->0 0->0 0->0 0->0 0->0 0->0 0->0 0->0 0->0 0->0 0->0 100->0 85->0 154->0 104->0 71->0 173->0 105->0 68->0 167->0 0->0 0->0 0->0 0->0 0->0 0->0 0->0 0->0 0->0 
0->6 0->52 0->63 0->0 0->0 0->0 0->0 0->0 0->0 0->0 0->0 0->0 0->0 0->0 0->0 0->0 0->0 0->0 0->0 0->0 0->0 0->0 0->0 0->0 0->0 0->0 0->0 0->0 0->0 0->0 0->0 0->0 0->0 0->0 0->0 0->0 
0->6 0->52 0->63 0->0 0->0 0->0 0->0 0->0 0->0 0->0 0->0 0->0 0->0 0->0 0->0 0->0 0->0 0->0 0->0 0->0 0->0 93->0 97->0 88->0 113->0 127->0 107->0 87->0 100->0 98->0 0->0 0->0 0->0 0->0 0->0 0->0 
0->6 0->52 0->63 0->0 0->0 0->0 0->0 0->0 0->0 0->0 0->0 0->0 0->0 0->0 0->0 0->0 0->0 0->0 0->0 0->0 0->0 108->0 115->0 117->0 132->0 130->0 78->0 171->0 181->0 165->0 0->0 0->0 0->0 0->0 0->0 0->0 
0->6 0->52 0->63 0->0 0->0 0->0 0->0 0->0 0->0 0->0 0->0 0->0 0->0 0->0 0->0 0->0 0->0 0->0 0->0 0->0 0->0 100->0 85->0 154->0 104->0 71->0 173->0 105->0 68->0 167->0 0->0 0->0 0->0 0->0 0->0 0->0 
0->6 0->52 0->63 0->0 0->0 0->0 0->0 0->0 0->0 0->0 0->0 0->0 0->0 0->0 0->0 0->0 0->0 0->0 0->0 0->0 0->0 0->0 0->0 0->0 0->0 0->0 0->0 0->0 0->0 0->0 0->0 0->0 0->0 0->0 0->0 0->0 

93->0 97->0 88->0 113->0 127->0 107->0 87->0 100->0 98->0 0->0 0->0 0->0 0->0 0->0 0->0 0->0 0->0 0->15 0->4 0->45 0->61 0->38 0->63 0->63 0->59 0->63 0->56 0->63 0->63 0->27 0->0 0->0 0->0 0->0 0->0 0->0 
108->0 115->0 117->0 132->0 130->0 78->0 171->0 181->0 165->0 0->0 0->0 0->0 0->0 0->0 0->0 0->0 0->0 0->15 0->4 0->45 0->61 0->38 0->63 0->63 0->59 0->63 0->56 0->63 0->63 0->27 0->0 0->0 0->0 0->0 0->0 0->0 
100->0 85->0 154->0 104->0 71->0 173->0 105->0 68->0 167->0 0->0 0->0 0->0 0->0 0->0 0->0 0->0 0->0 0->15 0->4 0->45 0->61 0->38 0->63 0->63 0->59 0->63 0->56 0->63 0->63 0->27 0->0 0->0 0->0 0->0 0->0 0->0 
0->0 0->0 0->0 0->0 0->0 0->0 0->0 0->0 0->0 0->0 0->0 0->0 0->0 0->0 0->0 0->0 0->0 0->15 0->4 0->45 0->61 0->38 0->63 0->63 0->59 0->63 0->56 0->63 0->63 0->27 0->0 0->0 0->0 0->0 0->0 0->0 
0->0 0->0 0->0 93->0 97->0 88->0 113->0 127->0 107->0 87->0 100->0 98->0 0->0 0->0 0->0 0->0 0->0 0->15 0->4 0->45 0->61 0->38 0->63 0->63 0->59 0->63 0->56 0->63 0->63 0->27 0->0 0->0 0->0 0->0 0->0 0->0 
0->0 0->0 0->0 108->0 115->0 117->0 132->0 130->0 78->0 171->0 181->0 165->0 0->0 0->0 0->0 0->0 0->0 0->15 0->4 0->45 0->61 0->38 0->63 0->63 0->59 0->63 0->56 0->63 0->63 0->27 0->0 0->0 0->0 0->0 0->0 0->0 
0->0 0->0 0->0 100->0 85->0 154->0 104->0 71->0 173->0 105->0 68->0 167->0 0->0 0->0 0->0 0->0 0->0 0->15 0->4 0->45 0->61 0->38 0->63 0->63 0->59 0->63 0->56 0->63 0->63 0->27 0->0 0->0 0->0 0->0 0->0 0->0 
0->0 0->0 0->0 0->0 0->0 0->0 0->0 0->0 0->0 0->0 0->0 0->0 0->0 0->0 0->0 0->0 0->0 0->15 0->4 0->45 0->61 0->38 0->63 0->63 0->59 0->63 0->56 0->63 0->63 0->27 0->0 0->0 0->0 0->0 0->0 0->0 
0->0 0->0 0->0 0->0 0->0 0->0 93->0 97->0 88->0 113->0 127->0 107->0 87->0 100->0 98->0 0->0 0->0 0->15 0->4 0->45 0->61 0->38 0->63 0->63 0->59 0->63 0->56 0->63 0->63 0->27 0->0 0->0 0->0 0->0 0->0 0->0 
0->0 0->0 0->0 0->0 0->0 0->0 108->0 115->0 117->0 132->0 130->0 78->0 171->0 181->0 165->0 0->0 0->0 0->15 0->4 0->45 0->61 0->38 0->63 0->63 0->59 0->63 0->56 0->63 0->63 0->27 0->0 0->0 0->0 0->0 0->0 0->0 
0->0 0->0 0->0 0->0 0->0 0->0 100->0 85->0 154->0 104->0 71->0 173->0 105->0 68->0 167->0 0->0 0->0 0->15 0->4 0->45 0->61 0->38 0->63 0->63 0->59 0->63 0->56 0->63 0->63 0->27 0->0 0->0 0->0 0->0 0->0 0->0 
0->0 0->0 0->0 0->0 0->0 0->0 0->0 0->0 0->0 0->0 0->0 0->0 0->0 0->0 0->0 0->0 0->0 0->15 0->4 0->45 0->61 0->38 0->63 0->63 0->59 0->63 0->56 0->63 0->63 0->27 0->0 0->0 0->0 0->0 0->0 0->0 
0->0 0->0 0->0 0->0 0->0 0->0 0->0 0->0 0->0 93->0 97->0 88->0 113->0 127->0 107->0 87->0 100->0 98->15 0->4 0->45 0->61 0->38 0->63 0->63 0->59 0->63 0->56 0->63 0->63 0->27 0->0 0->0 0->0 0->0 0->0 0->0 
0->0 0->0 0->0 0->0 0->0 0->0 0->0 0->0 0->0 108->0 115->0 117->0 132->0 130->0 78->0 171->0 181->0 165->15 0->4 0->45 0->61 0->38 0->63 0->63 0->59 0->63 0->56 0->63 0->63 0->27 0->0 0->0 0->0 0->0 0->0 0->0 
0->0 0->0 0->0 0->0 0->0 0->0 0->0 0->0 0->0 100->0 85->0 154->0 104->0 71->0 173->0 105->0 68->0 167->15 0->4 0->45 0->61 0->38 0->63 0->63 0->59 0->63 0->56 0->63 0->63 0->27 0->0 0->0 0->0 0->0 0->0 0->0 
0->0 0->0 0->0 0->0 0->0 0->0 0->0 0->0 0->0 0->0 0->0 0->0 0->0 0->0 0->0 0->0 0->0 0->15 0->4 0->45 0->61 0->38 0->63 0->63 0->59 0->63 0->56 0->63 0->63 0->27 0->0 0->0 0->0 0->0 0->0 0->0 
0->0 0->0 0->0 0->0 0->0 0->0 0->0 0->0 0->0 0->0 0->0 0->0 93->0 97->0 88->0 113->0 127->0 107->15 87->4 100->45 98->61 0->38 0->63 0->63 0->59 0->63 0->56 0->63 0->63 0->27 0->0 0->0 0->0 0->0 0->0 0->0 
0->0 0->0 0->0 0->0 0->0 0->0 0->0 0->0 0->0 0->0 0->0 0->0 108->0 115->0 117->0 132->0 130->0 78->15 171->4 181->45 165->61 0->38 0->63 0->63 0->59 0->63 0->56 0->63 0->63 0->27 0->0 0->0 0->0 0->0 0->0 0->0 
0->0 0->0 0->0 0->0 0->0 0->0 0->0 0->0 0->0 0->0 0->0 0->0 100->0 85->0 154->0 104->0 71->0 173->15 105->4 68->45 167->61 0->38 0->63 0->63 0->59 0->63 0->56 0->63 0->63 0->27 0->0 0->0 0->0 0->0 0->0 0->0 
0->0 0->0 0->0 0->0 0->0 0->0 0->0 0->0 0->0 0->0 0->0 0->0 0->0 0->0 0->0 0->0 0->0 0->15 0->4 0->45 0->61 0->38 0->63 0->63 0->59 0->63 0->56 0->63 0->63 0->27 0->0 0->0 0->0 0->0 0->0 0->0 
0->0 0->0 0->0 0->0 0->0 0->0 0->0 0->0 0->0 0->0 0->0 0->0 0->0 0->0 0->0 93->0 97->0 88->15 113->4 127->45 107->61 87->38 100->63 98->63 0->59 0->63 0->56 0->63 0->63 0->27 0->0 0->0 0->0 0->0 0->0 0->0 
0->0 0->0 0->0 0->0 0->0 0->0 0->0 0->0 0->0 0->0 0->0 0->0 0->0 0->0 0->0 108->0 115->0 117->15 132->4 130->45 78->61 171->38 181->63 165->63 0->59 0->63 0->56 0->63 0->63 0->27 0->0 0->0 0->0 0->0 0->0 0->0 
0->0 0->0 0->0 0->0 0->0 0->0 0->0 0->0 0->0 0->0 0->0 0->0 0->0 0->0 0->0 100->0 85->0 154->15 104->4 71->45 173->61 105->38 68->63 167->63 0->59 0->63 0->56 0->63 0->63 0->27 0->0 0->0 0->0 0->0 0->0 0->0 
0->0 0->0 0->0 0->0 0->0 0->0 0->0 0->0 0->0 0->0 0->0 0->0 0->0 0->0 0->0 0->0 0->0 0->15 0->4 0->45 0->61 0->38 0->63 0->63 0->59 0->63 0->56 0->63 0->63 0->27 0->0 0->0 0->0 0->0 0->0 0->0 
0->0 0->0 0->0 0->0 0->0 0->0 0->0 0->0 0->0 0->0 0->0 0->0 0->0 0->0 0->0 0->0 0->0 0->15 93->4 97->45 88->61 113->38 127->63 107->63 87->59 100->63 98->56 0->63 0->63 0->27 0->0 0->0 0->0 0->0 0->0 0->0 
0->0 0->0 0->0 0->0 0->0 0->0 0->0 0->0 0->0 0->0 0->0 0->0 0->0 0->0 0->0 0->0 0->0 0->15 108->4 115->45 117->61 132->38 130->63 78->63 171->59 181->63 165->56 0->63 0->63 0->27 0->0 0->0 0->0 0->0 0->0 0->0 
0->0 0->0 0->0 0->0 0->0 0->0 0->0 0->0 0->0 0->0 0->0 0->0 0->0 0->0 0->0 0->0 0->0 0->15 100->4 85->45 154->61 104->38 71->63 173->63 105->59 68->63 167->56 0->63 0->63 0->27 0->0 0->0 0->0 0->0 0->0 0->0 
0->0 0->0 0->0 0->0 0->0 0->0 0->0 0->0 0->0 0->0 0->0 0->0 0->0 0->0 0->0 0->0 0->0 0->15 0->4 0->45 0->61 0->38 0->63 0->63 0->59 0->63 0->56 0->63 0->63 0->27 0->0 0->0 0->0 0->0 0->0 0->0 
0->0 0->0 0->0 0->0 0->0 0->0 0->0 0->0 0->0 0->0 0->0 0->0 0->0 0->0 0->0 0->0 0->0 0->15 0->4 0->45 0->61 93->38 97->63 88->63 113->59 127->63 107->56 87->63 100->63 98->27 0->0 0->0 0->0 0->0 0->0 0->0 
0->0 0->0 0->0 0->0 0->0 0->0 0->0 0->0 0->0 0->0 0->0 0->0 0->0 0->0 0->0 0->0 0->0 0->15 0->4 0->45 0->61 108->38 115->63 117->63 132->59 130->63 78->56 171->63 181->63 165->27 0->0 0->0 0->0 0->0 0->0 0->0 
0->0 0->0 0->0 0->0 0->0 0->0 0->0 0->0 0->0 0->0 0->0 0->0 0->0 0->0 0->0 0->0 0->0 0->15 0->4 0->45 0->61 100->38 85->63 154->63 104->59 71->63 173->56 105->63 68->63 167->27 0->0 0->0 0->0 0->0 0->0 0->0 
0->0 0->0 0->0 0->0 0->0 0->0 0->0 0->0 0->0 0->0 0->0 0->0 0->0 0->0 0->0 0->0 0->0 0->15 0->4 0->45 0->61 0->38 0->63 0->63 0->59 0->63 0->56 0->63 0->63 0->27 0->0 0->0 0->0 0->0 0->0 0->0 

93->59 97->63 88->56 113->63 127->63 107->27 87->63 100->40 98->0 0->63 0->26 0->0 0->60 0->14 0->0 0->43 0->0 0->0 0->15 0->0 0->0 0->0 0->0 0->0 0->0 0->0 0->0 0->0 0->0 0->0 0->0 0->0 0->0 0->0 0->0 0->0 
108->59 115->63 117->56 132->63 130->63 78->27 171->63 181->40 165->0 0->63 0->26 0->0 0->60 0->14 0->0 0->43 0->0 0->0 0->15 0->0 0->0 0->0 0->0 0->0 0->0 0->0 0->0 0->0 0->0 0->0 0->0 0->0 0->0 0->0 0->0 0->0 
100->59 85->63 154->56 104->63 71->63 173->27 105->63 68->40 167->0 0->63 0->26 0->0 0->60 0->14 0->0 0->43 0->0 0->0 0->15 0->0 0->0 0->0 0->0 0->0 0->0 0->0 0->0 0->0 0->0 0->0 0->0 0->0 0->0 0->0 0->0 0->0 
0->59 0->63 0->56 0->63 0->63 0->27 0->63 0->40 0->0 0->63 0->26 0->0 0->60 0->14 0->0 0->43 0->0 0->0 0->15 0->0 0->0 0->0 0->0 0->0 0->0 0->0 0->0 0->0 0->0 0->0 0->0 0->0 0->0 0->0 0->0 0->0 
0->59 0->63 0->56 93->63 97->63 88->27 113->63 127->40 107->0 87->63 100->26 98->0 0->60 0->14 0->0 0->43 0->0 0->0 0->15 0->0 0->0 0->0 0->0 0->0 0->0 0->0 0->0 0->0 0->0 0->0 0->0 0->0 0->0 0->0 0->0 0->0 
0->59 0->63 0->56 108->63 115->63 117->27 132->63 130->40 78->0 171->63 181->26 165->0 0->60 0->14 0->0 0->43 0->0 0->0 0->15 0->0 0->0 0->0 0->0 0->0 0->0 0->0 0->0 0->0 0->0 0->0 0->0 0->0 0->0 0->0 0->0 0->0 
0->59 0->63 0->56 100->63 85->63 154->27 104->63 71->40 173->0 105->63 68->26 167->0 0->60 0->14 0->0 0->43 0->0 0->0 0->15 0->0 0->0 0->0 0->0 0->0 0->0 0->0 0->0 0->0 0->0 0->0 0->0 0->0 0->0 0->0 0->0 0->0 
0->59 0->63 0->56 0->63 0->63 0->27 0->63 0->40 0->0 0->63 0->26 0->0 0->60 0->14 0->0 0->43 0->0 0->0 0->15 0->0 0->0 0->0 0->0 0->0 0->0 0->0 0->0 0->0 0->0 0->0 0->0 0->0 0->0 0->0 0->0 0->0 
0->59 0->63 0->56 0->63 0->63 0->27 93->63 97->40 88->0 113->63 127->26 107->0 87->60 100->14 98->0 0->43 0->0 0->0 0->15 0->0 0->0 0->0 0->0 0->0 0->0 0->0 0->0 0->0 0->0 0->0 0->0 0->0 0->0 0->0 0->0 0->0 
0->59 0->63 0->56 0->63 0->63 0->27 108->63 115->40 117->0 132->63 130->26 78->0 171->60 181->14 165->0 0->43 0->0 0->0 0->15 0->0 0->0 0->0 0->0 0->0 0->0 0->0 0->0 0->0 0->0 0->0 0->0 0->0 0->0 0->0 0->0 0->0 
0->59 0->63 0->56 0->63 0->63 0->27 100->63 85->40 154->0 104->63 71->26 173->0 105->60 68->14 167->0 0->43 0->0 0->0 0->15 0->0 0->0 0->0 0->0 0->0 0->0 0->0 0->0 0->0 0->0 0->0 0->0 0->0 0->0 0->0 0->0 0->0 
0->59 0->63 0->56 0->63 0->63 0->27 0->63 0->40 0->0 0->63 0->26 0->0 0->60 0->14 0->0 0->43 0->0 0->0 0->15 0->0 0->0 0->0 0->0 0->0 0->0 0->0 0->0 0->0 0->0 0->0 0->0 0->0 0->0 0->0 0->0 0->0 
0->59 0->63 0->56 0->63 0->63 0->27 0->63 0->40 0->0 93->63 97->26 88->0 113->60 127->14 107->0 87->43 100->0 98->0 0->15 0->0 0->0 0->0 0->0 0->0 0->0 0->0 0->0 0->0 0->0 0->0 0->0 0->0 0->0 0->0 0->0 0->0 
0->59 0->63 0->56 0->63 0->63 0->27 0->63 0->40 0->0 108->63 115->26 117->0 132->60 130->14 78->0 171->43 181->0 165->0 0->15 0->0 0->0 0->0 0->0 0->0 0->0 0->0 0->0 0->0 0->0 0->0 0->0 0->0 0->0 0->0 0->0 0->0 
0->59 0->63 0->56 0->63 0->63 0->27 0->63 0->40 0->0 100->63 85->26 154->0 104->60 71->14 173->0 105->43 68->0 167->0 0->15 0->0 0->0 0->0 0->0 0->0 0->0 0->0 0->0 0->0 0->0 0->0 0->0 0->0 0->0 0->0 0->0 0->0 
0->59 0->63 0->56 0->63 0->63 0->27 0->63 0->40 0->0 0->63 0->26 0->0 0->60 0->14 0->0 0->43 0->0 0->0 0->15 0->0 0->0 0->0 0->0 0->0 0->0 0->0 0->0 0->0 0->0 0->0 0->0 0->0 0->0 0->0 0->0 0->0 
0->59 0->63 0->56 0->63 0->63 0->27 0->63 0->40 0->0 0->63 0->26 0->0 93->60 97->14 88->0 113->43 127->0 107->0 87->15 100->0 98->0 0->0 0->0 0->0 0->0 0->0 0->0 0->0 0->0 0->0 0->0 0->0 0->0 0->0 0->0 0->0 
0->59 0->63 0->56 0->63 0->63 0->27 0->63 0->40 0->0 0->63 0->26 0->0 108->60 115->14 117->0 132->43 130->0 78->0 171->15 181->0 165->0 0->0 0->0 0->0 0->0 0->0 0->0 0->0 0->0 0->0 0->0 0->0 0->0 0->0 0->0 0->0 
0->59 0->63 0->56 0->63 0->63 0->27 0->63 0->40 0->0 0->63 0->26 0->0 100->60 85->14 154->0 104->43 71->0 173->0 105->15 68->0 167->0 0->0 0->0 0->0 0->0 0->0 0->0 0->0 0->0 0->0 0->0 0->0 0->0 0->0 0->0 0->0 
0->59 0->63 0->56 0->63 0->63 0->27 0->63 0->40 0->0 0->63 0->26 0->0 0->60 0->14 0->0 0->43 0->0 0->0 0->15 0->0 0->0 0->0 0->0 0->0 0->0 0->0 0->0 0->0 0->0 0->0 0->0 0->0 0->0 0->0 0->0 0->0 
0->59 0->63 0->56 0->63 0->63 0->27 0->63 0->40 0->0 0->63 0->26 0->0 0->60 0->14 0->0 93->43 97->0 88->0 113->15 127->0 107->0 87->0 100->0 98->0 0->0 0->0 0->0 0->0 0->0 0->0 0->0 0->0 0->0 0->0 0->0 0->0 
0->59 0->63 0->56 0->63 0->63 0->27 0->63 0->40 0->0 0->63 0->26 0->0 0->60 0->14 0->0 108->43 115->0 117->0 132->15 130->0 78->0 171->0 181->0 165->0 0->0 0->0 0->0 0->0 0->0 0->0 0->0 0->0 0->0 0->0 0->0 0->0 
0->59 0->63 0->56 0->63 0->63 0->27 0->63 0->40 0->0 0->63 0->26 0->0 0->60 0->14 0->0 100->43 85->0 154->0 104->15 71->0 173->0 105->0 68->0 167->0 0->0 0->0 0->0 0->0 0->0 0->0 0->0 0->0 0->0 0->0 0->0 0->0 
0->59 0->63 0->56 0->63 0->63 0->27 0->63 0->40 0->0 0->63 0->26 0->0 0->60 0->14 0->0 0->43 0->0 0->0 0->15 0->0 0->0 0->0 0->0 0->0 0->0 0->0 0->0 0->0 0->0 0->0 0->0 0->0 0->0 0->0 0->0 0->0 
0->59 0->63 0->56 0->63 0->63 0->27 0->63 0->40 0->0 0->63 0->26 0->0 0->60 0->14 0->0 0->43 0->0 0->0 93->15 97->0 88->0 113->0 127->0 107->0 87->0 100->0 98->0 0->0 0->0 0->0 0->0 0->0 0->0 0->0 0->0 0->0 
0->59 0->63 0->56 0->63 0->63 0->27 0->63 0->40 0->0 0->63 0->26 0->0 0->60 0->14 0->0 0->43 0->0 0->0 108->15 115->0 117->0 132->0 130->0 78->0 171->0 181->0 165->0 0->0 0->0 0->0 0->0 0->0 0->0 0->0 0->0 0->0 
0->59 0->63 0->56 0->63 0->63 0->27 0->63 0->40 0->0 0->63 0->26 0->0 0->60 0->14 0->0 0->43 0->0 0->0 100->15 85->0 154->0 104->0 71->0 173->0 105->0 68->0 167->0 0->0 0->0 0->0 0->0 0->0 0->0 0->0 0->0 0->0 
0->59 0->63 0->56 0->63 0->63 0->27 0->63 0->40 0->0 0->63 0->26 0->0 0->60 0->14 0->0 0->43 0->0 0->0 0->15 0->0 0->0 0->0 0->0 0->0 0->0 0->0 0->0 0->0 0->0 0->0 0->0 0->0 0->0 0->0 0->0 0->0 
0->59 0->63 0->56 0->63 0->63 0->27 0->63 0->40 0->0 0->63 0->26 0->0 0->60 0->14 0->0 0->43 0->0 0->0 0->15 0->0 0->0 93->0 97->0 88->0 113->0 127->0 107->0 87->0 100->0 98->0 0->0 0->0 0->0 0->0 0->0 0->0 
0->59 0->63 0->56 0->63 0->63 0->27 0->63 0->40 0->0 0->63 0->26 0->0 0->60 0->14 0->0 0->43 0->0 0->0 0->15 0->0 0->0 108->0 115->0 117->0 132->0 130->0 78->0 171->0 181->0 165->0 0->0 0->0 0->0 0->0 0->0 0->0 
0->59 0->63 0->56 0->63 0->63 0->27 0->63 0->40 0->0 0->63 0->26 0->0 0->60 0->14 0->0 0->43 0->0 0->0 0->15 0->0 0->0 100->0 85->0 154->0 104->0 71->0 173->0 105->0 68->0 167->0 0->0 0->0 0->0 0->0 0->0 0->0 
0->59 0->63 0->56 0->63 0->63 0->27 0->63 0->40 0->0 0->63 0->26 0->0 0->60 0->14 0->0 0->43 0->0 0->0 0->15 0->0 0->0 0->0 0->0 0->0 0->0 0->0 0->0 0->0 0->0 0->0 0->0 0->0 0->0 0->0 0->0 0->0 

93->0 97->0 88->0 113->0 127->0 107->0 87->0 100->0 98->0 0->0 0->0 0->0 0->0 0->0 0->0 0->5 0->0 0->0 0->51 0->45 0->45 0->63 0->63 0->63 0->52 0->63 0->63 0->0 0->0 0->0 0->0 0->0 0->0 0->0 0->0 0->0 
108->0 115->0 117->0 132->0 130->0 78->0 171->0 181->0 165->0 0->0 0->0 0->0 0->0 0->0 0->0 0->5 0->0 0->0 0->51 0->45 0->45 0->63 0->63 0->63 0->52 0->63 0->63 0->0 0->0 0->0 0->0 0->0 0->0 0->0 0->0 0->0 
100->0 85->0 154->0 104->0 71->0 173->0 105->0 68->0 167->0 0->0 0->0 0->0 0->0 0->0 0->0 0->5 0->0 0->0 0->51 0->45 0->45 0->63 0->63 0->63 0->52 0->63 0->63 0->0 0->0 0->0 0->0 0->0 0->0 0->0 0->0 0->0 
0->0 0->0 0->0 0->0 0->0 0->0 0->0 0->0 0->0 0->0 0->0 0->0 0->0 0->0 0->0 0->5 0->0 0->0 0->51 0->45 0->45 0->63 0->63 0->63 0->52 0->63 0->63 0->0 0->0 0->0 0->0 0->0 0->0 0->0 0->0 0->0 
0->0 0->0 0->0 93->0 97->0 88->0 113->0 127->0 107->0 87->0 100->0 98->0 0->0 0->0 0->0 0->5 0->0 0->0 0->51 0->45 0->45 0->63 0->63 0->63 0->52 0->63 0->63 0->0 0->0 0->0 0->0 0->0 0->0 0->0 0->0 0->0 
0->0 0->0 0->0 108->0 115->0 117->0 132->0 130->0 78->0 171->0 181->0 165->0 0->0 0->0 0->0 0->5 0->0 0->0 0->51 0->45 0->45 0->63 0->63 0->63 0->52 0->63 0->63 0->0 0->0 0->0 0->0 0->0 0->0 0->0 0->0 0->0 
0->0 0->0 0->0 100->0 85->0 154->0 104->0 71->0 173->0 105->0 68->0 167->0 0->0 0->0 0->0 0->5 0->0 0->0 0->51 0->45 0->45 0->63 0->63 0->63 0->52 0->63 0->63 0->0 0->0 0->0 0->0 0->0 0->0 0->0 0->0 0->0 
0->0 0->0 0->0 0->0 0->0 0->0 0->0 0->0 0->0 0->0 0->0 0->0 0->0 0->0 0->0 0->5 0->0 0->0 0->51 0->45 0->45 0->63 0->63 0->63 0->52 0->63 0->63 0->0 0->0 0->0 0->0 0->0 0->0 0->0 0->0 0->0 
0->0 0->0 0->0 0->0 0->0 0->0 93->0 97->0 88->0 113->0 127->0 107->0 87->0 100->0 98->0 0->5 0->0 0->0 0->51 0->45 0->45 0->63 0->63 0->63 0->52 0->63 0->63 0->0 0->0 0->0 0->0 0->0 0->0 0->0 0->0 0->0 
0->0 0->0 0->0 0->0 0->0 0->0 108->0 115->0 117->0 132->0 130->0 78->0 171->0 181->0 165->0 0->5 0->0 0->0 0->51 0->45 0->45 0->63 0->63 0->63 0->52 0->63 0->63 0->0 0->0 0->0 0->0 0->0 0->0 0->0 0->0 0->0 
0->0 0->0 0->0 0->0 0->0 0->0 100->0 85->0 154->0 104->0 71->0 173->0 105->0 68->0 167->0 0->5 0->0 0->0 0->51 0->45 0->45 0->63 0->63 0->63 0->52 0->63 0->63 0->0 0->0 0->0 0->0 0->0 0->0 0->0 0->0 0->0 
0->0 0->0 0->0 0->0 0->0 0->0 0->0 0->0 0->0 0->0 0->0 0->0 0->0 0->0 0->0 0->5 0->0 0->0 0->51 0->45 0->45 0->63 0->63 0->63 0->52 0->63 0->63 0->0 0->0 0->0 0->0 0->0 0->0 0->0 0->0 0->0 
0->0 0->0 0->0 0->0 0->0 0->0 0->0 0->0 0->0 93->0 97->0 88->0 113->0 127->0 107->0 87->5 100->0 98->0 0->51 0->45 0->45 0->63 0->63 0->63 0->52 0->63 0->63 0->0 0->0 0->0 0->0 0->0 0->0 0->0 0->0 0->0 
0->0 0->0 0->0 0->0 0->0 0->0 0->0 0->0 0->0 108->0 115->0 117->0 132->0 130->0 78->0 171->5 181->0 165->0 0->51 0->45 0->45 0->63 0->63 0->63 0->52 0->63 0->63 0->0 0->0 0->0 0->0 0->0 0->0 0->0 0->0 0->0 
0->0 0->0 0->0 0->0 0->0 0->0 0->0 0->0 0->0 100->0 85->0 154->0 104->0 71->0 173->0 105->5 68->0 167->0 0->51 0->45 0->45 0->63 0->63 0->63 0->52 0->63 0->63 0->0 0->0 0->0 0->0 0->0 0->0 0->0 0->0 0->0 
0->0 0->0 0->0 0->0 0->0 0->0 0->0 0->0 0->0 0->0 0->0 0->0 0->0 0->0 0->0 0->5 0->0 0->0 0->51 0->45 0->45 0->63 0->63 0->63 0->52 0->63 0->63 0->0 0->0 0->0 0->0 0->0 0->0 0->0 0->0 0->0 
0->0 0->0 0->0 0->0 0->0 0->0 0->0 0->0 0->0 0->0 0->0 0->0 93->0 97->0 88->0 113->5 127->0 107->0 87->51 100->45 98->45 0->63 0->63 0->63 0->52 0->63 0->63 0->0 0->0 0->0 0->0 0->0 0->0 0->0 0->0 0->0 
0->0 0->0 0->0 0->0 0->0 0->0 0->0 0->0 0->0 0->0 0->0 0->0 108->0 115->0 117->0 132->5 130->0 78->0 171->51 181->45 165->45 0->63 0->63 0->63 0->52 0->63 0->63 0->0 0->0 0->0 0->0 0->0 0->0 0->0 0->0 0->0 
0->0 0->0 0->0 0->0 0->0 0->0 0->0 0->0 0->0 0->0 0->0 0->0 100->0 85->0 154->0 104->5 71->0 173->0 105->51 68->45 167->45 0->63 0->63 0->63 0->52 0->63 0->63 0->0 0->0 0->0 0->0 0->0 0->0 0->0 0->0 0->0 
0->0 0->0 0->0 0->0 0->0 0->0 0->0 0->0 0->0 0->0 0->0 0->0 0->0 0->0 0->0 0->5 0->0 0->0 0->51 0->45 0->45 0->63 0->63 0->63 0->52 0->63 0->63 0->0 0->0 0->0 0->0 0->0 0->0 0->0 0->0 0->0 
0->0 0->0 0->0 0->0 0->0 0->0 0->0 0->0 0->0 0->0 0->0 0->0 0->0 0->0 0->0 93->5 97->0 88->0 113->51 127->45 107->45 87->63 100->63 98->63 0->52 0->63 0->63 0->0 0->0 0->0 0->0 0->0 0->0 0->0 0->0 0->0 
0->0 0->0 0->0 0->0 0->0 0->0 0->0 0->0 0->0 0->0 0->0 0->0 0->0 0->0 0->0 108->5 115->0 117->0 132->51 130->45 78->45 171->63 181->63 165->63 0->52 0->63 0->63 0->0 0->0 0->0 0->0 0->0 0->0 0->0 0->0 0->0 
0->0 0->0 0->0 0->0 0->0 0->0 0->0 0->0 0->0 0->0 0->0 0->0 0->0 0->0 0->0 100->5 85->0 154->0 104->51 71->45 173->45 105->63 68->63 167->63 0->52 0->63 0->63 0->0 0->0 0->0 0->0 0->0 0->0 0->0 0->0 0->0 
0->0 0->0 0->0 0->0 0->0 0->0 0->0 0->0 0->0 0->0 0->0 0->0 0->0 0->0 0->0 0->5 0->0 0->0 0->51 0->45 0->45 0->63 0->63 0->63 0->52 0->63 0->63 0->0 0->0 0->0 0->0 0->0 0->0 0->0 0->0 0->0 
0->0 0->0 0->0 0->0 0->0 0->0 0->0 0->0 0->0 0->0 0->0 0->0 0->0 0->0 0->0 0->5 0->0 0->0 93->51 97->45 88->45 113->63 127->63 107->63 87->52 100->63 98->63 0->0 0->0 0->0 0->0 0->0 0->0 0->0 0->0 0->0 
0->0 0->0 0->0 0->0 0->0 0->0 0->0 0->0 0->0 0->0 0->0 0->0 0->0 0->0 0->0 0->5 0->0 0->0 108->51 115->45 117->45 132->63 130->63 78->63 171->52 181->63 165->63 0->0 0->0 0->0 0->0 0->0 0->0 0->0 0->0 0->0 
0->0 0->0 0->0 0->0 0->0 0->0 0->0 0->0 0->0 0->0 0->0 0->0 0->0 0->0 0->0 0->5 0->0 0->0 100->51 85->45 154->45 104->63 71->63 173->63 105->52 68->63 167->63 0->0 0->0 0->0 0->0 0->0 0->0 0->0 0->0 0->0 
0->0 0->0 0->0 0->0 0->0 0->0 0->0 0->0 0->0 0->0 0->0 0->0 0->0 0->0 0->0 0->5 0->0 0->0 0->51 0->45 0->45 0->63 0->63 0->63 0->52 0->63 0->63 0->0 0->0 0->0 0->0 0->0 0->0 0->0 0->0 0->0 
0->0 0->0 0->0 0->0 0->0 0->0 0->0 0->0 0->0 0->0 0->0 0->0 0->0 0->0 0->0 0->5 0->0 0->0 0->51 0->45 0->45 93->63 97->63 88->63 113->52 127->63 107->63 87->0 100->0 98->0 0->0 0->0 0->0 0->0 0->0 0->0 
0->0 0->0 0->0 0->0 0->0 0->0 0->0 0->0 0->0 0->0 0->0 0->0 0->0 0->0 0->0 0->5 0->0 0->0 0->51 0->45 0->45 108->63 115->63 117->63 132->52 130->63 78->63 171->0 181->0 165->0 0->0 0->0 0->0 0->0 0->0 0->0 
0->0 0->0 0->0 0->0 0->0 0->0 0->0 0->0 0->0 0->0 0->0 0->0 0->0 0->0 0->0 0->5 0->0 0->0 0->51 0->45 0->45 100->63 85->63 154->63 104->52 71->63 173->63 105->0 68->0 167->0 0->0 0->0 0->0 0->0 0->0 0->0 
0->0 0->0 0->0 0->0 0->0 0->0 0->0 0->0 0->0 0->0 0->0 0->0 0->0 0->0 0->0 0->5 0->0 0->0 0->51 0->45 0->45 0->63 0->63 0->63 0->52 0->63 0->63 0->0 0->0 0->0 0->0 0->0 0->0 0->0 0->0 0->0 

93->52 97->63 88->63 113->0 127->0 107->0 87->0 100->0 98->0 0->0 0->0 0->0 0->0 0->0 0->0 0->0 0->0 0->0 0->0 0->0 0->0 0->0 0->0 0->0 0->0 0->0 0->0 0->0 0->0 0->0 0->0 0->0 0->0 0->0 0->0 0->0 
108->52 115->63 117->63 132->0 130->0 78->0 171->0 181->0 165->0 0->0 0->0 0->0 0->0 0->0 0->0 0->0 0->0 0->0 0->0 0->0 0->0 0->0 0->0 0->0 0->0 0->0 0->0 0->0 0->0 0->0 0->0 0->0 0->0 0->0 0->0 0->0 
100->52 85->63 154->63 104->0 71->0 173->0 105->0 68->0 167->0 0->0 0->0 0->0 0->0 0->0 0->0 0->0 0->0 0->0 0->0 0->0 0->0 0->0 0->0 0->0 0->0 0->0 0->0 0->0 0->0 0->0 0->0 0->0 0->0 0->0 0->0 0->0 
0->52 0->63 0->63 0->0 0->0 0->0 0->0 0->0 0->0 0->0 0->0 0->0 0->0 0->0 0->0 0->0 0->0 0->0 0->0 0->0 0->0 0->0 0->0 0->0 0->0 0->0 0->0 0->0 0->0 0->0 0->0 0->0 0->0 0->0 0->0 0->0 
0->52 0->63 0->63 93->0 97->0 88->0 113->0 127->0 107->0 87->0 100->0 98->0 0->0 0->0 0->0 0->0 0->0 0->0 0->0 0->0 0->0 0->0 0->0 0->0 0->0 0->0 0->0 0->0 0->0 0->0 0->0 0->0 0->0 0->0 0->0 0->0 
0->52 0->63 0->63 108->0 115->0 117->0 132->0 130->0 78->0 171->0 181->0 165->0 0->0 0->0 0->0 0->0 0->0 0->0 0->0 0->0 0->0 0->0 0->0 0->0 0->0 0->0 0->0 0->0 0->0 0->0 0->0 0->0 0->0 0->0 0->0 0->0 
0->52 0->63 0->63 100->0 85->0 154->0 104->0 71->0 173->0 105->0 68->0 167->0 0->0 0->0 0->0 0->0 0->0 0->0 0->0 0->0 0->0 0->0 0->0 0->0 0->0 0->0 0->0 0->0 0->0 0->0 0->0 0->0 0->0 0->0 0->0 0->0 
0->52 0->63 0->63 0->0 0->0 0->0 0->0 0->0 0->0 0->0 0->0 0->0 0->0 0->0 0->0 0->0 0->0 0->0 0->0 0->0 0->0 0->0 0->0 0->0 0->0 0->0 0->0 0->0 0->0 0->0 0->0 0->0 0->0 0->0 0->0 0->0 
0->52 0->63 0->63 0->0 0->0 0->0 93->0 97->0 88->0 113->0 127->0 107->0 87->0 100->0 98->0 0->0 0->0 0->0 0->0 0->0 0->0 0->0 0->0 0->0 0->0 0->0 0->0 0->0 0->0 0->0 0->0 0->0 0->0 0->0 0->0 0->0 
0->52 0->63 0->63 0->0 0->0 0->0 108->0 115->0 117->0 132->0 130->0 78->0 171->0 181->0 165->0 0->0 0->0 0->0 0->0 0->0 0->0 0->0 0->0 0->0 0->0 0->0 0->0 0->0 0->0 0->0 0->0 0->0 0->0 0->0 0->0 0->0 
0->52 0->63 0->63 0->0 0->0 0->0 100->0 85->0 154->0 104->0 71->0 173->0 105->0 68->0 167->0 0->0 0->0 0->0 0->0 0->0 0->0 0->0 0->0 0->0 0->0 0->0 0->0 0->0 0->0 0->0 0->0 0->0 0->0 0->0 0->0 0->0 
0->52 0->63 0->63 0->0 0->0 0->0 0->0 0->0 0->0 0->0 0->0 0->0 0->0 0->0 0->0 0->0 0->0 0->0 0->0 0->0 0->0 0->0 0->0 0->0 0->0 0->0 0->0 0->0 0->0 0->0 0->0 0->0 0->0 0->0 0->0 0->0 
0->52 0->63 0->63 0->0 0->0 0->0 0->0 0->0 0->0 93->0 97->0 88->0 113->0 127->0 107->0 87->0 100->0 98->0 0->0 0->0 0->0 0->0 0->0 0->0 0->0 0->0 0->0 0->0 0->0 0->0 0->0 0->0 0->0 0->0 0->0 0->0 
0->52 0->63 0->63 0->0 0->0 0->0 0->0 0->0 0->0 108->0 115->0 117->0 132->0 130->0 78->0 171->0 181->0 165->0 0->0 0->0 0->0 0->0 0->0 0->0 0->0 0->0 0->0 0->0 0->0 0->0 0->0 0->0 0->0 0->0 0->0 0->0 
0->52 0->63 0->63 0->0 0->0 0->0 0->0 0->0 0->0 100->0 85->0 154->0 104->0 71->0 173->0 105->0 68->0 167->0 0->0 0->0 0->0 0->0 0->0 0->0 0->0 0->0 0->0 0->0 0->0 0->0 0->0 0->0 0->0 0->0 0->0 0->0 
0->52 0->63 0->63 0->0 0->0 0->0 0->0 0->0 0->0 0->0 0->0 0->0 0->0 0->0 0->0 0->0 0->0 0->0 0->0 0->0 0->0 0->0 0->0 0->0 0->0 0->0 0->0 0->0 0->0 0->0 0->0 0->0 0->0 0->0 0->0 0->0 
0->52 0->63 0->63 0->0 0->0 0->0 0->0 0->0 0->0 0->0 0->0 0->0 93->0 97->0 88->0 113->0 127->0 107->0 87->0 100->0 98->0 0->0 0->0 0->0 0->0 0->0 0->0 0->0 0->0 0->0 0->0 0->0 0->0 0->0 0->0 0->0 
0->52 0->63 0->63 0->0 0->0 0->0 0->0 0->0 0->0 0->0 0->0 0->0 108->0 115->0 117->0 132->0 130->0 78->0 171->0 181->0 165->0 0->0 0->0 0->0 0->0 0->0 0->0 0->0 0->0 0->0 0->0 0->0 0->0 0->0 0->0 0->0 
0->52 0->63 0->63 0->0 0->0 0->0 0->0 0->0 0->0 0->0 0->0 0->0 100->0 85->0 154->0 104->0 71->0 173->0 105->0 68->0 167->0 0->0 0->0 0->0 0->0 0->0 0->0 0->0 0->0 0->0 0->0 0->0 0->0 0->0 0->0 0->0 
0->52 0->63 0->63 0->0 0->0 0->0 0->0 0->0 0->0 0->0 0->0 0->0 0->0 0->0 0->0 0->0 0->0 0->0 0->0 0->0 0->0 0->0 0->0 0->0 0->0 0->0 0->0 0->0 0->0 0->0 0->0 0->0 0->0 0->0 0->0 0->0 
0->52 0->63 0->63 0->0 0->0 0->0 0->0 0->0 0->0 0->0 0->0 0->0 0->0 0->0 0->0 93->0 97->0 88->0 113->0 127->0 107->0 87->0 100->0 98->0 0->0 0->0 0->0 0->0 0->0 0->0 0->0 0->0 0->0 0->0 0->0 0->0 
0->52 0->63 0->63 0->0 0->0 0->0 0->0 0->0 0->0 0->0 0->0 0->0 0->0 0->0 0->0 108->0 115->0 117->0 132->0 130->0 78->0 171->0 181->0 165->0 0->0 0->0 0->0 0->0 0->0 0->0 0->0 0->0 0->0 0->0 0->0 0->0 
0->52 0->63 0->63 0->0 0->0 0->0 0->0 0->0 0->0 0->0 0->0 0->0 0->0 0->0 0->0 100->0 85->0 154->0 104->0 71->0 173->0 105->0 68->0 167->0 0->0 0->0 0->0 0->0 0->0 0->0 0->0 0->0 0->0 0->0 0->0 0->0 
0->52 0->63 0->63 0->0 0->0 0->0 0->0 0->0 0->0 0->0 0->0 0->0 0->0 0->0 0->0 0->0 0->0 0->0 0->0 0->0 0->0 0->0 0->0 0->0 0->0 0->0 0->0 0->0 0->0 0->0 0->0 0->0 0->0 0->0 0->0 0->0 
0->52 0->63 0->63 0->0 0->0 0->0 0->0 0->0 0->0 0->0 0->0 0->0 0->0 0->0 0->0 0->0 0->0 0->0 93->0 97->0 88->0 113->0 127->0 107->0 87->0 100->0 98->0 0->0 0->0 0->0 0->0 0->0 0->0 0->0 0->0 0->0 
0->52 0->63 0->63 0->0 0->0 0->0 0->0 0->0 0->0 0->0 0->0 0->0 0->0 0->0 0->0 0->0 0->0 0->0 108->0 115->0 117->0 132->0 130->0 78->0 171->0 181->0 165->0 0->0 0->0 0->0 0->0 0->0 0->0 0->0 0->0 0->0 
0->52 0->63 0->63 0->0 0->0 0->0 0->0 0->0 0->0 0->0 0->0 0->0 0->0 0->0 0->0 0->0 0->0 0->0 100->0 85->0 154->0 104->0 71->0 173->0 105->0 68->0 167->0 0->0 0->0 0->0 0->0 0->0 0->0 0->0 0->0 0->0 
0->52 0->63 0->63 0->0 0->0 0->0 0->0 0->0 0->0 0->0 0->0 0->0 0->0 0->0 0->0 0->0 0->0 0->0 0->0 0->0 0->0 0->0 0->0 0->0 0->0 0->0 0->0 0->0 0->0 0->0 0->0 0->0 0->0 0->0 0->0 0->0 
0->52 0->63 0->63 0->0 0->0 0->0 0->0 0->0 0->0 0->0 0->0 0->0 0->0 0->0 0->0 0->0 0->0 0->0 0->0 0->0 0->0 93->0 97->0 88->0 113->0 127->0 107->0 87->0 100->0 98->0 0->0 0->0 0->0 0->0 0->0 0->0 
0->52 0->63 0->63 0->0 0->0 0->0 0->0 0->0 0->0 0->0 0->0 0->0 0->0 0->0 0->0 0->0 0->0 0->0 0->0 0->0 0->0 108->0 115->0 117->0 132->0 130->0 78->0 171->0 181->0 165->0 0->0 0->0 0->0 0->0 0->0 0->0 
0->52 0->63 0->63 0->0 0->0 0->0 0->0 0->0 0->0 0->0 0->0 0->0 0->0 0->0 0->0 0->0 0->0 0->0 0->0 0->0 0->0 100->0 85->0 154->0 104->0 71->0 173->0 105->0 68->0 167->0 0->0 0->0 0->0 0->0 0->0 0->0 
0->52 0->63 0->63 0->0 0->0 0->0 0->0 0->0 0->0 0->0 0->0 0->0 0->0 0->0 0->0 0->0 0->0 0->0 0->0 0->0 0->0 0->0 0->0 0->0 0->0 0->0 0->0 0->0 0->0 0->0 0->0 0->0 0->0 0->0 0->0 0->0 

93->0 97->0 88->0 113->0 127->0 107->0 87->0 100->0 98->0 0->0 0->0 0->0 0->0 0->0 0->0 0->0 0->15 0->1 0->45 0->61 0->59 0->63 0->63 0->63 0->63 0->56 0->16 0->63 0->27 0->0 0->0 0->0 0->0 0->0 0->0 0->0 
108->0 115->0 117->0 132->0 130->0 78->0 171->0 181->0 165->0 0->0 0->0 0->0 0->0 0->0 0->0 0->0 0->15 0->1 0->45 0->61 0->59 0->63 0->63 0->63 0->63 0->56 0->16 0->63 0->27 0->0 0->0 0->0 0->0 0->0 0->0 0->0 
100->0 85->0 154->0 104->0 71->0 173->0 105->0 68->0 167->0 0->0 0->0 0->0 0->0 0->0 0->0 0->0 0->15 0->1 0->45 0->61 0->59 0->63 0->63 0->63 0->63 0->56 0->16 0->63 0->27 0->0 0->0 0->0 0->0 0->0 0->0 0->0 
0->0 0->0 0->0 0->0 0->0 0->0 0->0 0->0 0->0 0->0 0->0 0->0 0->0 0->0 0->0 0->0 0->15 0->1 0->45 0->61 0->59 0->63 0->63 0->63 0->63 0->56 0->16 0->63 0->27 0->0 0->0 0->0 0->0 0->0 0->0 0->0 
0->0 0->0 0->0 93->0 97->0 88->0 113->0 127->0 107->0 87->0 100->0 98->0 0->0 0->0 0->0 0->0 0->15 0->1 0->45 0->61 0->59 0->63 0->63 0->63 0->63 0->56 0->16 0->63 0->27 0->0 0->0 0->0 0->0 0->0 0->0 0->0 
0->0 0->0 0->0 108->0 115->0 117->0 132->0 130->0 78->0 171->0 181->0 165->0 0->0 0->0 0->0 0->0 0->15 0->1 0->45 0->61 0->59 0->63 0->63 0->63 0->63 0->56 0->16 0->63 0->27 0->0 0->0 0->0 0->0 0->0 0->0 0->0 
0->0 0->0 0->0 100->0 85->0 154->0 104->0 71->0 173->0 105->0 68->0 167->0 0->0 0->0 0->0 0->0 0->15 0->1 0->45 0->61 0->59 0->63 0->63 0->63 0->63 0->56 0->16 0->63 0->27 0->0 0->0 0->0 0->0 0->0 0->0 0->0 
0->0 0->0 0->0 0->0 0->0 0->0 0->0 0->0 0->0 0->0 0->0 0->0 0->0 0->0 0->0 0->0 0->15 0->1 0->45 0->61 0->59 0->63 0->63 0->63 0->63 0->56 0->16 0->63 0->27 0->0 0->0 0->0 0->0 0->0 0->0 0->0 
0->0 0->0 0->0 0->0 0->0 0->0 93->0 97->0 88->0 113->0 127->0 107->0 87->0 100->0 98->0 0->0 0->15 0->1 0->45 0->61 0->59 0->63 0->63 0->63 0->63 0->56 0->16 0->63 0->27 0->0 0->0 0->0 0->0 0->0 0->0 0->0 
0->0 0->0 0->0 0->0 0->0 0->0 108->0 115->0 117->0 132->0 130->0 78->0 171->0 181->0 165->0 0->0 0->15 0->1 0->45 0->61 0->59 0->63 0->63 0->63 0->63 0->56 0->16 0->63 0->27 0->0 0->0 0->0 0->0 0->0 0->0 0->0 
0->0 0->0 0->0 0->0 0->0 0->0 100->0 85->0 154->0 104->0 71->0 173->0 105->0 68->0 167->0 0->0 0->15 0->1 0->45 0->61 0->59 0->63 0->63 0->63 0->63 0->56 0->16 0->63 0->27 0->0 0->0 0->0 0->0 0->0 0->0 0->0 
0->0 0->0 0->0 0->0 0->0 0->0 0->0 0->0 0->0 0->0 0->0 0->0 0->0 0->0 0->0 0->0 0->15 0->1 0->45 0->61 0->59 0->63 0->63 0->63 0->63 0->56 0->16 0->63 0->27 0->0 0->0 0->0 0->0 0->0 0->0 0->0 
0->0 0->0 0->0 0->0 0->0 0->0 0->0 0->0 0->0 93->0 97->0 88->0 113->0 127->0 107->0 87->0 100->15 98->1 0->45 0->61 0->59 0->63 0->63 0->63 0->63 0->56 0->16 0->63 0->27 0->0 0->0 0->0 0->0 0->0 0->0 0->0 
0->0 0->0 0->0 0->0 0->0 0->0 0->0 0->0 0->0 108->0 115->0 117->0 132->0 130->0 78->0 171->0 181->15 165->1 0->45 0->61 0->59 0->63 0->63 0->63 0->63 0->56 0->16 0->63 0->27 0->0 0->0 0->0 0->0 0->0 0->0 0->0 
0->0 0->0 0->0 0->0 0->0 0->0 0->0 0->0 0->0 100->0 85->0 154->0 104->0 71->0 173->0 105->0 68->15 167->1 0->45 0->61 0->59 0->63 0->63 0->63 0->63 0->56 0->16 0->63 0->27 0->0 0->0 0->0 0->0 0->0 0->0 0->0 
0->0 0->0 0->0 0->0 0->0 0->0 0->0 0->0 0->0 0->0 0->0 0->0 0->0 0->0 0->0 0->0 0->15 0->1 0->45 0->61 0->59 0->63 0->63 0->63 0->63 0->56 0->16 0->63 0->27 0->0 0->0 0->0 0->0 0->0 0->0 0->0 
0->0 0->0 0->0 0->0 0->0 0->0 0->0 0->0 0->0 0->0 0->0 0->0 93->0 97->0 88->0 113->0 127->15 107->1 87->45 100->61 98->59 0->63 0->63 0->63 0->63 0->56 0->16 0->63 0->27 0->0 0->0 0->0 0->0 0->0 0->0 0->0 
0->0 0->0 0->0 0->0 0->0 0->0 0->0 0->0 0->0 0->0 0->0 0->0 108->0 115->0 117->0 132->0 130->15 78->1 171->45 181->61 165->59 0->63 0->63 0->63 0->63 0->56 0->16 0->63 0->27 0->0 0->0 0->0 0->0 0->0 0->0 0->0 
0->0 0->0 0->0 0->0 0->0 0->0 0->0 0->0 0->0 0->0 0->0 0->0 100->0 85->0 154->0 104->0 71->15 173->1 105->45 68->61 167->59 0->63 0->63 0->63 0->63 0->56 0->16 0->63 0->27 0->0 0->0 0->0 0->0 0->0 0->0 0->0 
0->0 0->0 0->0 0->0 0->0 0->0 0->0 0->0 0->0 0->0 0->0 0->0 0->0 0->0 0->0 0->0 0->15 0->1 0->45 0->61 0->59 0->63 0->63 0->63 0->63 0->56 0->16 0->63 0->27 0->0 0->0 0->0 0->0 0->0 0->0 0->0 
0->0 0->0 0->0 0->0 0->0 0->0 0->0 0->0 0->0 0->0 0->0 0->0 0->0 0->0 0->0 93->0 97->15 88->1 113->45 127->61 107->59 87->63 100->63 98->63 0->63 0->56 0->16 0->63 0->27 0->0 0->0 0->0 0->0 0->0 0->0 0->0 
0->0 0->0 0->0 0->0 0->0 0->0 0->0 0->0 0->0 0->0 0->0 0->0 0->0 0->0 0->0 108->0 115->15 117->1 132->45 130->61 78->59 171->63 181->63 165->63 0->63 0->56 0->16 0->63 0->27 0->0 0->0 0->0 0->0 0->0 0->0 0->0 
0->0 0->0 0->0 0->0 0->0 0->0 0->0 0->0 0->0 0->0 0->0 0->0 0->0 0->0 0->0 100->0 85->15 154->1 104->45 71->61 173->59 105->63 68->63 167->63 0->63 0->56 0->16 0->63 0->27 0->0 0->0 0->0 0->0 0->0 0->0 0->0 
0->0 0->0 0->0 0->0 0->0 0->0 0->0 0->0 0->0 0->0 0->0 0->0 0->0 0->0 0->0 0->0 0->15 0->1 0->45 0->61 0->59 0->63 0->63 0->63 0->63 0->56 0->16 0->63 0->27 0->0 0->0 0->0 0->0 0->0 0->0 0->0 
0->0 0->0 0->0 0->0 0->0 0->0 0->0 0->0 0->0 0->0 0->0 0->0 0->0 0->0 0->0 0->0 0->15 0->1 93->45 97->61 88->59 113->63 127->63 107->63 87->63 100->56 98->16 0->63 0->27 0->0 0->0 0->0 0->0 0->0 0->0 0->0 
0->0 0->0 0->0 0->0 0->0 0->0 0->0 0->0 0->0 0->0 0->0 0->0 0->0 0->0 0->0 0->0 0->15 0->1 108->45 115->61 117->59 132->63 130->63 78->63 171->63 181->56 165->16 0->63 0->27 0->0 0->0 0->0 0->0 0->0 0->0 0->0 
0->0 0->0 0->0 0->0 0->0 0->0 0->0 0->0 0->0 0->0 0->0 0->0 0->0 0->0 0->0 0->0 0->15 0->1 100->45 85->61 154->59 104->63 71->63 173->63 105->63 68->56 167->16 0->63 0->27 0->0 0->0 0->0 0->0 0->0 0->0 0->0 
0->0 0->0 0->0 0->0 0->0 0->0 0->0 0->0 0->0 0->0 0->0 0->0 0->0 0->0 0->0 0->0 0->15 0->1 0->45 0->61 0->59 0->63 0->63 0->63 0->63 0->56 0->16 0->63 0->27 0->0 0->0 0->0 0->0 0->0 0->0 0->0 
0->0 0->0 0->0 0->0 0->0 0->0 0->0 0->0 0->0 0->0 0->0 0->0 0->0 0->0 0->0 0->0 0->15 0->1 0->45 0->61 0->59 93->63 97->63 88->63 113->63 127->56 107->16 87->63 100->27 98->0 0->0 0->0 0->0 0->0 0->0 0->0 
0->0 0->0 0->0 0->0 0->0 0->0 0->0 0->0 0->0 0->0 0->0 0->0 0->0 0->0 0->0 0->0 0->15 0->1 0->45 0->61 0->59 108->63 115->63 117->63 132->63 130->56 78->16 171->63 181->27 165->0 0->0 0->0 0->0 0->0 0->0 0->0 
0->0 0->0 0->0 0->0 0->0 0->0 0->0 0->0 0->0 0->0 0->0 0->0 0->0 0->0 0->0 0->0 0->15 0->1 0->45 0->61 0->59 100->63 85->63 154->63 104->63 71->56 173->16 105->63 68->27 167->0 0->0 0->0 0->0 0->0 0->0 0->0 
0->0 0->0 0->0 0->0 0->0 0->0 0->0 0->0 0->0 0->0 0->0 0->0 0->0 0->0 0->0 0->0 0->15 0->1 0->45 0->61 0->59 0->63 0->63 0->63 0->63 0->56 0->16 0->63 0->27 0->0 0->0 0->0 0->0 0->0 0->0 0->0 

93->63 97->56 88->16 113->63 127->27 107->0 87->40 100->0 98->0 0->26 0->0 0->0 0->14 0->0 0->0 0->0 0->0 0->0 0->0 0->0 0->0 0->0 0->0 0->0 0->0 0->0 0->0 0->0 0->0 0->0 0->0 0->0 0->0 0->0 0->0 0->0 
108->63 115->56 117->16 132->63 130->27 78->0 171->40 181->0 165->0 0->26 0->0 0->0 0->14 0->0 0->0 0->0 0->0 0->0 0->0 0->0 0->0 0->0 0->0 0->0 0->0 0->0 0->0 0->0 0->0 0->0 0->0 0->0 0->0 0->0 0->0 0->0 
100->63 85->56 154->16 104->63 71->27 173->0 105->40 68->0 167->0 0->26 0->0 0->0 0->14 0->0 0->0 0->0 0->0 0->0 0->0 0->0 0->0 0->0 0->0 0->0 0->0 0->0 0->0 0->0 0->0 0->0 0->0 0->0 0->0 0->0 0->0 0->0 
0->63 0->56 0->16 0->63 0->27 0->0 0->40 0->0 0->0 0->26 0->0 0->0 0->14 0->0 0->0 0->0 0->0 0->0 0->0 0->0 0->0 0->0 0->0 0->0 0->0 0->0 0->0 0->0 0->0 0->0 0->0 0->0 0->0 0->0 0->0 0->0 
0->63 0->56 0->16 93->63 97->27 88->0 113->40 127->0 107->0 87->26 100->0 98->0 0->14 0->0 0->0 0->0 0->0 0->0 0->0 0->0 0->0 0->0 0->0 0->0 0->0 0->0 0->0 0->0 0->0 0->0 0->0 0->0 0->0 0->0 0->0 0->0 
0->63 0->56 0->16 108->63 115->27 117->0 132->40 130->0 78->0 171->26 181->0 165->0 0->14 0->0 0->0 0->0 0->0 0->0 0->0 0->0 0->0 0->0 0->0 0->0 0->0 0->0 0->0 0->0 0->0 0->0 0->0 0->0 0->0 0->0 0->0 0->0 
0->63 0->56 0->16 100->63 85->27 154->0 104->40 71->0 173->0 105->26 68->0 167->0 0->14 0->0 0->0 0->0 0->0 0->0 0->0 0->0 0->0 0->0 0->0 0->0 0->0 0->0 0->0 0->0 0->0 0->0 0->0 0->0 0->0 0->0 0->0 0->0 
0->63 0->56 0->16 0->63 0->27 0->0 0->40 0->0 0->0 0->26 0->0 0->0 0->14 0->0 0->0 0->0 0->0 0->0 0->0 0->0 0->0 0->0 0->0 0->0 0->0 0->0 0->0 0->0 0->0 0->0 0->0 0->0 0->0 0->0 0->0 0->0 
0->63 0->56 0->16 0->63 0->27 0->0 93->40 97->0 88->0 113->26 127->0 107->0 87->14 100->0 98->0 0->0 0->0 0->0 0->0 0->0 0->0 0->0 0->0 0->0 0->0 0->0 0->0 0->0 0->0 0->0 0->0 0->0 0->0 0->0 0->0 0->0 
0->63 0->56 0->16 0->63 0->27 0->0 108->40 115->0 117->0 132->26 130->0 78->0 171->14 181->0 165->0 0->0 0->0 0->0 0->0 0->0 0->0 0->0 0->0 0->0 0->0 0->0 0->0 0->0 0->0 0->0 0->0 0->0 0->0 0->0 0->0 0->0 
0->63 0->56 0->16 0->63 0->27 0->0 100->40 85->0 154->0 104->26 71->0 173->0 105->14 68->0 167->0 0->0 0->0 0->0 0->0 0->0 0->0 0->0 0->0 0->0 0->0 0->0 0->0 0->0 0->0 0->0 0->0 0->0 0->0 0->0 0->0 0->0 
0->63 0->56 0->16 0->63 0->27 0->0 0->40 0->0 0->0 0->26 0->0 0->0 0->14 0->0 0->0 0->0 0->0 0->0 0->0 0->0 0->0 0->0 0->0 0->0 0->0 0->0 0->0 0->0 0->0 0->0 0->0 0->0 0->0 0->0 0->0 0->0 
0->63 0->56 0->16 0->63 0->27 0->0 0->40 0->0 0->0 93->26 97->0 88->0 113->14 127->0 107->0 87->0 100->0 98->0 0->0 0->0 0->0 0->0 0->0 0->0 0->0 0->0 0->0 0->0 0->0 0->0 0->0 0->0 0->0 0->0 0->0 0->0 
0->63 0->56 0->16 0->63 0->27 0->0 0->40 0->0 0->0 108->26 115->0 117->0 132->14 130->0 78->0 171->0 181->0 165->0 0->0 0->0 0->0 0->0 0->0 0->0 0->0 0->0 0->0 0->0 0->0 0->0 0->0 0->0 0->0 0->0 0->0 0->0 
0->63 0->56 0->16 0->63 0->27 0->0 0->40 0->0 0->0 100->26 85->0 154->0 104->14 71->0 173->0 105->0 68->0 167->0 0->0 0->0 0->0 0->0 0->0 0->0 0->0 0->0 0->0 0->0 0->0 0->0 0->0 0->0 0->0 0->0 0->0 0->0 
0->63 0->56 0->16 0->63 0->27 0->0 0->40 0->0 0->0 0->26 0->0 0->0 0->14 0->0 0->0 0->0 0->0 0->0 0->0 0->0 0->0 0->0 0->0 0->0 0->0 0->0 0->0 0->0 0->0 0->0 0->0 0->0 0->0 0->0 0->0 0->0 
0->63 0->56 0->16 0->63 0->27 0->0 0->40 0->0 0->0 0->26 0->0 0->0 93->14 97->0 88->0 113->0 127->0 107->0 87->0 100->0 98->0 0->0 0->0 0->0 0->0 0->0 0->0 0->0 0->0 0->0 0->0 0->0 0->0 0->0 0->0 0->0 
0->63 0->56 0->16 0->63 0->27 0->0 0->40 0->0 0->0 0->26 0->0 0->0 108->14 115->0 117->0 132->0 130->0 78->0 171->0 181->0 165->0 0->0 0->0 0->0 0->0 0->0 0->0 0->0 0->0 0->0 0->0 0->0 0->0 0->0 0->0 0->0 
0->63 0->56 0->16 0->63 0->27 0->0 0->40 0->0 0->0 0->26 0->0 0->0 100->14 85->0 154->0 104->0 71->0 173->0 105->0 68->0 167->0 0->0 0->0 0->0 0->0 0->0 0->0 0->0 0->0 0->0 0->0 0->0 0->0 0->0 0->0 0->0 
0->63 0->56 0->16 0->63 0->27 0->0 0->40 0->0 0->0 0->26 0->0 0->0 0->14 0->0 0->0 0->0 0->0 0->0 0->0 0->0 0->0 0->0 0->0 0->0 0->0 0->0 0->0 0->0 0->0 0->0 0->0 0->0 0->0 0->0 0->0 0->0 
0->63 0->56 0->16 0->63 0->27 0->0 0->40 0->0 0->0 0->26 0->0 0->0 0->14 0->0 0->0 93->0 97->0 88->0 113->0 127->0 107->0 87->0 100->0 98->0 0->0 0->0 0->0 0->0 0->0 0->0 0->0 0->0 0->0 0->0 0->0 0->0 
0->63 0->56 0->16 0->63 0->27 0->0 0->40 0->0 0->0 0->26 0->0 0->0 0->14 0->0 0->0 108->0 115->0 117->0 132->0 130->0 78->0 171->0 181->0 165->0 0->0 0->0 0->0 0->0 0->0 0->0 0->0 0->0 0->0 0->0 0->0 0->0 
0->63 0->56 0->16 0->63 0->27 0->0 0->40 0->0 0->0 0->26 0->0 0->0 0->14 0->0 0->0 100->0 85->0 154->0 104->0 71->0 173->0 105->0 68->0 167->0 0->0 0->0 0->0 0->0 0->0 0->0 0->0 0->0 0->0 0->0 0->0 0->0 
0->63 0->56 0->16 0->63 0->27 0->0 0->40 0->0 0->0 0->26 0->0 0->0 0->14 0->0 0->0 0->0 0->0 0->0 0->0 0->0 0->0 0->0 0->0 0->0 0->0 0->0 0->0 0->0 0->0 0->0 0->0 0->0 0->0 0->0 0->0 0->0 
0->63 0->56 0->16 0->63 0->27 0->0 0->40 0->0 0->0 0->26 0->0 0->0 0->14 0->0 0->0 0->0 0->0 0->0 93->0 97->0 88->0 113->0 127->0 107->0 87->0 100->0 98->0 0->0 0->0 0->0 0->0 0->0 0->0 0->0 0->0 0->0 
0->63 0->56 0->16 0->63 0->27 0->0 0->40 0->0 0->0 0->26 0->0 0->0 0->14 0->0 0->0 0->0 0->0 0->0 108->0 115->0 117->0 132->0 130->0 78->0 171->0 181->0 165->0 0->0 0->0 0->0 0->0 0->0 0->0 0->0 0->0 0->0 
0->63 0->56 0->16 0->63 0->27 0->0 0->40 0->0 0->0 0->26 0->0 0->0 0->14 0->0 0->0 0->0 0->0 0->0 100->0 85->0 154->0 104->0 71->0 173->0 105->0 68->0 167->0 0->0 0->0 0->0 0->0 0->0 0->0 0->0 0->0 0->0 
0->63 0->56 0->16 0->63 0->27 0->0 0->40 0->0 0->0 0->26 0->0 0->0 0->14 0->0 0->0 0->0 0->0 0->0 0->0 0->0 0->0 0->0 0->0 0->0 0->0 0->0 0->0 0->0 0->0 0->0 0->0 0->0 0->0 0->0 0->0 0->0 
0->63 0->56 0->16 0->63 0->27 0->0 0->40 0->0 0->0 0->26 0->0 0->0 0->14 0->0 0->0 0->0 0->0 0->0 0->0 0->0 0->0 93->0 97->0 88->0 113->0 127->0 107->0 87->0 100->0 98->0 0->0 0->0 0->0 0->0 0->0 0->0 
0->63 0->56 0->16 0->63 0->27 0->0 0->40 0->0 0->0 0->26 0->0 0->0 0->14 0->0 0->0 0->0 0->0 0->0 0->0 0->0 0->0 108->0 115->0 117->0 132->0 130->0 78->0 171->0 181->0 165->0 0->0 0->0 0->0 0->0 0->0 0->0 
0->63 0->56 0->16 0->63 0->27 0->0 0->40 0->0 0->0 0->26 0->0 0->0 0->14 0->0 0->0 0->0 0->0 0->0 0->0 0->0 0->0 100->0 85->0 154->0 104->0 71->0 173->0 105->0 68->0 167->0 0->0 0->0 0->0 0->0 0->0 0->0 
0->63 0->56 0->16 0->63 0->27 0->0 0->40 0->0 0->0 0->26 0->0 0->0 0->14 0->0 0->0 0->0 0->0 0->0 0->0 0->0 0->0 0->0 0->0 0->0 0->0 0->0 0->0 0->0 0->0 0->0 0->0 0->0 0->0 0->0 0->0 0->0 

93->0 97->0 88->0 113->0 127->0 107->0 87->0 100->0 98->0 0->0 0->0 0->0 0->0 0->0 0->0 0->0 0->0 0->0 0->45 0->45 0->45 0->63 0->63 0->63 0->63 0->63 0->63 0->0 0->0 0->0 0->0 0->0 0->0 0->0 0->0 0->0 
108->0 115->0 117->0 132->0 130->0 78->0 171->0 181->0 165->0 0->0 0->0 0->0 0->0 0->0 0->0 0->0 0->0 0->0 0->45 0->45 0->45 0->63 0->63 0->63 0->63 0->63 0->63 0->0 0->0 0->0 0->0 0->0 0->0 0->0 0->0 0->0 
100->0 85->0 154->0 104->0 71->0 173->0 105->0 68->0 167->0 0->0 0->0 0->0 0->0 0->0 0->0 0->0 0->0 0->0 0->45 0->45 0->45 0->63 0->63 0->63 0->63 0->63 0->63 0->0 0->0 0->0 0->0 0->0 0->0 0->0 0->0 0->0 
0->0 0->0 0->0 0->0 0->0 0->0 0->0 0->0 0->0 0->0 0->0 0->0 0->0 0->0 0->0 0->0 0->0 0->0 0->45 0->45 0->45 0->63 0->63 0->63 0->63 0->63 0->63 0->0 0->0 0->0 0->0 0->0 0->0 0->0 0->0 0->0 
0->0 0->0 0->0 93->0 97->0 88->0 113->0 127->0 107->0 87->0 100->0 98->0 0->0 0->0 0->0 0->0 0->0 0->0 0->45 0->45 0->45 0->63 0->63 0->63 0->63 0->63 0->63 0->0 0->0 0->0 0->0 0->0 0->0 0->0 0->0 0->0 
0->0 0->0 0->0 108->0 115->0 117->0 132->0 130->0 78->0 171->0 181->0 165->0 0->0 0->0 0->0 0->0 0->0 0->0 0->45 0->45 0->45 0->63 0->63 0->63 0->63 0->63 0->63 0->0 0->0 0->0 0->0 0->0 0->0 0->0 0->0 0->0 
0->0 0->0 0->0 100->0 85->0 154->0 104->0 71->0 173->0 105->0 68->0 167->0 0->0 0->0 0->0 0->0 0->0 0->0 0->45 0->45 0->45 0->63 0->63 0->63 0->63 0->63 0->63 0->0 0->0 0->0 0->0 0->0 0->0 0->0 0->0 0->0 
0->0 0->0 0->0 0->0 0->0 0->0 0->0 0->0 0->0 0->0 0->0 0->0 0->0 0->0 0->0 0->0 0->0 0->0 0->45 0->45 0->45 0->63 0->63 0->63 0->63 0->63 0->63 0->0 0->0 0->0 0->0 0->0 0->0 0->0 0->0 0->0 
0->0 0->0 0->0 0->0 0->0 0->0 93->0 97->0 88->0 113->0 127->0 107->0 87->0 100->0 98->0 0->0 0->0 0->0 0->45 0->45 0->45 0->63 0->63 0->63 0->63 0->63 0->63 0->0 0->0 0->0 0->0 0->0 0->0 0->0 0->0 0->0 
0->0 0->0 0->0 0->0 0->0 0->0 108->0 115->0 117->0 132->0 130->0 78->0 171->0 181->0 165->0 0->0 0->0 0->0 0->45 0->45 0->45 0->63 0->63 0->63 0->63 0->63 0->63 0->0 0->0 0->0 0->0 0->0 0->0 0->0 0->0 0->0 
0->0 0->0 0->0 0->0 0->0 0->0 100->0 85->0 154->0 104->0 71->0 173->0 105->0 68->0 167->0 0->0 0->0 0->0 0->45 0->45 0->45 0->63 0->63 0->63 0->63 0->63 0->63 0->0 0->0 0->0 0->0 0->0 0->0 0->0 0->0 0->0 
0->0 0->0 0->0 0->0 0->0 0->0 0->0 0->0 0->0 0->0 0->0 0->0 0->0 0->0 0->0 0->0 0->0 0->0 0->45 0->45 0->45 0->63 0->63 0->63 0->63 0->63 0->63 0->0 0->0 0->0 0->0 0->0 0->0 0->0 0->0 0->0 
0->0 0->0 0->0 0->0 0->0 0->0 0->0 0->0 0->0 93->0 97->0 88->0 113->0 127->0 107->0 87->0 100->0 98->0 0->45 0->45 0->45 0->63 0->63 0->63 0->63 0->63 0->63 0->0 0->0 0->0 0->0 0->0 0->0 0->0 0->0 0->0 
0->0 0->0 0->0 0->0 0->0 0->0 0->0 0->0 0->0 108->0 115->0 117->0 132->0 130->0 78->0 171->0 181->0 165->0 0->45 0->45 0->45 0->63 0->63 0->63 0->63 0->63 0->63 0->0 0->0 0->0 0->0 0->0 0->0 0->0 0->0 0->0 
0->0 0->0 0->0 0->0 0->0 0->0 0->0 0->0 0->0 100->0 85->0 154->0 104->0 71->0 173->0 105->0 68->0 167->0 0->45 0->45 0->45 0->63 0->63 0->63 0->63 0->63 0->63 0->0 0->0 0->0 0->0 0->0 0->0 0->0 0->0 0->0 
0->0 0->0 0->0 0->0 0->0 0->0 0->0 0->0 0->0 0->0 0->0 0->0 0->0 0->0 0->0 0->0 0->0 0->0 0->45 0->45 0->45 0->63 0->63 0->63 0->63 0->63 0->63 0->0 0->0 0->0 0->0 0->0 0->0 0->0 0->0 0->0 
0->0 0->0 0->0 0->0 0->0 0->0 0->0 0->0 0->0 0->0 0->0 0->0 93->0 97->0 88->0 113->0 127->0 107->0 87->45 100->45 98->45 0->63 0->63 0->63 0->63 0->63 0->63 0->0 0->0 0->0 0->0 0->0 0->0 0->0 0->0 0->0 
0->0 0->0 0->0 0->0 0->0 0->0 0->0 0->0 0->0 0->0 0->0 0->0 108->0 115->0 117->0 132->0 130->0 78->0 171->45 181->45 165->45 0->63 0->63 0->63 0->63 0->63 0->63 0->0 0->0 0->0 0->0 0->0 0->0 0->0 0->0 0->0 
0->0 0->0 0->0 0->0 0->0 0->0 0->0 0->0 0->0 0->0 0->0 0->0 100->0 85->0 154->0 104->0 71->0 173->0 105->45 68->45 167->45 0->63 0->63 0->63 0->63 0->63 0->63 0->0 0->0 0->0 0->0 0->0 0->0 0->0 0->0 0->0 
0->0 0->0 0->0 0->0 0->0 0->0 0->0 0->0 0->0 0->0 0->0 0->0 0->0 0->0 0->0 0->0 0->0 0->0 0->45 0->45 0->45 0->63 0->63 0->63 0->63 0->63 0->63 0->0 0->0 0->0 0->0 0->0 0->0 0->0 0->0 0->0 
0->0 0->0 0->0 0->0 0->0 0->0 0->0 0->0 0->0 0->0 0->0 0->0 0->0 0->0 0->0 93->0 97->0 88->0 113->45 127->45 107->45 87->63 100->63 98->63 0->63 0->63 0->63 0->0 0->0 0->0 0->0 0->0 0->0 0->0 0->0 0->0 
0->0 0->0 0->0 0->0 0->0 0->0 0->0 0->0 0->0 0->0 0->0 0->0 0->0 0->0 0->0 108->0 115->0 117->0 132->45 130->45 78->45 171->63 181->63 165->63 0->63 0->63 0->63 0->0 0->0 0->0 0->0 0->0 0->0 0->0 0->0 0->0 
0->0 0->0 0->0 0->0 0->0 0->0 0->0 0->0 0->0 0->0 0->0 0->0 0->0 0->0 0->0 100->0 85->0 154->0 104->45 71->45 173->45 105->63 68->63 167->63 0->63 0->63 0->63 0->0 0->0 0->0 0->0 0->0 0->0 0->0 0->0 0->0 
0->0 0->0 0->0 0->0 0->0 0->0 0->0 0->0 0->0 0->0 0->0 0->0 0->0 0->0 0->0 0->0 0->0 0->0 0->45 0->45 0->45 0->63 0->63 0->63 0->63 0->63 0->63 0->0 0->0 0->0 0->0 0->0 0->0 0->0 0->0 0->0 
0->0 0->0 0->0 0->0 0->0 0->0 0->0 0->0 0->0 0->0 0->0 0->0 0->0 0->0 0->0 0->0 0->0 0->0 93->45 97->45 88->45 113->63 127->63 107->63 87->63 100->63 98->63 0->0 0->0 0->0 0->0 0->0 0->0 0->0 0->0 0->0 
0->0 0->0 0->0 0->0 0->0 0->0 0->0 0->0 0->0 0->0 0->0 0->0 0->0 0->0 0->0 0->0 0->0 0->0 108->45 115->45 117->45 132->63 130->63 78->63 171->63 181->63 165->63 0->0 0->0 0->0 0->0 0->0 0->0 0->0 0->0 0->0 
0->0 0->0 0->0 0->0 0->0 0->0 0->0 0->0 0->0 0->0 0->0 0->0 0->0 0->0 0->0 0->0 0->0 0->0 100->45 85->45 154->45 104->63 71->63 173->63 105->63 68->63 167->63 0->0 0->0 0->0 0->0 0->0 0->0 0->0 0->0 0->0 
0->0 0->0 0->0 0->0 0->0 0->0 0->0 0->0 0->0 0->0 0->0 0->0 0->0 0->0 0->0 0->0 0->0 0->0 0->45 0->45 0->45 0->63 0->63 0->63 0->63 0->63 0->63 0->0 0->0 0->0 0->0 0->0 0->0 0->0 0->0 0->0 
0->0 0->0 0->0 0->0 0->0 0->0 0->0 0->0 0->0 0->0 0->0 0->0 0->0 0->0 0->0 0->0 0->0 0->0 0->45 0->45 0->45 93->63 97->63 88->63 113->63 127->63 107->63 87->0 100->0 98->0 0->0 0->0 0->0 0->0 0->0 0->0 
0->0 0->0 0->0 0->0 0->0 0->0 0->0 0->0 0->0 0->0 0->0 0->0 0->0 0->0 0->0 0->0 0->0 0->0 0->45 0->45 0->45 108->63 115->63 117->63 132->63 130->63 78->63 171->0 181->0 165->0 0->0 0->0 0->0 0->0 0->0 0->0 
0->0 0->0 0->0 0->0 0->0 0->0 0->0 0->0 0->0 0->0 0->0 0->0 0->0 0->0 0->0 0->0 0->0 0->0 0->45 0->45 0->45 100->63 85->63 154->63 104->63 71->63 173->63 105->0 68->0 167->0 0->0 0->0 0->0 0->0 0->0 0->0 
0->0 0->0 0->0 0->0 0->0 0->0 0->0 0->0 0->0 0->0 0->0 0->0 0->0 0->0 0->0 0->0 0->0 0->0 0->45 0->45 0->45 0->63 0->63 0->63 0->63 0->63 0->63 0->0 0->0 0->0 0->0 0->0 0->0 0->0 0->0 0->0 

93->63 97->63 88->63 113->0 127->0 107->0 87->0 100->0 98->0 0->0 0->0 0->0 0->0 0->0 0->0 0->0 0->0 0->0 0->0 0->0 0->0 0->0 0->0 0->0 0->0 0->0 0->0 0->0 0->0 0->0 0->0 0->0 0->0 0->0 0->0 0->0 
108->63 115->63 117->63 132->0 130->0 78->0 171->0 181->0 165->0 0->0 0->0 0->0 0->0 0->0 0->0 0->0 0->0 0->0 0->0 0->0 0->0 0->0 0->0 0->0 0->0 0->0 0->0 0->0 0->0 0->0 0->0 0->0 0->0 0->0 0->0 0->0 
100->63 85->63 154->63 104->0 71->0 173->0 105->0 68->0 167->0 0->0 0->0 0->0 0->0 0->0 0->0 0->0 0->0 0->0 0->0 0->0 0->0 0->0 0->0 0->0 0->0 0->0 0->0 0->0 0->0 0->0 0->0 0->0 0->0 0->0 0->0 0->0 
0->63 0->63 0->63 0->0 0->0 0->0 0->0 0->0 0->0 0->0 0->0 0->0 0->0 0->0 0->0 0->0 0->0 0->0 0->0 0->0 0->0 0->0 0->0 0->0 0->0 0->0 0->0 0->0 0->0 0->0 0->0 0->0 0->0 0->0 0->0 0->0 
0->63 0->63 0->63 93->0 97->0 88->0 113->0 127->0 107->0 87->0 100->0 98->0 0->0 0->0 0->0 0->0 0->0 0->0 0->0 0->0 0->0 0->0 0->0 0->0 0->0 0->0 0->0 0->0 0->0 0->0 0->0 0->0 0->0 0->0 0->0 0->0 
0->63 0->63 0->63 108->0 115->0 117->0 132->0 130->0 78->0 171->0 181->0 165->0 0->0 0->0 0->0 0->0 0->0 0->0 0->0 0->0 0->0 0->0 0->0 0->0 0->0 0->0 0->0 0->0 0->0 0->0 0->0 0->0 0->0 0->0 0->0 0->0 
0->63 0->63 0->63 100->0 85->0 154->0 104->0 71->0 173->0 105->0 68->0 167->0 0->0 0->0 0->0 0->0 0->0 0->0 0->0 0->0 0->0 0->0 0->0 0->0 0->0 0->0 0->0 0->0 0->0 0->0 0->0 0->0 0->0 0->0 0->0 0->0 
0->63 0->63 0->63 0->0 0->0 0->0 0->0 0->0 0->0 0->0 0->0 0->0 0->0 0->0 0->0 0->0 0->0 0->0 0->0 0->0 0->0 0->0 0->0 0->0 0->0 0->0 0->0 0->0 0->0 0->0 0->0 0->0 0->0 0->0 0->0 0->0 
0->63 0->63 0->63 0->0 0->0 0->0 93->0 97->0 88->0 113->0 127->0 107->0 87->0 100->0 98->0 0->0 0->0 0->0 0->0 0->0 0->0 0->0 0->0 0->0 0->0 0->0 0->0 0->0 0->0 0->0 0->0 0->0 0->0 0->0 0->0 0->0 
0->63 0->63 0->63 0->0 0->0 0->0 108->0 115->0 117->0 132->0 130->0 78->0 171->0 181->0 165->0 0->0 0->0 0->0 0->0 0->0 0->0 0->0 0->0 0->0 0->0 0->0 0->0 0->0 0->0 0->0 0->0 0->0 0->0 0->0 0->0 0->0 
0->63 0->63 0->63 0->0 0->0 0->0 100->0 85->0 154->0 104->0 71->0 173->0 105->0 68->0 167->0 0->0 0->0 0->0 0->0 0->0 0->0 0->0 0->0 0->0 0->0 0->0 0->0 0->0 0->0 0->0 0->0 0->0 0->0 0->0 0->0 0->0 
0->63 0->63 0->63 0->0 0->0 0->0 0->0 0->0 0->0 0->0 0->0 0->0 0->0 0->0 0->0 0->0 0->0 0->0 0->0 0->0 0->0 0->0 0->0 0->0 0->0 0->0 0->0 0->0 0->0 0->0 0->0 0->0 0->0 0->0 0->0 0->0 
0->63 0->63 0->63 0->0 0->0 0->0 0->0 0->0 0->0 93->0 97->0 88->0 113->0 127->0 107->0 87->0 100->0 98->0 0->0 0->0 0->0 0->0 0->0 0->0 0->0 0->0 0->0 0->0 0->0 0->0 0->0 0->0 0->0 0->0 0->0 0->0 
0->63 0->63 0->63 0->0 0->0 0->0 0->0 0->0 0->0 108->0 115->0 117->0 132->0 130->0 78->0 171->0 181->0 165->0 0->0 0->0 0->0 0->0 0->0 0->0 0->0 0->0 0->0 0->0 0->0 0->0 0->0 0->0 0->0 0->0 0->0 0->0 
0->63 0->63 0->63 0->0 0->0 0->0 0->0 0->0 0->0 100->0 85->0 154->0 104->0 71->0 173->0 105->0 68->0 167->0 0->0 0->0 0->0 0->0 0->0 0->0 0->0 0->0 0->0 0->0 0->0 0->0 0->0 0->0 0->0 0->0 0->0 0->0 
0->63 0->63 0->63 0->0 0->0 0->0 0->0 0->0 0->0 0->0 0->0 0->0 0->0 0->0 0->0 0->0 0->0 0->0 0->0 0->0 0->0 0->0 0->0 0->0 0->0 0->0 0->0 0->0 0->0 0->0 0->0 0->0 0->0 0->0 0->0 0->0 
0->63 0->63 0->63 0->0 0->0 0->0 0->0 0->0 0->0 0->0 0->0 0->0 93->0 97->0 88->0 113->0 127->0 107->0 87->0 100->0 98->0 0->0 0->0 0->0 0->0 0->0 0->0 0->0 0->0 0->0 0->0 0->0 0->0 0->0 0->0 0->0 
0->63 0->63 0->63 0->0 0->0 0->0 0->0 0->0 0->0 0->0 0->0 0->0 108->0 115->0 117->0 132->0 130->0 78->0 171->0 181->0 165->0 0->0 0->0 0->0 0->0 0->0 0->0 0->0 0->0 0->0 0->0 0->0 0->0 0->0 0->0 0->0 
0->63 0->63 0->63 0->0 0->0 0->0 0->0 0->0 0->0 0->0 0->0 0->0 100->0 85->0 154->0 104->0 71->0 173->0 105->0 68->0 167->0 0->0 0->0 0->0 0->0 0->0 0->0 0->0 0->0 0->0 0->0 0->0 0->0 0->0 0->0 0->0 
0->63 0->63 0->63 0->0 0->0 0->0 0->0 0->0 0->0 0->0 0->0 0->0 0->0 0->0 0->0 0->0 0->0 0->0 0->0 0->0 0->0 0->0 0->0 0->0 0->0 0->0 0->0 0->0 0->0 0->0 0->0 0->0 0->0 0->0 0->0 0->0 
0->63 0->63 0->63 0->0 0->0 0->0 0->0 0->0 0->0 0->0 0->0 0->0 0->0 0->0 0->0 93->0 97->0 88->0 113->0 127->0 107->0 87->0 100->0 98->0 0->0 0->0 0->0 0->0 0->0 0->0 0->0 0->0 0->0 0->0 0->0 0->0 
0->63 0->63 0->63 0->0 0->0 0->0 0->0 0->0 0->0 0->0 0->0 0->0 0->0 0->0 0->0 108->0 115->0 117->0 132->0 130->0 78->0 171->0 181->0 165->0 0->0 0->0 0->0 0->0 0->0 0->0 0->0 0->0 0->0 0->0 0->0 0->0 
0->63 0->63 0->63 0->0 0->0 0->0 0->0 0->0 0->0 0->0 0->0 0->0 0->0 0->0 0->0 100->0 85->0 154->0 104->0 71->0 173->0 105->0 68->0 167->0 0->0 0->0 0->0 0->0 0->0 0->0 0->0 0->0 0->0 0->0 0->0 0->0 
0->63 0->63 0->63 0->0 0->0 0->0 0->0 0->0 0->0 0->0 0->0 0->0 0->0 0->0 0->0 0->0 0->0 0->0 0->0 0->0 0->0 0->0 0->0 0->0 0->0 0->0 0->0 0->0 0->0 0->0 0->0 0->0 0->0 0->0 0->0 0->0 
0->63 0->63 0->63 0->0 0->0 0->0 0->0 0->0 0->0 0->0 0->0 0->0 0->0 0->0 0->0 0->0 0->0 0->0 93->0 97->0 88->0 113->0 127->0 107->0 87->0 100->0 98->0 0->0 0->0 0->0 0->0 0->0 0->0 0->0 0->0 0->0 
0->63 0->63 0->63 0->0 0->0 0->0 0->0 0->0 0->0 0->0 0->0 0->0 0->0 0->0 0->0 0->0 0->0 0->0 108->0 115->0 117->0 132->0 130->0 78->0 171->0 181->0 165->0 0->0 0->0 0->0 0->0 0->0 0->0 0->0 0->0 0->0 
0->63 0->63 0->63 0->0 0->0 0->0 0->0 0->0 0->0 0->0 0->0 0->0 0->0 0->0 0->0 0->0 0->0 0->0 100->0 85->0 154->0 104->0 71->0 173->0 105->0 68->0 167->0 0->0 0->0 0->0 0->0 0->0 0->0 0->0 0->0 0->0 
0->63 0->63 0->63 0->0 0->0 0->0 0->0 0->0 0->0 0->0 0->0 0->0 0->0 0->0 0->0 0->0 0->0 0->0 0->0 0->0 0->0 0->0 0->0 0->0 0->0 0->0 0->0 0->0 0->0 0->0 0->0 0->0 0->0 0->0 0->0 0->0 
0->63 0->63 0->63 0->0 0->0 0->0 0->0 0->0 0->0 0->0 0->0 0->0 0->0 0->0 0->0 0->0 0->0 0->0 0->0 0->0 0->0 93->0 97->0 88->0 113->0 127->0 107->0 87->0 100->0 98->0 0->0 0->0 0->0 0->0 0->0 0->0 
0->63 0->63 0->63 0->0 0->0 0->0 0->0 0->0 0->0 0->0 0->0 0->0 0->0 0->0 0->0 0->0 0->0 0->0 0->0 0->0 0->0 108->0 115->0 117->0 132->0 130->0 78->0 171->0 181->0 165->0 0->0 0->0 0->0 0->0 0->0 0->0 
0->63 0->63 0->63 0->0 0->0 0->0 0->0 0->0 0->0 0->0 0->0 0->0 0->0 0->0 0->0 0->0 0->0 0->0 0->0 0->0 0->0 100->0 85->0 154->0 104->0 71->0 173->0 105->0 68->0 167->0 0->0 0->0 0->0 0->0 0->0 0->0 
0->63 0->63 0->63 0->0 0->0 0->0 0->0 0->0 0->0 0->0 0->0 0->0 0->0 0->0 0->0 0->0 0->0 0->0 0->0 0->0 0->0 0->0 0->0 0->0 0->0 0->0 0->0 0->0 0->0 0->0 0->0 0->0 0->0 0->0 0->0 0->0 

93->0 97->0 88->0 113->0 127->0 107->0 87->0 100->0 98->0 0->0 0->0 0->0 0->0 0->0 0->0 0->15 0->1 0->10 0->61 0->59 0->60 0->63 0->63 0->53 0->56 0->16 0->7 0->27 0->0 0->0 0->0 0->0 0->0 0->0 0->0 0->0 
108->0 115->0 117->0 132->0 130->0 78->0 171->0 181->0 165->0 0->0 0->0 0->0 0->0 0->0 0->0 0->15 0->1 0->10 0->61 0->59 0->60 0->63 0->63 0->53 0->56 0->16 0->7 0->27 0->0 0->0 0->0 0->0 0->0 0->0 0->0 0->0 
100->0 85->0 154->0 104->0 71->0 173->0 105->0 68->0 167->0 0->0 0->0 0->0 0->0 0->0 0->0 0->15 0->1 0->10 0->61 0->59 0->60 0->63 0->63 0->53 0->56 0->16 0->7 0->27 0->0 0->0 0->0 0->0 0->0 0->0 0->0 0->0 
0->0 0->0 0->0 0->0 0->0 0->0 0->0 0->0 0->0 0->0 0->0 0->0 0->0 0->0 0->0 0->15 0->1 0->10 0->61 0->59 0->60 0->63 0->63 0->53 0->56 0->16 0->7 0->27 0->0 0->0 0->0 0->0 0->0 0->0 0->0 0->0 
0->0 0->0 0->0 93->0 97->0 88->0 113->0 127->0 107->0 87->0 100->0 98->0 0->0 0->0 0->0 0->15 0->1 0->10 0->61 0->59 0->60 0->63 0->63 0->53 0->56 0->16 0->7 0->27 0->0 0->0 0->0 0->0 0->0 0->0 0->0 0->0 
0->0 0->0 0->0 108->0 115->0 117->0 132->0 130->0 78->0 171->0 181->0 165->0 0->0 0->0 0->0 0->15 0->1 0->10 0->61 0->59 0->60 0->63 0->63 0->53 0->56 0->16 0->7 0->27 0->0 0->0 0->0 0->0 0->0 0->0 0->0 0->0 
0->0 0->0 0->0 100->0 85->0 154->0 104->0 71->0 173->0 105->0 68->0 167->0 0->0 0->0 0->0 0->15 0->1 0->10 0->61 0->59 0->60 0->63 0->63 0->53 0->56 0->16 0->7 0->27 0->0 0->0 0->0 0->0 0->0 0->0 0->0 0->0 
0->0 0->0 0->0 0->0 0->0 0->0 0->0 0->0 0->0 0->0 0->0 0->0 0->0 0->0 0->0 0->15 0->1 0->10 0->61 0->59 0->60 0->63 0->63 0->53 0->56 0->16 0->7 0->27 0->0 0->0 0->0 0->0 0->0 0->0 0->0 0->0 
0->0 0->0 0->0 0->0 0->0 0->0 93->0 97->0 88->0 113->0 127->0 107->0 87->0 100->0 98->0 0->15 0->1 0->10 0->61 0->59 0->60 0->63 0->63 0->53 0->56 0->16 0->7 0->27 0->0 0->0 0->0 0->0 0->0 0->0 0->0 0->0 
0->0 0->0 0->0 0->0 0->0 0->0 108->0 115->0 117->0 132->0 130->0 78->0 171->0 181->0 165->0 0->15 0->1 0->10 0->61 0->59 0->60 0->63 0->63 0->53 0->56 0->16 0->7 0->27 0->0 0->0 0->0 0->0 0->0 0->0 0->0 0->0 
0->0 0->0 0->0 0->0 0->0 0->0 100->0 85->0 154->0 104->0 71->0 173->0 105->0 68->0 167->0 0->15 0->1 0->10 0->61 0->59 0->60 0->63 0->63 0->53 0->56 0->16 0->7 0->27 0->0 0->0 0->0 0->0 0->0 0->0 0->0 0->0 
0->0 0->0 0->0 0->0 0->0 0->0 0->0 0->0 0->0 0->0 0->0 0->0 0->0 0->0 0->0 0->15 0->1 0->10 0->61 0->59 0->60 0->63 0->63 0->53 0->56 0->16 0->7 0->27 0->0 0->0 0->0 0->0 0->0 0->0 0->0 0->0 
0->0 0->0 0->0 0->0 0->0 0->0 0->0 0->0 0->0 93->0 97->0 88->0 113->0 127->0 107->0 87->15 100->1 98->10 0->61 0->59 0->60 0->63 0->63 0->53 0->56 0->16 0->7 0->27 0->0 0->0 0->0 0->0 0->0 0->0 0->0 0->0 
0->0 0->0 0->0 0->0 0->0 0->0 0->0 0->0 0->0 108->0 115->0 117->0 132->0 130->0 78->0 171->15 181->1 165->10 0->61 0->59 0->60 0->63 0->63 0->53 0->56 0->16 0->7 0->27 0->0 0->0 0->0 0->0 0->0 0->0 0->0 0->0 
0->0 0->0 0->0 0->0 0->0 0->0 0->0 0->0 0->0 100->0 85->0 154->0 104->0 71->0 173->0 105->15 68->1 167->10 0->61 0->59 0->60 0->63 0->63 0->53 0->56 0->16 0->7 0->27 0->0 0->0 0->0 0->0 0->0 0->0 0->0 0->0 
0->0 0->0 0->0 0->0 0->0 0->0 0->0 0->0 0->0 0->0 0->0 0->0 0->0 0->0 0->0 0->15 0->1 0->10 0->61 0->59 0->60 0->63 0->63 0->53 0->56 0->16 0->7 0->27 0->0 0->0 0->0 0->0 0->0 0->0 0->0 0->0 
0->0 0->0 0->0 0->0 0->0 0->0 0->0 0->0 0->0 0->0 0->0 0->0 93->0 97->0 88->0 113->15 127->1 107->10 87->61 100->59 98->60 0->63 0->63 0->53 0->56 0->16 0->7 0->27 0->0 0->0 0->0 0->0 0->0 0->0 0->0 0->0 
0->0 0->0 0->0 0->0 0->0 0->0 0->0 0->0 0->0 0->0 0->0 0->0 108->0 115->0 117->0 132->15 130->1 78->10 171->61 181->59 165->60 0->63 0->63 0->53 0->56 0->16 0->7 0->27 0->0 0->0 0->0 0->0 0->0 0->0 0->0 0->0 
0->0 0->0 0->0 0->0 0->0 0->0 0->0 0->0 0->0 0->0 0->0 0->0 100->0 85->0 154->0 104->15 71->1 173->10 105->61 68->59 167->60 0->63 0->63 0->53 0->56 0->16 0->7 0->27 0->0 0->0 0->0 0->0 0->0 0->0 0->0 0->0 
0->0 0->0 0->0 0->0 0->0 0->0 0->0 0->0 0->0 0->0 0->0 0->0 0->0 0->0 0->0 0->15 0->1 0->10 0->61 0->59 0->60 0->63 0->63 0->53 0->56 0->16 0->7 0->27 0->0 0->0 0->0 0->0 0->0 0->0 0->0 0->0 
0->0 0->0 0->0 0->0 0->0 0->0 0->0 0->0 0->0 0->0 0->0 0->0 0->0 0->0 0->0 93->15 97->1 88->10 113->61 127->59 107->60 87->63 100->63 98->53 0->56 0->16 0->7 0->27 0->0 0->0 0->0 0->0 0->0 0->0 0->0 0->0 
0->0 0->0 0->0 0->0 0->0 0->0 0->0 0->0 0->0 0->0 0->0 0->0 0->0 0->0 0->0 108->15 115->1 117->10 132->61 130->59 78->60 171->63 181->63 165->53 0->56 0->16 0->7 0->27 0->0 0->0 0->0 0->0 0->0 0->0 0->0 0->0 
0->0 0->0 0->0 0->0 0->0 0->0 0->0 0->0 0->0 0->0 0->0 0->0 0->0 0->0 0->0 100->15 85->1 154->10 104->61 71->59 173->60 105->63 68->63 167->53 0->56 0->16 0->7 0->27 0->0 0->0 0->0 0->0 0->0 0->0 0->0 0->0 
0->0 0->0 0->0 0->0 0->0 0->0 0->0 0->0 0->0 0->0 0->0 0->0 0->0 0->0 0->0 0->15 0->1 0->10 0->61 0->59 0->60 0->63 0->63 0->53 0->56 0->16 0->7 0->27 0->0 0->0 0->0 0->0 0->0 0->0 0->0 0->0 
0->0 0->0 0->0 0->0 0->0 0->0 0->0 0->0 0->0 0->0 0->0 0->0 0->0 0->0 0->0 0->15 0->1 0->10 93->61 97->59 88->60 113->63 127->63 107->53 87->56 100->16 98->7 0->27 0->0 0->0 0->0 0->0 0->0 0->0 0->0 0->0 
0->0 0->0 0->0 0->0 0->0 0->0 0->0 0->0 0->0 0->0 0->0 0->0 0->0 0->0 0->0 0->15 0->1 0->10 108->61 115->59 117->60 132->63 130->63 78->53 171->56 181->16 165->7 0->27 0->0 0->0 0->0 0->0 0->0 0->0 0->0 0->0 
0->0 0->0 0->0 0->0 0->0 0->0 0->0 0->0 0->0 0->0 0->0 0->0 0->0 0->0 0->0 0->15 0->1 0->10 100->61 85->59 154->60 104->63 71->63 173->53 105->56 68->16 167->7 0->27 0->0 0->0 0->0 0->0 0->0 0->0 0->0 0->0 
0->0 0->0 0->0 0->0 0->0 0->0 0->0 0->0 0->0 0->0 0->0 0->0 0->0 0->0 0->0 0->15 0->1 0->10 0->61 0->59 0->60 0->63 0->63 0->53 0->56 0->16 0->7 0->27 0->0 0->0 0->0 0->0 0->0 0->0 0->0 0->0 
0->0 0->0 0->0 0->0 0->0 0->0 0->0 0->0 0->0 0->0 0->0 0->0 0->0 0->0 0->0 0->15 0->1 0->10 0->61 0->59 0->60 93->63 97->63 88->53 113->56 127->16 107->7 87->27 100->0 98->0 0->0 0->0 0->0 0->0 0->0 0->0 
0->0 0->0 0->0 0->0 0->0 0->0 0->0 0->0 0->0 0->0 0->0 0->0 0->0 0->0 0->0 0->15 0->1 0->10 0->61 0->59 0->60 108->63 115->63 117->53 132->56 130->16 78->7 171->27 181->0 165->0 0->0 0->0 0->0 0->0 0->0 0->0 
0->0 0->0 0->0 0->0 0->0 0->0 0->0 0->0 0->0 0->0 0->0 0->0 0->0 0->0 0->0 0->15 0->1 0->10 0->61 0->59 0->60 100->63 85->63 154->53 104->56 71->16 173->7 105->27 68->0 167->0 0->0 0->0 0->0 0->0 0->0 0->0 
0->0 0->0 0->0 0->0 0->0 0->0 0->0 0->0 0->0 0->0 0->0 0->0 0->0 0->0 0->0 0->15 0->1 0->10 0->61 0->59 0->60 0->63 0->63 0->53 0->56 0->16 0->7 0->27 0->0 0->0 0->0 0->0 0->0 0->0 0->0 0->0 

93->56 97->16 88->7 113->27 127->0 107->0 87->0 100->0 98->0 0->0 0->0 0->0 0->0 0->0 0->0 0->0 0->0 0->0 0->0 0->0 0->0 0->0 0->0 0->0 0->0 0->0 0->0 0->0 0->0 0->0 0->0 0->0 0->0 0->0 0->0 0->0 
108->56 115->16 117->7 132->27 130->0 78->0 171->0 181->0 165->0 0->0 0->0 0->0 0->0 0->0 0->0 0->0 0->0 0->0 0->0 0->0 0->0 0->0 0->0 0->0 0->0 0->0 0->0 0->0 0->0 0->0 0->0 0->0 0->0 0->0 0->0 0->0 
100->56 85->16 154->7 104->27 71->0 173->0 105->0 68->0 167->0 0->0 0->0 0->0 0->0 0->0 0->0 0->0 0->0 0->0 0->0 0->0 0->0 0->0 0->0 0->0 0->0 0->0 0->0 0->0 0->0 0->0 0->0 0->0 0->0 0->0 0->0 0->0 
0->56 0->16 0->7 0->27 0->0 0->0 0->0 0->0 0->0 0->0 0->0 0->0 0->0 0->0 0->0 0->0 0->0 0->0 0->0 0->0 0->0 0->0 0->0 0->0 0->0 0->0 0->0 0->0 0->0 0->0 0->0 0->0 0->0 0->0 0->0 0->0 
0->56 0->16 0->7 93->27 97->0 88->0 113->0 127->0 107->0 87->0 100->0 98->0 0->0 0->0 0->0 0->0 0->0 0->0 0->0 0->0 0->0 0->0 0->0 0->0 0->0 0->0 0->0 0->0 0->0 0->0 0->0 0->0 0->0 0->0 0->0 0->0 
0->56 0->16 0->7 108->27 115->0 117->0 132->0 130->0 78->0 171->0 181->0 165->0 0->0 0->0 0->0 0->0 0->0 0->0 0->0 0->0 0->0 0->0 0->0 0->0 0->0 0->0 0->0 0->0 0->0 0->0 0->0 0->0 0->0 0->0 0->0 0->0 
0->56 0->16 0->7 100->27 85->0 154->0 104->0 71->0 173->0 105->0 68->0 167->0 0->0 0->0 0->0 0->0 0->0 0->0 0->0 0->0 0->0 0->0 0->0 0->0 0->0 0->0 0->0 0->0 0->0 0->0 0->0 0->0 0->0 0->0 0->0 0->0 
0->56 0->16 0->7 0->27 0->0 0->0 0->0 0->0 0->0 0->0 0->0 0->0 0->0 0->0 0->0 0->0 0->0 0->0 0->0 0->0 0->0 0->0 0->0 0->0 0->0 0->0 0->0 0->0 0->0 0->0 0->0 0->0 0->0 0->0 0->0 0->0 
0->56 0->16 0->7 0->27 0->0 0->0 93->0 97->0 88->0 113->0 127->0 107->0 87->0 100->0 98->0 0->0 0->0 0->0 0->0 0->0 0->0 0->0 0->0 0->0 0->0 0->0 0->0 0->0 0->0 0->0 0->0 0->0 0->0 0->0 0->0 0->0 
0->56 0->16 0->7 0->27 0->0 0->0 108->0 115->0 117->0 132->0 130->0 78->0 171->0 181->0 165->0 0->0 0->0 0->0 0->0 0->0 0->0 0->0 0->0 0->0 0->0 0->0 0->0 0->0 0->0 0->0 0->0 0->0 0->0 0->0 0->0 0->0 
0->56 0->16 0->7 0->27 0->0 0->0 100->0 85->0 154->0 104->0 71->0 173->0 105->0 68->0 167->0 0->0 0->0 0->0 0->0 0->0 0->0 0->0 0->0 0->0 0->0 0->0 0->0 0->0 0->0 0->0 0->0 0->0 0->0 0->0 0->0 0->0 
0->56 0->16 0->7 0->27 0->0 0->0 0->0 0->0 0->0 0->0 0->0 0->0 0->0 0->0 0->0 0->0 0->0 0->0 0->0 0->0 0->0 0->0 0->0 0->0 0->0 0->0 0->0 0->0 0->0 0->0 0->0 0->0 0->0 0->0 0->0 0->0 
0->56 0->16 0->7 0->27 0->0 0->0 0->0 0->0 0->0 93->0 97->0 88->0 113->0 127->0 107->0 87->0 100->0 98->0 0->0 0->0 0->0 0->0 0->0 0->0 0->0 0->0 0->0 0->0 0->0 0->0 0->0 0->0 0->0 0->0 0->0 0->0 
0->56 0->16 0->7 0->27 0->0 0->0 0->0 0->0 0->0 108->0 115->0 117->0 132->0 130->0 78->0 171->0 181->0 165->0 0->0 0->0 0->0 0->0 0->0 0->0 0->0 0->0 0->0 0->0 0->0 0->0 0->0 0->0 0->0 0->0 0->0 0->0 
0->56 0->16 0->7 0->27 0->0 0->0 0->0 0->0 0->0 100->0 85->0 154->0 104->0 71->0 173->0 105->0 68->0 167->0 0->0 0->0 0->0 0->0 0->0 0->0 0->0 0->0 0->0 0->0 0->0 0->0 0->0 0->0 0->0 0->0 0->0 0->0 
0->56 0->16 0->7 0->27 0->0 0->0 0->0 0->0 0->0 0->0 0->0 0->0 0->0 0->0 0->0 0->0 0->0 0->0 0->0 0->0 0->0 0->0 0->0 0->0 0->0 0->0 0->0 0->0 0->0 0->0 0->0 0->0 0->0 0->0 0->0 0->0 
0->56 0->16 0->7 0->27 0->0 0->0 0->0 0->0 0->0 0->0 0->0 0->0 93->0 97->0 88->0 113->0 127->0 107->0 87->0 100->0 98->0 0->0 0->0 0->0 0->0 0->0 0->0 0->0 0->0 0->0 0->0 0->0 0->0 0->0 0->0 0->0 
0->56 0->16 0->7 0->27 0->0 0->0 0->0 0->0 0->0 0->0 0->0 0->0 108->0 115->0 117->0 132->0 130->0 78->0 171->0 181->0 165->0 0->0 0->0 0->0 0->0 0->0 0->0 0->0 0->0 0->0 0->0 0->0 0->0 0->0 0->0 0->0 
0->56 0->16 0->7 0->27 0->0 0->0 0->0 0->0 0->0 0->0 0->0 0->0 100->0 85->0 154->0 104->0 71->0 173->0 105->0 68->0 167->0 0->0 0->0 0->0 0->0 0->0 0->0 0->0 0->0 0->0 0->0 0->0 0->0 0->0 0->0 0->0 
0->56 0->16 0->7 0->27 0->0 0->0 0->0 0->0 0->0 0->0 0->0 0->0 0->0 0->0 0->0 0->0 0->0 0->0 0->0 0->0 0->0 0->0 0->0 0->0 0->0 0->0 0->0 0->0 0->0 0->0 0->0 0->0 0->0 0->0 0->0 0->0 
0->56 0->16 0->7 0->27 0->0 0->0 0->0 0->0 0->0 0->0 0->0 0->0 0->0 0->0 0->0 93->0 97->0 88->0 113->0 127->0 107->0 87->0 100->0 98->0 0->0 0->0 0->0 0->0 0->0 0->0 0->0 0->0 0->0 0->0 0->0 0->0 
0->56 0->16 0->7 0->27 0->0 0->0 0->0 0->0 0->0 0->0 0->0 0->0 0->0 0->0 0->0 108->0 115->0 117->0 132->0 130->0 78->0 171->0 181->0 165->0 0->0 0->0 0->0 0->0 0->0 0->0 0->0 0->0 0->0 0->0 0->0 0->0 
0->56 0->16 0->7 0->27 0->0 0->0 0->0 0->0 0->0 0->0 0->0 0->0 0->0 0->0 0->0 100->0 85->0 154->0 104->0 71->0 173->0 105->0 68->0 167->0 0->0 0->0 0->0 0->0 0->0 0->0 0->0 0->0 0->0 0->0 0->0 0->0 
0->56 0->16 0->7 0->27 0->0 0->0 0->0 0->0 0->0 0->0 0->0 0->0 0->0 0->0 0->0 0->0 0->0 0->0 0->0 0->0 0->0 0->0 0->0 0->0 0->0 0->0 0->0 0->0 0->0 0->0 0->0 0->0 0->0 0->0 0->0 0->0 
0->56 0->16 0->7 0->27 0->0 0->0 0->0 0->0 0->0 0->0 0->0 0->0 0->0 0->0 0->0 0->0 0->0 0->0 93->0 97->0 88->0 113->0 127->0 107->0 87->0 100->0 98->0 0->0 0->0 0->0 0->0 0->0 0->0 0->0 0->0 0->0 
0->56 0->16 0->7 0->27 0->0 0->0 0->0 0->0 0->0 0->0 0->0 0->0 0->0 0->0 0->0 0->0 0->0 0->0 108->0 115->0 117->0 132->0 130->0 78->0 171->0 181->0 165->0 0->0 0->0 0->0 0->0 0->0 0->0 0->0 0->0 0->0 
0->56 0->16 0->7 0->27 0->0 0->0 0->0 0->0 0->0 0->0 0->0 0->0 0->0 0->0 0->0 0->0 0->0 0->0 100->0 85->0 154->0 104->0 71->0 173->0 105->0 68->0 167->0 0->0 0->0 0->0 0->0 0->0 0->0 0->0 0->0 0->0 
0->56 0->16 0->7 0->27 0->0 0->0 0->0 0->0 0->0 0->0 0->0 0->0 0->0 0->0 0->0 0->0 0->0 0->0 0->0 0->0 0->0 0->0 0->0 0->0 0->0 0->0 0->0 0->0 0->0 0->0 0->0 0->0 0->0 0->0 0->0 0->0 
0->56 0->16 0->7 0->27 0->0 0->0 0->0 0->0 0->0 0->0 0->0 0->0 0->0 0->0 0->0 0->0 0->0 0->0 0->0 0->0 0->0 93->0 97->0 88->0 113->0 127->0 107->0 87->0 100->0 98->0 0->0 0->0 0->0 0->0 0->0 0->0 
0->56 0->16 0->7 0->27 0->0 0->0 0->0 0->0 0->0 0->0 0->0 0->0 0->0 0->0 0->0 0->0 0->0 0->0 0->0 0->0 0->0 108->0 115->0 117->0 132->0 130->0 78->0 171->0 181->0 165->0 0->0 0->0 0->0 0->0 0->0 0->0 
0->56 0->16 0->7 0->27 0->0 0->0 0->0 0->0 0->0 0->0 0->0 0->0 0->0 0->0 0->0 0->0 0->0 0->0 0->0 0->0 0->0 100->0 85->0 154->0 104->0 71->0 173->0 105->0 68->0 167->0 0->0 0->0 0->0 0->0 0->0 0->0 
0->56 0->16 0->7 0->27 0->0 0->0 0->0 0->0 0->0 0->0 0->0 0->0 0->0 0->0 0->0 0->0 0->0 0->0 0->0 0->0 0->0 0->0 0->0 0->0 0->0 0->0 0->0 0->0 0->0 0->0 0->0 0->0 0->0 0->0 0->0 0->0 

93->0 97->0 88->0 113->0 127->0 107->0 87->0 100->0 98->0 0->0 0->0 0->0 0->0 0->0 0->0 0->0 0->0 0->0 0->45 0->45 0->45 0->63 0->63 0->63 0->63 0->63 0->63 0->0 0->0 0->0 0->0 0->0 0->0 0->0 0->0 0->0 
108->0 115->0 117->0 132->0 130->0 78->0 171->0 181->0 165->0 0->0 0->0 0->0 0->0 0->0 0->0 0->0 0->0 0->0 0->45 0->45 0->45 0->63 0->63 0->63 0->63 0->63 0->63 0->0 0->0 0->0 0->0 0->0 0->0 0->0 0->0 0->0 
100->0 85->0 154->0 104->0 71->0 173->0 105->0 68->0 167->0 0->0 0->0 0->0 0->0 0->0 0->0 0->0 0->0 0->0 0->45 0->45 0->45 0->63 0->63 0->63 0->63 0->63 0->63 0->0 0->0 0->0 0->0 0->0 0->0 0->0 0->0 0->0 
0->0 0->0 0->0 0->0 0->0 0->0 0->0 0->0 0->0 0->0 0->0 0->0 0->0 0->0 0->0 0->0 0->0 0->0 0->45 0->45 0->45 0->63 0->63 0->63 0->63 0->63 0->63 0->0 0->0 0->0 0->0 0->0 0->0 0->0 0->0 0->0 
0->0 0->0 0->0 93->0 97->0 88->0 113->0 127->0 107->0 87->0 100->0 98->0 0->0 0->0 0->0 0->0 0->0 0->0 0->45 0->45 0->45 0->63 0->63 0->63 0->63 0->63 0->63 0->0 0->0 0->0 0->0 0->0 0->0 0->0 0->0 0->0 
0->0 0->0 0->0 108->0 115->0 117->0 132->0 130->0 78->0 171->0 181->0 165->0 0->0 0->0 0->0 0->0 0->0 0->0 0->45 0->45 0->45 0->63 0->63 0->63 0->63 0->63 0->63 0->0 0->0 0->0 0->0 0->0 0->0 0->0 0->0 0->0 
0->0 0->0 0->0 100->0 85->0 154->0 104->0 71->0 173->0 105->0 68->0 167->0 0->0 0->0 0->0 0->0 0->0 0->0 0->45 0->45 0->45 0->63 0->63 0->63 0->63 0->63 0->63 0->0 0->0 0->0 0->0 0->0 0->0 0->0 0->0 0->0 
0->0 0->0 0->0 0->0 0->0 0->0 0->0 0->0 0->0 0->0 0->0 0->0 0->0 0->0 0->0 0->0 0->0 0->0 0->45 0->45 0->45 0->63 0->63 0->63 0->63 0->63 0->63 0->0 0->0 0->0 0->0 0->0 0->0 0->0 0->0 0->0 
0->0 0->0 0->0 0->0 0->0 0->0 93->0 97->0 88->0 113->0 127->0 107->0 87->0 100->0 98->0 0->0 0->0 0->0 0->45 0->45 0->45 0->63 0->63 0->63 0->63 0->63 0->63 0->0 0->0 0->0 0->0 0->0 0->0 0->0 0->0 0->0 
0->0 0->0 0->0 0->0 0->0 0->0 108->0 115->0 117->0 132->0 130->0 78->0 171->0 181->0 165->0 0->0 0->0 0->0 0->45 0->45 0->45 0->63 0->63 0->63 0->63 0->63 0->63 0->0 0->0 0->0 0->0 0->0 0->0 0->0 0->0 0->0 
0->0 0->0 0->0 0->0 0->0 0->0 100->0 85->0 154->0 104->0 71->0 173->0 105->0 68->0 167->0 0->0 0->0 0->0 0->45 0->45 0->45 0->63 0->63 0->63 0->63 0->63 0->63 0->0 0->0 0->0 0->0 0->0 0->0 0->0 0->0 0->0 
0->0 0->0 0->0 0->0 0->0 0->0 0->0 0->0 0->0 0->0 0->0 0->0 0->0 0->0 0->0 0->0 0->0 0->0 0->45 0->45 0->45 0->63 0->63 0->63 0->63 0->63 0->63 0->0 0->0 0->0 0->0 0->0 0->0 0->0 0->0 0->0 
0->0 0->0 0->0 0->0 0->0 0->0 0->0 0->0 0->0 93->0 97->0 88->0 113->0 127->0 107->0 87->0 100->0 98->0 0->45 0->45 0->45 0->63 0->63 0->63 0->63 0->63 0->63 0->0 0->0 0->0 0->0 0->0 0->0 0->0 0->0 0->0 
0->0 0->0 0->0 0->0 0->0 0->0 0->0 0->0 0->0 108->0 115->0 117->0 132->0 130->0 78->0 171->0 181->0 165->0 0->45 0->45 0->45 0->63 0->63 0->63 0->63 0->63 0->63 0->0 0->0 0->0 0->0 0->0 0->0 0->0 0->0 0->0 
0->0 0->0 0->0 0->0 0->0 0->0 0->0 0->0 0->0 100->0 85->0 154->0 104->0 71->0 173->0 105->0 68->0 167->0 0->45 0->45 0->45 0->63 0->63 0->63 0->63 0->63 0->63 0->0 0->0 0->0 0->0 0->0 0->0 0->0 0->0 0->0 
0->0 0->0 0->0 0->0 0->0 0->0 0->0 0->0 0->0 0->0 0->0 0->0 0->0 0->0 0->0 0->0 0->0 0->0 0->45 0->45 0->45 0->63 0->63 0->63 0->63 0->63 0->63 0->0 0->0 0->0 0->0 0->0 0->0 0->0 0->0 0->0 
0->0 0->0 0->0 0->0 0->0 0->0 0->0 0->0 0->0 0->0 0->0 0->0 93->0 97->0 88->0 113->0 127->0 107->0 87->45 100->45 98->45 0->63 0->63 0->63 0->63 0->63 0->63 0->0 0->0 0->0 0->0 0->0 0->0 0->0 0->0 0->0 
0->0 0->0 0->0 0->0 0->0 0->0 0->0 0->0 0->0 0->0 0->0 0->0 108->0 115->0 117->0 132->0 130->0 78->0 171->45 181->45 165->45 0->63 0->63 0->63 0->63 0->63 0->63 0->0 0->0 0->0 0->0 0->0 0->0 0->0 0->0 0->0 
0->0 0->0 0->0 0->0 0->0 0->0 0->0 0->0 0->0 0->0 0->0 0->0 100->0 85->0 154->0 104->0 71->0 173->0 105->45 68->45 167->45 0->63 0->63 0->63 0->63 0->63 0->63 0->0 0->0 0->0 0->0 0->0 0->0 0->0 0->0 0->0 
0->0 0->0 0->0 0->0 0->0 0->0 0->0 0->0 0->0 0->0 0->0 0->0 0->0 0->0 0->0 0->0 0->0 0->0 0->45 0->45 0->45 0->63 0->63 0->63 0->63 0->63 0->63 0->0 0->0 0->0 0->0 0->0 0->0 0->0 0->0 0->0 
0->0 0->0 0->0 0->0 0->0 0->0 0->0 0->0 0->0 0->0 0->0 0->0 0->0 0->0 0->0 93->0 97->0 88->0 113->45 127->45 107->45 87->63 100->63 98->63 0->63 0->63 0->63 0->0 0->0 0->0 0->0 0->0 0->0 0->0 0->0 0->0 
0->0 0->0 0->0 0->0 0->0 0->0 0->0 0->0 0->0 0->0 0->0 0->0 0->0 0->0 0->0 108->0 115->0 117->0 132->45 130->45 78->45 171->63 181->63 165->63 0->63 0->63 0->63 0->0 0->0 0->0 0->0 0->0 0->0 0->0 0->0 0->0 
0->0 0->0 0->0 0->0 0->0 0->0 0->0 0->0 0->0 0->0 0->0 0->0 0->0 0->0 0->0 100->0 85->0 154->0 104->45 71->45 173->45 105->63 68->63 167->63 0->63 0->63 0->63 0->0 0->0 0->0 0->0 0->0 0->0 0->0 0->0 0->0 
0->0 0->0 0->0 0->0 0->0 0->0 0->0 0->0 0->0 0->0 0->0 0->0 0->0 0->0 0->0 0->0 0->0 0->0 0->45 0->45 0->45 0->63 0->63 0->63 0->63 0->63 0->63 0->0 0->0 0->0 0->0 0->0 0->0 0->0 0->0 0->0 
0->0 0->0 0->0 0->0 0->0 0->0 0->0 0->0 0->0 0->0 0->0 0->0 0->0 0->0 0->0 0->0 0->0 0->0 93->45 97->45 88->45 113->63 127->63 107->63 87->63 100->63 98->63 0->0 0->0 0->0 0->0 0->0 0->0 0->0 0->0 0->0 
0->0 0->0 0->0 0->0 0->0 0->0 0->0 0->0 0->0 0->0 0->0 0->0 0->0 0->0 0->0 0->0 0->0 0->0 108->45 115->45 117->45 132->63 130->63 78->63 171->63 181->63 165->63 0->0 0->0 0->0 0->0 0->0 0->0 0->0 0->0 0->0 
0->0 0->0 0->0 0->0 0->0 0->0 0->0 0->0 0->0 0->0 0->0 0->0 0->0 0->0 0->0 0->0 0->0 0->0 100->45 85->45 154->45 104->63 71->63 173->63 105->63 68->63 167->63 0->0 0->0 0->0 0->0 0->0 0->0 0->0 0->0 0->0 
0->0 0->0 0->0 0->0 0->0 0->0 0->0 0->0 0->0 0->0 0->0 0->0 0->0 0->0 0->0 0->0 0->0 0->0 0->45 0->45 0->45 0->63 0->63 0->63 0->63 0->63 0->63 0->0 0->0 0->0 0->0 0->0 0->0 0->0 0->0 0->0 
0->0 0->0 0->0 0->0 0->0 0->0 0->0 0->0 0->0 0->0 0->0 0->0 0->0 0->0 0->0 0->0 0->0 0->0 0->45 0->45 0->45 93->63 97->63 88->63 113->63 127->63 107->63 87->0 100->0 98->0 0->0 0->0 0->0 0->0 0->0 0->0 
0->0 0->0 0->0 0->0 0->0 0->0 0->0 0->0 0->0 0->0 0->0 0->0 0->0 0->0 0->0 0->0 0->0 0->0 0->45 0->45 0->45 108->63 115->63 117->63 132->63 130->63 78->63 171->0 181->0 165->0 0->0 0->0 0->0 0->0 0->0 0->0 
0->0 0->0 0->0 0->0 0->0 0->0 0->0 0->0 0->0 0->0 0->0 0->0 0->0 0->0 0->0 0->0 0->0 0->0 0->45 0->45 0->45 100->63 85->63 154->63 104->63 71->63 173->63 105->0 68->0 167->0 0->0 0->0 0->0 0->0 0->0 0->0 
0->0 0->0 0->0 0->0 0->0 0->0 0->0 0->0 0->0 0->0 0->0 0->0 0->0 0->0 0->0 0->0 0->0 0->0 0->45 0->45 0->45 0->63 0->63 0->63 0->63 0->63 0->63 0->0 0->0 0->0 0->0 0->0 0->0 0->0 0->0 0->0 

93->63 97->63 88->63 113->0 127->0 107->0 87->0 100->0 98->0 0->0 0->0 0->0 0->0 0->0 0->0 0->0 0->0 0->0 0->0 0->0 0->0 0->0 0->0 0->0 0->0 0->0 0->0 0->0 0->0 0->0 0->0 0->0 0->0 0->0 0->0 0->0 
108->63 115->63 117->63 132->0 130->0 78->0 171->0 181->0 165->0 0->0 0->0 0->0 0->0 0->0 0->0 0->0 0->0 0->0 0->0 0->0 0->0 0->0 0->0 0->0 0->0 0->0 0->0 0->0 0->0 0->0 0->0 0->0 0->0 0->0 0->0 0->0 
100->63 85->63 154->63 104->0 71->0 173->0 105->0 68->0 167->0 0->0 0->0 0->0 0->0 0->0 0->0 0->0 0->0 0->0 0->0 0->0 0->0 0->0 0->0 0->0 0->0 0->0 0->0 0->0 0->0 0->0 0->0 0->0 0->0 0->0 0->0 0->0 
0->63 0->63 0->63 0->0 0->0 0->0 0->0 0->0 0->0 0->0 0->0 0->0 0->0 0->0 0->0 0->0 0->0 0->0 0->0 0->0 0->0 0->0 0->0 0->0 0->0 0->0 0->0 0->0 0->0 0->0 0->0 0->0 0->0 0->0 0->0 0->0 
0->63 0->63 0->63 93->0 97->0 88->0 113->0 127->0 107->0 87->0 100->0 98->0 0->0 0->0 0->0 0->0 0->0 0->0 0->0 0->0 0->0 0->0 0->0 0->0 0->0 0->0 0->0 0->0 0->0 0->0 0->0 0->0 0->0 0->0 0->0 0->0 
0->63 0->63 0->63 108->0 115->0 117->0 132->0 130->0 78->0 171->0 181->0 165->0 0->0 0->0 0->0 0->0 0->0 0->0 0->0 0->0 0->0 0->0 0->0 0->0 0->0 0->0 0->0 0->0 0->0 0->0 0->0 0->0 0->0 0->0 0->0 0->0 
0->63 0->63 0->63 100->0 85->0 154->0 104->0 71->0 173->0 105->0 68->0 167->0 0->0 0->0 0->0 0->0 0->0 0->0 0->0 0->0 0->0 0->0 0->0 0->0 0->0 0->0 0->0 0->0 0->0 0->0 0->0 0->0 0->0 0->0 0->0 0->0 
0->63 0->63 0->63 0->0 0->0 0->0 0->0 0->0 0->0 0->0 0->0 0->0 0->0 0->0 0->0 0->0 0->0 0->0 0->0 0->0 0->0 0->0 0->0 0->0 0->0 0->0 0->0 0->0 0->0 0->0 0->0 0->0 0->0 0->0 0->0 0->0 
0->63 0->63 0->63 0->0 0->0 0->0 93->0 97->0 88->0 113->0 127->0 107->0 87->0 100->0 98->0 0->0 0->0 0->0 0->0 0->0 0->0 0->0 0->0 0->0 0->0 0->0 0->0 0->0 0->0 0->0 0->0 0->0 0->0 0->0 0->0 0->0 
0->63 0->63 0->63 0->0 0->0 0->0 108->0 115->0 117->0 132->0 130->0 78->0 171->0 181->0 165->0 0->0 0->0 0->0 0->0 0->0 0->0 0->0 0->0 0->0 0->0 0->0 0->0 0->0 0->0 0->0 0->0 0->0 0->0 0->0 0->0 0->0 
0->63 0->63 0->63 0->0 0->0 0->0 100->0 85->0 154->0 104->0 71->0 173->0 105->0 68->0 167->0 0->0 0->0 0->0 0->0 0->0 0->0 0->0 0->0 0->0 0->0 0->0 0->0 0->0 0->0 0->0 0->0 0->0 0->0 0->0 0->0 0->0 
0->63 0->63 0->63 0->0 0->0 0->0 0->0 0->0 0->0 0->0 0->0 0->0 0->0 0->0 0->0 0->0 0->0 0->0 0->0 0->0 0->0 0->0 0->0 0->0 0->0 0->0 0->0 0->0 0->0 0->0 0->0 0->0 0->0 0->0 0->0 0->0 
0->63 0->63 0->63 0->0 0->0 0->0 0->0 0->0 0->0 93->0 97->0 88->0 113->0 127->0 107->0 87->0 100->0 98->0 0->0 0->0 0->0 0->0 0->0 0->0 0->0 0->0 0->0 0->0 0->0 0->0 0->0 0->0 0->0 0->0 0->0 0->0 
0->63 0->63 0->63 0->0 0->0 0->0 0->0 0->0 0->0 108->0 115->0 117->0 132->0 130->0 78->0 171->0 181->0 165->0 0->0 0->0 0->0 0->0 0->0 0->0 0->0 0->0 0->0 0->0 0->0 0->0 0->0 0->0 0->0 0->0 0->0 0->0 
0->63 0->63 0->63 0->0 0->0 0->0 0->0 0->0 0->0 100->0 85->0 154->0 104->0 71->0 173->0 105->0 68->0 167->0 0->0 0->0 0->0 0->0 0->0 0->0 0->0 0->0 0->0 0->0 0->0 0->0 0->0 0->0 0->0 0->0 0->0 0->0 
0->63 0->63 0->63 0->0 0->0 0->0 0->0 0->0 0->0 0->0 0->0 0->0 0->0 0->0 0->0 0->0 0->0 0->0 0->0 0->0 0->0 0->0 0->0 0->0 0->0 0->0 0->0 0->0 0->0 0->0 0->0 0->0 0->0 0->0 0->0 0->0 
0->63 0->63 0->63 0->0 0->0 0->0 0->0 0->0 0->0 0->0 0->0 0->0 93->0 97->0 88->0 113->0 127->0 107->0 87->0 100->0 98->0 0->0 0->0 0->0 0->0 0->0 0->0 0->0 0->0 0->0 0->0 0->0 0->0 0->0 0->0 0->0 
0->63 0->63 0->63 0->0 0->0 0->0 0->0 0->0 0->0 0->0 0->0 0->0 108->0 115->0 117->0 132->0 130->0 78->0 171->0 181->0 165->0 0->0 0->0 0->0 0->0 0->0 0->0 0->0 0->0 0->0 0->0 0->0 0->0 0->0 0->0 0->0 
0->63 0->63 0->63 0->0 0->0 0->0 0->0 0->0 0->0 0->0 0->0 0->0 100->0 85->0 154->0 104->0 71->0 173->0 105->0 68->0 167->0 0->0 0->0 0->0 0->0 0->0 0->0 0->0 0->0 0->0 0->0 0->0 0->0 0->0 0->0 0->0 
0->63 0->63 0->63 0->0 0->0 0->0 0->0 0->0 0->0 0->0 0->0 0->0 0->0 0->0 0->0 0->0 0->0 0->0 0->0 0->0 0->0 0->0 0->0 0->0 0->0 0->0 0->0 0->0 0->0 0->0 0->0 0->0 0->0 0->0 0->0 0->0 
0->63 0->63 0->63 0->0 0->0 0->0 0->0 0->0 0->0 0->0 0->0 0->0 0->0 0->0 0->0 93->0 97->0 88->0 113->0 127->0 107->0 87->0 100->0 98->0 0->0 0->0 0->0 0->0 0->0 0->0 0->0 0->0 0->0 0->0 0->0 0->0 
0->63 0->63 0->63 0->0 0->0 0->0 0->0 0->0 0->0 0->0 0->0 0->0 0->0 0->0 0->0 108->0 115->0 117->0 132->0 130->0 78->0 171->0 181->0 165->0 0->0 0->0 0->0 0->0 0->0 0->0 0->0 0->0 0->0 0->0 0->0 0->0 
0->63 0->63 0->63 0->0 0->0 0->0 0->0 0->0 0->0 0->0 0->0 0->0 0->0 0->0 0->0 100->0 85->0 154->0 104->0 71->0 173->0 105->0 68->0 167->0 0->0 0->0 0->0 0->0 0->0 0->0 0->0 0->0 0->0 0->0 0->0 0->0 
0->63 0->63 0->63 0->0 0->0 0->0 0->0 0->0 0->0 0->0 0->0 0->0 0->0 0->0 0->0 0->0 0->0 0->0 0->0 0->0 0->0 0->0 0->0 0->0 0->0 0->0 0->0 0->0 0->0 0->0 0->0 0->0 0->0 0->0 0->0 0->0 
0->63 0->63 0->63 0->0 0->0 0->0 0->0 0->0 0->0 0->0 0->0 0->0 0->0 0->0 0->0 0->0 0->0 0->0 93->0 97->0 88->0 113->0 127->0 107->0 87->0 100->0 98->0 0->0 0->0 0->0 0->0 0->0 0->0 0->0 0->0 0->0 
0->63 0->63 0->63 0->0 0->0 0->0 0->0 0->0 0->0 0->0 0->0 0->0 0->0 0->0 0->0 0->0 0->0 0->0 108->0 115->0 117->0 132->0 130->0 78->0 171->0 181->0 165->0 0->0 0->0 0->0 0->0 0->0 0->0 0->0 0->0 0->0 
0->63 0->63 0->63 0->0 0->0 0->0 0->0 0->0 0->0 0->0 0->0 0->0 0->0 0->0 0->0 0->0 0->0 0->0 100->0 85->0 154->0 104->0 71->0 173->0 105->0 68->0 167->0 0->0 0->0 0->0 0->0 0->0 0->0 0->0 0->0 0->0 
0->63 0->63 0->63 0->0 0->0 0->0 0->0 0->0 0->0 0->0 0->0 0->0 0->0 0->0 0->0 0->0 0->0 0->0 0->0 0->0 0->0 0->0 0->0 0->0 0->0 0->0 0->0 0->0 0->0 0->0 0->0 0->0 0->0 0->0 0->0 0->0 
0->63 0->63 0->63 0->0 0->0 0->0 0->0 0->0 0->0 0->0 0->0 0->0 0->0 0->0 0->0 0->0 0->0 0->0 0->0 0->0 0->0 93->0 97->0 88->0 113->0 127->0 107->0 87->0 100->0 98->0 0->0 0->0 0->0 0->0 0->0 0->0 
0->63 0->63 0->63 0->0 0->0 0->0 0->0 0->0 0->0 0->0 0->0 0->0 0->0 0->0 0->0 0->0 0->0 0->0 0->0 0->0 0->0 108->0 115->0 117->0 132->0 130->0 78->0 171->0 181->0 165->0 0->0 0->0 0->0 0->0 0->0 0->0 
0->63 0->63 0->63 0->0 0->0 0->0 0->0 0->0 0->0 0->0 0->0 0->0 0->0 0->0 0->0 0->0 0->0 0->0 0->0 0->0 0->0 100->0 85->0 154->0 104->0 71->0 173->0 105->0 68->0 167->0 0->0 0->0 0->0 0->0 0->0 0->0 
0->63 0->63 0->63 0->0 0->0 0->0 0->0 0->0 0->0 0->0 0->0 0->0 0->0 0->0 0->0 0->0 0->0 0->0 0->0 0->0 0->0 0->0 0->0 0->0 0->0 0->0 0->0 0->0 0->0 0->0 0->0 0->0 0->0 0->0 0->0 0->0 

93->0 97->0 88->0 113->0 127->0 107->0 87->0 100->0 98->0 0->0 0->0 0->0 0->0 0->0 0->0 0->1 0->10 0->30 0->59 0->60 0->63 0->63 0->53 0->48 0->16 0->7 0->3 0->0 0->0 0->0 0->0 0->0 0->0 0->0 0->0 0->0 
108->0 115->0 117->0 132->0 130->0 78->0 171->0 181->0 165->0 0->0 0->0 0->0 0->0 0->0 0->0 0->1 0->10 0->30 0->59 0->60 0->63 0->63 0->53 0->48 0->16 0->7 0->3 0->0 0->0 0->0 0->0 0->0 0->0 0->0 0->0 0->0 
100->0 85->0 154->0 104->0 71->0 173->0 105->0 68->0 167->0 0->0 0->0 0->0 0->0 0->0 0->0 0->1 0->10 0->30 0->59 0->60 0->63 0->63 0->53 0->48 0->16 0->7 0->3 0->0 0->0 0->0 0->0 0->0 0->0 0->0 0->0 0->0 
0->0 0->0 0->0 0->0 0->0 0->0 0->0 0->0 0->0 0->0 0->0 0->0 0->0 0->0 0->0 0->1 0->10 0->30 0->59 0->60 0->63 0->63 0->53 0->48 0->16 0->7 0->3 0->0 0->0 0->0 0->0 0->0 0->0 0->0 0->0 0->0 
0->0 0->0 0->0 93->0 97->0 88->0 113->0 127->0 107->0 87->0 100->0 98->0 0->0 0->0 0->0 0->1 0->10 0->30 0->59 0->60 0->63 0->63 0->53 0->48 0->16 0->7 0->3 0->0 0->0 0->0 0->0 0->0 0->0 0->0 0->0 0->0 
0->0 0->0 0->0 108->0 115->0 117->0 132->0 130->0 78->0 171->0 181->0 165->0 0->0 0->0 0->0 0->1 0->10 0->30 0->59 0->60 0->63 0->63 0->53 0->48 0->16 0->7 0->3 0->0 0->0 0->0 0->0 0->0 0->0 0->0 0->0 0->0 
0->0 0->0 0->0 100->0 85->0 154->0 104->0 71->0 173->0 105->0 68->0 167->0 0->0 0->0 0->0 0->1 0->10 0->30 0->59 0->60 0->63 0->63 0->53 0->48 0->16 0->7 0->3 0->0 0->0 0->0 0->0 0->0 0->0 0->0 0->0 0->0 
0->0 0->0 0->0 0->0 0->0 0->0 0->0 0->0 0->0 0->0 0->0 0->0 0->0 0->0 0->0 0->1 0->10 0->30 0->59 0->60 0->63 0->63 0->53 0->48 0->16 0->7 0->3 0->0 0->0 0->0 0->0 0->0 0->0 0->0 0->0 0->0 
0->0 0->0 0->0 0->0 0->0 0->0 93->0 97->0 88->0 113->0 127->0 107->0 87->0 100->0 98->0 0->1 0->10 0->30 0->59 0->60 0->63 0->63 0->53 0->48 0->16 0->7 0->3 0->0 0->0 0->0 0->0 0->0 0->0 0->0 0->0 0->0 
0->0 0->0 0->0 0->0 0->0 0->0 108->0 115->0 117->0 132->0 130->0 78->0 171->0 181->0 165->0 0->1 0->10 0->30 0->59 0->60 0->63 0->63 0->53 0->48 0->16 0->7 0->3 0->0 0->0 0->0 0->0 0->0 0->0 0->0 0->0 0->0 
0->0 0->0 0->0 0->0 0->0 0->0 100->0 85->0 154->0 104->0 71->0 173->0 105->0 68->0 167->0 0->1 0->10 0->30 0->59 0->60 0->63 0->63 0->53 0->48 0->16 0->7 0->3 0->0 0->0 0->0 0->0 0->0 0->0 0->0 0->0 0->0 
0->0 0->0 0->0 0->0 0->0 0->0 0->0 0->0 0->0 0->0 0->0 0->0 0->0 0->0 0->0 0->1 0->10 0->30 0->59 0->60 0->63 0->63 0->53 0->48 0->16 0->7 0->3 0->0 0->0 0->0 0->0 0->0 0->0 0->0 0->0 0->0 
0->0 0->0 0->0 0->0 0->0 0->0 0->0 0->0 0->0 93->0 97->0 88->0 113->0 127->0 107->0 87->1 100->10 98->30 0->59 0->60 0->63 0->63 0->53 0->48 0->16 0->7 0->3 0->0 0->0 0->0 0->0 0->0 0->0 0->0 0->0 0->0 
0->0 0->0 0->0 0->0 0->0 0->0 0->0 0->0 0->0 108->0 115->0 117->0 132->0 130->0 78->0 171->1 181->10 165->30 0->59 0->60 0->63 0->63 0->53 0->48 0->16 0->7 0->3 0->0 0->0 0->0 0->0 0->0 0->0 0->0 0->0 0->0 
0->0 0->0 0->0 0->0 0->0 0->0 0->0 0->0 0->0 100->0 85->0 154->0 104->0 71->0 173->0 105->1 68->10 167->30 0->59 0->60 0->63 0->63 0->53 0->48 0->16 0->7 0->3 0->0 0->0 0->0 0->0 0->0 0->0 0->0 0->0 0->0 
0->0 0->0 0->0 0->0 0->0 0->0 0->0 0->0 0->0 0->0 0->0 0->0 0->0 0->0 0->0 0->1 0->10 0->30 0->59 0->60 0->63 0->63 0->53 0->48 0->16 0->7 0->3 0->0 0->0 0->0 0->0 0->0 0->0 0->0 0->0 0->0 
0->0 0->0 0->0 0->0 0->0 0->0 0->0 0->0 0->0 0->0 0->0 0->0 93->0 97->0 88->0 113->1 127->10 107->30 87->59 100->60 98->63 0->63 0->53 0->48 0->16 0->7 0->3 0->0 0->0 0->0 0->0 0->0 0->0 0->0 0->0 0->0 
0->0 0->0 0->0 0->0 0->0 0->0 0->0 0->0 0->0 0->0 0->0 0->0 108->0 115->0 117->0 132->1 130->10 78->30 171->59 181->60 165->63 0->63 0->53 0->48 0->16 0->7 0->3 0->0 0->0 0->0 0->0 0->0 0->0 0->0 0->0 0->0 
0->0 0->0 0->0 0->0 0->0 0->0 0->0 0->0 0->0 0->0 0->0 0->0 100->0 85->0 154->0 104->1 71->10 173->30 105->59 68->60 167->63 0->63 0->53 0->48 0->16 0->7 0->3 0->0 0->0 0->0 0->0 0->0 0->0 0->0 0->0 0->0 
0->0 0->0 0->0 0->0 0->0 0->0 0->0 0->0 0->0 0->0 0->0 0->0 0->0 0->0 0->0 0->1 0->10 0->30 0->59 0->60 0->63 0->63 0->53 0->48 0->16 0->7 0->3 0->0 0->0 0->0 0->0 0->0 0->0 0->0 0->0 0->0 
0->0 0->0 0->0 0->0 0->0 0->0 0->0 0->0 0->0 0->0 0->0 0->0 0->0 0->0 0->0 93->1 97->10 88->30 113->59 127->60 107->63 87->63 100->53 98->48 0->16 0->7 0->3 0->0 0->0 0->0 0->0 0->0 0->0 0->0 0->0 0->0 
0->0 0->0 0->0 0->0 0->0 0->0 0->0 0->0 0->0 0->0 0->0 0->0 0->0 0->0 0->0 108->1 115->10 117->30 132->59 130->60 78->63 171->63 181->53 165->48 0->16 0->7 0->3 0->0 0->0 0->0 0->0 0->0 0->0 0->0 0->0 0->0 
0->0 0->0 0->0 0->0 0->0 0->0 0->0 0->0 0->0 0->0 0->0 0->0 0->0 0->0 0->0 100->1 85->10 154->30 104->59 71->60 173->63 105->63 68->53 167->48 0->16 0->7 0->3 0->0 0->0 0->0 0->0 0->0 0->0 0->0 0->0 0->0 
0->0 0->0 0->0 0->0 0->0 0->0 0->0 0->0 0->0 0->0 0->0 0->0 0->0 0->0 0->0 0->1 0->10 0->30 0->59 0->60 0->63 0->63 0->53 0->48 0->16 0->7 0->3 0->0 0->0 0->0 0->0 0->0 0->0 0->0 0->0 0->0 
0->0 0->0 0->0 0->0 0->0 0->0 0->0 0->0 0->0 0->0 0->0 0->0 0->0 0->0 0->0 0->1 0->10 0->30 93->59 97->60 88->63 113->63 127->53 107->48 87->16 100->7 98->3 0->0 0->0 0->0 0->0 0->0 0->0 0->0 0->0 0->0 
0->0 0->0 0->0 0->0 0->0 0->0 0->0 0->0 0->0 0->0 0->0 0->0 0->0 0->0 0->0 0->1 0->10 0->30 108->59 115->60 117->63 132->63 130->53 78->48 171->16 181->7 165->3 0->0 0->0 0->0 0->0 0->0 0->0 0->0 0->0 0->0 
0->0 0->0 0->0 0->0 0->0 0->0 0->0 0->0 0->0 0->0 0->0 0->0 0->0 0->0 0->0 0->1 0->10 0->30 100->59 85->60 154->63 104->63 71->53 173->48 105->16 68->7 167->3 0->0 0->0 0->0 0->0 0->0 0->0 0->0 0->0 0->0 
0->0 0->0 0->0 0->0 0->0 0->0 0->0 0->0 0->0 0->0 0->0 0->0 0->0 0->0 0->0 0->1 0->10 0->30 0->59 0->60 0->63 0->63 0->53 0->48 0->16 0->7 0->3 0->0 0->0 0->0 0->0 0->0 0->0 0->0 0->0 0->0 
0->0 0->0 0->0 0->0 0->0 0->0 0->0 0->0 0->0 0->0 0->0 0->0 0->0 0->0 0->0 0->1 0->10 0->30 0->59 0->60 0->63 93->63 97->53 88->48 113->16 127->7 107->3 87->0 100->0 98->0 0->0 0->0 0->0 0->0 0->0 0->0 
0->0 0->0 0->0 0->0 0->0 0->0 0->0 0->0 0->0 0->0 0->0 0->0 0->0 0->0 0->0 0->1 0->10 0->30 0->59 0->60 0->63 108->63 115->53 117->48 132->16 130->7 78->3 171->0 181->0 165->0 0->0 0->0 0->0 0->0 0->0 0->0 
0->0 0->0 0->0 0->0 0->0 0->0 0->0 0->0 0->0 0->0 0->0 0->0 0->0 0->0 0->0 0->1 0->10 0->30 0->59 0->60 0->63 100->63 85->53 154->48 104->16 71->7 173->3 105->0 68->0 167->0 0->0 0->0 0->0 0->0 0->0 0->0 
0->0 0->0 0->0 0->0 0->0 0->0 0->0 0->0 0->0 0->0 0->0 0->0 0->0 0->0 0->0 0->1 0->10 0->30 0->59 0->60 0->63 0->63 0->53 0->48 0->16 0->7 0->3 0->0 0->0 0->0 0->0 0->0 0->0 0->0 0->0 0->0 

93->16 97->7 88->3 113->0 127->0 107->0 87->0 100->0 98->0 0->0 0->0 0->0 0->0 0->0 0->0 0->0 0->0 0->0 0->0 0->0 0->0 0->0 0->0 0->0 0->0 0->0 0->0 0->0 0->0 0->0 0->0 0->0 0->0 0->0 0->0 0->0 
108->16 115->7 117->3 132->0 130->0 78->0 171->0 181->0 165->0 0->0 0->0 0->0 0->0 0->0 0->0 0->0 0->0 0->0 0->0 0->0 0->0 0->0 0->0 0->0 0->0 0->0 0->0 0->0 0->0 0->0 0->0 0->0 0->0 0->0 0->0 0->0 
100->16 85->7 154->3 104->0 71->0 173->0 105->0 68->0 167->0 0->0 0->0 0->0 0->0 0->0 0->0 0->0 0->0 0->0 0->0 0->0 0->0 0->0 0->0 0->0 0->0 0->0 0->0 0->0 0->0 0->0 0->0 0->0 0->0 0->0 0->0 0->0 
0->16 0->7 0->3 0->0 0->0 0->0 0->0 0->0 0->0 0->0 0->0 0->0 0->0 0->0 0->0 0->0 0->0 0->0 0->0 0->0 0->0 0->0 0->0 0->0 0->0 0->0 0->0 0->0 0->0 0->0 0->0 0->0 0->0 0->0 0->0 0->0 
0->16 0->7 0->3 93->0 97->0 88->0 113->0 127->0 107->0 87->0 100->0 98->0 0->0 0->0 0->0 0->0 0->0 0->0 0->0 0->0 0->0 0->0 0->0 0->0 0->0 0->0 0->0 0->0 0->0 0->0 0->0 0->0 0->0 0->0 0->0 0->0 
0->16 0->7 0->3 108->0 115->0 117->0 132->0 130->0 78->0 171->0 181->0 165->0 0->0 0->0 0->0 0->0 0->0 0->0 0->0 0->0 0->0 0->0 0->0 0->0 0->0 0->0 0->0 0->0 0->0 0->0 0->0 0->0 0->0 0->0 0->0 0->0 
0->16 0->7 0->3 100->0 85->0 154->0 104->0 71->0 173->0 105->0 68->0 167->0 0->0 0->0 0->0 0->0 0->0 0->0 0->0 0->0 0->0 0->0 0->0 0->0 0->0 0->0 0->0 0->0 0->0 0->0 0->0 0->0 0->0 0->0 0->0 0->0 
0->16 0->7 0->3 0->0 0->0 0->0 0->0 0->0 0->0 0->0 0->0 0->0 0->0 0->0 0->0 0->0 0->0 0->0 0->0 0->0 0->0 0->0 0->0 0->0 0->0 0->0 0->0 0->0 0->0 0->0 0->0 0->0 0->0 0->0 0->0 0->0 
0->16 0->7 0->3 0->0 0->0 0->0 93->0 97->0 88->0 113->0 127->0 107->0 87->0 100->0 98->0 0->0 0->0 0->0 0->0 0->0 0->0 0->0 0->0 0->0 0->0 0->0 0->0 0->0 0->0 0->0 0->0 0->0 0->0 0->0 0->0 0->0 
0->16 0->7 0->3 0->0 0->0 0->0 108->0 115->0 117->0 132->0 130->0 78->0 171->0 181->0 165->0 0->0 0->0 0->0 0->0 0->0 0->0 0->0 0->0 0->0 0->0 0->0 0->0 0->0 0->0 0->0 0->0 0->0 0->0 0->0 0->0 0->0 
0->16 0->7 0->3 0->0 0->0 0->0 100->0 85->0 154->0 104->0 71->0 173->0 105->0 68->0 167->0 0->0 0->0 0->0 0->0 0->0 0->0 0->0 0->0 0->0 0->0 0->0 0->0 0->0 0->0 0->0 0->0 0->0 0->0 0->0 0->0 0->0 
0->16 0->7 0->3 0->0 0->0 0->0 0->0 0->0 0->0 0->0 0->0 0->0 0->0 0->0 0->0 0->0 0->0 0->0 0->0 0->0 0->0 0->0 0->0 0->0 0->0 0->0 0->0 0->0 0->0 0->0 0->0 0->0 0->0 0->0 0->0 0->0 
0->16 0->7 0->3 0->0 0->0 0->0 0->0 0->0 0->0 93->0 97->0 88->0 113->0 127->0 107->0 87->0 100->0 98->0 0->0 0->0 0->0 0->0 0->0 0->0 0->0 0->0 0->0 0->0 0->0 0->0 0->0 0->0 0->0 0->0 0->0 0->0 
0->16 0->7 0->3 0->0 0->0 0->0 0->0 0->0 0->0 108->0 115->0 117->0 132->0 130->0 78->0 171->0 181->0 165->0 0->0 0->0 0->0 0->0 0->0 0->0 0->0 0->0 0->0 0->0 0->0 0->0 0->0 0->0 0->0 0->0 0->0 0->0 
0->16 0->7 0->3 0->0 0->0 0->0 0->0 0->0 0->0 100->0 85->0 154->0 104->0 71->0 173->0 105->0 68->0 167->0 0->0 0->0 0->0 0->0 0->0 0->0 0->0 0->0 0->0 0->0 0->0 0->0 0->0 0->0 0->0 0->0 0->0 0->0 
0->16 0->7 0->3 0->0 0->0 0->0 0->0 0->0 0->0 0->0 0->0 0->0 0->0 0->0 0->0 0->0 0->0 0->0 0->0 0->0 0->0 0->0 0->0 0->0 0->0 0->0 0->0 0->0 0->0 0->0 0->0 0->0 0->0 0->0 0->0 0->0 
0->16 0->7 0->3 0->0 0->0 0->0 0->0 0->0 0->0 0->0 0->0 0->0 93->0 97->0 88->0 113->0 127->0 107->0 87->0 100->0 98->0 0->0 0->0 0->0 0->0 0->0 0->0 0->0 0->0 0->0 0->0 0->0 0->0 0->0 0->0 0->0 
0->16 0->7 0->3 0->0 0->0 0->0 0->0 0->0 0->0 0->0 0->0 0->0 108->0 115->0 117->0 132->0 130->0 78->0 171->0 181->0 165->0 0->0 0->0 0->0 0->0 0->0 0->0 0->0 0->0 0->0 0->0 0->0 0->0 0->0 0->0 0->0 
0->16 0->7 0->3 0->0 0->0 0->0 0->0 0->0 0->0 0->0 0->0 0->0 100->0 85->0 154->0 104->0 71->0 173->0 105->0 68->0 167->0 0->0 0->0 0->0 0->0 0->0 0->0 0->0 0->0 0->0 0->0 0->0 0->0 0->0 0->0 0->0 
0->16 0->7 0->3 0->0 0->0 0->0 0->0 0->0 0->0 0->0 0->0 0->0 0->0 0->0 0->0 0->0 0->0 0->0 0->0 0->0 0->0 0->0 0->0 0->0 0->0 0->0 0->0 0->0 0->0 0->0 0->0 0->0 0->0 0->0 0->0 0->0 
0->16 0->7 0->3 0->0 0->0 0->0 0->0 0->0 0->0 0->0 0->0 0->0 0->0 0->0 0->0 93->0 97->0 88->0 113->0 127->0 107->0 87->0 100->0 98->0 0->0 0->0 0->0 0->0 0->0 0->0 0->0 0->0 0->0 0->0 0->0 0->0 
0->16 0->7 0->3 0->0 0->0 0->0 0->0 0->0 0->0 0->0 0->0 0->0 0->0 0->0 0->0 108->0 115->0 117->0 132->0 130->0 78->0 171->0 181->0 165->0 0->0 0->0 0->0 0->0 0->0 0->0 0->0 0->0 0->0 0->0 0->0 0->0 
0->16 0->7 0->3 0->0 0->0 0->0 0->0 0->0 0->0 0->0 0->0 0->0 0->0 0->0 0->0 100->0 85->0 154->0 104->0 71->0 173->0 105->0 68->0 167->0 0->0 0->0 0->0 0->0 0->0 0->0 0->0 0->0 0->0 0->0 0->0 0->0 
0->16 0->7 0->3 0->0 0->0 0->0 0->0 0->0 0->0 0->0 0->0 0->0 0->0 0->0 0->0 0->0 0->0 0->0 0->0 0->0 0->0 0->0 0->0 0->0 0->0 0->0 0->0 0->0 0->0 0->0 0->0 0->0 0->0 0->0 0->0 0->0 
0->16 0->7 0->3 0->0 0->0 0->0 0->0 0->0 0->0 0->0 0->0 0->0 0->0 0->0 0->0 0->0 0->0 0->0 93->0 97->0 88->0 113->0 127->0 107->0 87->0 100->0 98->0 0->0 0->0 0->0 0->0 0->0 0->0 0->0 0->0 0->0 
0->16 0->7 0->3 0->0 0->0 0->0 0->0 0->0 0->0 0->0 0->0 0->0 0->0 0->0 0->0 0->0 0->0 0->0 108->0 115->0 117->0 132->0 130->0 78->0 171->0 181->0 165->0 0->0 0->0 0->0 0->0 0->0 0->0 0->0 0->0 0->0 
0->16 0->7 0->3 0->0 0->0 0->0 0->0 0->0 0->0 0->0 0->0 0->0 0->0 0->0 0->0 0->0 0->0 0->0 100->0 85->0 154->0 104->0 71->0 173->0 105->0 68->0 167->0 0->0 0->0 0->0 0->0 0->0 0->0 0->0 0->0 0->0 
0->16 0->7 0->3 0->0 0->0 0->0 0->0 0->0 0->0 0->0 0->0 0->0 0->0 0->0 0->0 0->0 0->0 0->0 0->0 0->0 0->0 0->0 0->0 0->0 0->0 0->0 0->0 0->0 0->0 0->0 0->0 0->0 0->0 0->0 0->0 0->0 
0->16 0->7 0->3 0->0 0->0 0->0 0->0 0->0 0->0 0->0 0->0 0->0 0->0 0->0 0->0 0->0 0->0 0->0 0->0 0->0 0->0 93->0 97->0 88->0 113->0 127->0 107->0 87->0 100->0 98->0 0->0 0->0 0->0 0->0 0->0 0->0 
0->16 0->7 0->3 0->0 0->0 0->0 0->0 0->0 0->0 0->0 0->0 0->0 0->0 0->0 0->0 0->0 0->0 0->0 0->0 0->0 0->0 108->0 115->0 117->0 132->0 130->0 78->0 171->0 181->0 165->0 0->0 0->0 0->0 0->0 0->0 0->0 
0->16 0->7 0->3 0->0 0->0 0->0 0->0 0->0 0->0 0->0 0->0 0->0 0->0 0->0 0->0 0->0 0->0 0->0 0->0 0->0 0->0 100->0 85->0 154->0 104->0 71->0 173->0 105->0 68->0 167->0 0->0 0->0 0->0 0->0 0->0 0->0 
0->16 0->7 0->3 0->0 0->0 0->0 0->0 0->0 0->0 0->0 0->0 0->0 0->0 0->0 0->0 0->0 0->0 0->0 0->0 0->0 0->0 0->0 0->0 0->0 0->0 0->0 0->0 0->0 0->0 0->0 0->0 0->0 0->0 0->0 0->0 0->0 

93->0 97->0 88->0 113->0 127->0 107->0 87->0 100->0 98->0 0->0 0->0 0->0 0->0 0->0 0->0 0->0 0->0 0->0 0->45 0->45 0->45 0->63 0->63 0->63 0->63 0->63 0->63 0->0 0->0 0->0 0->0 0->0 0->0 0->0 0->0 0->0 
108->0 115->0 117->0 132->0 130->0 78->0 171->0 181->0 165->0 0->0 0->0 0->0 0->0 0->0 0->0 0->0 0->0 0->0 0->45 0->45 0->45 0->63 0->63 0->63 0->63 0->63 0->63 0->0 0->0 0->0 0->0 0->0 0->0 0->0 0->0 0->0 
100->0 85->0 154->0 104->0 71->0 173->0 105->0 68->0 167->0 0->0 0->0 0->0 0->0 0->0 0->0 0->0 0->0 0->0 0->45 0->45 0->45 0->63 0->63 0->63 0->63 0->63 0->63 0->0 0->0 0->0 0->0 0->0 0->0 0->0 0->0 0->0 
0->0 0->0 0->0 0->0 0->0 0->0 0->0 0->0 0->0 0->0 0->0 0->0 0->0 0->0 0->0 0->0 0->0 0->0 0->45 0->45 0->45 0->63 0->63 0->63 0->63 0->63 0->63 0->0 0->0 0->0 0->0 0->0 0->0 0->0 0->0 0->0 
0->0 0->0 0->0 93->0 97->0 88->0 113->0 127->0 107->0 87->0 100->0 98->0 0->0 0->0 0->0 0->0 0->0 0->0 0->45 0->45 0->45 0->63 0->63 0->63 0->63 0->63 0->63 0->0 0->0 0->0 0->0 0->0 0->0 0->0 0->0 0->0 
0->0 0->0 0->0 108->0 115->0 117->0 132->0 130->0 78->0 171->0 181->0 165->0 0->0 0->0 0->0 0->0 0->0 0->0 0->45 0->45 0->45 0->63 0->63 0->63 0->63 0->63 0->63 0->0 0->0 0->0 0->0 0->0 0->0 0->0 0->0 0->0 
0->0 0->0 0->0 100->0 85->0 154->0 104->0 71->0 173->0 105->0 68->0 167->0 0->0 0->0 0->0 0->0 0->0 0->0 0->45 0->45 0->45 0->63 0->63 0->63 0->63 0->63 0->63 0->0 0->0 0->0 0->0 0->0 0->0 0->0 0->0 0->0 
0->0 0->0 0->0 0->0 0->0 0->0 0->0 0->0 0->0 0->0 0->0 0->0 0->0 0->0 0->0 0->0 0->0 0->0 0->45 0->45 0->45 0->63 0->63 0->63 0->63 0->63 0->63 0->0 0->0 0->0 0->0 0->0 0->0 0->0 0->0 0->0 
0->0 0->0 0->0 0->0 0->0 0->0 93->0 97->0 88->0 113->0 127->0 107->0 87->0 100->0 98->0 0->0 0->0 0->0 0->45 0->45 0->45 0->63 0->63 0->63 0->63 0->63 0->63 0->0 0->0 0->0 0->0 0->0 0->0 0->0 0->0 0->0 
0->0 0->0 0->0 0->0 0->0 0->0 108->0 115->0 117->0 132->0 130->0 78->0 171->0 181->0 165->0 0->0 0->0 0->0 0->45 0->45 0->45 0->63 0->63 0->63 0->63 0->63 0->63 0->0 0->0 0->0 0->0 0->0 0->0 0->0 0->0 0->0 
0->0 0->0 0->0 0->0 0->0 0->0 100->0 85->0 154->0 104->0 71->0 173->0 105->0 68->0 167->0 0->0 0->0 0->0 0->45 0->45 0->45 0->63 0->63 0->63 0->63 0->63 0->63 0->0 0->0 0->0 0->0 0->0 0->0 0->0 0->0 0->0 
0->0 0->0 0->0 0->0 0->0 0->0 0->0 0->0 0->0 0->0 0->0 0->0 0->0 0->0 0->0 0->0 0->0 0->0 0->45 0->45 0->45 0->63 0->63 0->63 0->63 0->63 0->63 0->0 0->0 0->0 0->0 0->0 0->0 0->0 0->0 0->0 
0->0 0->0 0->0 0->0 0->0 0->0 0->0 0->0 0->0 93->0 97->0 88->0 113->0 127->0 107->0 87->0 100->0 98->0 0->45 0->45 0->45 0->63 0->63 0->63 0->63 0->63 0->63 0->0 0->0 0->0 0->0 0->0 0->0 0->0 0->0 0->0 
0->0 0->0 0->0 0->0 0->0 0->0 0->0 0->0 0->0 108->0 115->0 117->0 132->0 130->0 78->0 171->0 181->0 165->0 0->45 0->45 0->45 0->63 0->63 0->63 0->63 0->63 0->63 0->0 0->0 0->0 0->0 0->0 0->0 0->0 0->0 0->0 
0->0 0->0 0->0 0->0 0->0 0->0 0->0 0->0 0->0 100->0 85->0 154->0 104->0 71->0 173->0 105->0 68->0 167->0 0->45 0->45 0->45 0->63 0->63 0->63 0->63 0->63 0->63 0->0 0->0 0->0 0->0 0->0 0->0 0->0 0->0 0->0 
0->0 0->0 0->0 0->0 0->0 0->0 0->0 0->0 0->0 0->0 0->0 0->0 0->0 0->0 0->0 0->0 0->0 0->0 0->45 0->45 0->45 0->63 0->63 0->63 0->63 0->63 0->63 0->0 0->0 0->0 0->0 0->0 0->0 0->0 0->0 0->0 
0->0 0->0 0->0 0->0 0->0 0->0 0->0 0->0 0->0 0->0 0->0 0->0 93->0 97->0 88->0 113->0 127->0 107->0 87->45 100->45 98->45 0->63 0->63 0->63 0->63 0->63 0->63 0->0 0->0 0->0 0->0 0->0 0->0 0->0 0->0 0->0 
0->0 0->0 0->0 0->0 0->0 0->0 0->0 0->0 0->0 0->0 0->0 0->0 108->0 115->0 117->0 132->0 130->0 78->0 171->45 181->45 165->45 0->63 0->63 0->63 0->63 0->63 0->63 0->0 0->0 0->0 0->0 0->0 0->0 0->0 0->0 0->0 
0->0 0->0 0->0 0->0 0->0 0->0 0->0 0->0 0->0 0->0 0->0 0->0 100->0 85->0 154->0 104->0 71->0 173->0 105->45 68->45 167->45 0->63 0->63 0->63 0->63 0->63 0->63 0->0 0->0 0->0 0->0 0->0 0->0 0->0 0->0 0->0 
0->0 0->0 0->0 0->0 0->0 0->0 0->0 0->0 0->0 0->0 0->0 0->0 0->0 0->0 0->0 0->0 0->0 0->0 0->45 0->45 0->45 0->63 0->63 0->63 0->63 0->63 0->63 0->0 0->0 0->0 0->0 0->0 0->0 0->0 0->0 0->0 
0->0 0->0 0->0 0->0 0->0 0->0 0->0 0->0 0->0 0->0 0->0 0->0 0->0 0->0 0->0 93->0 97->0 88->0 113->45 127->45 107->45 87->63 100->63 98->63 0->63 0->63 0->63 0->0 0->0 0->0 0->0 0->0 0->0 0->0 0->0 0->0 
0->0 0->0 0->0 0->0 0->0 0->0 0->0 0->0 0->0 0->0 0->0 0->0 0->0 0->0 0->0 108->0 115->0 117->0 132->45 130->45 78->45 171->63 181->63 165->63 0->63 0->63 0->63 0->0 0->0 0->0 0->0 0->0 0->0 0->0 0->0 0->0 
0->0 0->0 0->0 0->0 0->0 0->0 0->0 0->0 0->0 0->0 0->0 0->0 0->0 0->0 0->0 100->0 85->0 154->0 104->45 71->45 173->45 105->63 68->63 167->63 0->63 0->63 0->63 0->0 0->0 0->0 0->0 0->0 0->0 0->0 0->0 0->0 
0->0 0->0 0->0 0->0 0->0 0->0 0->0 0->0 0->0 0->0 0->0 0->0 0->0 0->0 0->0 0->0 0->0 0->0 0->45 0->45 0->45 0->63 0->63 0->63 0->63 0->63 0->63 0->0 0->0 0->0 0->0 0->0 0->0 0->0 0->0 0->0 
0->0 0->0 0->0 0->0 0->0 0->0 0->0 0->0 0->0 0->0 0->0 0->0 0->0 0->0 0->0 0->0 0->0 0->0 93->45 97->45 88->45 113->63 127->63 107->63 87->63 100->63 98->63 0->0 0->0 0->0 0->0 0->0 0->0 0->0 0->0 0->0 
0->0 0->0 0->0 0->0 0->0 0->0 0->0 0->0 0->0 0->0 0->0 0->0 0->0 0->0 0->0 0->0 0->0 0->0 108->45 115->45 117->45 132->63 130->63 78->63 171->63 181->63 165->63 0->0 0->0 0->0 0->0 0->0 0->0 0->0 0->0 0->0 
0->0 0->0 0->0 0->0 0->0 0->0 0->0 0->0 0->0 0->0 0->0 0->0 0->0 0->0 0->0 0->0 0->0 0->0 100->45 85->45 154->45 104->63 71->63 173->63 105->63 68->63 167->63 0->0 0->0 0->0 0->0 0->0 0->0 0->0 0->0 0->0 
0->0 0->0 0->0 0->0 0->0 0->0 0->0 0->0 0->0 0->0 0->0 0->0 0->0 0->0 0->0 0->0 0->0 0->0 0->45 0->45 0->45 0->63 0->63 0->63 0->63 0->63 0->63 0->0 0->0 0->0 0->0 0->0 0->0 0->0 0->0 0->0 
0->0 0->0 0->0 0->0 0->0 0->0 0->0 0->0 0->0 0->0 0->0 0->0 0->0 0->0 0->0 0->0 0->0 0->0 0->45 0->45 0->45 93->63 97->63 88->63 113->63 127->63 107->63 87->0 100->0 98->0 0->0 0->0 0->0 0->0 0->0 0->0 
0->0 0->0 0->0 0->0 0->0 0->0 0->0 0->0 0->0 0->0 0->0 0->0 0->0 0->0 0->0 0->0 0->0 0->0 0->45 0->45 0->45 108->63 115->63 117->63 132->63 130->63 78->63 171->0 181->0 165->0 0->0 0->0 0->0 0->0 0->0 0->0 
0->0 0->0 0->0 0->0 0->0 0->0 0->0 0->0 0->0 0->0 0->0 0->0 0->0 0->0 0->0 0->0 0->0 0->0 0->45 0->45 0->45 100->63 85->63 154->63 104->63 71->63 173->63 105->0 68->0 167->0 0->0 0->0 0->0 0->0 0->0 0->0 
0->0 0->0 0->0 0->0 0->0 0->0 0->0 0->0 0->0 0->0 0->0 0->0 0->0 0->0 0->0 0->0 0->0 0->0 0->45 0->45 0->45 0->63 0->63 0->63 0->63 0->63 0->63 0->0 0->0 0->0 0->0 0->0 0->0 0->0 0->0 0->0 

93->63 97->63 88->63 113->0 127->0 107->0 87->0 100->0 98->0 0->0 0->0 0->0 0->0 0->0 0->0 0->0 0->0 0->0 0->0 0->0 0->0 0->0 0->0 0->0 0->0 0->0 0->0 0->0 0->0 0->0 0->0 0->0 0->0 0->0 0->0 0->0 
108->63 115->63 117->63 132->0 130->0 78->0 171->0 181->0 165->0 0->0 0->0 0->0 0->0 0->0 0->0 0->0 0->0 0->0 0->0 0->0 0->0 0->0 0->0 0->0 0->0 0->0 0->0 0->0 0->0 0->0 0->0 0->0 0->0 0->0 0->0 0->0 
100->63 85->63 154->63 104->0 71->0 173->0 105->0 68->0 167->0 0->0 0->0 0->0 0->0 0->0 0->0 0->0 0->0 0->0 0->0 0->0 0->0 0->0 0->0 0->0 0->0 0->0 0->0 0->0 0->0 0->0 0->0 0->0 0->0 0->0 0->0 0->0 
0->63 0->63 0->63 0->0 0->0 0->0 0->0 0->0 0->0 0->0 0->0 0->0 0->0 0->0 0->0 0->0 0->0 0->0 0->0 0->0 0->0 0->0 0->0 0->0 0->0 0->0 0->0 0->0 0->0 0->0 0->0 0->0 0->0 0->0 0->0 0->0 
0->63 0->63 0->63 93->0 97->0 88->0 113->0 127->0 107->0 87->0 100->0 98->0 0->0 0->0 0->0 0->0 0->0 0->0 0->0 0->0 0->0 0->0 0->0 0->0 0->0 0->0 0->0 0->0 0->0 0->0 0->0 0->0 0->0 0->0 0->0 0->0 
0->63 0->63 0->63 108->0 115->0 117->0 132->0 130->0 78->0 171->0 181->0 165->0 0->0 0->0 0->0 0->0 0->0 0->0 0->0 0->0 0->0 0->0 0->0 0->0 0->0 0->0 0->0 0->0 0->0 0->0 0->0 0->0 0->0 0->0 0->0 0->0 
0->63 0->63 0->63 100->0 85->0 154->0 104->0 71->0 173->0 105->0 68->0 167->0 0->0 0->0 0->0 0->0 0->0 0->0 0->0 0->0 0->0 0->0 0->0 0->0 0->0 0->0 0->0 0->0 0->0 0->0 0->0 0->0 0->0 0->0 0->0 0->0 
0->63 0->63 0->63 0->0 0->0 0->0 0->0 0->0 0->0 0->0 0->0 0->0 0->0 0->0 0->0 0->0 0->0 0->0 0->0 0->0 0->0 0->0 0->0 0->0 0->0 0->0 0->0 0->0 0->0 0->0 0->0 0->0 0->0 0->0 0->0 0->0 
0->63 0->63 0->63 0->0 0->0 0->0 93->0 97->0 88->0 113->0 127->0 107->0 87->0 100->0 98->0 0->0 0->0 0->0 0->0 0->0 0->0 0->0 0->0 0->0 0->0 0->0 0->0 0->0 0->0 0->0 0->0 0->0 0->0 0->0 0->0 0->0 
0->63 0->63 0->63 0->0 0->0 0->0 108->0 115->0 117->0 132->0 130->0 78->0 171->0 181->0 165->0 0->0 0->0 0->0 0->0 0->0 0->0 0->0 0->0 0->0 0->0 0->0 0->0 0->0 0->0 0->0 0->0 0->0 0->0 0->0 0->0 0->0 
0->63 0->63 0->63 0->0 0->0 0->0 100->0 85->0 154->0 104->0 71->0 173->0 105->0 68->0 167->0 0->0 0->0 0->0 0->0 0->0 0->0 0->0 0->0 0->0 0->0 0->0 0->0 0->0 0->0 0->0 0->0 0->0 0->0 0->0 0->0 0->0 
0->63 0->63 0->63 0->0 0->0 0->0 0->0 0->0 0->0 0->0 0->0 0->0 0->0 0->0 0->0 0->0 0->0 0->0 0->0 0->0 0->0 0->0 0->0 0->0 0->0 0->0 0->0 0->0 0->0 0->0 0->0 0->0 0->0 0->0 0->0 0->0 
0->63 0->63 0->63 0->0 0->0 0->0 0->0 0->0 0->0 93->0 97->0 88->0 113->0 127->0 107->0 87->0 100->0 98->0 0->0 0->0 0->0 0->0 0->0 0->0 0->0 0->0 0->0 0->0 0->0 0->0 0->0 0->0 0->0 0->0 0->0 0->0 
0->63 0->63 0->63 0->0 0->0 0->0 0->0 0->0 0->0 108->0 115->0 117->0 132->0 130->0 78->0 171->0 181->0 165->0 0->0 0->0 0->0 0->0 0->0 0->0 0->0 0->0 0->0 0->0 0->0 0->0 0->0 0->0 0->0 0->0 0->0 0->0 
0->63 0->63 0->63 0->0 0->0 0->0 0->0 0->0 0->0 100->0 85->0 154->0 104->0 71->0 173->0 105->0 68->0 167->0 0->0 0->0 0->0 0->0 0->0 0->0 0->0 0->0 0->0 0->0 0->0 0->0 0->0 0->0 0->0 0->0 0->0 0->0 
0->63 0->63 0->63 0->0 0->0 0->0 0->0 0->0 0->0 0->0 0->0 0->0 0->0 0->0 0->0 0->0 0->0 0->0 0->0 0->0 0->0 0->0 0->0 0->0 0->0 0->0 0->0 0->0 0->0 0->0 0->0 0->0 0->0 0->0 0->0 0->0 
0->63 0->63 0->63 0->0 0->0 0->0 0->0 0->0 0->0 0->0 0->0 0->0 93->0 97->0 88->0 113->0 127->0 107->0 87->0 100->0 98->0 0->0 0->0 0->0 0->0 0->0 0->0 0->0 0->0 0->0 0->0 0->0 0->0 0->0 0->0 0->0 
0->63 0->63 0->63 0->0 0->0 0->0 0->0 0->0 0->0 0->0 0->0 0->0 108->0 115->0 117->0 132->0 130->0 78->0 171->0 181->0 165->0 0->0 0->0 0->0 0->0 0->0 0->0 0->0 0->0 0->0 0->0 0->0 0->0 0->0 0->0 0->0 
0->63 0->63 0->63 0->0 0->0 0->0 0->0 0->0 0->0 0->0 0->0 0->0 100->0 85->0 154->0 104->0 71->0 173->0 105->0 68->0 167->0 0->0 0->0 0->0 0->0 0->0 0->0 0->0 0->0 0->0 0->0 0->0 0->0 0->0 0->0 0->0 
0->63 0->63 0->63 0->0 0->0 0->0 0->0 0->0 0->0 0->0 0->0 0->0 0->0 0->0 0->0 0->0 0->0 0->0 0->0 0->0 0->0 0->0 0->0 0->0 0->0 0->0 0->0 0->0 0->0 0->0 0->0 0->0 0->0 0->0 0->0 0->0 
0->63 0->63 0->63 0->0 0->0 0->0 0->0 0->0 0->0 0->0 0->0 0->0 0->0 0->0 0->0 93->0 97->0 88->0 113->0 127->0 107->0 87->0 100->0 98->0 0->0 0->0 0->0 0->0 0->0 0->0 0->0 0->0 0->0 0->0 0->0 0->0 
0->63 0->63 0->63 0->0 0->0 0->0 0->0 0->0 0->0 0->0 0->0 0->0 0->0 0->0 0->0 108->0 115->0 117->0 132->0 130->0 78->0 171->0 181->0 165->0 0->0 0->0 0->0 0->0 0->0 0->0 0->0 0->0 0->0 0->0 0->0 0->0 
0->63 0->63 0->63 0->0 0->0 0->0 0->0 0->0 0->0 0->0 0->0 0->0 0->0 0->0 0->0 100->0 85->0 154->0 104->0 71->0 173->0 105->0 68->0 167->0 0->0 0->0 0->0 0->0 0->0 0->0 0->0 0->0 0->0 0->0 0->0 0->0 
0->63 0->63 0->63 0->0 0->0 0->0 0->0 0->0 0->0 0->0 0->0 0->0 0->0 0->0 0->0 0->0 0->0 0->0 0->0 0->0 0->0 0->0 0->0 0->0 0->0 0->0 0->0 0->0 0->0 0->0 0->0 0->0 0->0 0->0 0->0 0->0 
0->63 0->63 0->63 0->0 0->0 0->0 0->0 0->0 0->0 0->0 0->0 0->0 0->0 0->0 0->0 0->0 0->0 0->0 93->0 97->0 88->0 113->0 127->0 107->0 87->0 100->0 98->0 0->0 0->0 0->0 0->0 0->0 0->0 0->0 0->0 0->0 
0->63 0->63 0->63 0->0 0->0 0->0 0->0 0->0 0->0 0->0 0->0 0->0 0->0 0->0 0->0 0->0 0->0 0->0 108->0 115->0 117->0 132->0 130->0 78->0 171->0 181->0 165->0 0->0 0->0 0->0 0->0 0->0 0->0 0->0 0->0 0->0 
0->63 0->63 0->63 0->0 0->0 0->0 0->0 0->0 0->0 0->0 0->0 0->0 0->0 0->0 0->0 0->0 0->0 0->0 100->0 85->0 154->0 104->0 71->0 173->0 105->0 68->0 167->0 0->0 0->0 0->0 0->0 0->0 0->0 0->0 0->0 0->0 
0->63 0->63 0->63 0->0 0->0 0->0 0->0 0->0 0->0 0->0 0->0 0->0 0->0 0->0 0->0 0->0 0->0 0->0 0->0 0->0 0->0 0->0 0->0 0->0 0->0 0->0 0->0 0->0 0->0 0->0 0->0 0->0 0->0 0->0 0->0 0->0 
0->63 0->63 0->63 0->0 0->0 0->0 0->0 0->0 0->0 0->0 0->0 0->0 0->0 0->0 0->0 0->0 0->0 0->0 0->0 0->0 0->0 93->0 97->0 88->0 113->0 127->0 107->0 87->0 100->0 98->0 0->0 0->0 0->0 0->0 0->0 0->0 
0->63 0->63 0->63 0->0 0->0 0->0 0->0 0->0 0->0 0->0 0->0 0->0 0->0 0->0 0->0 0->0 0->0 0->0 0->0 0->0 0->0 108->0 115->0 117->0 132->0 130->0 78->0 171->0 181->0 165->0 0->0 0->0 0->0 0->0 0->0 0->0 
0->63 0->63 0->63 0->0 0->0 0->0 0->0 0->0 0->0 0->0 0->0 0->0 0->0 0->0 0->0 0->0 0->0 0->0 0->0 0->0 0->0 100->0 85->0 154->0 104->0 71->0 173->0 105->0 68->0 167->0 0->0 0->0 0->0 0->0 0->0 0->0 
0->63 0->63 0->63 0->0 0->0 0->0 0->0 0->0 0->0 0->0 0->0 0->0 0->0 0->0 0->0 0->0 0->0 0->0 0->0 0->0 0->0 0->0 0->0 0->0 0->0 0->0 0->0 0->0 0->0 0->0 0->0 0->0 0->0 0->0 0->0 0->0 

93->0 97->0 88->0 113->0 127->0 107->0 87->0 100->0 98->0 0->0 0->0 0->0 0->0 0->0 0->0 0->10 0->30 0->48 0->60 0->63 0->63 0->53 0->48 0->44 0->7 0->3 0->0 0->0 0->0 0->0 0->0 0->0 0->0 0->0 0->0 0->0 
108->0 115->0 117->0 132->0 130->0 78->0 171->0 181->0 165->0 0->0 0->0 0->0 0->0 0->0 0->0 0->10 0->30 0->48 0->60 0->63 0->63 0->53 0->48 0->44 0->7 0->3 0->0 0->0 0->0 0->0 0->0 0->0 0->0 0->0 0->0 0->0 
100->0 85->0 154->0 104->0 71->0 173->0 105->0 68->0 167->0 0->0 0->0 0->0 0->0 0->0 0->0 0->10 0->30 0->48 0->60 0->63 0->63 0->53 0->48 0->44 0->7 0->3 0->0 0->0 0->0 0->0 0->0 0->0 0->0 0->0 0->0 0->0 
0->0 0->0 0->0 0->0 0->0 0->0 0->0 0->0 0->0 0->0 0->0 0->0 0->0 0->0 0->0 0->10 0->30 0->48 0->60 0->63 0->63 0->53 0->48 0->44 0->7 0->3 0->0 0->0 0->0 0->0 0->0 0->0 0->0 0->0 0->0 0->0 
0->0 0->0 0->0 93->0 97->0 88->0 113->0 127->0 107->0 87->0 100->0 98->0 0->0 0->0 0->0 0->10 0->30 0->48 0->60 0->63 0->63 0->53 0->48 0->44 0->7 0->3 0->0 0->0 0->0 0->0 0->0 0->0 0->0 0->0 0->0 0->0 
0->0 0->0 0->0 108->0 115->0 117->0 132->0 130->0 78->0 171->0 181->0 165->0 0->0 0->0 0->0 0->10 0->30 0->48 0->60 0->63 0->63 0->53 0->48 0->44 0->7 0->3 0->0 0->0 0->0 0->0 0->0 0->0 0->0 0->0 0->0 0->0 
0->0 0->0 0->0 100->0 85->0 154->0 104->0 71->0 173->0 105->0 68->0 167->0 0->0 0->0 0->0 0->10 0->30 0->48 0->60 0->63 0->63 0->53 0->48 0->44 0->7 0->3 0->0 0->0 0->0 0->0 0->0 0->0 0->0 0->0 0->0 0->0 
0->0 0->0 0->0 0->0 0->0 0->0 0->0 0->0 0->0 0->0 0->0 0->0 0->0 0->0 0->0 0->10 0->30 0->48 0->60 0->63 0->63 0->53 0->48 0->44 0->7 0->3 0->0 0->0 0->0 0->0 0->0 0->0 0->0 0->0 0->0 0->0 
0->0 0->0 0->0 0->0 0->0 0->0 93->0 97->0 88->0 113->0 127->0 107->0 87->0 100->0 98->0 0->10 0->30 0->48 0->60 0->63 0->63 0->53 0->48 0->44 0->7 0->3 0->0 0->0 0->0 0->0 0->0 0->0 0->0 0->0 0->0 0->0 
0->0 0->0 0->0 0->0 0->0 0->0 108->0 115->0 117->0 132->0 130->0 78->0 171->0 181->0 165->0 0->10 0->30 0->48 0->60 0->63 0->63 0->53 0->48 0->44 0->7 0->3 0->0 0->0 0->0 0->0 0->0 0->0 0->0 0->0 0->0 0->0 
0->0 0->0 0->0 0->0 0->0 0->0 100->0 85->0 154->0 104->0 71->0 173->0 105->0 68->0 167->0 0->10 0->30 0->48 0->60 0->63 0->63 0->53 0->48 0->44 0->7 0->3 0->0 0->0 0->0 0->0 0->0 0->0 0->0 0->0 0->0 0->0 
0->0 0->0 0->0 0->0 0->0 0->0 0->0 0->0 0->0 0->0 0->0 0->0 0->0 0->0 0->0 0->10 0->30 0->48 0->60 0->63 0->63 0->53 0->48 0->44 0->7 0->3 0->0 0->0 0->0 0->0 0->0 0->0 0->0 0->0 0->0 0->0 
0->0 0->0 0->0 0->0 0->0 0->0 0->0 0->0 0->0 93->0 97->0 88->0 113->0 127->0 107->0 87->10 100->30 98->48 0->60 0->63 0->63 0->53 0->48 0->44 0->7 0->3 0->0 0->0 0->0 0->0 0->0 0->0 0->0 0->0 0->0 0->0 
0->0 0->0 0->0 0->0 0->0 0->0 0->0 0->0 0->0 108->0 115->0 117->0 132->0 130->0 78->0 171->10 181->30 165->48 0->60 0->63 0->63 0->53 0->48 0->44 0->7 0->3 0->0 0->0 0->0 0->0 0->0 0->0 0->0 0->0 0->0 0->0 
0->0 0->0 0->0 0->0 0->0 0->0 0->0 0->0 0->0 100->0 85->0 154->0 104->0 71->0 173->0 105->10 68->30 167->48 0->60 0->63 0->63 0->53 0->48 0->44 0->7 0->3 0->0 0->0 0->0 0->0 0->0 0->0 0->0 0->0 0->0 0->0 
0->0 0->0 0->0 0->0 0->0 0->0 0->0 0->0 0->0 0->0 0->0 0->0 0->0 0->0 0->0 0->10 0->30 0->48 0->60 0->63 0->63 0->53 0->48 0->44 0->7 0->3 0->0 0->0 0->0 0->0 0->0 0->0 0->0 0->0 0->0 0->0 
0->0 0->0 0->0 0->0 0->0 0->0 0->0 0->0 0->0 0->0 0->0 0->0 93->0 97->0 88->0 113->10 127->30 107->48 87->60 100->63 98->63 0->53 0->48 0->44 0->7 0->3 0->0 0->0 0->0 0->0 0->0 0->0 0->0 0->0 0->0 0->0 
0->0 0->0 0->0 0->0 0->0 0->0 0->0 0->0 0->0 0->0 0->0 0->0 108->0 115->0 117->0 132->10 130->30 78->48 171->60 181->63 165->63 0->53 0->48 0->44 0->7 0->3 0->0 0->0 0->0 0->0 0->0 0->0 0->0 0->0 0->0 0->0 
0->0 0->0 0->0 0->0 0->0 0->0 0->0 0->0 0->0 0->0 0->0 0->0 100->0 85->0 154->0 104->10 71->30 173->48 105->60 68->63 167->63 0->53 0->48 0->44 0->7 0->3 0->0 0->0 0->0 0->0 0->0 0->0 0->0 0->0 0->0 0->0 
0->0 0->0 0->0 0->0 0->0 0->0 0->0 0->0 0->0 0->0 0->0 0->0 0->0 0->0 0->0 0->10 0->30 0->48 0->60 0->63 0->63 0->53 0->48 0->44 0->7 0->3 0->0 0->0 0->0 0->0 0->0 0->0 0->0 0->0 0->0 0->0 
0->0 0->0 0->0 0->0 0->0 0->0 0->0 0->0 0->0 0->0 0->0 0->0 0->0 0->0 0->0 93->10 97->30 88->48 113->60 127->63 107->63 87->53 100->48 98->44 0->7 0->3 0->0 0->0 0->0 0->0 0->0 0->0 0->0 0->0 0->0 0->0 
0->0 0->0 0->0 0->0 0->0 0->0 0->0 0->0 0->0 0->0 0->0 0->0 0->0 0->0 0->0 108->10 115->30 117->48 132->60 130->63 78->63 171->53 181->48 165->44 0->7 0->3 0->0 0->0 0->0 0->0 0->0 0->0 0->0 0->0 0->0 0->0 
0->0 0->0 0->0 0->0 0->0 0->0 0->0 0->0 0->0 0->0 0->0 0->0 0->0 0->0 0->0 100->10 85->30 154->48 104->60 71->63 173->63 105->53 68->48 167->44 0->7 0->3 0->0 0->0 0->0 0->0 0->0 0->0 0->0 0->0 0->0 0->0 
0->0 0->0 0->0 0->0 0->0 0->0 0->0 0->0 0->0 0->0 0->0 0->0 0->0 0->0 0->0 0->10 0->30 0->48 0->60 0->63 0->63 0->53 0->48 0->44 0->7 0->3 0->0 0->0 0->0 0->0 0->0 0->0 0->0 0->0 0->0 0->0 
0->0 0->0 0->0 0->0 0->0 0->0 0->0 0->0 0->0 0->0 0->0 0->0 0->0 0->0 0->0 0->10 0->30 0->48 93->60 97->63 88->63 113->53 127->48 107->44 87->7 100->3 98->0 0->0 0->0 0->0 0->0 0->0 0->0 0->0 0->0 0->0 
0->0 0->0 0->0 0->0 0->0 0->0 0->0 0->0 0->0 0->0 0->0 0->0 0->0 0->0 0->0 0->10 0->30 0->48 108->60 115->63 117->63 132->53 130->48 78->44 171->7 181->3 165->0 0->0 0->0 0->0 0->0 0->0 0->0 0->0 0->0 0->0 
0->0 0->0 0->0 0->0 0->0 0->0 0->0 0->0 0->0 0->0 0->0 0->0 0->0 0->0 0->0 0->10 0->30 0->48 100->60 85->63 154->63 104->53 71->48 173->44 105->7 68->3 167->0 0->0 0->0 0->0 0->0 0->0 0->0 0->0 0->0 0->0 
0->0 0->0 0->0 0->0 0->0 0->0 0->0 0->0 0->0 0->0 0->0 0->0 0->0 0->0 0->0 0->10 0->30 0->48 0->60 0->63 0->63 0->53 0->48 0->44 0->7 0->3 0->0 0->0 0->0 0->0 0->0 0->0 0->0 0->0 0->0 0->0 
0->0 0->0 0->0 0->0 0->0 0->0 0->0 0->0 0->0 0->0 0->0 0->0 0->0 0->0 0->0 0->10 0->30 0->48 0->60 0->63 0->63 93->53 97->48 88->44 113->7 127->3 107->0 87->0 100->0 98->0 0->0 0->0 0->0 0->0 0->0 0->0 
0->0 0->0 0->0 0->0 0->0 0->0 0->0 0->0 0->0 0->0 0->0 0->0 0->0 0->0 0->0 0->10 0->30 0->48 0->60 0->63 0->63 108->53 115->48 117->44 132->7 130->3 78->0 171->0 181->0 165->0 0->0 0->0 0->0 0->0 0->0 0->0 
0->0 0->0 0->0 0->0 0->0 0->0 0->0 0->0 0->0 0->0 0->0 0->0 0->0 0->0 0->0 0->10 0->30 0->48 0->60 0->63 0->63 100->53 85->48 154->44 104->7 71->3 173->0 105->0 68->0 167->0 0->0 0->0 0->0 0->0 0->0 0->0 
0->0 0->0 0->0 0->0 0->0 0->0 0->0 0->0 0->0 0->0 0->0 0->0 0->0 0->0 0->0 0->10 0->30 0->48 0->60 0->63 0->63 0->53 0->48 0->44 0->7 0->3 0->0 0->0 0->0 0->0 0->0 0->0 0->0 0->0 0->0 0->0 

93->7 97->3 88->0 113->0 127->0 107->0 87->0 100->0 98->0 0->0 0->0 0->0 0->0 0->0 0->0 0->0 0->0 0->0 0->0 0->0 0->0 0->0 0->0 0->0 0->0 0->0 0->0 0->0 0->0 0->0 0->0 0->0 0->0 0->0 0->0 0->0 
108->7 115->3 117->0 132->0 130->0 78->0 171->0 181->0 165->0 0->0 0->0 0->0 0->0 0->0 0->0 0->0 0->0 0->0 0->0 0->0 0->0 0->0 0->0 0->0 0->0 0->0 0->0 0->0 0->0 0->0 0->0 0->0 0->0 0->0 0->0 0->0 
100->7 85->3 154->0 104->0 71->0 173->0 105->0 68->0 167->0 0->0 0->0 0->0 0->0 0->0 0->0 0->0 0->0 0->0 0->0 0->0 0->0 0->0 0->0 0->0 0->0 0->0 0->0 0->0 0->0 0->0 0->0 0->0 0->0 0->0 0->0 0->0 
0->7 0->3 0->0 0->0 0->0 0->0 0->0 0->0 0->0 0->0 0->0 0->0 0->0 0->0 0->0 0->0 0->0 0->0 0->0 0->0 0->0 0->0 0->0 0->0 0->0 0->0 0->0 0->0 0->0 0->0 0->0 0->0 0->0 0->0 0->0 0->0 
0->7 0->3 0->0 93->0 97->0 88->0 113->0 127->0 107->0 87->0 100->0 98->0 0->0 0->0 0->0 0->0 0->0 0->0 0->0 0->0 0->0 0->0 0->0 0->0 0->0 0->0 0->0 0->0 0->0 0->0 0->0 0->0 0->0 0->0 0->0 0->0 
0->7 0->3 0->0 108->0 115->0 117->0 132->0 130->0 78->0 171->0 181->0 165->0 0->0 0->0 0->0 0->0 0->0 0->0 0->0 0->0 0->0 0->0 0->0 0->0 0->0 0->0 0->0 0->0 0->0 0->0 0->0 0->0 0->0 0->0 0->0 0->0 
0->7 0->3 0->0 100->0 85->0 154->0 104->0 71->0 173->0 105->0 68->0 167->0 0->0 0->0 0->0 0->0 0->0 0->0 0->0 0->0 0->0 0->0 0->0 0->0 0->0 0->0 0->0 0->0 0->0 0->0 0->0 0->0 0->0 0->0 0->0 0->0 
0->7 0->3 0->0 0->0 0->0 0->0 0->0 0->0 0->0 0->0 0->0 0->0 0->0 0->0 0->0 0->0 0->0 0->0 0->0 0->0 0->0 0->0 0->0 0->0 0->0 0->0 0->0 0->0 0->0 0->0 0->0 0->0 0->0 0->0 0->0 0->0 
0->7 0->3 0->0 0->0 0->0 0->0 93->0 97->0 88->0 113->0 127->0 107->0 87->0 100->0 98->0 0->0 0->0 0->0 0->0 0->0 0->0 0->0 0->0 0->0 0->0 0->0 0->0 0->0 0->0 0->0 0->0 0->0 0->0 0->0 0->0 0->0 
0->7 0->3 0->0 0->0 0->0 0->0 108->0 115->0 117->0 132->0 130->0 78->0 171->0 181->0 165->0 0->0 0->0 0->0 0->0 0->0 0->0 0->0 0->0 0->0 0->0 0->0 0->0 0->0 0->0 0->0 0->0 0->0 0->0 0->0 0->0 0->0 
0->7 0->3 0->0 0->0 0->0 0->0 100->0 85->0 154->0 104->0 71->0 173->0 105->0 68->0 167->0 0->0 0->0 0->0 0->0 0->0 0->0 0->0 0->0 0->0 0->0 0->0 0->0 0->0 0->0 0->0 0->0 0->0 0->0 0->0 0->0 0->0 
0->7 0->3 0->0 0->0 0->0 0->0 0->0 0->0 0->0 0->0 0->0 0->0 0->0 0->0 0->0 0->0 0->0 0->0 0->0 0->0 0->0 0->0 0->0 0->0 0->0 0->0 0->0 0->0 0->0 0->0 0->0 0->0 0->0 0->0 0->0 0->0 
0->7 0->3 0->0 0->0 0->0 0->0 0->0 0->0 0->0 93->0 97->0 88->0 113->0 127->0 107->0 87->0 100->0 98->0 0->0 0->0 0->0 0->0 0->0 0->0 0->0 0->0 0->0 0->0 0->0 0->0 0->0 0->0 0->0 0->0 0->0 0->0 
0->7 0->3 0->0 0->0 0->0 0->0 0->0 0->0 0->0 108->0 115->0 117->0 132->0 130->0 78->0 171->0 181->0 165->0 0->0 0->0 0->0 0->0 0->0 0->0 0->0 0->0 0->0 0->0 0->0 0->0 0->0 0->0 0->0 0->0 0->0 0->0 
0->7 0->3 0->0 0->0 0->0 0->0 0->0 0->0 0->0 100->0 85->0 154->0 104->0 71->0 173->0 105->0 68->0 167->0 0->0 0->0 0->0 0->0 0->0 0->0 0->0 0->0 0->0 0->0 0->0 0->0 0->0 0->0 0->0 0->0 0->0 0->0 
0->7 0->3 0->0 0->0 0->0 0->0 0->0 0->0 0->0 0->0 0->0 0->0 0->0 0->0 0->0 0->0 0->0 0->0 0->0 0->0 0->0 0->0 0->0 0->0 0->0 0->0 0->0 0->0 0->0 0->0 0->0 0->0 0->0 0->0 0->0 0->0 
0->7 0->3 0->0 0->0 0->0 0->0 0->0 0->0 0->0 0->0 0->0 0->0 93->0 97->0 88->0 113->0 127->0 107->0 87->0 100->0 98->0 0->0 0->0 0->0 0->0 0->0 0->0 0->0 0->0 0->0 0->0 0->0 0->0 0->0 0->0 0->0 
0->7 0->3 0->0 0->0 0->0 0->0 0->0 0->0 0->0 0->0 0->0 0->0 108->0 115->0 117->0 132->0 130->0 78->0 171->0 181->0 165->0 0->0 0->0 0->0 0->0 0->0 0->0 0->0 0->0 0->0 0->0 0->0 0->0 0->0 0->0 0->0 
0->7 0->3 0->0 0->0 0->0 0->0 0->0 0->0 0->0 0->0 0->0 0->0 100->0 85->0 154->0 104->0 71->0 173->0 105->0 68->0 167->0 0->0 0->0 0->0 0->0 0->0 0->0 0->0 0->0 0->0 0->0 0->0 0->0 0->0 0->0 0->0 
0->7 0->3 0->0 0->0 0->0 0->0 0->0 0->0 0->0 0->0 0->0 0->0 0->0 0->0 0->0 0->0 0->0 0->0 0->0 0->0 0->0 0->0 0->0 0->0 0->0 0->0 0->0 0->0 0->0 0->0 0->0 0->0 0->0 0->0 0->0 0->0 
0->7 0->3 0->0 0->0 0->0 0->0 0->0 0->0 0->0 0->0 0->0 0->0 0->0 0->0 0->0 93->0 97->0 88->0 113->0 127->0 107->0 87->0 100->0 98->0 0->0 0->0 0->0 0->0 0->0 0->0 0->0 0->0 0->0 0->0 0->0 0->0 
0->7 0->3 0->0 0->0 0->0 0->0 0->0 0->0 0->0 0->0 0->0 0->0 0->0 0->0 0->0 108->0 115->0 117->0 132->0 130->0 78->0 171->0 181->0 165->0 0->0 0->0 0->0 0->0 0->0 0->0 0->0 0->0 0->0 0->0 0->0 0->0 
0->7 0->3 0->0 0->0 0->0 0->0 0->0 0->0 0->0 0->0 0->0 0->0 0->0 0->0 0->0 100->0 85->0 154->0 104->0 71->0 173->0 105->0 68->0 167->0 0->0 0->0 0->0 0->0 0->0 0->0 0->0 0->0 0->0 0->0 0->0 0->0 
0->7 0->3 0->0 0->0 0->0 0->0 0->0 0->0 0->0 0->0 0->0 0->0 0->0 0->0 0->0 0->0 0->0 0->0 0->0 0->0 0->0 0->0 0->0 0->0 0->0 0->0 0->0 0->0 0->0 0->0 0->0 0->0 0->0 0->0 0->0 0->0 
0->7 0->3 0->0 0->0 0->0 0->0 0->0 0->0 0->0 0->0 0->0 0->0 0->0 0->0 0->0 0->0 0->0 0->0 93->0 97->0 88->0 113->0 127->0 107->0 87->0 100->0 98->0 0->0 0->0 0->0 0->0 0->0 0->0 0->0 0->0 0->0 
0->7 0->3 0->0 0->0 0->0 0->0 0->0 0->0 0->0 0->0 0->0 0->0 0->0 0->0 0->0 0->0 0->0 0->0 108->0 115->0 117->0 132->0 130->0 78->0 171->0 181->0 165->0 0->0 0->0 0->0 0->0 0->0 0->0 0->0 0->0 0->0 
0->7 0->3 0->0 0->0 0->0 0->0 0->0 0->0 0->0 0->0 0->0 0->0 0->0 0->0 0->0 0->0 0->0 0->0 100->0 85->0 154->0 104->0 71->0 173->0 105->0 68->0 167->0 0->0 0->0 0->0 0->0 0->0 0->0 0->0 0->0 0->0 
0->7 0->3 0->0 0->0 0->0 0->0 0->0 0->0 0->0 0->0 0->0 0->0 0->0 0->0 0->0 0->0 0->0 0->0 0->0 0->0 0->0 0->0 0->0 0->0 0->0 0->0 0->0 0->0 0->0 0->0 0->0 0->0 0->0 0->0 0->0 0->0 
0->7 0->3 0->0 0->0 0->0 0->0 0->0 0->0 0->0 0->0 0->0 0->0 0->0 0->0 0->0 0->0 0->0 0->0 0->0 0->0 0->0 93->0 97->0 88->0 113->0 127->0 107->0 87->0 100->0 98->0 0->0 0->0 0->0 0->0 0->0 0->0 
0->7 0->3 0->0 0->0 0->0 0->0 0->0 0->0 0->0 0->0 0->0 0->0 0->0 0->0 0->0 0->0 0->0 0->0 0->0 0->0 0->0 108->0 115->0 117->0 132->0 130->0 78->0 171->0 181->0 165->0 0->0 0->0 0->0 0->0 0->0 0->0 
0->7 0->3 0->0 0->0 0->0 0->0 0->0 0->0 0->0 0->0 0->0 0->0 0->0 0->0 0->0 0->0 0->0 0->0 0->0 0->0 0->0 100->0 85->0 154->0 104->0 71->0 173->0 105->0 68->0 167->0 0->0 0->0 0->0 0->0 0->0 0->0 
0->7 0->3 0->0 0->0 0->0 0->0 0->0 0->0 0->0 0->0 0->0 0->0 0->0 0->0 0->0 0->0 0->0 0->0 0->0 0->0 0->0 0->0 0->0 0->0 0->0 0->0 0->0 0->0 0->0 0->0 0->0 0->0 0->0 0->0 0->0 0->0 

93->0 97->0 88->0 113->0 127->0 107->0 87->0 100->0 98->0 0->0 0->0 0->0 0->0 0->0 0->0 0->0 0->0 0->12 0->45 0->45 0->59 0->63 0->63 0->63 0->63 0->63 0->38 0->0 0->0 0->0 0->0 0->0 0->0 0->0 0->0 0->0 
108->0 115->0 117->0 132->0 130->0 78->0 171->0 181->0 165->0 0->0 0->0 0->0 0->0 0->0 0->0 0->0 0->0 0->12 0->45 0->45 0->59 0->63 0->63 0->63 0->63 0->63 0->38 0->0 0->0 0->0 0->0 0->0 0->0 0->0 0->0 0->0 
100->0 85->0 154->0 104->0 71->0 173->0 105->0 68->0 167->0 0->0 0->0 0->0 0->0 0->0 0->0 0->0 0->0 0->12 0->45 0->45 0->59 0->63 0->63 0->63 0->63 0->63 0->38 0->0 0->0 0->0 0->0 0->0 0->0 0->0 0->0 0->0 
0->0 0->0 0->0 0->0 0->0 0->0 0->0 0->0 0->0 0->0 0->0 0->0 0->0 0->0 0->0 0->0 0->0 0->12 0->45 0->45 0->59 0->63 0->63 0->63 0->63 0->63 0->38 0->0 0->0 0->0 0->0 0->0 0->0 0->0 0->0 0->0 
0->0 0->0 0->0 93->0 97->0 88->0 113->0 127->0 107->0 87->0 100->0 98->0 0->0 0->0 0->0 0->0 0->0 0->12 0->45 0->45 0->59 0->63 0->63 0->63 0->63 0->63 0->38 0->0 0->0 0->0 0->0 0->0 0->0 0->0 0->0 0->0 
0->0 0->0 0->0 108->0 115->0 117->0 132->0 130->0 78->0 171->0 181->0 165->0 0->0 0->0 0->0 0->0 0->0 0->12 0->45 0->45 0->59 0->63 0->63 0->63 0->63 0->63 0->38 0->0 0->0 0->0 0->0 0->0 0->0 0->0 0->0 0->0 
0->0 0->0 0->0 100->0 85->0 154->0 104->0 71->0 173->0 105->0 68->0 167->0 0->0 0->0 0->0 0->0 0->0 0->12 0->45 0->45 0->59 0->63 0->63 0->63 0->63 0->63 0->38 0->0 0->0 0->0 0->0 0->0 0->0 0->0 0->0 0->0 
0->0 0->0 0->0 0->0 0->0 0->0 0->0 0->0 0->0 0->0 0->0 0->0 0->0 0->0 0->0 0->0 0->0 0->12 0->45 0->45 0->59 0->63 0->63 0->63 0->63 0->63 0->38 0->0 0->0 0->0 0->0 0->0 0->0 0->0 0->0 0->0 
0->0 0->0 0->0 0->0 0->0 0->0 93->0 97->0 88->0 113->0 127->0 107->0 87->0 100->0 98->0 0->0 0->0 0->12 0->45 0->45 0->59 0->63 0->63 0->63 0->63 0->63 0->38 0->0 0->0 0->0 0->0 0->0 0->0 0->0 0->0 0->0 
0->0 0->0 0->0 0->0 0->0 0->0 108->0 115->0 117->0 132->0 130->0 78->0 171->0 181->0 165->0 0->0 0->0 0->12 0->45 0->45 0->59 0->63 0->63 0->63 0->63 0->63 0->38 0->0 0->0 0->0 0->0 0->0 0->0 0->0 0->0 0->0 
0->0 0->0 0->0 0->0 0->0 0->0 100->0 85->0 154->0 104->0 71->0 173->0 105->0 68->0 167->0 0->0 0->0 0->12 0->45 0->45 0->59 0->63 0->63 0->63 0->63 0->63 0->38 0->0 0->0 0->0 0->0 0->0 0->0 0->0 0->0 0->0 
0->0 0->0 0->0 0->0 0->0 0->0 0->0 0->0 0->0 0->0 0->0 0->0 0->0 0->0 0->0 0->0 0->0 0->12 0->45 0->45 0->59 0->63 0->63 0->63 0->63 0->63 0->38 0->0 0->0 0->0 0->0 0->0 0->0 0->0 0->0 0->0 
0->0 0->0 0->0 0->0 0->0 0->0 0->0 0->0 0->0 93->0 97->0 88->0 113->0 127->0 107->0 87->0 100->0 98->12 0->45 0->45 0->59 0->63 0->63 0->63 0->63 0->63 0->38 0->0 0->0 0->0 0->0 0->0 0->0 0->0 0->0 0->0 
0->0 0->0 0->0 0->0 0->0 0->0 0->0 0->0 0->0 108->0 115->0 117->0 132->0 130->0 78->0 171->0 181->0 165->12 0->45 0->45 0->59 0->63 0->63 0->63 0->63 0->63 0->38 0->0 0->0 0->0 0->0 0->0 0->0 0->0 0->0 0->0 
0->0 0->0 0->0 0->0 0->0 0->0 0->0 0->0 0->0 100->0 85->0 154->0 104->0 71->0 173->0 105->0 68->0 167->12 0->45 0->45 0->59 0->63 0->63 0->63 0->63 0->63 0->38 0->0 0->0 0->0 0->0 0->0 0->0 0->0 0->0 0->0 
0->0 0->0 0->0 0->0 0->0 0->0 0->0 0->0 0->0 0->0 0->0 0->0 0->0 0->0 0->0 0->0 0->0 0->12 0->45 0->45 0->59 0->63 0->63 0->63 0->63 0->63 0->38 0->0 0->0 0->0 0->0 0->0 0->0 0->0 0->0 0->0 
0->0 0->0 0->0 0->0 0->0 0->0 0->0 0->0 0->0 0->0 0->0 0->0 93->0 97->0 88->0 113->0 127->0 107->12 87->45 100->45 98->59 0->63 0->63 0->63 0->63 0->63 0->38 0->0 0->0 0->0 0->0 0->0 0->0 0->0 0->0 0->0 
0->0 0->0 0->0 0->0 0->0 0->0 0->0 0->0 0->0 0->0 0->0 0->0 108->0 115->0 117->0 132->0 130->0 78->12 171->45 181->45 165->59 0->63 0->63 0->63 0->63 0->63 0->38 0->0 0->0 0->0 0->0 0->0 0->0 0->0 0->0 0->0 
0->0 0->0 0->0 0->0 0->0 0->0 0->0 0->0 0->0 0->0 0->0 0->0 100->0 85->0 154->0 104->0 71->0 173->12 105->45 68->45 167->59 0->63 0->63 0->63 0->63 0->63 0->38 0->0 0->0 0->0 0->0 0->0 0->0 0->0 0->0 0->0 
0->0 0->0 0->0 0->0 0->0 0->0 0->0 0->0 0->0 0->0 0->0 0->0 0->0 0->0 0->0 0->0 0->0 0->12 0->45 0->45 0->59 0->63 0->63 0->63 0->63 0->63 0->38 0->0 0->0 0->0 0->0 0->0 0->0 0->0 0->0 0->0 
0->0 0->0 0->0 0->0 0->0 0->0 0->0 0->0 0->0 0->0 0->0 0->0 0->0 0->0 0->0 93->0 97->0 88->12 113->45 127->45 107->59 87->63 100->63 98->63 0->63 0->63 0->38 0->0 0->0 0->0 0->0 0->0 0->0 0->0 0->0 0->0 
0->0 0->0 0->0 0->0 0->0 0->0 0->0 0->0 0->0 0->0 0->0 0->0 0->0 0->0 0->0 108->0 115->0 117->12 132->45 130->45 78->59 171->63 181->63 165->63 0->63 0->63 0->38 0->0 0->0 0->0 0->0 0->0 0->0 0->0 0->0 0->0 
0->0 0->0 0->0 0->0 0->0 0->0 0->0 0->0 0->0 0->0 0->0 0->0 0->0 0->0 0->0 100->0 85->0 154->12 104->45 71->45 173->59 105->63 68->63 167->63 0->63 0->63 0->38 0->0 0->0 0->0 0->0 0->0 0->0 0->0 0->0 0->0 
0->0 0->0 0->0 0->0 0->0 0->0 0->0 0->0 0->0 0->0 0->0 0->0 0->0 0->0 0->0 0->0 0->0 0->12 0->45 0->45 0->59 0->63 0->63 0->63 0->63 0->63 0->38 0->0 0->0 0->0 0->0 0->0 0->0 0->0 0->0 0->0 
0->0 0->0 0->0 0->0 0->0 0->0 0->0 0->0 0->0 0->0 0->0 0->0 0->0 0->0 0->0 0->0 0->0 0->12 93->45 97->45 88->59 113->63 127->63 107->63 87->63 100->63 98->38 0->0 0->0 0->0 0->0 0->0 0->0 0->0 0->0 0->0 
0->0 0->0 0->0 0->0 0->0 0->0 0->0 0->0 0->0 0->0 0->0 0->0 0->0 0->0 0->0 0->0 0->0 0->12 108->45 115->45 117->59 132->63 130->63 78->63 171->63 181->63 165->38 0->0 0->0 0->0 0->0 0->0 0->0 0->0 0->0 0->0 
0->0 0->0 0->0 0->0 0->0 0->0 0->0 0->0 0->0 0->0 0->0 0->0 0->0 0->0 0->0 0->0 0->0 0->12 100->45 85->45 154->59 104->63 71->63 173->63 105->63 68->63 167->38 0->0 0->0 0->0 0->0 0->0 0->0 0->0 0->0 0->0 
0->0 0->0 0->0 0->0 0->0 0->0 0->0 0->0 0->0 0->0 0->0 0->0 0->0 0->0 0->0 0->0 0->0 0->12 0->45 0->45 0->59 0->63 0->63 0->63 0->63 0->63 0->38 0->0 0->0 0->0 0->0 0->0 0->0 0->0 0->0 0->0 
0->0 0->0 0->0 0->0 0->0 0->0 0->0 0->0 0->0 0->0 0->0 0->0 0->0 0->0 0->0 0->0 0->0 0->12 0->45 0->45 0->59 93->63 97->63 88->63 113->63 127->63 107->38 87->0 100->0 98->0 0->0 0->0 0->0 0->0 0->0 0->0 
0->0 0->0 0->0 0->0 0->0 0->0 0->0 0->0 0->0 0->0 0->0 0->0 0->0 0->0 0->0 0->0 0->0 0->12 0->45 0->45 0->59 108->63 115->63 117->63 132->63 130->63 78->38 171->0 181->0 165->0 0->0 0->0 0->0 0->0 0->0 0->0 
0->0 0->0 0->0 0->0 0->0 0->0 0->0 0->0 0->0 0->0 0->0 0->0 0->0 0->0 0->0 0->0 0->0 0->12 0->45 0->45 0->59 100->63 85->63 154->63 104->63 71->63 173->38 105->0 68->0 167->0 0->0 0->0 0->0 0->0 0->0 0->0 
0->0 0->0 0->0 0->0 0->0 0->0 0->0 0->0 0->0 0->0 0->0 0->0 0->0 0->0 0->0 0->0 0->0 0->12 0->45 0->45 0->59 0->63 0->63 0->63 0->63 0->63 0->38 0->0 0->0 0->0 0->0 0->0 0->0 0->0 0->0 0->0 

93->63 97->63 88->38 113->0 127->0 107->0 87->0 100->0 98->0 0->0 0->0 0->0 0->0 0->0 0->0 0->0 0->0 0->0 0->0 0->0 0->0 0->0 0->0 0->0 0->0 0->0 0->0 0->0 0->0 0->0 0->0 0->0 0->0 0->0 0->0 0->0 
108->63 115->63 117->38 132->0 130->0 78->0 171->0 181->0 165->0 0->0 0->0 0->0 0->0 0->0 0->0 0->0 0->0 0->0 0->0 0->0 0->0 0->0 0->0 0->0 0->0 0->0 0->0 0->0 0->0 0->0 0->0 0->0 0->0 0->0 0->0 0->0 
100->63 85->63 154->38 104->0 71->0 173->0 105->0 68->0 167->0 0->0 0->0 0->0 0->0 0->0 0->0 0->0 0->0 0->0 0->0 0->0 0->0 0->0 0->0 0->0 0->0 0->0 0->0 0->0 0->0 0->0 0->0 0->0 0->0 0->0 0->0 0->0 
0->63 0->63 0->38 0->0 0->0 0->0 0->0 0->0 0->0 0->0 0->0 0->0 0->0 0->0 0->0 0->0 0->0 0->0 0->0 0->0 0->0 0->0 0->0 0->0 0->0 0->0 0->0 0->0 0->0 0->0 0->0 0->0 0->0 0->0 0->0 0->0 
0->63 0->63 0->38 93->0 97->0 88->0 113->0 127->0 107->0 87->0 100->0 98->0 0->0 0->0 0->0 0->0 0->0 0->0 0->0 0->0 0->0 0->0 0->0 0->0 0->0 0->0 0->0 0->0 0->0 0->0 0->0 0->0 0->0 0->0 0->0 0->0 
0->63 0->63 0->38 108->0 115->0 117->0 132->0 130->0 78->0 171->0 181->0 165->0 0->0 0->0 0->0 0->0 0->0 0->0 0->0 0->0 0->0 0->0 0->0 0->0 0->0 0->0 0->0 0->0 0->0 0->0 0->0 0->0 0->0 0->0 0->0 0->0 
0->63 0->63 0->38 100->0 85->0 154->0 104->0 71->0 173->0 105->0 68->0 167->0 0->0 0->0 0->0 0->0 0->0 0->0 0->0 0->0 0->0 0->0 0->0 0->0 0->0 0->0 0->0 0->0 0->0 0->0 0->0 0->0 0->0 0->0 0->0 0->0 
0->63 0->63 0->38 0->0 0->0 0->0 0->0 0->0 0->0 0->0 0->0 0->0 0->0 0->0 0->0 0->0 0->0 0->0 0->0 0->0 0->0 0->0 0->0 0->0 0->0 0->0 0->0 0->0 0->0 0->0 0->0 0->0 0->0 0->0 0->0 0->0 
0->63 0->63 0->38 0->0 0->0 0->0 93->0 97->0 88->0 113->0 127->0 107->0 87->0 100->0 98->0 0->0 0->0 0->0 0->0 0->0 0->0 0->0 0->0 0->0 0->0 0->0 0->0 0->0 0->0 0->0 0->0 0->0 0->0 0->0 0->0 0->0 
0->63 0->63 0->38 0->0 0->0 0->0 108->0 115->0 117->0 132->0 130->0 78->0 171->0 181->0 165->0 0->0 0->0 0->0 0->0 0->0 0->0 0->0 0->0 0->0 0->0 0->0 0->0 0->0 0->0 0->0 0->0 0->0 0->0 0->0 0->0 0->0 
0->63 0->63 0->38 0->0 0->0 0->0 100->0 85->0 154->0 104->0 71->0 173->0 105->0 68->0 167->0 0->0 0->0 0->0 0->0 0->0 0->0 0->0 0->0 0->0 0->0 0->0 0->0 0->0 0->0 0->0 0->0 0->0 0->0 0->0 0->0 0->0 
0->63 0->63 0->38 0->0 0->0 0->0 0->0 0->0 0->0 0->0 0->0 0->0 0->0 0->0 0->0 0->0 0->0 0->0 0->0 0->0 0->0 0->0 0->0 0->0 0->0 0->0 0->0 0->0 0->0 0->0 0->0 0->0 0->0 0->0 0->0 0->0 
0->63 0->63 0->38 0->0 0->0 0->0 0->0 0->0 0->0 93->0 97->0 88->0 113->0 127->0 107->0 87->0 100->0 98->0 0->0 0->0 0->0 0->0 0->0 0->0 0->0 0->0 0->0 0->0 0->0 0->0 0->0 0->0 0->0 0->0 0->0 0->0 
0->63 0->63 0->38 0->0 0->0 0->0 0->0 0->0 0->0 108->0 115->0 117->0 132->0 130->0 78->0 171->0 181->0 165->0 0->0 0->0 0->0 0->0 0->0 0->0 0->0 0->0 0->0 0->0 0->0 0->0 0->0 0->0 0->0 0->0 0->0 0->0 
0->63 0->63 0->38 0->0 0->0 0->0 0->0 0->0 0->0 100->0 85->0 154->0 104->0 71->0 173->0 105->0 68->0 167->0 0->0 0->0 0->0 0->0 0->0 0->0 0->0 0->0 0->0 0->0 0->0 0->0 0->0 0->0 0->0 0->0 0->0 0->0 
0->63 0->63 0->38 0->0 0->0 0->0 0->0 0->0 0->0 0->0 0->0 0->0 0->0 0->0 0->0 0->0 0->0 0->0 0->0 0->0 0->0 0->0 0->0 0->0 0->0 0->0 0->0 0->0 0->0 0->0 0->0 0->0 0->0 0->0 0->0 0->0 
0->63 0->63 0->38 0->0 0->0 0->0 0->0 0->0 0->0 0->0 0->0 0->0 93->0 97->0 88->0 113->0 127->0 107->0 87->0 100->0 98->0 0->0 0->0 0->0 0->0 0->0 0->0 0->0 0->0 0->0 0->0 0->0 0->0 0->0 0->0 0->0 
0->63 0->63 0->38 0->0 0->0 0->0 0->0 0->0 0->0 0->0 0->0 0->0 108->0 115->0 117->0 132->0 130->0 78->0 171->0 181->0 165->0 0->0 0->0 0->0 0->0 0->0 0->0 0->0 0->0 0->0 0->0 0->0 0->0 0->0 0->0 0->0 
0->63 0->63 0->38 0->0 0->0 0->0 0->0 0->0 0->0 0->0 0->0 0->0 100->0 85->0 154->0 104->0 71->0 173->0 105->0 68->0 167->0 0->0 0->0 0->0 0->0 0->0 0->0 0->0 0->0 0->0 0->0 0->0 0->0 0->0 0->0 0->0 
0->63 0->63 0->38 0->0 0->0 0->0 0->0 0->0 0->0 0->0 0->0 0->0 0->0 0->0 0->0 0->0 0->0 0->0 0->0 0->0 0->0 0->0 0->0 0->0 0->0 0->0 0->0 0->0 0->0 0->0 0->0 0->0 0->0 0->0 0->0 0->0 
0->63 0->63 0->38 0->0 0->0 0->0 0->0 0->0 0->0 0->0 0->0 0->0 0->0 0->0 0->0 93->0 97->0 88->0 113->0 127->0 107->0 87->0 100->0 98->0 0->0 0->0 0->0 0->0 0->0 0->0 0->0 0->0 0->0 0->0 0->0 0->0 
0->63 0->63 0->38 0->0 0->0 0->0 0->0 0->0 0->0 0->0 0->0 0->0 0->0 0->0 0->0 108->0 115->0 117->0 132->0 130->0 78->0 171->0 181->0 165->0 0->0 0->0 0->0 0->0 0->0 0->0 0->0 0->0 0->0 0->0 0->0 0->0 
0->63 0->63 0->38 0->0 0->0 0->0 0->0 0->0 0->0 0->0 0->0 0->0 0->0 0->0 0->0 100->0 85->0 154->0 104->0 71->0 173->0 105->0 68->0 167->0 0->0 0->0 0->0 0->0 0->0 0->0 0->0 0->0 0->0 0->0 0->0 0->0 
0->63 0->63 0->38 0->0 0->0 0->0 0->0 0->0 0->0 0->0 0->0 0->0 0->0 0->0 0->0 0->0 0->0 0->0 0->0 0->0 0->0 0->0 0->0 0->0 0->0 0->0 0->0 0->0 0->0 0->0 0->0 0->0 0->0 0->0 0->0 0->0 
0->63 0->63 0->38 0->0 0->0 0->0 0->0 0->0 0->0 0->0 0->0 0->0 0->0 0->0 0->0 0->0 0->0 0->0 93->0 97->0 88->0 113->0 127->0 107->0 87->0 100->0 98->0 0->0 0->0 0->0 0->0 0->0 0->0 0->0 0->0 0->0 
0->63 0->63 0->38 0->0 0->0 0->0 0->0 0->0 0->0 0->0 0->0 0->0 0->0 0->0 0->0 0->0 0->0 0->0 108->0 115->0 117->0 132->0 130->0 78->0 171->0 181->0 165->0 0->0 0->0 0->0 0->0 0->0 0->0 0->0 0->0 0->0 
0->63 0->63 0->38 0->0 0->0 0->0 0->0 0->0 0->0 0->0 0->0 0->0 0->0 0->0 0->0 0->0 0->0 0->0 100->0 85->0 154->0 104->0 71->0 173->0 105->0 68->0 167->0 0->0 0->0 0->0 0->0 0->0 0->0 0->0 0->0 0->0 
0->63 0->63 0->38 0->0 0->0 0->0 0->0 0->0 0->0 0->0 0->0 0->0 0->0 0->0 0->0 0->0 0->0 0->0 0->0 0->0 0->0 0->0 0->0 0->0 0->0 0->0 0->0 0->0 0->0 0->0 0->0 0->0 0->0 0->0 0->0 0->0 
0->63 0->63 0->38 0->0 0->0 0->0 0->0 0->0 0->0 0->0 0->0 0->0 0->0 0->0 0->0 0->0 0->0 0->0 0->0 0->0 0->0 93->0 97->0 88->0 113->0 127->0 107->0 87->0 100->0 98->0 0->0 0->0 0->0 0->0 0->0 0->0 
0->63 0->63 0->38 0->0 0->0 0->0 0->0 0->0 0->0 0->0 0->0 0->0 0->0 0->0 0->0 0->0 0->0 0->0 0->0 0->0 0->0 108->0 115->0 117->0 132->0 130->0 78->0 171->0 181->0 165->0 0->0 0->0 0->0 0->0 0->0 0->0 
0->63 0->63 0->38 0->0 0->0 0->0 0->0 0->0 0->0 0->0 0->0 0->0 0->0 0->0 0->0 0->0 0->0 0->0 0->0 0->0 0->0 100->0 85->0 154->0 104->0 71->0 173->0 105->0 68->0 167->0 0->0 0->0 0->0 0->0 0->0 0->0 
0->63 0->63 0->38 0->0 0->0 0->0 0->0 0->0 0->0 0->0 0->0 0->0 0->0 0->0 0->0 0->0 0->0 0->0 0->0 0->0 0->0 0->0 0->0 0->0 0->0 0->0 0->0 0->0 0->0 0->0 0->0 0->0 0->0 0->0 0->0 0->0 

93->0 97->0 88->0 113->0 127->0 107->0 87->0 100->0 98->0 0->0 0->0 0->0 0->0 0->0 0->0 0->30 0->48 0->30 0->63 0->63 0->63 0->48 0->44 0->44 0->3 0->0 0->0 0->0 0->0 0->0 0->0 0->0 0->0 0->0 0->0 0->0 
108->0 115->0 117->0 132->0 130->0 78->0 171->0 181->0 165->0 0->0 0->0 0->0 0->0 0->0 0->0 0->30 0->48 0->30 0->63 0->63 0->63 0->48 0->44 0->44 0->3 0->0 0->0 0->0 0->0 0->0 0->0 0->0 0->0 0->0 0->0 0->0 
100->0 85->0 154->0 104->0 71->0 173->0 105->0 68->0 167->0 0->0 0->0 0->0 0->0 0->0 0->0 0->30 0->48 0->30 0->63 0->63 0->63 0->48 0->44 0->44 0->3 0->0 0->0 0->0 0->0 0->0 0->0 0->0 0->0 0->0 0->0 0->0 
0->0 0->0 0->0 0->0 0->0 0->0 0->0 0->0 0->0 0->0 0->0 0->0 0->0 0->0 0->0 0->30 0->48 0->30 0->63 0->63 0->63 0->48 0->44 0->44 0->3 0->0 0->0 0->0 0->0 0->0 0->0 0->0 0->0 0->0 0->0 0->0 
0->0 0->0 0->0 93->0 97->0 88->0 113->0 127->0 107->0 87->0 100->0 98->0 0->0 0->0 0->0 0->30 0->48 0->30 0->63 0->63 0->63 0->48 0->44 0->44 0->3 0->0 0->0 0->0 0->0 0->0 0->0 0->0 0->0 0->0 0->0 0->0 
0->0 0->0 0->0 108->0 115->0 117->0 132->0 130->0 78->0 171->0 181->0 165->0 0->0 0->0 0->0 0->30 0->48 0->30 0->63 0->63 0->63 0->48 0->44 0->44 0->3 0->0 0->0 0->0 0->0 0->0 0->0 0->0 0->0 0->0 0->0 0->0 
0->0 0->0 0->0 100->0 85->0 154->0 104->0 71->0 173->0 105->0 68->0 167->0 0->0 0->0 0->0 0->30 0->48 0->30 0->63 0->63 0->63 0->48 0->44 0->44 0->3 0->0 0->0 0->0 0->0 0->0 0->0 0->0 0->0 0->0 0->0 0->0 
0->0 0->0 0->0 0->0 0->0 0->0 0->0 0->0 0->0 0->0 0->0 0->0 0->0 0->0 0->0 0->30 0->48 0->30 0->63 0->63 0->63 0->48 0->44 0->44 0->3 0->0 0->0 0->0 0->0 0->0 0->0 0->0 0->0 0->0 0->0 0->0 
0->0 0->0 0->0 0->0 0->0 0->0 93->0 97->0 88->0 113->0 127->0 107->0 87->0 100->0 98->0 0->30 0->48 0->30 0->63 0->63 0->63 0->48 0->44 0->44 0->3 0->0 0->0 0->0 0->0 0->0 0->0 0->0 0->0 0->0 0->0 0->0 
0->0 0->0 0->0 0->0 0->0 0->0 108->0 115->0 117->0 132->0 130->0 78->0 171->0 181->0 165->0 0->30 0->48 0->30 0->63 0->63 0->63 0->48 0->44 0->44 0->3 0->0 0->0 0->0 0->0 0->0 0->0 0->0 0->0 0->0 0->0 0->0 
0->0 0->0 0->0 0->0 0->0 0->0 100->0 85->0 154->0 104->0 71->0 173->0 105->0 68->0 167->0 0->30 0->48 0->30 0->63 0->63 0->63 0->48 0->44 0->44 0->3 0->0 0->0 0->0 0->0 0->0 0->0 0->0 0->0 0->0 0->0 0->0 
0->0 0->0 0->0 0->0 0->0 0->0 0->0 0->0 0->0 0->0 0->0 0->0 0->0 0->0 0->0 0->30 0->48 0->30 0->63 0->63 0->63 0->48 0->44 0->44 0->3 0->0 0->0 0->0 0->0 0->0 0->0 0->0 0->0 0->0 0->0 0->0 
0->0 0->0 0->0 0->0 0->0 0->0 0->0 0->0 0->0 93->0 97->0 88->0 113->0 127->0 107->0 87->30 100->48 98->30 0->63 0->63 0->63 0->48 0->44 0->44 0->3 0->0 0->0 0->0 0->0 0->0 0->0 0->0 0->0 0->0 0->0 0->0 
0->0 0->0 0->0 0->0 0->0 0->0 0->0 0->0 0->0 108->0 115->0 117->0 132->0 130->0 78->0 171->30 181->48 165->30 0->63 0->63 0->63 0->48 0->44 0->44 0->3 0->0 0->0 0->0 0->0 0->0 0->0 0->0 0->0 0->0 0->0 0->0 
0->0 0->0 0->0 0->0 0->0 0->0 0->0 0->0 0->0 100->0 85->0 154->0 104->0 71->0 173->0 105->30 68->48 167->30 0->63 0->63 0->63 0->48 0->44 0->44 0->3 0->0 0->0 0->0 0->0 0->0 0->0 0->0 0->0 0->0 0->0 0->0 
0->0 0->0 0->0 0->0 0->0 0->0 0->0 0->0 0->0 0->0 0->0 0->0 0->0 0->0 0->0 0->30 0->48 0->30 0->63 0->63 0->63 0->48 0->44 0->44 0->3 0->0 0->0 0->0 0->0 0->0 0->0 0->0 0->0 0->0 0->0 0->0 
0->0 0->0 0->0 0->0 0->0 0->0 0->0 0->0 0->0 0->0 0->0 0->0 93->0 97->0 88->0 113->30 127->48 107->30 87->63 100->63 98->63 0->48 0->44 0->44 0->3 0->0 0->0 0->0 0->0 0->0 0->0 0->0 0->0 0->0 0->0 0->0 
0->0 0->0 0->0 0->0 0->0 0->0 0->0 0->0 0->0 0->0 0->0 0->0 108->0 115->0 117->0 132->30 130->48 78->30 171->63 181->63 165->63 0->48 0->44 0->44 0->3 0->0 0->0 0->0 0->0 0->0 0->0 0->0 0->0 0->0 0->0 0->0 
0->0 0->0 0->0 0->0 0->0 0->0 0->0 0->0 0->0 0->0 0->0 0->0 100->0 85->0 154->0 104->30 71->48 173->30 105->63 68->63 167->63 0->48 0->44 0->44 0->3 0->0 0->0 0->0 0->0 0->0 0->0 0->0 0->0 0->0 0->0 0->0 
0->0 0->0 0->0 0->0 0->0 0->0 0->0 0->0 0->0 0->0 0->0 0->0 0->0 0->0 0->0 0->30 0->48 0->30 0->63 0->63 0->63 0->48 0->44 0->44 0->3 0->0 0->0 0->0 0->0 0->0 0->0 0->0 0->0 0->0 0->0 0->0 
0->0 0->0 0->0 0->0 0->0 0->0 0->0 0->0 0->0 0->0 0->0 0->0 0->0 0->0 0->0 93->30 97->48 88->30 113->63 127->63 107->63 87->48 100->44 98->44 0->3 0->0 0->0 0->0 0->0 0->0 0->0 0->0 0->0 0->0 0->0 0->0 
0->0 0->0 0->0 0->0 0->0 0->0 0->0 0->0 0->0 0->0 0->0 0->0 0->0 0->0 0->0 108->30 115->48 117->30 132->63 130->63 78->63 171->48 181->44 165->44 0->3 0->0 0->0 0->0 0->0 0->0 0->0 0->0 0->0 0->0 0->0 0->0 
0->0 0->0 0->0 0->0 0->0 0->0 0->0 0->0 0->0 0->0 0->0 0->0 0->0 0->0 0->0 100->30 85->48 154->30 104->63 71->63 173->63 105->48 68->44 167->44 0->3 0->0 0->0 0->0 0->0 0->0 0->0 0->0 0->0 0->0 0->0 0->0 
0->0 0->0 0->0 0->0 0->0 0->0 0->0 0->0 0->0 0->0 0->0 0->0 0->0 0->0 0->0 0->30 0->48 0->30 0->63 0->63 0->63 0->48 0->44 0->44 0->3 0->0 0->0 0->0 0->0 0->0 0->0 0->0 0->0 0->0 0->0 0->0 
0->0 0->0 0->0 0->0 0->0 0->0 0->0 0->0 0->0 0->0 0->0 0->0 0->0 0->0 0->0 0->30 0->48 0->30 93->63 97->63 88->63 113->48 127->44 107->44 87->3 100->0 98->0 0->0 0->0 0->0 0->0 0->0 0->0 0->0 0->0 0->0 
0->0 0->0 0->0 0->0 0->0 0->0 0->0 0->0 0->0 0->0 0->0 0->0 0->0 0->0 0->0 0->30 0->48 0->30 108->63 115->63 117->63 132->48 130->44 78->44 171->3 181->0 165->0 0->0 0->0 0->0 0->0 0->0 0->0 0->0 0->0 0->0 
0->0 0->0 0->0 0->0 0->0 0->0 0->0 0->0 0->0 0->0 0->0 0->0 0->0 0->0 0->0 0->30 0->48 0->30 100->63 85->63 154->63 104->48 71->44 173->44 105->3 68->0 167->0 0->0 0->0 0->0 0->0 0->0 0->0 0->0 0->0 0->0 
0->0 0->0 0->0 0->0 0->0 0->0 0->0 0->0 0->0 0->0 0->0 0->0 0->0 0->0 0->0 0->30 0->48 0->30 0->63 0->63 0->63 0->48 0->44 0->44 0->3 0->0 0->0 0->0 0->0 0->0 0->0 0->0 0->0 0->0 0->0 0->0 
0->0 0->0 0->0 0->0 0->0 0->0 0->0 0->0 0->0 0->0 0->0 0->0 0->0 0->0 0->0 0->30 0->48 0->30 0->63 0->63 0->63 93->48 97->44 88->44 113->3 127->0 107->0 87->0 100->0 98->0 0->0 0->0 0->0 0->0 0->0 0->0 
0->0 0->0 0->0 0->0 0->0 0->0 0->0 0->0 0->0 0->0 0->0 0->0 0->0 0->0 0->0 0->30 0->48 0->30 0->63 0->63 0->63 108->48 115->44 117->44 132->3 130->0 78->0 171->0 181->0 165->0 0->0 0->0 0->0 0->0 0->0 0->0 
0->0 0->0 0->0 0->0 0->0 0->0 0->0 0->0 0->0 0->0 0->0 0->0 0->0 0->0 0->0 0->30 0->48 0->30 0->63 0->63 0->63 100->48 85->44 154->44 104->3 71->0 173->0 105->0 68->0 167->0 0->0 0->0 0->0 0->0 0->0 0->0 
0->0 0->0 0->0 0->0 0->0 0->0 0->0 0->0 0->0 0->0 0->0 0->0 0->0 0->0 0->0 0->30 0->48 0->30 0->63 0->63 0->63 0->48 0->44 0->44 0->3 0->0 0->0 0->0 0->0 0->0 0->0 0->0 0->0 0->0 0->0 0->0 

93->3 97->0 88->0 113->0 127->0 107->0 87->0 100->0 98->0 0->0 0->0 0->0 0->0 0->0 0->0 0->0 0->0 0->0 0->0 0->0 0->0 0->0 0->0 0->0 0->0 0->0 0->0 0->0 0->0 0->0 0->0 0->0 0->0 0->0 0->0 0->0 
108->3 115->0 117->0 132->0 130->0 78->0 171->0 181->0 165->0 0->0 0->0 0->0 0->0 0->0 0->0 0->0 0->0 0->0 0->0 0->0 0->0 0->0 0->0 0->0 0->0 0->0 0->0 0->0 0->0 0->0 0->0 0->0 0->0 0->0 0->0 0->0 
100->3 85->0 154->0 104->0 71->0 173->0 105->0 68->0 167->0 0->0 0->0 0->0 0->0 0->0 0->0 0->0 0->0 0->0 0->0 0->0 0->0 0->0 0->0 0->0 0->0 0->0 0->0 0->0 0->0 0->0 0->0 0->0 0->0 0->0 0->0 0->0 
0->3 0->0 0->0 0->0 0->0 0->0 0->0 0->0 0->0 0->0 0->0 0->0 0->0 0->0 0->0 0->0 0->0 0->0 0->0 0->0 0->0 0->0 0->0 0->0 0->0 0->0 0->0 0->0 0->0 0->0 0->0 0->0 0->0 0->0 0->0 0->0 
0->3 0->0 0->0 93->0 97->0 88->0 113->0 127->0 107->0 87->0 100->0 98->0 0->0 0->0 0->0 0->0 0->0 0->0 0->0 0->0 0->0 0->0 0->0 0->0 0->0 0->0 0->0 0->0 0->0 0->0 0->0 0->0 0->0 0->0 0->0 0->0 
0->3 0->0 0->0 108->0 115->0 117->0 132->0 130->0 78->0 171->0 181->0 165->0 0->0 0->0 0->0 0->0 0->0 0->0 0->0 0->0 0->0 0->0 0->0 0->0 0->0 0->0 0->0 0->0 0->0 0->0 0->0 0->0 0->0 0->0 0->0 0->0 
0->3 0->0 0->0 100->0 85->0 154->0 104->0 71->0 173->0 105->0 68->0 167->0 0->0 0->0 0->0 0->0 0->0 0->0 0->0 0->0 0->0 0->0 0->0 0->0 0->0 0->0 0->0 0->0 0->0 0->0 0->0 0->0 0->0 0->0 0->0 0->0 
0->3 0->0 0->0 0->0 0->0 0->0 0->0 0->0 0->0 0->0 0->0 0->0 0->0 0->0 0->0 0->0 0->0 0->0 0->0 0->0 0->0 0->0 0->0 0->0 0->0 0->0 0->0 0->0 0->0 0->0 0->0 0->0 0->0 0->0 0->0 0->0 
0->3 0->0 0->0 0->0 0->0 0->0 93->0 97->0 88->0 113->0 127->0 107->0 87->0 100->0 98->0 0->0 0->0 0->0 0->0 0->0 0->0 0->0 0->0 0->0 0->0 0->0 0->0 0->0 0->0 0->0 0->0 0->0 0->0 0->0 0->0 0->0 
0->3 0->0 0->0 0->0 0->0 0->0 108->0 115->0 117->0 132->0 130->0 78->0 171->0 181->0 165->0 0->0 0->0 0->0 0->0 0->0 0->0 0->0 0->0 0->0 0->0 0->0 0->0 0->0 0->0 0->0 0->0 0->0 0->0 0->0 0->0 0->0 
0->3 0->0 0->0 0->0 0->0 0->0 100->0 85->0 154->0 104->0 71->0 173->0 105->0 68->0 167->0 0->0 0->0 0->0 0->0 0->0 0->0 0->0 0->0 0->0 0->0 0->0 0->0 0->0 0->0 0->0 0->0 0->0 0->0 0->0 0->0 0->0 
0->3 0->0 0->0 0->0 0->0 0->0 0->0 0->0 0->0 0->0 0->0 0->0 0->0 0->0 0->0 0->0 0->0 0->0 0->0 0->0 0->0 0->0 0->0 0->0 0->0 0->0 0->0 0->0 0->0 0->0 0->0 0->0 0->0 0->0 0->0 0->0 
0->3 0->0 0->0 0->0 0->0 0->0 0->0 0->0 0->0 93->0 97->0 88->0 113->0 127->0 107->0 87->0 100->0 98->0 0->0 0->0 0->0 0->0 0->0 0->0 0->0 0->0 0->0 0->0 0->0 0->0 0->0 0->0 0->0 0->0 0->0 0->0 
0->3 0->0 0->0 0->0 0->0 0->0 0->0 0->0 0->0 108->0 115->0 117->0 132->0 130->0 78->0 171->0 181->0 165->0 0->0 0->0 0->0 0->0 0->0 0->0 0->0 0->0 0->0 0->0 0->0 0->0 0->0 0->0 0->0 0->0 0->0 0->0 
0->3 0->0 0->0 0->0 0->0 0->0 0->0 0->0 0->0 100->0 85->0 154->0 104->0 71->0 173->0 105->0 68->0 167->0 0->0 0->0 0->0 0->0 0->0 0->0 0->0 0->0 0->0 0->0 0->0 0->0 0->0 0->0 0->0 0->0 0->0 0->0 
0->3 0->0 0->0 0->0 0->0 0->0 0->0 0->0 0->0 0->0 0->0 0->0 0->0 0->0 0->0 0->0 0->0 0->0 0->0 0->0 0->0 0->0 0->0 0->0 0->0 0->0 0->0 0->0 0->0 0->0 0->0 0->0 0->0 0->0 0->0 0->0 
0->3 0->0 0->0 0->0 0->0 0->0 0->0 0->0 0->0 0->0 0->0 0->0 93->0 97->0 88->0 113->0 127->0 107->0 87->0 100->0 98->0 0->0 0->0 0->0 0->0 0->0 0->0 0->0 0->0 0->0 0->0 0->0 0->0 0->0 0->0 0->0 
0->3 0->0 0->0 0->0 0->0 0->0 0->0 0->0 0->0 0->0 0->0 0->0 108->0 115->0 117->0 132->0 130->0 78->0 171->0 181->0 165->0 0->0 0->0 0->0 0->0 0->0 0->0 0->0 0->0 0->0 0->0 0->0 0->0 0->0 0->0 0->0 
0->3 0->0 0->0 0->0 0->0 0->0 0->0 0->0 0->0 0->0 0->0 0->0 100->0 85->0 154->0 104->0 71->0 173->0 105->0 68->0 167->0 0->0 0->0 0->0 0->0 0->0 0->0 0->0 0->0 0->0 0->0 0->0 0->0 0->0 0->0 0->0 
0->3 0->0 0->0 0->0 0->0 0->0 0->0 0->0 0->0 0->0 0->0 0->0 0->0 0->0 0->0 0->0 0->0 0->0 0->0 0->0 0->0 0->0 0->0 0->0 0->0 0->0 0->0 0->0 0->0 0->0 0->0 0->0 0->0 0->0 0->0 0->0 
0->3 0->0 0->0 0->0 0->0 0->0 0->0 0->0 0->0 0->0 0->0 0->0 0->0 0->0 0->0 93->0 97->0 88->0 113->0 127->0 107->0 87->0 100->0 98->0 0->0 0->0 0->0 0->0 0->0 0->0 0->0 0->0 0->0 0->0 0->0 0->0 
0->3 0->0 0->0 0->0 0->0 0->0 0->0 0->0 0->0 0->0 0->0 0->0 0->0 0->0 0->0 108->0 115->0 117->0 132->0 130->0 78->0 171->0 181->0 165->0 0->0 0->0 0->0 0->0 0->0 0->0 0->0 0->0 0->0 0->0 0->0 0->0 
0->3 0->0 0->0 0->0 0->0 0->0 0->0 0->0 0->0 0->0 0->0 0->0 0->0 0->0 0->0 100->0 85->0 154->0 104->0 71->0 173->0 105->0 68->0 167->0 0->0 0->0 0->0 0->0 0->0 0->0 0->0 0->0 0->0 0->0 0->0 0->0 
0->3 0->0 0->0 0->0 0->0 0->0 0->0 0->0 0->0 0->0 0->0 0->0 0->0 0->0 0->0 0->0 0->0 0->0 0->0 0->0 0->0 0->0 0->0 0->0 0->0 0->0 0->0 0->0 0->0 0->0 0->0 0->0 0->0 0->0 0->0 0->0 
0->3 0->0 0->0 0->0 0->0 0->0 0->0 0->0 0->0 0->0 0->0 0->0 0->0 0->0 0->0 0->0 0->0 0->0 93->0 97->0 88->0 113->0 127->0 107->0 87->0 100->0 98->0 0->0 0->0 0->0 0->0 0->0 0->0 0->0 0->0 0->0 
0->3 0->0 0->0 0->0 0->0 0->0 0->0 0->0 0->0 0->0 0->0 0->0 0->0 0->0 0->0 0->0 0->0 0->0 108->0 115->0 117->0 132->0 130->0 78->0 171->0 181->0 165->0 0->0 0->0 0->0 0->0 0->0 0->0 0->0 0->0 0->0 
0->3 0->0 0->0 0->0 0->0 0->0 0->0 0->0 0->0 0->0 0->0 0->0 0->0 0->0 0->0 0->0 0->0 0->0 100->0 85->0 154->0 104->0 71->0 173->0 105->0 68->0 167->0 0->0 0->0 0->0 0->0 0->0 0->0 0->0 0->0 0->0 
0->3 0->0 0->0 0->0 0->0 0->0 0->0 0->0 0->0 0->0 0->0 0->0 0->0 0->0 0->0 0->0 0->0 0->0 0->0 0->0 0->0 0->0 0->0 0->0 0->0 0->0 0->0 0->0 0->0 0->0 0->0 0->0 0->0 0->0 0->0 0->0 
0->3 0->0 0->0 0->0 0->0 0->0 0->0 0->0 0->0 0->0 0->0 0->0 0->0 0->0 0->0 0->0 0->0 0->0 0->0 0->0 0->0 93->0 97->0 88->0 113->0 127->0 107->0 87->0 100->0 98->0 0->0 0->0 0->0 0->0 0->0 0->0 
0->3 0->0 0->0 0->0 0->0 0->0 0->0 0->0 0->0 0->0 0->0 0->0 0->0 0->0 0->0 0->0 0->0 0->0 0->0 0->0 0->0 108->0 115->0 117->0 132->0 130->0 78->0 171->0 181->0 165->0 0->0 0->0 0->0 0->0 0->0 0->0 
0->3 0->0 0->0 0->0 0->0 0->0 0->0 0->0 0->0 0->0 0->0 0->0 0->0 0->0 0->0 0->0 0->0 0->0 0->0 0->0 0->0 100->0 85->0 154->0 104->0 71->0 173->0 105->0 68->0 167->0 0->0 0->0 0->0 0->0 0->0 0->0 
0->3 0->0 0->0 0->0 0->0 0->0 0->0 0->0 0->0 0->0 0->0 0->0 0->0 0->0 0->0 0->0 0->0 0->0 0->0 0->0 0->0 0->0 0->0 0->0 0->0 0->0 0->0 0->0 0->0 0->0 0->0 0->0 0->0 0->0 0->0 0->0 

93->0 97->0 88->0 113->0 127->0 107->0 87->0 100->0 98->0 0->0 0->0 0->0 0->0 0->0 0->0 0->0 0->12 0->38 0->45 0->59 0->63 0->63 0->63 0->63 0->63 0->38 0->26 0->0 0->0 0->0 0->0 0->0 0->0 0->0 0->0 0->0 
108->0 115->0 117->0 132->0 130->0 78->0 171->0 181->0 165->0 0->0 0->0 0->0 0->0 0->0 0->0 0->0 0->12 0->38 0->45 0->59 0->63 0->63 0->63 0->63 0->63 0->38 0->26 0->0 0->0 0->0 0->0 0->0 0->0 0->0 0->0 0->0 
100->0 85->0 154->0 104->0 71->0 173->0 105->0 68->0 167->0 0->0 0->0 0->0 0->0 0->0 0->0 0->0 0->12 0->38 0->45 0->59 0->63 0->63 0->63 0->63 0->63 0->38 0->26 0->0 0->0 0->0 0->0 0->0 0->0 0->0 0->0 0->0 
0->0 0->0 0->0 0->0 0->0 0->0 0->0 0->0 0->0 0->0 0->0 0->0 0->0 0->0 0->0 0->0 0->12 0->38 0->45 0->59 0->63 0->63 0->63 0->63 0->63 0->38 0->26 0->0 0->0 0->0 0->0 0->0 0->0 0->0 0->0 0->0 
0->0 0->0 0->0 93->0 97->0 88->0 113->0 127->0 107->0 87->0 100->0 98->0 0->0 0->0 0->0 0->0 0->12 0->38 0->45 0->59 0->63 0->63 0->63 0->63 0->63 0->38 0->26 0->0 0->0 0->0 0->0 0->0 0->0 0->0 0->0 0->0 
0->0 0->0 0->0 108->0 115->0 117->0 132->0 130->0 78->0 171->0 181->0 165->0 0->0 0->0 0->0 0->0 0->12 0->38 0->45 0->59 0->63 0->63 0->63 0->63 0->63 0->38 0->26 0->0 0->0 0->0 0->0 0->0 0->0 0->0 0->0 0->0 
0->0 0->0 0->0 100->0 85->0 154->0 104->0 71->0 173->0 105->0 68->0 167->0 0->0 0->0 0->0 0->0 0->12 0->38 0->45 0->59 0->63 0->63 0->63 0->63 0->63 0->38 0->26 0->0 0->0 0->0 0->0 0->0 0->0 0->0 0->0 0->0 
0->0 0->0 0->0 0->0 0->0 0->0 0->0 0->0 0->0 0->0 0->0 0->0 0->0 0->0 0->0 0->0 0->12 0->38 0->45 0->59 0->63 0->63 0->63 0->63 0->63 0->38 0->26 0->0 0->0 0->0 0->0 0->0 0->0 0->0 0->0 0->0 
0->0 0->0 0->0 0->0 0->0 0->0 93->0 97->0 88->0 113->0 127->0 107->0 87->0 100->0 98->0 0->0 0->12 0->38 0->45 0->59 0->63 0->63 0->63 0->63 0->63 0->38 0->26 0->0 0->0 0->0 0->0 0->0 0->0 0->0 0->0 0->0 
0->0 0->0 0->0 0->0 0->0 0->0 108->0 115->0 117->0 132->0 130->0 78->0 171->0 181->0 165->0 0->0 0->12 0->38 0->45 0->59 0->63 0->63 0->63 0->63 0->63 0->38 0->26 0->0 0->0 0->0 0->0 0->0 0->0 0->0 0->0 0->0 
0->0 0->0 0->0 0->0 0->0 0->0 100->0 85->0 154->0 104->0 71->0 173->0 105->0 68->0 167->0 0->0 0->12 0->38 0->45 0->59 0->63 0->63 0->63 0->63 0->63 0->38 0->26 0->0 0->0 0->0 0->0 0->0 0->0 0->0 0->0 0->0 
0->0 0->0 0->0 0->0 0->0 0->0 0->0 0->0 0->0 0->0 0->0 0->0 0->0 0->0 0->0 0->0 0->12 0->38 0->45 0->59 0->63 0->63 0->63 0->63 0->63 0->38 0->26 0->0 0->0 0->0 0->0 0->0 0->0 0->0 0->0 0->0 
0->0 0->0 0->0 0->0 0->0 0->0 0->0 0->0 0->0 93->0 97->0 88->0 113->0 127->0 107->0 87->0 100->12 98->38 0->45 0->59 0->63 0->63 0->63 0->63 0->63 0->38 0->26 0->0 0->0 0->0 0->0 0->0 0->0 0->0 0->0 0->0 
0->0 0->0 0->0 0->0 0->0 0->0 0->0 0->0 0->0 108->0 115->0 117->0 132->0 130->0 78->0 171->0 181->12 165->38 0->45 0->59 0->63 0->63 0->63 0->63 0->63 0->38 0->26 0->0 0->0 0->0 0->0 0->0 0->0 0->0 0->0 0->0 
0->0 0->0 0->0 0->0 0->0 0->0 0->0 0->0 0->0 100->0 85->0 154->0 104->0 71->0 173->0 105->0 68->12 167->38 0->45 0->59 0->63 0->63 0->63 0->63 0->63 0->38 0->26 0->0 0->0 0->0 0->0 0->0 0->0 0->0 0->0 0->0 
0->0 0->0 0->0 0->0 0->0 0->0 0->0 0->0 0->0 0->0 0->0 0->0 0->0 0->0 0->0 0->0 0->12 0->38 0->45 0->59 0->63 0->63 0->63 0->63 0->63 0->38 0->26 0->0 0->0 0->0 0->0 0->0 0->0 0->0 0->0 0->0 
0->0 0->0 0->0 0->0 0->0 0->0 0->0 0->0 0->0 0->0 0->0 0->0 93->0 97->0 88->0 113->0 127->12 107->38 87->45 100->59 98->63 0->63 0->63 0->63 0->63 0->38 0->26 0->0 0->0 0->0 0->0 0->0 0->0 0->0 0->0 0->0 
0->0 0->0 0->0 0->0 0->0 0->0 0->0 0->0 0->0 0->0 0->0 0->0 108->0 115->0 117->0 132->0 130->12 78->38 171->45 181->59 165->63 0->63 0->63 0->63 0->63 0->38 0->26 0->0 0->0 0->0 0->0 0->0 0->0 0->0 0->0 0->0 
0->0 0->0 0->0 0->0 0->0 0->0 0->0 0->0 0->0 0->0 0->0 0->0 100->0 85->0 154->0 104->0 71->12 173->38 105->45 68->59 167->63 0->63 0->63 0->63 0->63 0->38 0->26 0->0 0->0 0->0 0->0 0->0 0->0 0->0 0->0 0->0 
0->0 0->0 0->0 0->0 0->0 0->0 0->0 0->0 0->0 0->0 0->0 0->0 0->0 0->0 0->0 0->0 0->12 0->38 0->45 0->59 0->63 0->63 0->63 0->63 0->63 0->38 0->26 0->0 0->0 0->0 0->0 0->0 0->0 0->0 0->0 0->0 
0->0 0->0 0->0 0->0 0->0 0->0 0->0 0->0 0->0 0->0 0->0 0->0 0->0 0->0 0->0 93->0 97->12 88->38 113->45 127->59 107->63 87->63 100->63 98->63 0->63 0->38 0->26 0->0 0->0 0->0 0->0 0->0 0->0 0->0 0->0 0->0 
0->0 0->0 0->0 0->0 0->0 0->0 0->0 0->0 0->0 0->0 0->0 0->0 0->0 0->0 0->0 108->0 115->12 117->38 132->45 130->59 78->63 171->63 181->63 165->63 0->63 0->38 0->26 0->0 0->0 0->0 0->0 0->0 0->0 0->0 0->0 0->0 
0->0 0->0 0->0 0->0 0->0 0->0 0->0 0->0 0->0 0->0 0->0 0->0 0->0 0->0 0->0 100->0 85->12 154->38 104->45 71->59 173->63 105->63 68->63 167->63 0->63 0->38 0->26 0->0 0->0 0->0 0->0 0->0 0->0 0->0 0->0 0->0 
0->0 0->0 0->0 0->0 0->0 0->0 0->0 0->0 0->0 0->0 0->0 0->0 0->0 0->0 0->0 0->0 0->12 0->38 0->45 0->59 0->63 0->63 0->63 0->63 0->63 0->38 0->26 0->0 0->0 0->0 0->0 0->0 0->0 0->0 0->0 0->0 
0->0 0->0 0->0 0->0 0->0 0->0 0->0 0->0 0->0 0->0 0->0 0->0 0->0 0->0 0->0 0->0 0->12 0->38 93->45 97->59 88->63 113->63 127->63 107->63 87->63 100->38 98->26 0->0 0->0 0->0 0->0 0->0 0->0 0->0 0->0 0->0 
0->0 0->0 0->0 0->0 0->0 0->0 0->0 0->0 0->0 0->0 0->0 0->0 0->0 0->0 0->0 0->0 0->12 0->38 108->45 115->59 117->63 132->63 130->63 78->63 171->63 181->38 165->26 0->0 0->0 0->0 0->0 0->0 0->0 0->0 0->0 0->0 
0->0 0->0 0->0 0->0 0->0 0->0 0->0 0->0 0->0 0->0 0->0 0->0 0->0 0->0 0->0 0->0 0->12 0->38 100->45 85->59 154->63 104->63 71->63 173->63 105->63 68->38 167->26 0->0 0->0 0->0 0->0 0->0 0->0 0->0 0->0 0->0 
0->0 0->0 0->0 0->0 0->0 0->0 0->0 0->0 0->0 0->0 0->0 0->0 0->0 0->0 0->0 0->0 0->12 0->38 0->45 0->59 0->63 0->63 0->63 0->63 0->63 0->38 0->26 0->0 0->0 0->0 0->0 0->0 0->0 0->0 0->0 0->0 
0->0 0->0 0->0 0->0 0->0 0->0 0->0 0->0 0->0 0->0 0->0 0->0 0->0 0->0 0->0 0->0 0->12 0->38 0->45 0->59 0->63 93->63 97->63 88->63 113->63 127->38 107->26 87->0 100->0 98->0 0->0 0->0 0->0 0->0 0->0 0->0 
0->0 0->0 0->0 0->0 0->0 0->0 0->0 0->0 0->0 0->0 0->0 0->0 0->0 0->0 0->0 0->0 0->12 0->38 0->45 0->59 0->63 108->63 115->63 117->63 132->63 130->38 78->26 171->0 181->0 165->0 0->0 0->0 0->0 0->0 0->0 0->0 
0->0 0->0 0->0 0->0 0->0 0->0 0->0 0->0 0->0 0->0 0->0 0->0 0->0 0->0 0->0 0->0 0->12 0->38 0->45 0->59 0->63 100->63 85->63 154->63 104->63 71->38 173->26 105->0 68->0 167->0 0->0 0->0 0->0 0->0 0->0 0->0 
0->0 0->0 0->0 0->0 0->0 0->0 0->0 0->0 0->0 0->0 0->0 0->0 0->0 0->0 0->0 0->0 0->12 0->38 0->45 0->59 0->63 0->63 0->63 0->63 0->63 0->38 0->26 0->0 0->0 0->0 0->0 0->0 0->0 0->0 0->0 0->0 

93->63 97->38 88->26 113->0 127->0 107->0 87->0 100->0 98->0 0->0 0->0 0->0 0->0 0->0 0->0 0->0 0->0 0->0 0->0 0->0 0->0 0->0 0->0 0->0 0->0 0->0 0->0 0->0 0->0 0->0 0->0 0->0 0->0 0->0 0->0 0->0 
108->63 115->38 117->26 132->0 130->0 78->0 171->0 181->0 165->0 0->0 0->0 0->0 0->0 0->0 0->0 0->0 0->0 0->0 0->0 0->0 0->0 0->0 0->0 0->0 0->0 0->0 0->0 0->0 0->0 0->0 0->0 0->0 0->0 0->0 0->0 0->0 
100->63 85->38 154->26 104->0 71->0 173->0 105->0 68->0 167->0 0->0 0->0 0->0 0->0 0->0 0->0 0->0 0->0 0->0 0->0 0->0 0->0 0->0 0->0 0->0 0->0 0->0 0->0 0->0 0->0 0->0 0->0 0->0 0->0 0->0 0->0 0->0 
0->63 0->38 0->26 0->0 0->0 0->0 0->0 0->0 0->0 0->0 0->0 0->0 0->0 0->0 0->0 0->0 0->0 0->0 0->0 0->0 0->0 0->0 0->0 0->0 0->0 0->0 0->0 0->0 0->0 0->0 0->0 0->0 0->0 0->0 0->0 0->0 
0->63 0->38 0->26 93->0 97->0 88->0 113->0 127->0 107->0 87->0 100->0 98->0 0->0 0->0 0->0 0->0 0->0 0->0 0->0 0->0 0->0 0->0 0->0 0->0 0->0 0->0 0->0 0->0 0->0 0->0 0->0 0->0 0->0 0->0 0->0 0->0 
0->63 0->38 0->26 108->0 115->0 117->0 132->0 130->0 78->0 171->0 181->0 165->0 0->0 0->0 0->0 0->0 0->0 0->0 0->0 0->0 0->0 0->0 0->0 0->0 0->0 0->0 0->0 0->0 0->0 0->0 0->0 0->0 0->0 0->0 0->0 0->0 
0->63 0->38 0->26 100->0 85->0 154->0 104->0 71->0 173->0 105->0 68->0 167->0 0->0 0->0 0->0 0->0 0->0 0->0 0->0 0->0 0->0 0->0 0->0 0->0 0->0 0->0 0->0 0->0 0->0 0->0 0->0 0->0 0->0 0->0 0->0 0->0 
0->63 0->38 0->26 0->0 0->0 0->0 0->0 0->0 0->0 0->0 0->0 0->0 0->0 0->0 0->0 0->0 0->0 0->0 0->0 0->0 0->0 0->0 0->0 0->0 0->0 0->0 0->0 0->0 0->0 0->0 0->0 0->0 0->0 0->0 0->0 0->0 
0->63 0->38 0->26 0->0 0->0 0->0 93->0 97->0 88->0 113->0 127->0 107->0 87->0 100->0 98->0 0->0 0->0 0->0 0->0 0->0 0->0 0->0 0->0 0->0 0->0 0->0 0->0 0->0 0->0 0->0 0->0 0->0 0->0 0->0 0->0 0->0 
0->63 0->38 0->26 0->0 0->0 0->0 108->0 115->0 117->0 132->0 130->0 78->0 171->0 181->0 165->0 0->0 0->0 0->0 0->0 0->0 0->0 0->0 0->0 0->0 0->0 0->0 0->0 0->0 0->0 0->0 0->0 0->0 0->0 0->0 0->0 0->0 
0->63 0->38 0->26 0->0 0->0 0->0 100->0 85->0 154->0 104->0 71->0 173->0 105->0 68->0 167->0 0->0 0->0 0->0 0->0 0->0 0->0 0->0 0->0 0->0 0->0 0->0 0->0 0->0 0->0 0->0 0->0 0->0 0->0 0->0 0->0 0->0 
0->63 0->38 0->26 0->0 0->0 0->0 0->0 0->0 0->0 0->0 0->0 0->0 0->0 0->0 0->0 0->0 0->0 0->0 0->0 0->0 0->0 0->0 0->0 0->0 0->0 0->0 0->0 0->0 0->0 0->0 0->0 0->0 0->0 0->0 0->0 0->0 
0->63 0->38 0->26 0->0 0->0 0->0 0->0 0->0 0->0 93->0 97->0 88->0 113->0 127->0 107->0 87->0 100->0 98->0 0->0 0->0 0->0 0->0 0->0 0->0 0->0 0->0 0->0 0->0 0->0 0->0 0->0 0->0 0->0 0->0 0->0 0->0 
0->63 0->38 0->26 0->0 0->0 0->0 0->0 0->0 0->0 108->0 115->0 117->0 132->0 130->0 78->0 171->0 181->0 165->0 0->0 0->0 0->0 0->0 0->0 0->0 0->0 0->0 0->0 0->0 0->0 0->0 0->0 0->0 0->0 0->0 0->0 0->0 
0->63 0->38 0->26 0->0 0->0 0->0 0->0 0->0 0->0 100->0 85->0 154->0 104->0 71->0 173->0 105->0 68->0 167->0 0->0 0->0 0->0 0->0 0->0 0->0 0->0 0->0 0->0 0->0 0->0 0->0 0->0 0->0 0->0 0->0 0->0 0->0 
0->63 0->38 0->26 0->0 0->0 0->0 0->0 0->0 0->0 0->0 0->0 0->0 0->0 0->0 0->0 0->0 0->0 0->0 0->0 0->0 0->0 0->0 0->0 0->0 0->0 0->0 0->0 0->0 0->0 0->0 0->0 0->0 0->0 0->0 0->0 0->0 
0->63 0->38 0->26 0->0 0->0 0->0 0->0 0->0 0->0 0->0 0->0 0->0 93->0 97->0 88->0 113->0 127->0 107->0 87->0 100->0 98->0 0->0 0->0 0->0 0->0 0->0 0->0 0->0 0->0 0->0 0->0 0->0 0->0 0->0 0->0 0->0 
0->63 0->38 0->26 0->0 0->0 0->0 0->0 0->0 0->0 0->0 0->0 0->0 108->0 115->0 117->0 132->0 130->0 78->0 171->0 181->0 165->0 0->0 0->0 0->0 0->0 0->0 0->0 0->0 0->0 0->0 0->0 0->0 0->0 0->0 0->0 0->0 
0->63 0->38 0->26 0->0 0->0 0->0 0->0 0->0 0->0 0->0 0->0 0->0 100->0 85->0 154->0 104->0 71->0 173->0 105->0 68->0 167->0 0->0 0->0 0->0 0->0 0->0 0->0 0->0 0->0 0->0 0->0 0->0 0->0 0->0 0->0 0->0 
0->63 0->38 0->26 0->0 0->0 0->0 0->0 0->0 0->0 0->0 0->0 0->0 0->0 0->0 0->0 0->0 0->0 0->0 0->0 0->0 0->0 0->0 0->0 0->0 0->0 0->0 0->0 0->0 0->0 0->0 0->0 0->0 0->0 0->0 0->0 0->0 
0->63 0->38 0->26 0->0 0->0 0->0 0->0 0->0 0->0 0->0 0->0 0->0 0->0 0->0 0->0 93->0 97->0 88->0 113->0 127->0 107->0 87->0 100->0 98->0 0->0 0->0 0->0 0->0 0->0 0->0 0->0 0->0 0->0 0->0 0->0 0->0 
0->63 0->38 0->26 0->0 0->0 0->0 0->0 0->0 0->0 0->0 0->0 0->0 0->0 0->0 0->0 108->0 115->0 117->0 132->0 130->0 78->0 171->0 181->0 165->0 0->0 0->0 0->0 0->0 0->0 0->0 0->0 0->0 0->0 0->0 0->0 0->0 
0->63 0->38 0->26 0->0 0->0 0->0 0->0 0->0 0->0 0->0 0->0 0->0 0->0 0->0 0->0 100->0 85->0 154->0 104->0 71->0 173->0 105->0 68->0 167->0 0->0 0->0 0->0 0->0 0->0 0->0 0->0 0->0 0->0 0->0 0->0 0->0 
0->63 0->38 0->26 0->0 0->0 0->0 0->0 0->0 0->0 0->0 0->0 0->0 0->0 0->0 0->0 0->0 0->0 0->0 0->0 0->0 0->0 0->0 0->0 0->0 0->0 0->0 0->0 0->0 0->0 0->0 0->0 0->0 0->0 0->0 0->0 0->0 
0->63 0->38 0->26 0->0 0->0 0->0 0->0 0->0 0->0 0->0 0->0 0->0 0->0 0->0 0->0 0->0 0->0 0->0 93->0 97->0 88->0 113->0 127->0 107->0 87->0 100->0 98->0 0->0 0->0 0->0 0->0 0->0 0->0 0->0 0->0 0->0 
0->63 0->38 0->26 0->0 0->0 0->0 0->0 0->0 0->0 0->0 0->0 0->0 0->0 0->0 0->0 0->0 0->0 0->0 108->0 115->0 117->0 132->0 130->0 78->0 171->0 181->0 165->0 0->0 0->0 0->0 0->0 0->0 0->0 0->0 0->0 0->0 
0->63 0->38 0->26 0->0 0->0 0->0 0->0 0->0 0->0 0->0 0->0 0->0 0->0 0->0 0->0 0->0 0->0 0->0 100->0 85->0 154->0 104->0 71->0 173->0 105->0 68->0 167->0 0->0 0->0 0->0 0->0 0->0 0->0 0->0 0->0 0->0 
0->63 0->38 0->26 0->0 0->0 0->0 0->0 0->0 0->0 0->0 0->0 0->0 0->0 0->0 0->0 0->0 0->0 0->0 0->0 0->0 0->0 0->0 0->0 0->0 0->0 0->0 0->0 0->0 0->0 0->0 0->0 0->0 0->0 0->0 0->0 0->0 
0->63 0->38 0->26 0->0 0->0 0->0 0->0 0->0 0->0 0->0 0->0 0->0 0->0 0->0 0->0 0->0 0->0 0->0 0->0 0->0 0->0 93->0 97->0 88->0 113->0 127->0 107->0 87->0 100->0 98->0 0->0 0->0 0->0 0->0 0->0 0->0 
0->63 0->38 0->26 0->0 0->0 0->0 0->0 0->0 0->0 0->0 0->0 0->0 0->0 0->0 0->0 0->0 0->0 0->0 0->0 0->0 0->0 108->0 115->0 117->0 132->0 130->0 78->0 171->0 181->0 165->0 0->0 0->0 0->0 0->0 0->0 0->0 
0->63 0->38 0->26 0->0 0->0 0->0 0->0 0->0 0->0 0->0 0->0 0->0 0->0 0->0 0->0 0->0 0->0 0->0 0->0 0->0 0->0 100->0 85->0 154->0 104->0 71->0 173->0 105->0 68->0 167->0 0->0 0->0 0->0 0->0 0->0 0->0 
0->63 0->38 0->26 0->0 0->0 0->0 0->0 0->0 0->0 0->0 0->0 0->0 0->0 0->0 0->0 0->0 0->0 0->0 0->0 0->0 0->0 0->0 0->0 0->0 0->0 0->0 0->0 0->0 0->0 0->0 0->0 0->0 0->0 0->0 0->0 0->0 

93->0 97->0 88->0 113->0 127->0 107->0 87->0 100->0 98->0 0->0 0->0 0->0 0->0 0->0 0->0 0->48 0->30 0->30 0->63 0->63 0->63 0->44 0->44 0->45 0->0 0->0 0->0 0->0 0->0 0->0 0->0 0->0 0->0 0->0 0->0 0->0 
108->0 115->0 117->0 132->0 130->0 78->0 171->0 181->0 165->0 0->0 0->0 0->0 0->0 0->0 0->0 0->48 0->30 0->30 0->63 0->63 0->63 0->44 0->44 0->45 0->0 0->0 0->0 0->0 0->0 0->0 0->0 0->0 0->0 0->0 0->0 0->0 
100->0 85->0 154->0 104->0 71->0 173->0 105->0 68->0 167->0 0->0 0->0 0->0 0->0 0->0 0->0 0->48 0->30 0->30 0->63 0->63 0->63 0->44 0->44 0->45 0->0 0->0 0->0 0->0 0->0 0->0 0->0 0->0 0->0 0->0 0->0 0->0 
0->0 0->0 0->0 0->0 0->0 0->0 0->0 0->0 0->0 0->0 0->0 0->0 0->0 0->0 0->0 0->48 0->30 0->30 0->63 0->63 0->63 0->44 0->44 0->45 0->0 0->0 0->0 0->0 0->0 0->0 0->0 0->0 0->0 0->0 0->0 0->0 
0->0 0->0 0->0 93->0 97->0 88->0 113->0 127->0 107->0 87->0 100->0 98->0 0->0 0->0 0->0 0->48 0->30 0->30 0->63 0->63 0->63 0->44 0->44 0->45 0->0 0->0 0->0 0->0 0->0 0->0 0->0 0->0 0->0 0->0 0->0 0->0 
0->0 0->0 0->0 108->0 115->0 117->0 132->0 130->0 78->0 171->0 181->0 165->0 0->0 0->0 0->0 0->48 0->30 0->30 0->63 0->63 0->63 0->44 0->44 0->45 0->0 0->0 0->0 0->0 0->0 0->0 0->0 0->0 0->0 0->0 0->0 0->0 
0->0 0->0 0->0 100->0 85->0 154->0 104->0 71->0 173->0 105->0 68->0 167->0 0->0 0->0 0->0 0->48 0->30 0->30 0->63 0->63 0->63 0->44 0->44 0->45 0->0 0->0 0->0 0->0 0->0 0->0 0->0 0->0 0->0 0->0 0->0 0->0 
0->0 0->0 0->0 0->0 0->0 0->0 0->0 0->0 0->0 0->0 0->0 0->0 0->0 0->0 0->0 0->48 0->30 0->30 0->63 0->63 0->63 0->44 0->44 0->45 0->0 0->0 0->0 0->0 0->0 0->0 0->0 0->0 0->0 0->0 0->0 0->0 
0->0 0->0 0->0 0->0 0->0 0->0 93->0 97->0 88->0 113->0 127->0 107->0 87->0 100->0 98->0 0->48 0->30 0->30 0->63 0->63 0->63 0->44 0->44 0->45 0->0 0->0 0->0 0->0 0->0 0->0 0->0 0->0 0->0 0->0 0->0 0->0 
0->0 0->0 0->0 0->0 0->0 0->0 108->0 115->0 117->0 132->0 130->0 78->0 171->0 181->0 165->0 0->48 0->30 0->30 0->63 0->63 0->63 0->44 0->44 0->45 0->0 0->0 0->0 0->0 0->0 0->0 0->0 0->0 0->0 0->0 0->0 0->0 
0->0 0->0 0->0 0->0 0->0 0->0 100->0 85->0 154->0 104->0 71->0 173->0 105->0 68->0 167->0 0->48 0->30 0->30 0->63 0->63 0->63 0->44 0->44 0->45 0->0 0->0 0->0 0->0 0->0 0->0 0->0 0->0 0->0 0->0 0->0 0->0 
0->0 0->0 0->0 0->0 0->0 0->0 0->0 0->0 0->0 0->0 0->0 0->0 0->0 0->0 0->0 0->48 0->30 0->30 0->63 0->63 0->63 0->44 0->44 0->45 0->0 0->0 0->0 0->0 0->0 0->0 0->0 0->0 0->0 0->0 0->0 0->0 
0->0 0->0 0->0 0->0 0->0 0->0 0->0 0->0 0->0 93->0 97->0 88->0 113->0 127->0 107->0 87->48 100->30 98->30 0->63 0->63 0->63 0->44 0->44 0->45 0->0 0->0 0->0 0->0 0->0 0->0 0->0 0->0 0->0 0->0 0->0 0->0 
0->0 0->0 0->0 0->0 0->0 0->0 0->0 0->0 0->0 108->0 115->0 117->0 132->0 130->0 78->0 171->48 181->30 165->30 0->63 0->63 0->63 0->44 0->44 0->45 0->0 0->0 0->0 0->0 0->0 0->0 0->0 0->0 0->0 0->0 0->0 0->0 
0->0 0->0 0->0 0->0 0->0 0->0 0->0 0->0 0->0 100->0 85->0 154->0 104->0 71->0 173->0 105->48 68->30 167->30 0->63 0->63 0->63 0->44 0->44 0->45 0->0 0->0 0->0 0->0 0->0 0->0 0->0 0->0 0->0 0->0 0->0 0->0 
0->0 0->0 0->0 0->0 0->0 0->0 0->0 0->0 0->0 0->0 0->0 0->0 0->0 0->0 0->0 0->48 0->30 0->30 0->63 0->63 0->63 0->44 0->44 0->45 0->0 0->0 0->0 0->0 0->0 0->0 0->0 0->0 0->0 0->0 0->0 0->0 
0->0 0->0 0->0 0->0 0->0 0->0 0->0 0->0 0->0 0->0 0->0 0->0 93->0 97->0 88->0 113->48 127->30 107->30 87->63 100->63 98->63 0->44 0->44 0->45 0->0 0->0 0->0 0->0 0->0 0->0 0->0 0->0 0->0 0->0 0->0 0->0 
0->0 0->0 0->0 0->0 0->0 0->0 0->0 0->0 0->0 0->0 0->0 0->0 108->0 115->0 117->0 132->48 130->30 78->30 171->63 181->63 165->63 0->44 0->44 0->45 0->0 0->0 0->0 0->0 0->0 0->0 0->0 0->0 0->0 0->0 0->0 0->0 
0->0 0->0 0->0 0->0 0->0 0->0 0->0 0->0 0->0 0->0 0->0 0->0 100->0 85->0 154->0 104->48 71->30 173->30 105->63 68->63 167->63 0->44 0->44 0->45 0->0 0->0 0->0 0->0 0->0 0->0 0->0 0->0 0->0 0->0 0->0 0->0 
0->0 0->0 0->0 0->0 0->0 0->0 0->0 0->0 0->0 0->0 0->0 0->0 0->0 0->0 0->0 0->48 0->30 0->30 0->63 0->63 0->63 0->44 0->44 0->45 0->0 0->0 0->0 0->0 0->0 0->0 0->0 0->0 0->0 0->0 0->0 0->0 
0->0 0->0 0->0 0->0 0->0 0->0 0->0 0->0 0->0 0->0 0->0 0->0 0->0 0->0 0->0 93->48 97->30 88->30 113->63 127->63 107->63 87->44 100->44 98->45 0->0 0->0 0->0 0->0 0->0 0->0 0->0 0->0 0->0 0->0 0->0 0->0 
0->0 0->0 0->0 0->0 0->0 0->0 0->0 0->0 0->0 0->0 0->0 0->0 0->0 0->0 0->0 108->48 115->30 117->30 132->63 130->63 78->63 171->44 181->44 165->45 0->0 0->0 0->0 0->0 0->0 0->0 0->0 0->0 0->0 0->0 0->0 0->0 
0->0 0->0 0->0 0->0 0->0 0->0 0->0 0->0 0->0 0->0 0->0 0->0 0->0 0->0 0->0 100->48 85->30 154->30 104->63 71->63 173->63 105->44 68->44 167->45 0->0 0->0 0->0 0->0 0->0 0->0 0->0 0->0 0->0 0->0 0->0 0->0 
0->0 0->0 0->0 0->0 0->0 0->0 0->0 0->0 0->0 0->0 0->0 0->0 0->0 0->0 0->0 0->48 0->30 0->30 0->63 0->63 0->63 0->44 0->44 0->45 0->0 0->0 0->0 0->0 0->0 0->0 0->0 0->0 0->0 0->0 0->0 0->0 
0->0 0->0 0->0 0->0 0->0 0->0 0->0 0->0 0->0 0->0 0->0 0->0 0->0 0->0 0->0 0->48 0->30 0->30 93->63 97->63 88->63 113->44 127->44 107->45 87->0 100->0 98->0 0->0 0->0 0->0 0->0 0->0 0->0 0->0 0->0 0->0 
0->0 0->0 0->0 0->0 0->0 0->0 0->0 0->0 0->0 0->0 0->0 0->0 0->0 0->0 0->0 0->48 0->30 0->30 108->63 115->63 117->63 132->44 130->44 78->45 171->0 181->0 165->0 0->0 0->0 0->0 0->0 0->0 0->0 0->0 0->0 0->0 
0->0 0->0 0->0 0->0 0->0 0->0 0->0 0->0 0->0 0->0 0->0 0->0 0->0 0->0 0->0 0->48 0->30 0->30 100->63 85->63 154->63 104->44 71->44 173->45 105->0 68->0 167->0 0->0 0->0 0->0 0->0 0->0 0->0 0->0 0->0 0->0 
0->0 0->0 0->0 0->0 0->0 0->0 0->0 0->0 0->0 0->0 0->0 0->0 0->0 0->0 0->0 0->48 0->30 0->30 0->63 0->63 0->63 0->44 0->44 0->45 0->0 0->0 0->0 0->0 0->0 0->0 0->0 0->0 0->0 0->0 0->0 0->0 
0->0 0->0 0->0 0->0 0->0 0->0 0->0 0->0 0->0 0->0 0->0 0->0 0->0 0->0 0->0 0->48 0->30 0->30 0->63 0->63 0->63 93->44 97->44 88->45 113->0 127->0 107->0 87->0 100->0 98->0 0->0 0->0 0->0 0->0 0->0 0->0 
0->0 0->0 0->0 0->0 0->0 0->0 0->0 0->0 0->0 0->0 0->0 0->0 0->0 0->0 0->0 0->48 0->30 0->30 0->63 0->63 0->63 108->44 115->44 117->45 132->0 130->0 78->0 171->0 181->0 165->0 0->0 0->0 0->0 0->0 0->0 0->0 
0->0 0->0 0->0 0->0 0->0 0->0 0->0 0->0 0->0 0->0 0->0 0->0 0->0 0->0 0->0 0->48 0->30 0->30 0->63 0->63 0->63 100->44 85->44 154->45 104->0 71->0 173->0 105->0 68->0 167->0 0->0 0->0 0->0 0->0 0->0 0->0 
0->0 0->0 0->0 0->0 0->0 0->0 0->0 0->0 0->0 0->0 0->0 0->0 0->0 0->0 0->0 0->48 0->30 0->30 0->63 0->63 0->63 0->44 0->44 0->45 0->0 0->0 0->0 0->0 0->0 0->0 0->0 0->0 0->0 0->0 0->0 0->0 

93->0 97->0 88->0 113->0 127->0 107->0 87->0 100->0 98->0 0->0 0->0 0->0 0->0 0->0 0->0 0->0 0->0 0->0 0->0 0->0 0->0 0->0 0->0 0->0 0->0 0->0 0->0 0->0 0->0 0->0 0->0 0->0 0->0 0->0 0->0 0->0 
108->0 115->0 117->0 132->0 130->0 78->0 171->0 181->0 165->0 0->0 0->0 0->0 0->0 0->0 0->0 0->0 0->0 0->0 0->0 0->0 0->0 0->0 0->0 0->0 0->0 0->0 0->0 0->0 0->0 0->0 0->0 0->0 0->0 0->0 0->0 0->0 
100->0 85->0 154->0 104->0 71->0 173->0 105->0 68->0 167->0 0->0 0->0 0->0 0->0 0->0 0->0 0->0 0->0 0->0 0->0 0->0 0->0 0->0 0->0 0->0 0->0 0->0 0->0 0->0 0->0 0->0 0->0 0->0 0->0 0->0 0->0 0->0 
0->0 0->0 0->0 0->0 0->0 0->0 0->0 0->0 0->0 0->0 0->0 0->0 0->0 0->0 0->0 0->0 0->0 0->0 0->0 0->0 0->0 0->0 0->0 0->0 0->0 0->0 0->0 0->0 0->0 0->0 0->0 0->0 0->0 0->0 0->0 0->0 
0->0 0->0 0->0 93->0 97->0 88->0 113->0 127->0 107->0 87->0 100->0 98->0 0->0 0->0 0->0 0->0 0->0 0->0 0->0 0->0 0->0 0->0 0->0 0->0 0->0 0->0 0->0 0->0 0->0 0->0 0->0 0->0 0->0 0->0 0->0 0->0 
0->0 0->0 0->0 108->0 115->0 117->0 132->0 130->0 78->0 171->0 181->0 165->0 0->0 0->0 0->0 0->0 0->0 0->0 0->0 0->0 0->0 0->0 0->0 0->0 0->0 0->0 0->0 0->0 0->0 0->0 0->0 0->0 0->0 0->0 0->0 0->0 
0->0 0->0 0->0 100->0 85->0 154->0 104->0 71->0 173->0 105->0 68->0 167->0 0->0 0->0 0->0 0->0 0->0 0->0 0->0 0->0 0->0 0->0 0->0 0->0 0->0 0->0 0->0 0->0 0->0 0->0 0->0 0->0 0->0 0->0 0->0 0->0 
0->0 0->0 0->0 0->0 0->0 0->0 0->0 0->0 0->0 0->0 0->0 0->0 0->0 0->0 0->0 0->0 0->0 0->0 0->0 0->0 0->0 0->0 0->0 0->0 0->0 0->0 0->0 0->0 0->0 0->0 0->0 0->0 0->0 0->0 0->0 0->0 
0->0 0->0 0->0 0->0 0->0 0->0 93->0 97->0 88->0 113->0 127->0 107->0 87->0 100->0 98->0 0->0 0->0 0->0 0->0 0->0 0->0 0->0 0->0 0->0 0->0 0->0 0->0 0->0 0->0 0->0 0->0 0->0 0->0 0->0 0->0 0->0 
0->0 0->0 0->0 0->0 0->0 0->0 108->0 115->0 117->0 132->0 130->0 78->0 171->0 181->0 165->0 0->0 0->0 0->0 0->0 0->0 0->0 0->0 0->0 0->0 0->0 0->0 0->0 0->0 0->0 0->0 0->0 0->0 0->0 0->0 0->0 0->0 
0->0 0->0 0->0 0->0 0->0 0->0 100->0 85->0 154->0 104->0 71->0 173->0 105->0 68->0 167->0 0->0 0->0 0->0 0->0 0->0 0->0 0->0 0->0 0->0 0->0 0->0 0->0 0->0 0->0 0->0 0->0 0->0 0->0 0->0 0->0 0->0 
0->0 0->0 0->0 0->0 0->0 0->0 0->0 0->0 0->0 0->0 0->0 0->0 0->0 0->0 0->0 0->0 0->0 0->0 0->0 0->0 0->0 0->0 0->0 0->0 0->0 0->0 0->0 0->0 0->0 0->0 0->0 0->0 0->0 0->0 0->0 0->0 
0->0 0->0 0->0 0->0 0->0 0->0 0->0 0->0 0->0 93->0 97->0 88->0 113->0 127->0 107->0 87->0 100->0 98->0 0->0 0->0 0->0 0->0 0->0 0->0 0->0 0->0 0->0 0->0 0->0 0->0 0->0 0->0 0->0 0->0 0->0 0->0 
0->0 0->0 0->0 0->0 0->0 0->0 0->0 0->0 0->0 108->0 115->0 117->0 132->0 130->0 78->0 171->0 181->0 165->0 0->0 0->0 0->0 0->0 0->0 0->0 0->0 0->0 0->0 0->0 0->0 0->0 0->0 0->0 0->0 0->0 0->0 0->0 
0->0 0->0 0->0 0->0 0->0 0->0 0->0 0->0 0->0 100->0 85->0 154->0 104->0 71->0 173->0 105->0 68->0 167->0 0->0 0->0 0->0 0->0 0->0 0->0 0->0 0->0 0->0 0->0 0->0 0->0 0->0 0->0 0->0 0->0 0->0 0->0 
0->0 0->0 0->0 0->0 0->0 0->0 0->0 0->0 0->0 0->0 0->0 0->0 0->0 0->0 0->0 0->0 0->0 0->0 0->0 0->0 0->0 0->0 0->0 0->0 0->0 0->0 0->0 0->0 0->0 0->0 0->0 0->0 0->0 0->0 0->0 0->0 
0->0 0->0 0->0 0->0 0->0 0->0 0->0 0->0 0->0 0->0 0->0 0->0 93->0 97->0 88->0 113->0 127->0 107->0 87->0 100->0 98->0 0->0 0->0 0->0 0->0 0->0 0->0 0->0 0->0 0->0 0->0 0->0 0->0 0->0 0->0 0->0 
0->0 0->0 0->0 0->0 0->0 0->0 0->0 0->0 0->0 0->0 0->0 0->0 108->0 115->0 117->0 132->0 130->0 78->0 171->0 181->0 165->0 0->0 0->0 0->0 0->0 0->0 0->0 0->0 0->0 0->0 0->0 0->0 0->0 0->0 0->0 0->0 
0->0 0->0 0->0 0->0 0->0 0->0 0->0 0->0 0->0 0->0 0->0 0->0 100->0 85->0 154->0 104->0 71->0 173->0 105->0 68->0 167->0 0->0 0->0 0->0 0->0 0->0 0->0 0->0 0->0 0->0 0->0 0->0 0->0 0->0 0->0 0->0 
0->0 0->0 0->0 0->0 0->0 0->0 0->0 0->0 0->0 0->0 0->0 0->0 0->0 0->0 0->0 0->0 0->0 0->0 0->0 0->0 0->0 0->0 0->0 0->0 0->0 0->0 0->0 0->0 0->0 0->0 0->0 0->0 0->0 0->0 0->0 0->0 
0->0 0->0 0->0 0->0 0->0 0->0 0->0 0->0 0->0 0->0 0->0 0->0 0->0 0->0 0->0 93->0 97->0 88->0 113->0 127->0 107->0 87->0 100->0 98->0 0->0 0->0 0->0 0->0 0->0 0->0 0->0 0->0 0->0 0->0 0->0 0->0 
0->0 0->0 0->0 0->0 0->0 0->0 0->0 0->0 0->0 0->0 0->0 0->0 0->0 0->0 0->0 108->0 115->0 117->0 132->0 130->0 78->0 171->0 181->0 165->0 0->0 0->0 0->0 0->0 0->0 0->0 0->0 0->0 0->0 0->0 0->0 0->0 
0->0 0->0 0->0 0->0 0->0 0->0 0->0 0->0 0->0 0->0 0->0 0->0 0->0 0->0 0->0 100->0 85->0 154->0 104->0 71->0 173->0 105->0 68->0 167->0 0->0 0->0 0->0 0->0 0->0 0->0 0->0 0->0 0->0 0->0 0->0 0->0 
0->0 0->0 0->0 0->0 0->0 0->0 0->0 0->0 0->0 0->0 0->0 0->0 0->0 0->0 0->0 0->0 0->0 0->0 0->0 0->0 0->0 0->0 0->0 0->0 0->0 0->0 0->0 0->0 0->0 0->0 0->0 0->0 0->0 0->0 0->0 0->0 
0->0 0->0 0->0 0->0 0->0 0->0 0->0 0->0 0->0 0->0 0->0 0->0 0->0 0->0 0->0 0->0 0->0 0->0 93->0 97->0 88->0 113->0 127->0 107->0 87->0 100->0 98->0 0->0 0->0 0->0 0->0 0->0 0->0 0->0 0->0 0->0 
0->0 0->0 0->0 0->0 0->0 0->0 0->0 0->0 0->0 0->0 0->0 0->0 0->0 0->0 0->0 0->0 0->0 0->0 108->0 115->0 117->0 132->0 130->0 78->0 171->0 181->0 165->0 0->0 0->0 0->0 0->0 0->0 0->0 0->0 0->0 0->0 
0->0 0->0 0->0 0->0 0->0 0->0 0->0 0->0 0->0 0->0 0->0 0->0 0->0 0->0 0->0 0->0 0->0 0->0 100->0 85->0 154->0 104->0 71->0 173->0 105->0 68->0 167->0 0->0 0->0 0->0 0->0 0->0 0->0 0->0 0->0 0->0 
0->0 0->0 0->0 0->0 0->0 0->0 0->0 0->0 0->0 0->0 0->0 0->0 0->0 0->0 0->0 0->0 0->0 0->0 0->0 0->0 0->0 0->0 0->0 0->0 0->0 0->0 0->0 0->0 0->0 0->0 0->0 0->0 0->0 0->0 0->0 0->0 
0->0 0->0 0->0 0->0 0->0 0->0 0->0 0->0 0->0 0->0 0->0 0->0 0->0 0->0 0->0 0->0 0->0 0->0 0->0 0->0 0->0 93->0 97->0 88->0 113->0 127->0 107->0 87->0 100->0 98->0 0->0 0->0 0->0 0->0 0->0 0->0 
0->0 0->0 0->0 0->0 0->0 0->0 0->0 0->0 0->0 0->0 0->0 0->0 0->0 0->0 0->0 0->0 0->0 0->0 0->0 0->0 0->0 108->0 115->0 117->0 132->0 130->0 78->0 171->0 181->0 165->0 0->0 0->0 0->0 0->0 0->0 0->0 
0->0 0->0 0->0 0->0 0->0 0->0 0->0 0->0 0->0 0->0 0->0 0->0 0->0 0->0 0->0 0->0 0->0 0->0 0->0 0->0 0->0 100->0 85->0 154->0 104->0 71->0 173->0 105->0 68->0 167->0 0->0 0->0 0->0 0->0 0->0 0->0 
0->0 0->0 0->0 0->0 0->0 0->0 0->0 0->0 0->0 0->0 0->0 0->0 0->0 0->0 0->0 0->0 0->0 0->0 0->0 0->0 0->0 0->0 0->0 0->0 0->0 0->0 0->0 0->0 0->0 0->0 0->0 0->0 0->0 0->0 0->0 0->0 

93->0 97->0 88->0 113->0 127->0 107->0 87->0 100->0 98->0 0->0 0->0 0->0 0->0 0->0 0->1 0->12 0->38 0->50 0->59 0->63 0->63 0->63 0->63 0->58 0->38 0->26 0->0 0->0 0->0 0->0 0->0 0->0 0->0 0->0 0->0 0->0 
108->0 115->0 117->0 132->0 130->0 78->0 171->0 181->0 165->0 0->0 0->0 0->0 0->0 0->0 0->1 0->12 0->38 0->50 0->59 0->63 0->63 0->63 0->63 0->58 0->38 0->26 0->0 0->0 0->0 0->0 0->0 0->0 0->0 0->0 0->0 0->0 
100->0 85->0 154->0 104->0 71->0 173->0 105->0 68->0 167->0 0->0 0->0 0->0 0->0 0->0 0->1 0->12 0->38 0->50 0->59 0->63 0->63 0->63 0->63 0->58 0->38 0->26 0->0 0->0 0->0 0->0 0->0 0->0 0->0 0->0 0->0 0->0 
0->0 0->0 0->0 0->0 0->0 0->0 0->0 0->0 0->0 0->0 0->0 0->0 0->0 0->0 0->1 0->12 0->38 0->50 0->59 0->63 0->63 0->63 0->63 0->58 0->38 0->26 0->0 0->0 0->0 0->0 0->0 0->0 0->0 0->0 0->0 0->0 
0->0 0->0 0->0 93->0 97->0 88->0 113->0 127->0 107->0 87->0 100->0 98->0 0->0 0->0 0->1 0->12 0->38 0->50 0->59 0->63 0->63 0->63 0->63 0->58 0->38 0->26 0->0 0->0 0->0 0->0 0->0 0->0 0->0 0->0 0->0 0->0 
0->0 0->0 0->0 108->0 115->0 117->0 132->0 130->0 78->0 171->0 181->0 165->0 0->0 0->0 0->1 0->12 0->38 0->50 0->59 0->63 0->63 0->63 0->63 0->58 0->38 0->26 0->0 0->0 0->0 0->0 0->0 0->0 0->0 0->0 0->0 0->0 
0->0 0->0 0->0 100->0 85->0 154->0 104->0 71->0 173->0 105->0 68->0 167->0 0->0 0->0 0->1 0->12 0->38 0->50 0->59 0->63 0->63 0->63 0->63 0->58 0->38 0->26 0->0 0->0 0->0 0->0 0->0 0->0 0->0 0->0 0->0 0->0 
0->0 0->0 0->0 0->0 0->0 0->0 0->0 0->0 0->0 0->0 0->0 0->0 0->0 0->0 0->1 0->12 0->38 0->50 0->59 0->63 0->63 0->63 0->63 0->58 0->38 0->26 0->0 0->0 0->0 0->0 0->0 0->0 0->0 0->0 0->0 0->0 
0->0 0->0 0->0 0->0 0->0 0->0 93->0 97->0 88->0 113->0 127->0 107->0 87->0 100->0 98->1 0->12 0->38 0->50 0->59 0->63 0->63 0->63 0->63 0->58 0->38 0->26 0->0 0->0 0->0 0->0 0->0 0->0 0->0 0->0 0->0 0->0 
0->0 0->0 0->0 0->0 0->0 0->0 108->0 115->0 117->0 132->0 130->0 78->0 171->0 181->0 165->1 0->12 0->38 0->50 0->59 0->63 0->63 0->63 0->63 0->58 0->38 0->26 0->0 0->0 0->0 0->0 0->0 0->0 0->0 0->0 0->0 0->0 
0->0 0->0 0->0 0->0 0->0 0->0 100->0 85->0 154->0 104->0 71->0 173->0 105->0 68->0 167->1 0->12 0->38 0->50 0->59 0->63 0->63 0->63 0->63 0->58 0->38 0->26 0->0 0->0 0->0 0->0 0->0 0->0 0->0 0->0 0->0 0->0 
0->0 0->0 0->0 0->0 0->0 0->0 0->0 0->0 0->0 0->0 0->0 0->0 0->0 0->0 0->1 0->12 0->38 0->50 0->59 0->63 0->63 0->63 0->63 0->58 0->38 0->26 0->0 0->0 0->0 0->0 0->0 0->0 0->0 0->0 0->0 0->0 
0->0 0->0 0->0 0->0 0->0 0->0 0->0 0->0 0->0 93->0 97->0 88->0 113->0 127->0 107->1 87->12 100->38 98->50 0->59 0->63 0->63 0->63 0->63 0->58 0->38 0->26 0->0 0->0 0->0 0->0 0->0 0->0 0->0 0->0 0->0 0->0 
0->0 0->0 0->0 0->0 0->0 0->0 0->0 0->0 0->0 108->0 115->0 117->0 132->0 130->0 78->1 171->12 181->38 165->50 0->59 0->63 0->63 0->63 0->63 0->58 0->38 0->26 0->0 0->0 0->0 0->0 0->0 0->0 0->0 0->0 0->0 0->0 
0->0 0->0 0->0 0->0 0->0 0->0 0->0 0->0 0->0 100->0 85->0 154->0 104->0 71->0 173->1 105->12 68->38 167->50 0->59 0->63 0->63 0->63 0->63 0->58 0->38 0->26 0->0 0->0 0->0 0->0 0->0 0->0 0->0 0->0 0->0 0->0 
0->0 0->0 0->0 0->0 0->0 0->0 0->0 0->0 0->0 0->0 0->0 0->0 0->0 0->0 0->1 0->12 0->38 0->50 0->59 0->63 0->63 0->63 0->63 0->58 0->38 0->26 0->0 0->0 0->0 0->0 0->0 0->0 0->0 0->0 0->0 0->0 
0->0 0->0 0->0 0->0 0->0 0->0 0->0 0->0 0->0 0->0 0->0 0->0 93->0 97->0 88->1 113->12 127->38 107->50 87->59 100->63 98->63 0->63 0->63 0->58 0->38 0->26 0->0 0->0 0->0 0->0 0->0 0->0 0->0 0->0 0->0 0->0 
0->0 0->0 0->0 0->0 0->0 0->0 0->0 0->0 0->0 0->0 0->0 0->0 108->0 115->0 117->1 132->12 130->38 78->50 171->59 181->63 165->63 0->63 0->63 0->58 0->38 0->26 0->0 0->0 0->0 0->0 0->0 0->0 0->0 0->0 0->0 0->0 
0->0 0->0 0->0 0->0 0->0 0->0 0->0 0->0 0->0 0->0 0->0 0->0 100->0 85->0 154->1 104->12 71->38 173->50 105->59 68->63 167->63 0->63 0->63 0->58 0->38 0->26 0->0 0->0 0->0 0->0 0->0 0->0 0->0 0->0 0->0 0->0 
0->0 0->0 0->0 0->0 0->0 0->0 0->0 0->0 0->0 0->0 0->0 0->0 0->0 0->0 0->1 0->12 0->38 0->50 0->59 0->63 0->63 0->63 0->63 0->58 0->38 0->26 0->0 0->0 0->0 0->0 0->0 0->0 0->0 0->0 0->0 0->0 
0->0 0->0 0->0 0->0 0->0 0->0 0->0 0->0 0->0 0->0 0->0 0->0 0->0 0->0 0->1 93->12 97->38 88->50 113->59 127->63 107->63 87->63 100->63 98->58 0->38 0->26 0->0 0->0 0->0 0->0 0->0 0->0 0->0 0->0 0->0 0->0 
0->0 0->0 0->0 0->0 0->0 0->0 0->0 0->0 0->0 0->0 0->0 0->0 0->0 0->0 0->1 108->12 115->38 117->50 132->59 130->63 78->63 171->63 181->63 165->58 0->38 0->26 0->0 0->0 0->0 0->0 0->0 0->0 0->0 0->0 0->0 0->0 
0->0 0->0 0->0 0->0 0->0 0->0 0->0 0->0 0->0 0->0 0->0 0->0 0->0 0->0 0->1 100->12 85->38 154->50 104->59 71->63 173->63 105->63 68->63 167->58 0->38 0->26 0->0 0->0 0->0 0->0 0->0 0->0 0->0 0->0 0->0 0->0 
0->0 0->0 0->0 0->0 0->0 0->0 0->0 0->0 0->0 0->0 0->0 0->0 0->0 0->0 0->1 0->12 0->38 0->50 0->59 0->63 0->63 0->63 0->63 0->58 0->38 0->26 0->0 0->0 0->0 0->0 0->0 0->0 0->0 0->0 0->0 0->0 
0->0 0->0 0->0 0->0 0->0 0->0 0->0 0->0 0->0 0->0 0->0 0->0 0->0 0->0 0->1 0->12 0->38 0->50 93->59 97->63 88->63 113->63 127->63 107->58 87->38 100->26 98->0 0->0 0->0 0->0 0->0 0->0 0->0 0->0 0->0 0->0 
0->0 0->0 0->0 0->0 0->0 0->0 0->0 0->0 0->0 0->0 0->0 0->0 0->0 0->0 0->1 0->12 0->38 0->50 108->59 115->63 117->63 132->63 130->63 78->58 171->38 181->26 165->0 0->0 0->0 0->0 0->0 0->0 0->0 0->0 0->0 0->0 
0->0 0->0 0->0 0->0 0->0 0->0 0->0 0->0 0->0 0->0 0->0 0->0 0->0 0->0 0->1 0->12 0->38 0->50 100->59 85->63 154->63 104->63 71->63 173->58 105->38 68->26 167->0 0->0 0->0 0->0 0->0 0->0 0->0 0->0 0->0 0->0 
0->0 0->0 0->0 0->0 0->0 0->0 0->0 0->0 0->0 0->0 0->0 0->0 0->0 0->0 0->1 0->12 0->38 0->50 0->59 0->63 0->63 0->63 0->63 0->58 0->38 0->26 0->0 0->0 0->0 0->0 0->0 0->0 0->0 0->0 0->0 0->0 
0->0 0->0 0->0 0->0 0->0 0->0 0->0 0->0 0->0 0->0 0->0 0->0 0->0 0->0 0->1 0->12 0->38 0->50 0->59 0->63 0->63 93->63 97->63 88->58 113->38 127->26 107->0 87->0 100->0 98->0 0->0 0->0 0->0 0->0 0->0 0->0 
0->0 0->0 0->0 0->0 0->0 0->0 0->0 0->0 0->0 0->0 0->0 0->0 0->0 0->0 0->1 0->12 0->38 0->50 0->59 0->63 0->63 108->63 115->63 117->58 132->38 130->26 78->0 171->0 181->0 165->0 0->0 0->0 0->0 0->0 0->0 0->0 
0->0 0->0 0->0 0->0 0->0 0->0 0->0 0->0 0->0 0->0 0->0 0->0 0->0 0->0 0->1 0->12 0->38 0->50 0->59 0->63 0->63 100->63 85->63 154->58 104->38 71->26 173->0 105->0 68->0 167->0 0->0 0->0 0->0 0->0 0->0 0->0 
0->0 0->0 0->0 0->0 0->0 0->0 0->0 0->0 0->0 0->0 0->0 0->0 0->0 0->0 0->1 0->12 0->38 0->50 0->59 0->63 0->63 0->63 0->63 0->58 0->38 0->26 0->0 0->0 0->0 0->0 0->0 0->0 0->0 0->0 0->0 0->0 

93->38 97->26 88->0 113->0 127->0 107->0 87->0 100->0 98->0 0->0 0->0 0->0 0->0 0->0 0->0 0->0 0->0 0->0 0->0 0->0 0->0 0->0 0->0 0->0 0->0 0->0 0->0 0->0 0->0 0->0 0->0 0->0 0->0 0->0 0->0 0->0 
108->38 115->26 117->0 132->0 130->0 78->0 171->0 181->0 165->0 0->0 0->0 0->0 0->0 0->0 0->0 0->0 0->0 0->0 0->0 0->0 0->0 0->0 0->0 0->0 0->0 0->0 0->0 0->0 0->0 0->0 0->0 0->0 0->0 0->0 0->0 0->0 
100->38 85->26 154->0 104->0 71->0 173->0 105->0 68->0 167->0 0->0 0->0 0->0 0->0 0->0 0->0 0->0 0->0 0->0 0->0 0->0 0->0 0->0 0->0 0->0 0->0 0->0 0->0 0->0 0->0 0->0 0->0 0->0 0->0 0->0 0->0 0->0 
0->38 0->26 0->0 0->0 0->0 0->0 0->0 0->0 0->0 0->0 0->0 0->0 0->0 0->0 0->0 0->0 0->0 0->0 0->0 0->0 0->0 0->0 0->0 0->0 0->0 0->0 0->0 0->0 0->0 0->0 0->0 0->0 0->0 0->0 0->0 0->0 
0->38 0->26 0->0 93->0 97->0 88->0 113->0 127->0 107->0 87->0 100->0 98->0 0->0 0->0 0->0 0->0 0->0 0->0 0->0 0->0 0->0 0->0 0->0 0->0 0->0 0->0 0->0 0->0 0->0 0->0 0->0 0->0 0->0 0->0 0->0 0->0 
0->38 0->26 0->0 108->0 115->0 117->0 132->0 130->0 78->0 171->0 181->0 165->0 0->0 0->0 0->0 0->0 0->0 0->0 0->0 0->0 0->0 0->0 0->0 0->0 0->0 0->0 0->0 0->0 0->0 0->0 0->0 0->0 0->0 0->0 0->0 0->0 
0->38 0->26 0->0 100->0 85->0 154->0 104->0 71->0 173->0 105->0 68->0 167->0 0->0 0->0 0->0 0->0 0->0 0->0 0->0 0->0 0->0 0->0 0->0 0->0 0->0 0->0 0->0 0->0 0->0 0->0 0->0 0->0 0->0 0->0 0->0 0->0 
0->38 0->26 0->0 0->0 0->0 0->0 0->0 0->0 0->0 0->0 0->0 0->0 0->0 0->0 0->0 0->0 0->0 0->0 0->0 0->0 0->0 0->0 0->0 0->0 0->0 0->0 0->0 0->0 0->0 0->0 0->0 0->0 0->0 0->0 0->0 0->0 
0->38 0->26 0->0 0->0 0->0 0->0 93->0 97->0 88->0 113->0 127->0 107->0 87->0 100->0 98->0 0->0 0->0 0->0 0->0 0->0 0->0 0->0 0->0 0->0 0->0 0->0 0->0 0->0 0->0 0->0 0->0 0->0 0->0 0->0 0->0 0->0 
0->38 0->26 0->0 0->0 0->0 0->0 108->0 115->0 117->0 132->0 130->0 78->0 171->0 181->0 165->0 0->0 0->0 0->0 0->0 0->0 0->0 0->0 0->0 0->0 0->0 0->0 0->0 0->0 0->0 0->0 0->0 0->0 0->0 0->0 0->0 0->0 
0->38 0->26 0->0 0->0 0->0 0->0 100->0 85->0 154->0 104->0 71->0 173->0 105->0 68->0 167->0 0->0 0->0 0->0 0->0 0->0 0->0 0->0 0->0 0->0 0->0 0->0 0->0 0->0 0->0 0->0 0->0 0->0 0->0 0->0 0->0 0->0 
0->38 0->26 0->0 0->0 0->0 0->0 0->0 0->0 0->0 0->0 0->0 0->0 0->0 0->0 0->0 0->0 0->0 0->0 0->0 0->0 0->0 0->0 0->0 0->0 0->0 0->0 0->0 0->0 0->0 0->0 0->0 0->0 0->0 0->0 0->0 0->0 
0->38 0->26 0->0 0->0 0->0 0->0 0->0 0->0 0->0 93->0 97->0 88->0 113->0 127->0 107->0 87->0 100->0 98->0 0->0 0->0 0->0 0->0 0->0 0->0 0->0 0->0 0->0 0->0 0->0 0->0 0->0 0->0 0->0 0->0 0->0 0->0 
0->38 0->26 0->0 0->0 0->0 0->0 0->0 0->0 0->0 108->0 115->0 117->0 132->0 130->0 78->0 171->0 181->0 165->0 0->0 0->0 0->0 0->0 0->0 0->0 0->0 0->0 0->0 0->0 0->0 0->0 0->0 0->0 0->0 0->0 0->0 0->0 
0->38 0->26 0->0 0->0 0->0 0->0 0->0 0->0 0->0 100->0 85->0 154->0 104->0 71->0 173->0 105->0 68->0 167->0 0->0 0->0 0->0 0->0 0->0 0->0 0->0 0->0 0->0 0->0 0->0 0->0 0->0 0->0 0->0 0->0 0->0 0->0 
0->38 0->26 0->0 0->0 0->0 0->0 0->0 0->0 0->0 0->0 0->0 0->0 0->0 0->0 0->0 0->0 0->0 0->0 0->0 0->0 0->0 0->0 0->0 0->0 0->0 0->0 0->0 0->0 0->0 0->0 0->0 0->0 0->0 0->0 0->0 0->0 
0->38 0->26 0->0 0->0 0->0 0->0 0->0 0->0 0->0 0->0 0->0 0->0 93->0 97->0 88->0 113->0 127->0 107->0 87->0 100->0 98->0 0->0 0->0 0->0 0->0 0->0 0->0 0->0 0->0 0->0 0->0 0->0 0->0 0->0 0->0 0->0 
0->38 0->26 0->0 0->0 0->0 0->0 0->0 0->0 0->0 0->0 0->0 0->0 108->0 115->0 117->0 132->0 130->0 78->0 171->0 181->0 165->0 0->0 0->0 0->0 0->0 0->0 0->0 0->0 0->0 0->0 0->0 0->0 0->0 0->0 0->0 0->0 
0->38 0->26 0->0 0->0 0->0 0->0 0->0 0->0 0->0 0->0 0->0 0->0 100->0 85->0 154->0 104->0 71->0 173->0 105->0 68->0 167->0 0->0 0->0 0->0 0->0 0->0 0->0 0->0 0->0 0->0 0->0 0->0 0->0 0->0 0->0 0->0 
0->38 0->26 0->0 0->0 0->0 0->0 0->0 0->0 0->0 0->0 0->0 0->0 0->0 0->0 0->0 0->0 0->0 0->0 0->0 0->0 0->0 0->0 0->0 0->0 0->0 0->0 0->0 0->0 0->0 0->0 0->0 0->0 0->0 0->0 0->0 0->0 
0->38 0->26 0->0 0->0 0->0 0->0 0->0 0->0 0->0 0->0 0->0 0->0 0->0 0->0 0->0 93->0 97->0 88->0 113->0 127->0 107->0 87->0 100->0 98->0 0->0 0->0 0->0 0->0 0->0 0->0 0->0 0->0 0->0 0->0 0->0 0->0 
0->38 0->26 0->0 0->0 0->0 0->0 0->0 0->0 0->0 0->0 0->0 0->0 0->0 0->0 0->0 108->0 115->0 117->0 132->0 130->0 78->0 171->0 181->0 165->0 0->0 0->0 0->0 0->0 0->0 0->0 0->0 0->0 0->0 0->0 0->0 0->0 
0->38 0->26 0->0 0->0 0->0 0->0 0->0 0->0 0->0 0->0 0->0 0->0 0->0 0->0 0->0 100->0 85->0 154->0 104->0 71->0 173->0 105->0 68->0 167->0 0->0 0->0 0->0 0->0 0->0 0->0 0->0 0->0 0->0 0->0 0->0 0->0 
0->38 0->26 0->0 0->0 0->0 0->0 0->0 0->0 0->0 0->0 0->0 0->0 0->0 0->0 0->0 0->0 0->0 0->0 0->0 0->0 0->0 0->0 0->0 0->0 0->0 0->0 0->0 0->0 0->0 0->0 0->0 0->0 0->0 0->0 0->0 0->0 
0->38 0->26 0->0 0->0 0->0 0->0 0->0 0->0 0->0 0->0 0->0 0->0 0->0 0->0 0->0 0->0 0->0 0->0 93->0 97->0 88->0 113->0 127->0 107->0 87->0 100->0 98->0 0->0 0->0 0->0 0->0 0->0 0->0 0->0 0->0 0->0 
0->38 0->26 0->0 0->0 0->0 0->0 0->0 0->0 0->0 0->0 0->0 0->0 0->0 0->0 0->0 0->0 0->0 0->0 108->0 115->0 117->0 132->0 130->0 78->0 171->0 181->0 165->0 0->0 0->0 0->0 0->0 0->0 0->0 0->0 0->0 0->0 
0->38 0->26 0->0 0->0 0->0 0->0 0->0 0->0 0->0 0->0 0->0 0->0 0->0 0->0 0->0 0->0 0->0 0->0 100->0 85->0 154->0 104->0 71->0 173->0 105->0 68->0 167->0 0->0 0->0 0->0 0->0 0->0 0->0 0->0 0->0 0->0 
0->38 0->26 0->0 0->0 0->0 0->0 0->0 0->0 0->0 0->0 0->0 0->0 0->0 0->0 0->0 0->0 0->0 0->0 0->0 0->0 0->0 0->0 0->0 0->0 0->0 0->0 0->0 0->0 0->0 0->0 0->0 0->0 0->0 0->0 0->0 0->0 
0->38 0->26 0->0 0->0 0->0 0->0 0->0 0->0 0->0 0->0 0->0 0->0 0->0 0->0 0->0 0->0 0->0 0->0 0->0 0->0 0->0 93->0 97->0 88->0 113->0 127->0 107->0 87->0 100->0 98->0 0->0 0->0 0->0 0->0 0->0 0->0 
0->38 0->26 0->0 0->0 0->0 0->0 0->0 0->0 0->0 0->0 0->0 0->0 0->0 0->0 0->0 0->0 0->0 0->0 0->0 0->0 0->0 108->0 115->0 117->0 132->0 130->0 78->0 171->0 181->0 165->0 0->0 0->0 0->0 0->0 0->0 0->0 
0->38 0->26 0->0 0->0 0->0 0->0 0->0 0->0 0->0 0->0 0->0 0->0 0->0 0->0 0->0 0->0 0->0 0->0 0->0 0->0 0->0 100->0 85->0 154->0 104->0 71->0 173->0 105->0 68->0 167->0 0->0 0->0 0->0 0->0 0->0 0->0 
0->38 0->26 0->0 0->0 0->0 0->0 0->0 0->0 0->0 0->0 0->0 0->0 0->0 0->0 0->0 0->0 0->0 0->0 0->0 0->0 0->0 0->0 0->0 0->0 0->0 0->0 0->0 0->0 0->0 0->0 0->0 0->0 0->0 0->0 0->0 0->0 

93->0 97->0 88->0 113->0 127->0 107->0 87->0 100->0 98->0 0->0 0->0 0->0 0->0 0->0 0->0 0->30 0->30 0->15 0->63 0->63 0->61 0->44 0->45 0->63 0->0 0->0 0->32 0->0 0->0 0->0 0->0 0->0 0->0 0->0 0->0 0->0 
108->0 115->0 117->0 132->0 130->0 78->0 171->0 181->0 165->0 0->0 0->0 0->0 0->0 0->0 0->0 0->30 0->30 0->15 0->63 0->63 0->61 0->44 0->45 0->63 0->0 0->0 0->32 0->0 0->0 0->0 0->0 0->0 0->0 0->0 0->0 0->0 
100->0 85->0 154->0 104->0 71->0 173->0 105->0 68->0 167->0 0->0 0->0 0->0 0->0 0->0 0->0 0->30 0->30 0->15 0->63 0->63 0->61 0->44 0->45 0->63 0->0 0->0 0->32 0->0 0->0 0->0 0->0 0->0 0->0 0->0 0->0 0->0 
0->0 0->0 0->0 0->0 0->0 0->0 0->0 0->0 0->0 0->0 0->0 0->0 0->0 0->0 0->0 0->30 0->30 0->15 0->63 0->63 0->61 0->44 0->45 0->63 0->0 0->0 0->32 0->0 0->0 0->0 0->0 0->0 0->0 0->0 0->0 0->0 
0->0 0->0 0->0 93->0 97->0 88->0 113->0 127->0 107->0 87->0 100->0 98->0 0->0 0->0 0->0 0->30 0->30 0->15 0->63 0->63 0->61 0->44 0->45 0->63 0->0 0->0 0->32 0->0 0->0 0->0 0->0 0->0 0->0 0->0 0->0 0->0 
0->0 0->0 0->0 108->0 115->0 117->0 132->0 130->0 78->0 171->0 181->0 165->0 0->0 0->0 0->0 0->30 0->30 0->15 0->63 0->63 0->61 0->44 0->45 0->63 0->0 0->0 0->32 0->0 0->0 0->0 0->0 0->0 0->0 0->0 0->0 0->0 
0->0 0->0 0->0 100->0 85->0 154->0 104->0 71->0 173->0 105->0 68->0 167->0 0->0 0->0 0->0 0->30 0->30 0->15 0->63 0->63 0->61 0->44 0->45 0->63 0->0 0->0 0->32 0->0 0->0 0->0 0->0 0->0 0->0 0->0 0->0 0->0 
0->0 0->0 0->0 0->0 0->0 0->0 0->0 0->0 0->0 0->0 0->0 0->0 0->0 0->0 0->0 0->30 0->30 0->15 0->63 0->63 0->61 0->44 0->45 0->63 0->0 0->0 0->32 0->0 0->0 0->0 0->0 0->0 0->0 0->0 0->0 0->0 
0->0 0->0 0->0 0->0 0->0 0->0 93->0 97->0 88->0 113->0 127->0 107->0 87->0 100->0 98->0 0->30 0->30 0->15 0->63 0->63 0->61 0->44 0->45 0->63 0->0 0->0 0->32 0->0 0->0 0->0 0->0 0->0 0->0 0->0 0->0 0->0 
0->0 0->0 0->0 0->0 0->0 0->0 108->0 115->0 117->0 132->0 130->0 78->0 171->0 181->0 165->0 0->30 0->30 0->15 0->63 0->63 0->61 0->44 0->45 0->63 0->0 0->0 0->32 0->0 0->0 0->0 0->0 0->0 0->0 0->0 0->0 0->0 
0->0 0->0 0->0 0->0 0->0 0->0 100->0 85->0 154->0 104->0 71->0 173->0 105->0 68->0 167->0 0->30 0->30 0->15 0->63 0->63 0->61 0->44 0->45 0->63 0->0 0->0 0->32 0->0 0->0 0->0 0->0 0->0 0->0 0->0 0->0 0->0 
0->0 0->0 0->0 0->0 0->0 0->0 0->0 0->0 0->0 0->0 0->0 0->0 0->0 0->0 0->0 0->30 0->30 0->15 0->63 0->63 0->61 0->44 0->45 0->63 0->0 0->0 0->32 0->0 0->0 0->0 0->0 0->0 0->0 0->0 0->0 0->0 
0->0 0->0 0->0 0->0 0->0 0->0 0->0 0->0 0->0 93->0 97->0 88->0 113->0 127->0 107->0 87->30 100->30 98->15 0->63 0->63 0->61 0->44 0->45 0->63 0->0 0->0 0->32 0->0 0->0 0->0 0->0 0->0 0->0 0->0 0->0 0->0 
0->0 0->0 0->0 0->0 0->0 0->0 0->0 0->0 0->0 108->0 115->0 117->0 132->0 130->0 78->0 171->30 181->30 165->15 0->63 0->63 0->61 0->44 0->45 0->63 0->0 0->0 0->32 0->0 0->0 0->0 0->0 0->0 0->0 0->0 0->0 0->0 
0->0 0->0 0->0 0->0 0->0 0->0 0->0 0->0 0->0 100->0 85->0 154->0 104->0 71->0 173->0 105->30 68->30 167->15 0->63 0->63 0->61 0->44 0->45 0->63 0->0 0->0 0->32 0->0 0->0 0->0 0->0 0->0 0->0 0->0 0->0 0->0 
0->0 0->0 0->0 0->0 0->0 0->0 0->0 0->0 0->0 0->0 0->0 0->0 0->0 0->0 0->0 0->30 0->30 0->15 0->63 0->63 0->61 0->44 0->45 0->63 0->0 0->0 0->32 0->0 0->0 0->0 0->0 0->0 0->0 0->0 0->0 0->0 
0->0 0->0 0->0 0->0 0->0 0->0 0->0 0->0 0->0 0->0 0->0 0->0 93->0 97->0 88->0 113->30 127->30 107->15 87->63 100->63 98->61 0->44 0->45 0->63 0->0 0->0 0->32 0->0 0->0 0->0 0->0 0->0 0->0 0->0 0->0 0->0 
0->0 0->0 0->0 0->0 0->0 0->0 0->0 0->0 0->0 0->0 0->0 0->0 108->0 115->0 117->0 132->30 130->30 78->15 171->63 181->63 165->61 0->44 0->45 0->63 0->0 0->0 0->32 0->0 0->0 0->0 0->0 0->0 0->0 0->0 0->0 0->0 
0->0 0->0 0->0 0->0 0->0 0->0 0->0 0->0 0->0 0->0 0->0 0->0 100->0 85->0 154->0 104->30 71->30 173->15 105->63 68->63 167->61 0->44 0->45 0->63 0->0 0->0 0->32 0->0 0->0 0->0 0->0 0->0 0->0 0->0 0->0 0->0 
0->0 0->0 0->0 0->0 0->0 0->0 0->0 0->0 0->0 0->0 0->0 0->0 0->0 0->0 0->0 0->30 0->30 0->15 0->63 0->63 0->61 0->44 0->45 0->63 0->0 0->0 0->32 0->0 0->0 0->0 0->0 0->0 0->0 0->0 0->0 0->0 
0->0 0->0 0->0 0->0 0->0 0->0 0->0 0->0 0->0 0->0 0->0 0->0 0->0 0->0 0->0 93->30 97->30 88->15 113->63 127->63 107->61 87->44 100->45 98->63 0->0 0->0 0->32 0->0 0->0 0->0 0->0 0->0 0->0 0->0 0->0 0->0 
0->0 0->0 0->0 0->0 0->0 0->0 0->0 0->0 0->0 0->0 0->0 0->0 0->0 0->0 0->0 108->30 115->30 117->15 132->63 130->63 78->61 171->44 181->45 165->63 0->0 0->0 0->32 0->0 0->0 0->0 0->0 0->0 0->0 0->0 0->0 0->0 
0->0 0->0 0->0 0->0 0->0 0->0 0->0 0->0 0->0 0->0 0->0 0->0 0->0 0->0 0->0 100->30 85->30 154->15 104->63 71->63 173->61 105->44 68->45 167->63 0->0 0->0 0->32 0->0 0->0 0->0 0->0 0->0 0->0 0->0 0->0 0->0 
0->0 0->0 0->0 0->0 0->0 0->0 0->0 0->0 0->0 0->0 0->0 0->0 0->0 0->0 0->0 0->30 0->30 0->15 0->63 0->63 0->61 0->44 0->45 0->63 0->0 0->0 0->32 0->0 0->0 0->0 0->0 0->0 0->0 0->0 0->0 0->0 
0->0 0->0 0->0 0->0 0->0 0->0 0->0 0->0 0->0 0->0 0->0 0->0 0->0 0->0 0->0 0->30 0->30 0->15 93->63 97->63 88->61 113->44 127->45 107->63 87->0 100->0 98->32 0->0 0->0 0->0 0->0 0->0 0->0 0->0 0->0 0->0 
0->0 0->0 0->0 0->0 0->0 0->0 0->0 0->0 0->0 0->0 0->0 0->0 0->0 0->0 0->0 0->30 0->30 0->15 108->63 115->63 117->61 132->44 130->45 78->63 171->0 181->0 165->32 0->0 0->0 0->0 0->0 0->0 0->0 0->0 0->0 0->0 
0->0 0->0 0->0 0->0 0->0 0->0 0->0 0->0 0->0 0->0 0->0 0->0 0->0 0->0 0->0 0->30 0->30 0->15 100->63 85->63 154->61 104->44 71->45 173->63 105->0 68->0 167->32 0->0 0->0 0->0 0->0 0->0 0->0 0->0 0->0 0->0 
0->0 0->0 0->0 0->0 0->0 0->0 0->0 0->0 0->0 0->0 0->0 0->0 0->0 0->0 0->0 0->30 0->30 0->15 0->63 0->63 0->61 0->44 0->45 0->63 0->0 0->0 0->32 0->0 0->0 0->0 0->0 0->0 0->0 0->0 0->0 0->0 
0->0 0->0 0->0 0->0 0->0 0->0 0->0 0->0 0->0 0->0 0->0 0->0 0->0 0->0 0->0 0->30 0->30 0->15 0->63 0->63 0->61 93->44 97->45 88->63 113->0 127->0 107->32 87->0 100->0 98->0 0->0 0->0 0->0 0->0 0->0 0->0 
0->0 0->0 0->0 0->0 0->0 0->0 0->0 0->0 0->0 0->0 0->0 0->0 0->0 0->0 0->0 0->30 0->30 0->15 0->63 0->63 0->61 108->44 115->45 117->63 132->0 130->0 78->32 171->0 181->0 165->0 0->0 0->0 0->0 0->0 0->0 0->0 
0->0 0->0 0->0 0->0 0->0 0->0 0->0 0->0 0->0 0->0 0->0 0->0 0->0 0->0 0->0 0->30 0->30 0->15 0->63 0->63 0->61 100->44 85->45 154->63 104->0 71->0 173->32 105->0 68->0 167->0 0->0 0->0 0->0 0->0 0->0 0->0 
0->0 0->0 0->0 0->0 0->0 0->0 0->0 0->0 0->0 0->0 0->0 0->0 0->0 0->0 0->0 0->30 0->30 0->15 0->63 0->63 0->61 0->44 0->45 0->63 0->0 0->0 0->32 0->0 0->0 0->0 0->0 0->0 0->0 0->0 0->0 0->0 

93->0 97->0 88->32 113->0 127->0 107->0 87->0 100->0 98->0 0->0 0->0 0->0 0->0 0->0 0->0 0->0 0->0 0->0 0->0 0->0 0->0 0->0 0->0 0->0 0->0 0->0 0->0 0->0 0->0 0->0 0->0 0->0 0->0 0->0 0->0 0->0 
108->0 115->0 117->32 132->0 130->0 78->0 171->0 181->0 165->0 0->0 0->0 0->0 0->0 0->0 0->0 0->0 0->0 0->0 0->0 0->0 0->0 0->0 0->0 0->0 0->0 0->0 0->0 0->0 0->0 0->0 0->0 0->0 0->0 0->0 0->0 0->0 
100->0 85->0 154->32 104->0 71->0 173->0 105->0 68->0 167->0 0->0 0->0 0->0 0->0 0->0 0->0 0->0 0->0 0->0 0->0 0->0 0->0 0->0 0->0 0->0 0->0 0->0 0->0 0->0 0->0 0->0 0->0 0->0 0->0 0->0 0->0 0->0 
0->0 0->0 0->32 0->0 0->0 0->0 0->0 0->0 0->0 0->0 0->0 0->0 0->0 0->0 0->0 0->0 0->0 0->0 0->0 0->0 0->0 0->0 0->0 0->0 0->0 0->0 0->0 0->0 0->0 0->0 0->0 0->0 0->0 0->0 0->0 0->0 
0->0 0->0 0->32 93->0 97->0 88->0 113->0 127->0 107->0 87->0 100->0 98->0 0->0 0->0 0->0 0->0 0->0 0->0 0->0 0->0 0->0 0->0 0->0 0->0 0->0 0->0 0->0 0->0 0->0 0->0 0->0 0->0 0->0 0->0 0->0 0->0 
0->0 0->0 0->32 108->0 115->0 117->0 132->0 130->0 78->0 171->0 181->0 165->0 0->0 0->0 0->0 0->0 0->0 0->0 0->0 0->0 0->0 0->0 0->0 0->0 0->0 0->0 0->0 0->0 0->0 0->0 0->0 0->0 0->0 0->0 0->0 0->0 
0->0 0->0 0->32 100->0 85->0 154->0 104->0 71->0 173->0 105->0 68->0 167->0 0->0 0->0 0->0 0->0 0->0 0->0 0->0 0->0 0->0 0->0 0->0 0->0 0->0 0->0 0->0 0->0 0->0 0->0 0->0 0->0 0->0 0->0 0->0 0->0 
0->0 0->0 0->32 0->0 0->0 0->0 0->0 0->0 0->0 0->0 0->0 0->0 0->0 0->0 0->0 0->0 0->0 0->0 0->0 0->0 0->0 0->0 0->0 0->0 0->0 0->0 0->0 0->0 0->0 0->0 0->0 0->0 0->0 0->0 0->0 0->0 
0->0 0->0 0->32 0->0 0->0 0->0 93->0 97->0 88->0 113->0 127->0 107->0 87->0 100->0 98->0 0->0 0->0 0->0 0->0 0->0 0->0 0->0 0->0 0->0 0->0 0->0 0->0 0->0 0->0 0->0 0->0 0->0 0->0 0->0 0->0 0->0 
0->0 0->0 0->32 0->0 0->0 0->0 108->0 115->0 117->0 132->0 130->0 78->0 171->0 181->0 165->0 0->0 0->0 0->0 0->0 0->0 0->0 0->0 0->0 0->0 0->0 0->0 0->0 0->0 0->0 0->0 0->0 0->0 0->0 0->0 0->0 0->0 
0->0 0->0 0->32 0->0 0->0 0->0 100->0 85->0 154->0 104->0 71->0 173->0 105->0 68->0 167->0 0->0 0->0 0->0 0->0 0->0 0->0 0->0 0->0 0->0 0->0 0->0 0->0 0->0 0->0 0->0 0->0 0->0 0->0 0->0 0->0 0->0 
0->0 0->0 0->32 0->0 0->0 0->0 0->0 0->0 0->0 0->0 0->0 0->0 0->0 0->0 0->0 0->0 0->0 0->0 0->0 0->0 0->0 0->0 0->0 0->0 0->0 0->0 0->0 0->0 0->0 0->0 0->0 0->0 0->0 0->0 0->0 0->0 
0->0 0->0 0->32 0->0 0->0 0->0 0->0 0->0 0->0 93->0 97->0 88->0 113->0 127->0 107->0 87->0 100->0 98->0 0->0 0->0 0->0 0->0 0->0 0->0 0->0 0->0 0->0 0->0 0->0 0->0 0->0 0->0 0->0 0->0 0->0 0->0 
0->0 0->0 0->32 0->0 0->0 0->0 0->0 0->0 0->0 108->0 115->0 117->0 132->0 130->0 78->0 171->0 181->0 165->0 0->0 0->0 0->0 0->0 0->0 0->0 0->0 0->0 0->0 0->0 0->0 0->0 0->0 0->0 0->0 0->0 0->0 0->0 
0->0 0->0 0->32 0->0 0->0 0->0 0->0 0->0 0->0 100->0 85->0 154->0 104->0 71->0 173->0 105->0 68->0 167->0 0->0 0->0 0->0 0->0 0->0 0->0 0->0 0->0 0->0 0->0 0->0 0->0 0->0 0->0 0->0 0->0 0->0 0->0 
0->0 0->0 0->32 0->0 0->0 0->0 0->0 0->0 0->0 0->0 0->0 0->0 0->0 0->0 0->0 0->0 0->0 0->0 0->0 0->0 0->0 0->0 0->0 0->0 0->0 0->0 0->0 0->0 0->0 0->0 0->0 0->0 0->0 0->0 0->0 0->0 
0->0 0->0 0->32 0->0 0->0 0->0 0->0 0->0 0->0 0->0 0->0 0->0 93->0 97->0 88->0 113->0 127->0 107->0 87->0 100->0 98->0 0->0 0->0 0->0 0->0 0->0 0->0 0->0 0->0 0->0 0->0 0->0 0->0 0->0 0->0 0->0 
0->0 0->0 0->32 0->0 0->0 0->0 0->0 0->0 0->0 0->0 0->0 0->0 108->0 115->0 117->0 132->0 130->0 78->0 171->0 181->0 165->0 0->0 0->0 0->0 0->0 0->0 0->0 0->0 0->0 0->0 0->0 0->0 0->0 0->0 0->0 0->0 
0->0 0->0 0->32 0->0 0->0 0->0 0->0 0->0 0->0 0->0 0->0 0->0 100->0 85->0 154->0 104->0 71->0 173->0 105->0 68->0 167->0 0->0 0->0 0->0 0->0 0->0 0->0 0->0 0->0 0->0 0->0 0->0 0->0 0->0 0->0 0->0 
0->0 0->0 0->32 0->0 0->0 0->0 0->0 0->0 0->0 0->0 0->0 0->0 0->0 0->0 0->0 0->0 0->0 0->0 0->0 0->0 0->0 0->0 0->0 0->0 0->0 0->0 0->0 0->0 0->0 0->0 0->0 0->0 0->0 0->0 0->0 0->0 
0->0 0->0 0->32 0->0 0->0 0->0 0->0 0->0 0->0 0->0 0->0 0->0 0->0 0->0 0->0 93->0 97->0 88->0 113->0 127->0 107->0 87->0 100->0 98->0 0->0 0->0 0->0 0->0 0->0 0->0 0->0 0->0 0->0 0->0 0->0 0->0 
0->0 0->0 0->32 0->0 0->0 0->0 0->0 0->0 0->0 0->0 0->0 0->0 0->0 0->0 0->0 108->0 115->0 117->0 132->0 130->0 78->0 171->0 181->0 165->0 0->0 0->0 0->0 0->0 0->0 0->0 0->0 0->0 0->0 0->0 0->0 0->0 
0->0 0->0 0->32 0->0 0->0 0->0 0->0 0->0 0->0 0->0 0->0 0->0 0->0 0->0 0->0 100->0 85->0 154->0 104->0 71->0 173->0 105->0 68->0 167->0 0->0 0->0 0->0 0->0 0->0 0->0 0->0 0->0 0->0 0->0 0->0 0->0 
0->0 0->0 0->32 0->0 0->0 0->0 0->0 0->0 0->0 0->0 0->0 0->0 0->0 0->0 0->0 0->0 0->0 0->0 0->0 0->0 0->0 0->0 0->0 0->0 0->0 0->0 0->0 0->0 0->0 0->0 0->0 0->0 0->0 0->0 0->0 0->0 
0->0 0->0 0->32 0->0 0->0 0->0 0->0 0->0 0->0 0->0 0->0 0->0 0->0 0->0 0->0 0->0 0->0 0->0 93->0 97->0 88->0 113->0 127->0 107->0 87->0 100->0 98->0 0->0 0->0 0->0 0->0 0->0 0->0 0->0 0->0 0->0 
0->0 0->0 0->32 0->0 0->0 0->0 0->0 0->0 0->0 0->0 0->0 0->0 0->0 0->0 0->0 0->0 0->0 0->0 108->0 115->0 117->0 132->0 130->0 78->0 171->0 181->0 165->0 0->0 0->0 0->0 0->0 0->0 0->0 0->0 0->0 0->0 
0->0 0->0 0->32 0->0 0->0 0->0 0->0 0->0 0->0 0->0 0->0 0->0 0->0 0->0 0->0 0->0 0->0 0->0 100->0 85->0 154->0 104->0 71->0 173->0 105->0 68->0 167->0 0->0 0->0 0->0 0->0 0->0 0->0 0->0 0->0 0->0 
0->0 0->0 0->32 0->0 0->0 0->0 0->0 0->0 0->0 0->0 0->0 0->0 0->0 0->0 0->0 0->0 0->0 0->0 0->0 0->0 0->0 0->0 0->0 0->0 0->0 0->0 0->0 0->0 0->0 0->0 0->0 0->0 0->0 0->0 0->0 0->0 
0->0 0->0 0->32 0->0 0->0 0->0 0->0 0->0 0->0 0->0 0->0 0->0 0->0 0->0 0->0 0->0 0->0 0->0 0->0 0->0 0->0 93->0 97->0 88->0 113->0 127->0 107->0 87->0 100->0 98->0 0->0 0->0 0->0 0->0 0->0 0->0 
0->0 0->0 0->32 0->0 0->0 0->0 0->0 0->0 0->0 0->0 0->0 0->0 0->0 0->0 0->0 0->0 0->0 0->0 0->0 0->0 0->0 108->0 115->0 117->0 132->0 130->0 78->0 171->0 181->0 165->0 0->0 0->0 0->0 0->0 0->0 0->0 
0->0 0->0 0->32 0->0 0->0 0->0 0->0 0->0 0->0 0->0 0->0 0->0 0->0 0->0 0->0 0->0 0->0 0->0 0->0 0->0 0->0 100->0 85->0 154->0 104->0 71->0 173->0 105->0 68->0 167->0 0->0 0->0 0->0 0->0 0->0 0->0 
0->0 0->0 0->32 0->0 0->0 0->0 0->0 0->0 0->0 0->0 0->0 0->0 0->0 0->0 0->0 0->0 0->0 0->0 0->0 0->0 0->0 0->0 0->0 0->0 0->0 0->0 0->0 0->0 0->0 0->0 0->0 0->0 0->0 0->0 0->0 0->0 

93->0 97->0 88->0 113->0 127->0 107->0 87->0 100->0 98->0 0->0 0->0 0->13 0->0 0->1 0->42 0->38 0->50 0->63 0->63 0->63 0->58 0->63 0->58 0->30 0->26 0->0 0->0 0->0 0->0 0->0 0->0 0->0 0->0 0->0 0->0 0->0 
108->0 115->0 117->0 132->0 130->0 78->0 171->0 181->0 165->0 0->0 0->0 0->13 0->0 0->1 0->42 0->38 0->50 0->63 0->63 0->63 0->58 0->63 0->58 0->30 0->26 0->0 0->0 0->0 0->0 0->0 0->0 0->0 0->0 0->0 0->0 0->0 
100->0 85->0 154->0 104->0 71->0 173->0 105->0 68->0 167->0 0->0 0->0 0->13 0->0 0->1 0->42 0->38 0->50 0->63 0->63 0->63 0->58 0->63 0->58 0->30 0->26 0->0 0->0 0->0 0->0 0->0 0->0 0->0 0->0 0->0 0->0 0->0 
0->0 0->0 0->0 0->0 0->0 0->0 0->0 0->0 0->0 0->0 0->0 0->13 0->0 0->1 0->42 0->38 0->50 0->63 0->63 0->63 0->58 0->63 0->58 0->30 0->26 0->0 0->0 0->0 0->0 0->0 0->0 0->0 0->0 0->0 0->0 0->0 
0->0 0->0 0->0 93->0 97->0 88->0 113->0 127->0 107->0 87->0 100->0 98->13 0->0 0->1 0->42 0->38 0->50 0->63 0->63 0->63 0->58 0->63 0->58 0->30 0->26 0->0 0->0 0->0 0->0 0->0 0->0 0->0 0->0 0->0 0->0 0->0 
0->0 0->0 0->0 108->0 115->0 117->0 132->0 130->0 78->0 171->0 181->0 165->13 0->0 0->1 0->42 0->38 0->50 0->63 0->63 0->63 0->58 0->63 0->58 0->30 0->26 0->0 0->0 0->0 0->0 0->0 0->0 0->0 0->0 0->0 0->0 0->0 
0->0 0->0 0->0 100->0 85->0 154->0 104->0 71->0 173->0 105->0 68->0 167->13 0->0 0->1 0->42 0->38 0->50 0->63 0->63 0->63 0->58 0->63 0->58 0->30 0->26 0->0 0->0 0->0 0->0 0->0 0->0 0->0 0->0 0->0 0->0 0->0 
0->0 0->0 0->0 0->0 0->0 0->0 0->0 0->0 0->0 0->0 0->0 0->13 0->0 0->1 0->42 0->38 0->50 0->63 0->63 0->63 0->58 0->63 0->58 0->30 0->26 0->0 0->0 0->0 0->0 0->0 0->0 0->0 0->0 0->0 0->0 0->0 
0->0 0->0 0->0 0->0 0->0 0->0 93->0 97->0 88->0 113->0 127->0 107->13 87->0 100->1 98->42 0->38 0->50 0->63 0->63 0->63 0->58 0->63 0->58 0->30 0->26 0->0 0->0 0->0 0->0 0->0 0->0 0->0 0->0 0->0 0->0 0->0 
0->0 0->0 0->0 0->0 0->0 0->0 108->0 115->0 117->0 132->0 130->0 78->13 171->0 181->1 165->42 0->38 0->50 0->63 0->63 0->63 0->58 0->63 0->58 0->30 0->26 0->0 0->0 0->0 0->0 0->0 0->0 0->0 0->0 0->0 0->0 0->0 
0->0 0->0 0->0 0->0 0->0 0->0 100->0 85->0 154->0 104->0 71->0 173->13 105->0 68->1 167->42 0->38 0->50 0->63 0->63 0->63 0->58 0->63 0->58 0->30 0->26 0->0 0->0 0->0 0->0 0->0 0->0 0->0 0->0 0->0 0->0 0->0 
0->0 0->0 0->0 0->0 0->0 0->0 0->0 0->0 0->0 0->0 0->0 0->13 0->0 0->1 0->42 0->38 0->50 0->63 0->63 0->63 0->58 0->63 0->58 0->30 0->26 0->0 0->0 0->0 0->0 0->0 0->0 0->0 0->0 0->0 0->0 0->0 
0->0 0->0 0->0 0->0 0->0 0->0 0->0 0->0 0->0 93->0 97->0 88->13 113->0 127->1 107->42 87->38 100->50 98->63 0->63 0->63 0->58 0->63 0->58 0->30 0->26 0->0 0->0 0->0 0->0 0->0 0->0 0->0 0->0 0->0 0->0 0->0 
0->0 0->0 0->0 0->0 0->0 0->0 0->0 0->0 0->0 108->0 115->0 117->13 132->0 130->1 78->42 171->38 181->50 165->63 0->63 0->63 0->58 0->63 0->58 0->30 0->26 0->0 0->0 0->0 0->0 0->0 0->0 0->0 0->0 0->0 0->0 0->0 
0->0 0->0 0->0 0->0 0->0 0->0 0->0 0->0 0->0 100->0 85->0 154->13 104->0 71->1 173->42 105->38 68->50 167->63 0->63 0->63 0->58 0->63 0->58 0->30 0->26 0->0 0->0 0->0 0->0 0->0 0->0 0->0 0->0 0->0 0->0 0->0 
0->0 0->0 0->0 0->0 0->0 0->0 0->0 0->0 0->0 0->0 0->0 0->13 0->0 0->1 0->42 0->38 0->50 0->63 0->63 0->63 0->58 0->63 0->58 0->30 0->26 0->0 0->0 0->0 0->0 0->0 0->0 0->0 0->0 0->0 0->0 0->0 
0->0 0->0 0->0 0->0 0->0 0->0 0->0 0->0 0->0 0->0 0->0 0->13 93->0 97->1 88->42 113->38 127->50 107->63 87->63 100->63 98->58 0->63 0->58 0->30 0->26 0->0 0->0 0->0 0->0 0->0 0->0 0->0 0->0 0->0 0->0 0->0 
0->0 0->0 0->0 0->0 0->0 0->0 0->0 0->0 0->0 0->0 0->0 0->13 108->0 115->1 117->42 132->38 130->50 78->63 171->63 181->63 165->58 0->63 0->58 0->30 0->26 0->0 0->0 0->0 0->0 0->0 0->0 0->0 0->0 0->0 0->0 0->0 
0->0 0->0 0->0 0->0 0->0 0->0 0->0 0->0 0->0 0->0 0->0 0->13 100->0 85->1 154->42 104->38 71->50 173->63 105->63 68->63 167->58 0->63 0->58 0->30 0->26 0->0 0->0 0->0 0->0 0->0 0->0 0->0 0->0 0->0 0->0 0->0 
0->0 0->0 0->0 0->0 0->0 0->0 0->0 0->0 0->0 0->0 0->0 0->13 0->0 0->1 0->42 0->38 0->50 0->63 0->63 0->63 0->58 0->63 0->58 0->30 0->26 0->0 0->0 0->0 0->0 0->0 0->0 0->0 0->0 0->0 0->0 0->0 
0->0 0->0 0->0 0->0 0->0 0->0 0->0 0->0 0->0 0->0 0->0 0->13 0->0 0->1 0->42 93->38 97->50 88->63 113->63 127->63 107->58 87->63 100->58 98->30 0->26 0->0 0->0 0->0 0->0 0->0 0->0 0->0 0->0 0->0 0->0 0->0 
0->0 0->0 0->0 0->0 0->0 0->0 0->0 0->0 0->0 0->0 0->0 0->13 0->0 0->1 0->42 108->38 115->50 117->63 132->63 130->63 78->58 171->63 181->58 165->30 0->26 0->0 0->0 0->0 0->0 0->0 0->0 0->0 0->0 0->0 0->0 0->0 
0->0 0->0 0->0 0->0 0->0 0->0 0->0 0->0 0->0 0->0 0->0 0->13 0->0 0->1 0->42 100->38 85->50 154->63 104->63 71->63 173->58 105->63 68->58 167->30 0->26 0->0 0->0 0->0 0->0 0->0 0->0 0->0 0->0 0->0 0->0 0->0 
0->0 0->0 0->0 0->0 0->0 0->0 0->0 0->0 0->0 0->0 0->0 0->13 0->0 0->1 0->42 0->38 0->50 0->63 0->63 0->63 0->58 0->63 0->58 0->30 0->26 0->0 0->0 0->0 0->0 0->0 0->0 0->0 0->0 0->0 0->0 0->0 
0->0 0->0 0->0 0->0 0->0 0->0 0->0 0->0 0->0 0->0 0->0 0->13 0->0 0->1 0->42 0->38 0->50 0->63 93->63 97->63 88->58 113->63 127->58 107->30 87->26 100->0 98->0 0->0 0->0 0->0 0->0 0->0 0->0 0->0 0->0 0->0 
0->0 0->0 0->0 0->0 0->0 0->0 0->0 0->0 0->0 0->0 0->0 0->13 0->0 0->1 0->42 0->38 0->50 0->63 108->63 115->63 117->58 132->63 130->58 78->30 171->26 181->0 165->0 0->0 0->0 0->0 0->0 0->0 0->0 0->0 0->0 0->0 
0->0 0->0 0->0 0->0 0->0 0->0 0->0 0->0 0->0 0->0 0->0 0->13 0->0 0->1 0->42 0->38 0->50 0->63 100->63 85->63 154->58 104->63 71->58 173->30 105->26 68->0 167->0 0->0 0->0 0->0 0->0 0->0 0->0 0->0 0->0 0->0 
0->0 0->0 0->0 0->0 0->0 0->0 0->0 0->0 0->0 0->0 0->0 0->13 0->0 0->1 0->42 0->38 0->50 0->63 0->63 0->63 0->58 0->63 0->58 0->30 0->26 0->0 0->0 0->0 0->0 0->0 0->0 0->0 0->0 0->0 0->0 0->0 
0->0 0->0 0->0 0->0 0->0 0->0 0->0 0->0 0->0 0->0 0->0 0->13 0->0 0->1 0->42 0->38 0->50 0->63 0->63 0->63 0->58 93->63 97->58 88->30 113->26 127->0 107->0 87->0 100->0 98->0 0->0 0->0 0->0 0->0 0->0 0->0 
0->0 0->0 0->0 0->0 0->0 0->0 0->0 0->0 0->0 0->0 0->0 0->13 0->0 0->1 0->42 0->38 0->50 0->63 0->63 0->63 0->58 108->63 115->58 117->30 132->26 130->0 78->0 171->0 181->0 165->0 0->0 0->0 0->0 0->0 0->0 0->0 
0->0 0->0 0->0 0->0 0->0 0->0 0->0 0->0 0->0 0->0 0->0 0->13 0->0 0->1 0->42 0->38 0->50 0->63 0->63 0->63 0->58 100->63 85->58 154->30 104->26 71->0 173->0 105->0 68->0 167->0 0->0 0->0 0->0 0->0 0->0 0->0 
0->0 0->0 0->0 0->0 0->0 0->0 0->0 0->0 0->0 0->0 0->0 0->13 0->0 0->1 0->42 0->38 0->50 0->63 0->63 0->63 0->58 0->63 0->58 0->30 0->26 0->0 0->0 0->0 0->0 0->0 0->0 0->0 0->0 0->0 0->0 0->0 

93->26 97->0 88->0 113->0 127->0 107->0 87->0 100->0 98->0 0->0 0->0 0->0 0->0 0->0 0->0 0->0 0->0 0->0 0->0 0->0 0->0 0->0 0->0 0->0 0->0 0->0 0->0 0->0 0->0 0->0 0->0 0->0 0->0 0->0 0->0 0->0 
108->26 115->0 117->0 132->0 130->0 78->0 171->0 181->0 165->0 0->0 0->0 0->0 0->0 0->0 0->0 0->0 0->0 0->0 0->0 0->0 0->0 0->0 0->0 0->0 0->0 0->0 0->0 0->0 0->0 0->0 0->0 0->0 0->0 0->0 0->0 0->0 
100->26 85->0 154->0 104->0 71->0 173->0 105->0 68->0 167->0 0->0 0->0 0->0 0->0 0->0 0->0 0->0 0->0 0->0 0->0 0->0 0->0 0->0 0->0 0->0 0->0 0->0 0->0 0->0 0->0 0->0 0->0 0->0 0->0 0->0 0->0 0->0 
0->26 0->0 0->0 0->0 0->0 0->0 0->0 0->0 0->0 0->0 0->0 0->0 0->0 0->0 0->0 0->0 0->0 0->0 0->0 0->0 0->0 0->0 0->0 0->0 0->0 0->0 0->0 0->0 0->0 0->0 0->0 0->0 0->0 0->0 0->0 0->0 
0->26 0->0 0->0 93->0 97->0 88->0 113->0 127->0 107->0 87->0 100->0 98->0 0->0 0->0 0->0 0->0 0->0 0->0 0->0 0->0 0->0 0->0 0->0 0->0 0->0 0->0 0->0 0->0 0->0 0->0 0->0 0->0 0->0 0->0 0->0 0->0 
0->26 0->0 0->0 108->0 115->0 117->0 132->0 130->0 78->0 171->0 181->0 165->0 0->0 0->0 0->0 0->0 0->0 0->0 0->0 0->0 0->0 0->0 0->0 0->0 0->0 0->0 0->0 0->0 0->0 0->0 0->0 0->0 0->0 0->0 0->0 0->0 
0->26 0->0 0->0 100->0 85->0 154->0 104->0 71->0 173->0 105->0 68->0 167->0 0->0 0->0 0->0 0->0 0->0 0->0 0->0 0->0 0->0 0->0 0->0 0->0 0->0 0->0 0->0 0->0 0->0 0->0 0->0 0->0 0->0 0->0 0->0 0->0 
0->26 0->0 0->0 0->0 0->0 0->0 0->0 0->0 0->0 0->0 0->0 0->0 0->0 0->0 0->0 0->0 0->0 0->0 0->0 0->0 0->0 0->0 0->0 0->0 0->0 0->0 0->0 0->0 0->0 0->0 0->0 0->0 0->0 0->0 0->0 0->0 
0->26 0->0 0->0 0->0 0->0 0->0 93->0 97->0 88->0 113->0 127->0 107->0 87->0 100->0 98->0 0->0 0->0 0->0 0->0 0->0 0->0 0->0 0->0 0->0 0->0 0->0 0->0 0->0 0->0 0->0 0->0 0->0 0->0 0->0 0->0 0->0 
0->26 0->0 0->0 0->0 0->0 0->0 108->0 115->0 117->0 132->0 130->0 78->0 171->0 181->0 165->0 0->0 0->0 0->0 0->0 0->0 0->0 0->0 0->0 0->0 0->0 0->0 0->0 0->0 0->0 0->0 0->0 0->0 0->0 0->0 0->0 0->0 
0->26 0->0 0->0 0->0 0->0 0->0 100->0 85->0 154->0 104->0 71->0 173->0 105->0 68->0 167->0 0->0 0->0 0->0 0->0 0->0 0->0 0->0 0->0 0->0 0->0 0->0 0->0 0->0 0->0 0->0 0->0 0->0 0->0 0->0 0->0 0->0 
0->26 0->0 0->0 0->0 0->0 0->0 0->0 0->0 0->0 0->0 0->0 0->0 0->0 0->0 0->0 0->0 0->0 0->0 0->0 0->0 0->0 0->0 0->0 0->0 0->0 0->0 0->0 0->0 0->0 0->0 0->0 0->0 0->0 0->0 0->0 0->0 
0->26 0->0 0->0 0->0 0->0 0->0 0->0 0->0 0->0 93->0 97->0 88->0 113->0 127->0 107->0 87->0 100->0 98->0 0->0 0->0 0->0 0->0 0->0 0->0 0->0 0->0 0->0 0->0 0->0 0->0 0->0 0->0 0->0 0->0 0->0 0->0 
0->26 0->0 0->0 0->0 0->0 0->0 0->0 0->0 0->0 108->0 115->0 117->0 132->0 130->0 78->0 171->0 181->0 165->0 0->0 0->0 0->0 0->0 0->0 0->0 0->0 0->0 0->0 0->0 0->0 0->0 0->0 0->0 0->0 0->0 0->0 0->0 
0->26 0->0 0->0 0->0 0->0 0->0 0->0 0->0 0->0 100->0 85->0 154->0 104->0 71->0 173->0 105->0 68->0 167->0 0->0 0->0 0->0 0->0 0->0 0->0 0->0 0->0 0->0 0->0 0->0 0->0 0->0 0->0 0->0 0->0 0->0 0->0 
0->26 0->0 0->0 0->0 0->0 0->0 0->0 0->0 0->0 0->0 0->0 0->0 0->0 0->0 0->0 0->0 0->0 0->0 0->0 0->0 0->0 0->0 0->0 0->0 0->0 0->0 0->0 0->0 0->0 0->0 0->0 0->0 0->0 0->0 0->0 0->0 
0->26 0->0 0->0 0->0 0->0 0->0 0->0 0->0 0->0 0->0 0->0 0->0 93->0 97->0 88->0 113->0 127->0 107->0 87->0 100->0 98->0 0->0 0->0 0->0 0->0 0->0 0->0 0->0 0->0 0->0 0->0 0->0 0->0 0->0 0->0 0->0 
0->26 0->0 0->0 0->0 0->0 0->0 0->0 0->0 0->0 0->0 0->0 0->0 108->0 115->0 117->0 132->0 130->0 78->0 171->0 181->0 165->0 0->0 0->0 0->0 0->0 0->0 0->0 0->0 0->0 0->0 0->0 0->0 0->0 0->0 0->0 0->0 
0->26 0->0 0->0 0->0 0->0 0->0 0->0 0->0 0->0 0->0 0->0 0->0 100->0 85->0 154->0 104->0 71->0 173->0 105->0 68->0 167->0 0->0 0->0 0->0 0->0 0->0 0->0 0->0 0->0 0->0 0->0 0->0 0->0 0->0 0->0 0->0 
0->26 0->0 0->0 0->0 0->0 0->0 0->0 0->0 0->0 0->0 0->0 0->0 0->0 0->0 0->0 0->0 0->0 0->0 0->0 0->0 0->0 0->0 0->0 0->0 0->0 0->0 0->0 0->0 0->0 0->0 0->0 0->0 0->0 0->0 0->0 0->0 
0->26 0->0 0->0 0->0 0->0 0->0 0->0 0->0 0->0 0->0 0->0 0->0 0->0 0->0 0->0 93->0 97->0 88->0 113->0 127->0 107->0 87->0 100->0 98->0 0->0 0->0 0->0 0->0 0->0 0->0 0->0 0->0 0->0 0->0 0->0 0->0 
0->26 0->0 0->0 0->0 0->0 0->0 0->0 0->0 0->0 0->0 0->0 0->0 0->0 0->0 0->0 108->0 115->0 117->0 132->0 130->0 78->0 171->0 181->0 165->0 0->0 0->0 0->0 0->0 0->0 0->0 0->0 0->0 0->0 0->0 0->0 0->0 
0->26 0->0 0->0 0->0 0->0 0->0 0->0 0->0 0->0 0->0 0->0 0->0 0->0 0->0 0->0 100->0 85->0 154->0 104->0 71->0 173->0 105->0 68->0 167->0 0->0 0->0 0->0 0->0 0->0 0->0 0->0 0->0 0->0 0->0 0->0 0->0 
0->26 0->0 0->0 0->0 0->0 0->0 0->0 0->0 0->0 0->0 0->0 0->0 0->0 0->0 0->0 0->0 0->0 0->0 0->0 0->0 0->0 0->0 0->0 0->0 0->0 0->0 0->0 0->0 0->0 0->0 0->0 0->0 0->0 0->0 0->0 0->0 
0->26 0->0 0->0 0->0 0->0 0->0 0->0 0->0 0->0 0->0 0->0 0->0 0->0 0->0 0->0 0->0 0->0 0->0 93->0 97->0 88->0 113->0 127->0 107->0 87->0 100->0 98->0 0->0 0->0 0->0 0->0 0->0 0->0 0->0 0->0 0->0 
0->26 0->0 0->0 0->0 0->0 0->0 0->0 0->0 0->0 0->0 0->0 0->0 0->0 0->0 0->0 0->0 0->0 0->0 108->0 115->0 117->0 132->0 130->0 78->0 171->0 181->0 165->0 0->0 0->0 0->0 0->0 0->0 0->0 0->0 0->0 0->0 
0->26 0->0 0->0 0->0 0->0 0->0 0->0 0->0 0->0 0->0 0->0 0->0 0->0 0->0 0->0 0->0 0->0 0->0 100->0 85->0 154->0 104->0 71->0 173->0 105->0 68->0 167->0 0->0 0->0 0->0 0->0 0->0 0->0 0->0 0->0 0->0 
0->26 0->0 0->0 0->0 0->0 0->0 0->0 0->0 0->0 0->0 0->0 0->0 0->0 0->0 0->0 0->0 0->0 0->0 0->0 0->0 0->0 0->0 0->0 0->0 0->0 0->0 0->0 0->0 0->0 0->0 0->0 0->0 0->0 0->0 0->0 0->0 
0->26 0->0 0->0 0->0 0->0 0->0 0->0 0->0 0->0 0->0 0->0 0->0 0->0 0->0 0->0 0->0 0->0 0->0 0->0 0->0 0->0 93->0 97->0 88->0 113->0 127->0 107->0 87->0 100->0 98->0 0->0 0->0 0->0 0->0 0->0 0->0 
0->26 0->0 0->0 0->0 0->0 0->0 0->0 0->0 0->0 0->0 0->0 0->0 0->0 0->0 0->0 0->0 0->0 0->0 0->0 0->0 0->0 108->0 115->0 117->0 132->0 130->0 78->0 171->0 181->0 165->0 0->0 0->0 0->0 0->0 0->0 0->0 
0->26 0->0 0->0 0->0 0->0 0->0 0->0 0->0 0->0 0->0 0->0 0->0 0->0 0->0 0->0 0->0 0->0 0->0 0->0 0->0 0->0 100->0 85->0 154->0 104->0 71->0 173->0 105->0 68->0 167->0 0->0 0->0 0->0 0->0 0->0 0->0 
0->26 0->0 0->0 0->0 0->0 0->0 0->0 0->0 0->0 0->0 0->0 0->0 0->0 0->0 0->0 0->0 0->0 0->0 0->0 0->0 0->0 0->0 0->0 0->0 0->0 0->0 0->0 0->0 0->0 0->0 0->0 0->0 0->0 0->0 0->0 0->0 

93->0 97->0 88->0 113->0 127->0 107->0 87->0 100->0 98->0 0->0 0->0 0->0 0->0 0->0 0->0 0->30 0->15 0->0 0->63 0->61 0->59 0->45 0->63 0->63 0->0 0->32 0->63 0->0 0->0 0->34 0->0 0->0 0->0 0->0 0->0 0->0 
108->0 115->0 117->0 132->0 130->0 78->0 171->0 181->0 165->0 0->0 0->0 0->0 0->0 0->0 0->0 0->30 0->15 0->0 0->63 0->61 0->59 0->45 0->63 0->63 0->0 0->32 0->63 0->0 0->0 0->34 0->0 0->0 0->0 0->0 0->0 0->0 
100->0 85->0 154->0 104->0 71->0 173->0 105->0 68->0 167->0 0->0 0->0 0->0 0->0 0->0 0->0 0->30 0->15 0->0 0->63 0->61 0->59 0->45 0->63 0->63 0->0 0->32 0->63 0->0 0->0 0->34 0->0 0->0 0->0 0->0 0->0 0->0 
0->0 0->0 0->0 0->0 0->0 0->0 0->0 0->0 0->0 0->0 0->0 0->0 0->0 0->0 0->0 0->30 0->15 0->0 0->63 0->61 0->59 0->45 0->63 0->63 0->0 0->32 0->63 0->0 0->0 0->34 0->0 0->0 0->0 0->0 0->0 0->0 
0->0 0->0 0->0 93->0 97->0 88->0 113->0 127->0 107->0 87->0 100->0 98->0 0->0 0->0 0->0 0->30 0->15 0->0 0->63 0->61 0->59 0->45 0->63 0->63 0->0 0->32 0->63 0->0 0->0 0->34 0->0 0->0 0->0 0->0 0->0 0->0 
0->0 0->0 0->0 108->0 115->0 117->0 132->0 130->0 78->0 171->0 181->0 165->0 0->0 0->0 0->0 0->30 0->15 0->0 0->63 0->61 0->59 0->45 0->63 0->63 0->0 0->32 0->63 0->0 0->0 0->34 0->0 0->0 0->0 0->0 0->0 0->0 
0->0 0->0 0->0 100->0 85->0 154->0 104->0 71->0 173->0 105->0 68->0 167->0 0->0 0->0 0->0 0->30 0->15 0->0 0->63 0->61 0->59 0->45 0->63 0->63 0->0 0->32 0->63 0->0 0->0 0->34 0->0 0->0 0->0 0->0 0->0 0->0 
0->0 0->0 0->0 0->0 0->0 0->0 0->0 0->0 0->0 0->0 0->0 0->0 0->0 0->0 0->0 0->30 0->15 0->0 0->63 0->61 0->59 0->45 0->63 0->63 0->0 0->32 0->63 0->0 0->0 0->34 0->0 0->0 0->0 0->0 0->0 0->0 
0->0 0->0 0->0 0->0 0->0 0->0 93->0 97->0 88->0 113->0 127->0 107->0 87->0 100->0 98->0 0->30 0->15 0->0 0->63 0->61 0->59 0->45 0->63 0->63 0->0 0->32 0->63 0->0 0->0 0->34 0->0 0->0 0->0 0->0 0->0 0->0 
0->0 0->0 0->0 0->0 0->0 0->0 108->0 115->0 117->0 132->0 130->0 78->0 171->0 181->0 165->0 0->30 0->15 0->0 0->63 0->61 0->59 0->45 0->63 0->63 0->0 0->32 0->63 0->0 0->0 0->34 0->0 0->0 0->0 0->0 0->0 0->0 
0->0 0->0 0->0 0->0 0->0 0->0 100->0 85->0 154->0 104->0 71->0 173->0 105->0 68->0 167->0 0->30 0->15 0->0 0->63 0->61 0->59 0->45 0->63 0->63 0->0 0->32 0->63 0->0 0->0 0->34 0->0 0->0 0->0 0->0 0->0 0->0 
0->0 0->0 0->0 0->0 0->0 0->0 0->0 0->0 0->0 0->0 0->0 0->0 0->0 0->0 0->0 0->30 0->15 0->0 0->63 0->61 0->59 0->45 0->63 0->63 0->0 0->32 0->63 0->0 0->0 0->34 0->0 0->0 0->0 0->0 0->0 0->0 
0->0 0->0 0->0 0->0 0->0 0->0 0->0 0->0 0->0 93->0 97->0 88->0 113->0 127->0 107->0 87->30 100->15 98->0 0->63 0->61 0->59 0->45 0->63 0->63 0->0 0->32 0->63 0->0 0->0 0->34 0->0 0->0 0->0 0->0 0->0 0->0 
0->0 0->0 0->0 0->0 0->0 0->0 0->0 0->0 0->0 108->0 115->0 117->0 132->0 130->0 78->0 171->30 181->15 165->0 0->63 0->61 0->59 0->45 0->63 0->63 0->0 0->32 0->63 0->0 0->0 0->34 0->0 0->0 0->0 0->0 0->0 0->0 
0->0 0->0 0->0 0->0 0->0 0->0 0->0 0->0 0->0 100->0 85->0 154->0 104->0 71->0 173->0 105->30 68->15 167->0 0->63 0->61 0->59 0->45 0->63 0->63 0->0 0->32 0->63 0->0 0->0 0->34 0->0 0->0 0->0 0->0 0->0 0->0 
0->0 0->0 0->0 0->0 0->0 0->0 0->0 0->0 0->0 0->0 0->0 0->0 0->0 0->0 0->0 0->30 0->15 0->0 0->63 0->61 0->59 0->45 0->63 0->63 0->0 0->32 0->63 0->0 0->0 0->34 0->0 0->0 0->0 0->0 0->0 0->0 
0->0 0->0 0->0 0->0 0->0 0->0 0->0 0->0 0->0 0->0 0->0 0->0 93->0 97->0 88->0 113->30 127->15 107->0 87->63 100->61 98->59 0->45 0->63 0->63 0->0 0->32 0->63 0->0 0->0 0->34 0->0 0->0 0->0 0->0 0->0 0->0 
0->0 0->0 0->0 0->0 0->0 0->0 0->0 0->0 0->0 0->0 0->0 0->0 108->0 115->0 117->0 132->30 130->15 78->0 171->63 181->61 165->59 0->45 0->63 0->63 0->0 0->32 0->63 0->0 0->0 0->34 0->0 0->0 0->0 0->0 0->0 0->0 
0->0 0->0 0->0 0->0 0->0 0->0 0->0 0->0 0->0 0->0 0->0 0->0 100->0 85->0 154->0 104->30 71->15 173->0 105->63 68->61 167->59 0->45 0->63 0->63 0->0 0->32 0->63 0->0 0->0 0->34 0->0 0->0 0->0 0->0 0->0 0->0 
0->0 0->0 0->0 0->0 0->0 0->0 0->0 0->0 0->0 0->0 0->0 0->0 0->0 0->0 0->0 0->30 0->15 0->0 0->63 0->61 0->59 0->45 0->63 0->63 0->0 0->32 0->63 0->0 0->0 0->34 0->0 0->0 0->0 0->0 0->0 0->0 
0->0 0->0 0->0 0->0 0->0 0->0 0->0 0->0 0->0 0->0 0->0 0->0 0->0 0->0 0->0 93->30 97->15 88->0 113->63 127->61 107->59 87->45 100->63 98->63 0->0 0->32 0->63 0->0 0->0 0->34 0->0 0->0 0->0 0->0 0->0 0->0 
0->0 0->0 0->0 0->0 0->0 0->0 0->0 0->0 0->0 0->0 0->0 0->0 0->0 0->0 0->0 108->30 115->15 117->0 132->63 130->61 78->59 171->45 181->63 165->63 0->0 0->32 0->63 0->0 0->0 0->34 0->0 0->0 0->0 0->0 0->0 0->0 
0->0 0->0 0->0 0->0 0->0 0->0 0->0 0->0 0->0 0->0 0->0 0->0 0->0 0->0 0->0 100->30 85->15 154->0 104->63 71->61 173->59 105->45 68->63 167->63 0->0 0->32 0->63 0->0 0->0 0->34 0->0 0->0 0->0 0->0 0->0 0->0 
0->0 0->0 0->0 0->0 0->0 0->0 0->0 0->0 0->0 0->0 0->0 0->0 0->0 0->0 0->0 0->30 0->15 0->0 0->63 0->61 0->59 0->45 0->63 0->63 0->0 0->32 0->63 0->0 0->0 0->34 0->0 0->0 0->0 0->0 0->0 0->0 
0->0 0->0 0->0 0->0 0->0 0->0 0->0 0->0 0->0 0->0 0->0 0->0 0->0 0->0 0->0 0->30 0->15 0->0 93->63 97->61 88->59 113->45 127->63 107->63 87->0 100->32 98->63 0->0 0->0 0->34 0->0 0->0 0->0 0->0 0->0 0->0 
0->0 0->0 0->0 0->0 0->0 0->0 0->0 0->0 0->0 0->0 0->0 0->0 0->0 0->0 0->0 0->30 0->15 0->0 108->63 115->61 117->59 132->45 130->63 78->63 171->0 181->32 165->63 0->0 0->0 0->34 0->0 0->0 0->0 0->0 0->0 0->0 
0->0 0->0 0->0 0->0 0->0 0->0 0->0 0->0 0->0 0->0 0->0 0->0 0->0 0->0 0->0 0->30 0->15 0->0 100->63 85->61 154->59 104->45 71->63 173->63 105->0 68->32 167->63 0->0 0->0 0->34 0->0 0->0 0->0 0->0 0->0 0->0 
0->0 0->0 0->0 0->0 0->0 0->0 0->0 0->0 0->0 0->0 0->0 0->0 0->0 0->0 0->0 0->30 0->15 0->0 0->63 0->61 0->59 0->45 0->63 0->63 0->0 0->32 0->63 0->0 0->0 0->34 0->0 0->0 0->0 0->0 0->0 0->0 
0->0 0->0 0->0 0->0 0->0 0->0 0->0 0->0 0->0 0->0 0->0 0->0 0->0 0->0 0->0 0->30 0->15 0->0 0->63 0->61 0->59 93->45 97->63 88->63 113->0 127->32 107->63 87->0 100->0 98->34 0->0 0->0 0->0 0->0 0->0 0->0 
0->0 0->0 0->0 0->0 0->0 0->0 0->0 0->0 0->0 0->0 0->0 0->0 0->0 0->0 0->0 0->30 0->15 0->0 0->63 0->61 0->59 108->45 115->63 117->63 132->0 130->32 78->63 171->0 181->0 165->34 0->0 0->0 0->0 0->0 0->0 0->0 
0->0 0->0 0->0 0->0 0->0 0->0 0->0 0->0 0->0 0->0 0->0 0->0 0->0 0->0 0->0 0->30 0->15 0->0 0->63 0->61 0->59 100->45 85->63 154->63 104->0 71->32 173->63 105->0 68->0 167->34 0->0 0->0 0->0 0->0 0->0 0->0 
0->0 0->0 0->0 0->0 0->0 0->0 0->0 0->0 0->0 0->0 0->0 0->0 0->0 0->0 0->0 0->30 0->15 0->0 0->63 0->61 0->59 0->45 0->63 0->63 0->0 0->32 0->63 0->0 0->0 0->34 0->0 0->0 0->0 0->0 0->0 0->0 

93->0 97->32 88->63 113->0 127->0 107->34 87->0 100->0 98->0 0->0 0->0 0->0 0->0 0->0 0->0 0->0 0->0 0->0 0->0 0->0 0->0 0->0 0->0 0->0 0->0 0->0 0->0 0->0 0->0 0->0 0->0 0->0 0->0 0->0 0->0 0->0 
108->0 115->32 117->63 132->0 130->0 78->34 171->0 181->0 165->0 0->0 0->0 0->0 0->0 0->0 0->0 0->0 0->0 0->0 0->0 0->0 0->0 0->0 0->0 0->0 0->0 0->0 0->0 0->0 0->0 0->0 0->0 0->0 0->0 0->0 0->0 0->0 
100->0 85->32 154->63 104->0 71->0 173->34 105->0 68->0 167->0 0->0 0->0 0->0 0->0 0->0 0->0 0->0 0->0 0->0 0->0 0->0 0->0 0->0 0->0 0->0 0->0 0->0 0->0 0->0 0->0 0->0 0->0 0->0 0->0 0->0 0->0 0->0 
0->0 0->32 0->63 0->0 0->0 0->34 0->0 0->0 0->0 0->0 0->0 0->0 0->0 0->0 0->0 0->0 0->0 0->0 0->0 0->0 0->0 0->0 0->0 0->0 0->0 0->0 0->0 0->0 0->0 0->0 0->0 0->0 0->0 0->0 0->0 0->0 
0->0 0->32 0->63 93->0 97->0 88->34 113->0 127->0 107->0 87->0 100->0 98->0 0->0 0->0 0->0 0->0 0->0 0->0 0->0 0->0 0->0 0->0 0->0 0->0 0->0 0->0 0->0 0->0 0->0 0->0 0->0 0->0 0->0 0->0 0->0 0->0 
0->0 0->32 0->63 108->0 115->0 117->34 132->0 130->0 78->0 171->0 181->0 165->0 0->0 0->0 0->0 0->0 0->0 0->0 0->0 0->0 0->0 0->0 0->0 0->0 0->0 0->0 0->0 0->0 0->0 0->0 0->0 0->0 0->0 0->0 0->0 0->0 
0->0 0->32 0->63 100->0 85->0 154->34 104->0 71->0 173->0 105->0 68->0 167->0 0->0 0->0 0->0 0->0 0->0 0->0 0->0 0->0 0->0 0->0 0->0 0->0 0->0 0->0 0->0 0->0 0->0 0->0 0->0 0->0 0->0 0->0 0->0 0->0 
0->0 0->32 0->63 0->0 0->0 0->34 0->0 0->0 0->0 0->0 0->0 0->0 0->0 0->0 0->0 0->0 0->0 0->0 0->0 0->0 0->0 0->0 0->0 0->0 0->0 0->0 0->0 0->0 0->0 0->0 0->0 0->0 0->0 0->0 0->0 0->0 
0->0 0->32 0->63 0->0 0->0 0->34 93->0 97->0 88->0 113->0 127->0 107->0 87->0 100->0 98->0 0->0 0->0 0->0 0->0 0->0 0->0 0->0 0->0 0->0 0->0 0->0 0->0 0->0 0->0 0->0 0->0 0->0 0->0 0->0 0->0 0->0 
0->0 0->32 0->63 0->0 0->0 0->34 108->0 115->0 117->0 132->0 130->0 78->0 171->0 181->0 165->0 0->0 0->0 0->0 0->0 0->0 0->0 0->0 0->0 0->0 0->0 0->0 0->0 0->0 0->0 0->0 0->0 0->0 0->0 0->0 0->0 0->0 
0->0 0->32 0->63 0->0 0->0 0->34 100->0 85->0 154->0 104->0 71->0 173->0 105->0 68->0 167->0 0->0 0->0 0->0 0->0 0->0 0->0 0->0 0->0 0->0 0->0 0->0 0->0 0->0 0->0 0->0 0->0 0->0 0->0 0->0 0->0 0->0 
0->0 0->32 0->63 0->0 0->0 0->34 0->0 0->0 0->0 0->0 0->0 0->0 0->0 0->0 0->0 0->0 0->0 0->0 0->0 0->0 0->0 0->0 0->0 0->0 0->0 0->0 0->0 0->0 0->0 0->0 0->0 0->0 0->0 0->0 0->0 0->0 
0->0 0->32 0->63 0->0 0->0 0->34 0->0 0->0 0->0 93->0 97->0 88->0 113->0 127->0 107->0 87->0 100->0 98->0 0->0 0->0 0->0 0->0 0->0 0->0 0->0 0->0 0->0 0->0 0->0 0->0 0->0 0->0 0->0 0->0 0->0 0->0 
0->0 0->32 0->63 0->0 0->0 0->34 0->0 0->0 0->0 108->0 115->0 117->0 132->0 130->0 78->0 171->0 181->0 165->0 0->0 0->0 0->0 0->0 0->0 0->0 0->0 0->0 0->0 0->0 0->0 0->0 0->0 0->0 0->0 0->0 0->0 0->0 
0->0 0->32 0->63 0->0 0->0 0->34 0->0 0->0 0->0 100->0 85->0 154->0 104->0 71->0 173->0 105->0 68->0 167->0 0->0 0->0 0->0 0->0 0->0 0->0 0->0 0->0 0->0 0->0 0->0 0->0 0->0 0->0 0->0 0->0 0->0 0->0 
0->0 0->32 0->63 0->0 0->0 0->34 0->0 0->0 0->0 0->0 0->0 0->0 0->0 0->0 0->0 0->0 0->0 0->0 0->0 0->0 0->0 0->0 0->0 0->0 0->0 0->0 0->0 0->0 0->0 0->0 0->0 0->0 0->0 0->0 0->0 0->0 
0->0 0->32 0->63 0->0 0->0 0->34 0->0 0->0 0->0 0->0 0->0 0->0 93->0 97->0 88->0 113->0 127->0 107->0 87->0 100->0 98->0 0->0 0->0 0->0 0->0 0->0 0->0 0->0 0->0 0->0 0->0 0->0 0->0 0->0 0->0 0->0 
0->0 0->32 0->63 0->0 0->0 0->34 0->0 0->0 0->0 0->0 0->0 0->0 108->0 115->0 117->0 132->0 130->0 78->0 171->0 181->0 165->0 0->0 0->0 0->0 0->0 0->0 0->0 0->0 0->0 0->0 0->0 0->0 0->0 0->0 0->0 0->0 
0->0 0->32 0->63 0->0 0->0 0->34 0->0 0->0 0->0 0->0 0->0 0->0 100->0 85->0 154->0 104->0 71->0 173->0 105->0 68->0 167->0 0->0 0->0 0->0 0->0 0->0 0->0 0->0 0->0 0->0 0->0 0->0 0->0 0->0 0->0 0->0 
0->0 0->32 0->63 0->0 0->0 0->34 0->0 0->0 0->0 0->0 0->0 0->0 0->0 0->0 0->0 0->0 0->0 0->0 0->0 0->0 0->0 0->0 0->0 0->0 0->0 0->0 0->0 0->0 0->0 0->0 0->0 0->0 0->0 0->0 0->0 0->0 
0->0 0->32 0->63 0->0 0->0 0->34 0->0 0->0 0->0 0->0 0->0 0->0 0->0 0->0 0->0 93->0 97->0 88->0 113->0 127->0 107->0 87->0 100->0 98->0 0->0 0->0 0->0 0->0 0->0 0->0 0->0 0->0 0->0 0->0 0->0 0->0 
0->0 0->32 0->63 0->0 0->0 0->34 0->0 0->0 0->0 0->0 0->0 0->0 0->0 0->0 0->0 108->0 115->0 117->0 132->0 130->0 78->0 171->0 181->0 165->0 0->0 0->0 0->0 0->0 0->0 0->0 0->0 0->0 0->0 0->0 0->0 0->0 
0->0 0->32 0->63 0->0 0->0 0->34 0->0 0->0 0->0 0->0 0->0 0->0 0->0 0->0 0->0 100->0 85->0 154->0 104->0 71->0 173->0 105->0 68->0 167->0 0->0 0->0 0->0 0->0 0->0 0->0 0->0 0->0 0->0 0->0 0->0 0->0 
0->0 0->32 0->63 0->0 0->0 0->34 0->0 0->0 0->0 0->0 0->0 0->0 0->0 0->0 0->0 0->0 0->0 0->0 0->0 0->0 0->0 0->0 0->0 0->0 0->0 0->0 0->0 0->0 0->0 0->0 0->0 0->0 0->0 0->0 0->0 0->0 
0->0 0->32 0->63 0->0 0->0 0->34 0->0 0->0 0->0 0->0 0->0 0->0 0->0 0->0 0->0 0->0 0->0 0->0 93->0 97->0 88->0 113->0 127->0 107->0 87->0 100->0 98->0 0->0 0->0 0->0 0->0 0->0 0->0 0->0 0->0 0->0 
0->0 0->32 0->63 0->0 0->0 0->34 0->0 0->0 0->0 0->0 0->0 0->0 0->0 0->0 0->0 0->0 0->0 0->0 108->0 115->0 117->0 132->0 130->0 78->0 171->0 181->0 165->0 0->0 0->0 0->0 0->0 0->0 0->0 0->0 0->0 0->0 
0->0 0->32 0->63 0->0 0->0 0->34 0->0 0->0 0->0 0->0 0->0 0->0 0->0 0->0 0->0 0->0 0->0 0->0 100->0 85->0 154->0 104->0 71->0 173->0 105->0 68->0 167->0 0->0 0->0 0->0 0->0 0->0 0->0 0->0 0->0 0->0 
0->0 0->32 0->63 0->0 0->0 0->34 0->0 0->0 0->0 0->0 0->0 0->0 0->0 0->0 0->0 0->0 0->0 0->0 0->0 0->0 0->0 0->0 0->0 0->0 0->0 0->0 0->0 0->0 0->0 0->0 0->0 0->0 0->0 0->0 0->0 0->0 
0->0 0->32 0->63 0->0 0->0 0->34 0->0 0->0 0->0 0->0 0->0 0->0 0->0 0->0 0->0 0->0 0->0 0->0 0->0 0->0 0->0 93->0 97->0 88->0 113->0 127->0 107->0 87->0 100->0 98->0 0->0 0->0 0->0 0->0 0->0 0->0 
0->0 0->32 0->63 0->0 0->0 0->34 0->0 0->0 0->0 0->0 0->0 0->0 0->0 0->0 0->0 0->0 0->0 0->0 0->0 0->0 0->0 108->0 115->0 117->0 132->0 130->0 78->0 171->0 181->0 165->0 0->0 0->0 0->0 0->0 0->0 0->0 
0->0 0->32 0->63 0->0 0->0 0->34 0->0 0->0 0->0 0->0 0->0 0->0 0->0 0->0 0->0 0->0 0->0 0->0 0->0 0->0 0->0 100->0 85->0 154->0 104->0 71->0 173->0 105->0 68->0 167->0 0->0 0->0 0->0 0->0 0->0 0->0 
0->0 0->32 0->63 0->0 0->0 0->34 0->0 0->0 0->0 0->0 0->0 0->0 0->0 0->0 0->0 0->0 0->0 0->0 0->0 0->0 0->0 0->0 0->0 0->0 0->0 0->0 0->0 0->0 0->0 0->0 0->0 0->0 0->0 0->0 0->0 0->0 

93->0 97->0 88->0 113->0 127->0 107->0 87->0 100->0 98->13 0->0 0->13 0->41 0->1 0->42 0->63 0->50 0->63 0->63 0->63 0->58 0->39 0->58 0->30 0->0 0->0 0->0 0->0 0->0 0->0 0->0 0->0 0->0 0->0 0->0 0->0 0->0 
108->0 115->0 117->0 132->0 130->0 78->0 171->0 181->0 165->13 0->0 0->13 0->41 0->1 0->42 0->63 0->50 0->63 0->63 0->63 0->58 0->39 0->58 0->30 0->0 0->0 0->0 0->0 0->0 0->0 0->0 0->0 0->0 0->0 0->0 0->0 0->0 
100->0 85->0 154->0 104->0 71->0 173->0 105->0 68->0 167->13 0->0 0->13 0->41 0->1 0->42 0->63 0->50 0->63 0->63 0->63 0->58 0->39 0->58 0->30 0->0 0->0 0->0 0->0 0->0 0->0 0->0 0->0 0->0 0->0 0->0 0->0 0->0 
0->0 0->0 0->0 0->0 0->0 0->0 0->0 0->0 0->13 0->0 0->13 0->41 0->1 0->42 0->63 0->50 0->63 0->63 0->63 0->58 0->39 0->58 0->30 0->0 0->0 0->0 0->0 0->0 0->0 0->0 0->0 0->0 0->0 0->0 0->0 0->0 
0->0 0->0 0->0 93->0 97->0 88->0 113->0 127->0 107->13 87->0 100->13 98->41 0->1 0->42 0->63 0->50 0->63 0->63 0->63 0->58 0->39 0->58 0->30 0->0 0->0 0->0 0->0 0->0 0->0 0->0 0->0 0->0 0->0 0->0 0->0 0->0 
0->0 0->0 0->0 108->0 115->0 117->0 132->0 130->0 78->13 171->0 181->13 165->41 0->1 0->42 0->63 0->50 0->63 0->63 0->63 0->58 0->39 0->58 0->30 0->0 0->0 0->0 0->0 0->0 0->0 0->0 0->0 0->0 0->0 0->0 0->0 0->0 
0->0 0->0 0->0 100->0 85->0 154->0 104->0 71->0 173->13 105->0 68->13 167->41 0->1 0->42 0->63 0->50 0->63 0->63 0->63 0->58 0->39 0->58 0->30 0->0 0->0 0->0 0->0 0->0 0->0 0->0 0->0 0->0 0->0 0->0 0->0 0->0 
0->0 0->0 0->0 0->0 0->0 0->0 0->0 0->0 0->13 0->0 0->13 0->41 0->1 0->42 0->63 0->50 0->63 0->63 0->63 0->58 0->39 0->58 0->30 0->0 0->0 0->0 0->0 0->0 0->0 0->0 0->0 0->0 0->0 0->0 0->0 0->0 
0->0 0->0 0->0 0->0 0->0 0->0 93->0 97->0 88->13 113->0 127->13 107->41 87->1 100->42 98->63 0->50 0->63 0->63 0->63 0->58 0->39 0->58 0->30 0->0 0->0 0->0 0->0 0->0 0->0 0->0 0->0 0->0 0->0 0->0 0->0 0->0 
0->0 0->0 0->0 0->0 0->0 0->0 108->0 115->0 117->13 132->0 130->13 78->41 171->1 181->42 165->63 0->50 0->63 0->63 0->63 0->58 0->39 0->58 0->30 0->0 0->0 0->0 0->0 0->0 0->0 0->0 0->0 0->0 0->0 0->0 0->0 0->0 
0->0 0->0 0->0 0->0 0->0 0->0 100->0 85->0 154->13 104->0 71->13 173->41 105->1 68->42 167->63 0->50 0->63 0->63 0->63 0->58 0->39 0->58 0->30 0->0 0->0 0->0 0->0 0->0 0->0 0->0 0->0 0->0 0->0 0->0 0->0 0->0 
0->0 0->0 0->0 0->0 0->0 0->0 0->0 0->0 0->13 0->0 0->13 0->41 0->1 0->42 0->63 0->50 0->63 0->63 0->63 0->58 0->39 0->58 0->30 0->0 0->0 0->0 0->0 0->0 0->0 0->0 0->0 0->0 0->0 0->0 0->0 0->0 
0->0 0->0 0->0 0->0 0->0 0->0 0->0 0->0 0->13 93->0 97->13 88->41 113->1 127->42 107->63 87->50 100->63 98->63 0->63 0->58 0->39 0->58 0->30 0->0 0->0 0->0 0->0 0->0 0->0 0->0 0->0 0->0 0->0 0->0 0->0 0->0 
0->0 0->0 0->0 0->0 0->0 0->0 0->0 0->0 0->13 108->0 115->13 117->41 132->1 130->42 78->63 171->50 181->63 165->63 0->63 0->58 0->39 0->58 0->30 0->0 0->0 0->0 0->0 0->0 0->0 0->0 0->0 0->0 0->0 0->0 0->0 0->0 
0->0 0->0 0->0 0->0 0->0 0->0 0->0 0->0 0->13 100->0 85->13 154->41 104->1 71->42 173->63 105->50 68->63 167->63 0->63 0->58 0->39 0->58 0->30 0->0 0->0 0->0 0->0 0->0 0->0 0->0 0->0 0->0 0->0 0->0 0->0 0->0 
0->0 0->0 0->0 0->0 0->0 0->0 0->0 0->0 0->13 0->0 0->13 0->41 0->1 0->42 0->63 0->50 0->63 0->63 0->63 0->58 0->39 0->58 0->30 0->0 0->0 0->0 0->0 0->0 0->0 0->0 0->0 0->0 0->0 0->0 0->0 0->0 
0->0 0->0 0->0 0->0 0->0 0->0 0->0 0->0 0->13 0->0 0->13 0->41 93->1 97->42 88->63 113->50 127->63 107->63 87->63 100->58 98->39 0->58 0->30 0->0 0->0 0->0 0->0 0->0 0->0 0->0 0->0 0->0 0->0 0->0 0->0 0->0 
0->0 0->0 0->0 0->0 0->0 0->0 0->0 0->0 0->13 0->0 0->13 0->41 108->1 115->42 117->63 132->50 130->63 78->63 171->63 181->58 165->39 0->58 0->30 0->0 0->0 0->0 0->0 0->0 0->0 0->0 0->0 0->0 0->0 0->0 0->0 0->0 
0->0 0->0 0->0 0->0 0->0 0->0 0->0 0->0 0->13 0->0 0->13 0->41 100->1 85->42 154->63 104->50 71->63 173->63 105->63 68->58 167->39 0->58 0->30 0->0 0->0 0->0 0->0 0->0 0->0 0->0 0->0 0->0 0->0 0->0 0->0 0->0 
0->0 0->0 0->0 0->0 0->0 0->0 0->0 0->0 0->13 0->0 0->13 0->41 0->1 0->42 0->63 0->50 0->63 0->63 0->63 0->58 0->39 0->58 0->30 0->0 0->0 0->0 0->0 0->0 0->0 0->0 0->0 0->0 0->0 0->0 0->0 0->0 
0->0 0->0 0->0 0->0 0->0 0->0 0->0 0->0 0->13 0->0 0->13 0->41 0->1 0->42 0->63 93->50 97->63 88->63 113->63 127->58 107->39 87->58 100->30 98->0 0->0 0->0 0->0 0->0 0->0 0->0 0->0 0->0 0->0 0->0 0->0 0->0 
0->0 0->0 0->0 0->0 0->0 0->0 0->0 0->0 0->13 0->0 0->13 0->41 0->1 0->42 0->63 108->50 115->63 117->63 132->63 130->58 78->39 171->58 181->30 165->0 0->0 0->0 0->0 0->0 0->0 0->0 0->0 0->0 0->0 0->0 0->0 0->0 
0->0 0->0 0->0 0->0 0->0 0->0 0->0 0->0 0->13 0->0 0->13 0->41 0->1 0->42 0->63 100->50 85->63 154->63 104->63 71->58 173->39 105->58 68->30 167->0 0->0 0->0 0->0 0->0 0->0 0->0 0->0 0->0 0->0 0->0 0->0 0->0 
0->0 0->0 0->0 0->0 0->0 0->0 0->0 0->0 0->13 0->0 0->13 0->41 0->1 0->42 0->63 0->50 0->63 0->63 0->63 0->58 0->39 0->58 0->30 0->0 0->0 0->0 0->0 0->0 0->0 0->0 0->0 0->0 0->0 0->0 0->0 0->0 
0->0 0->0 0->0 0->0 0->0 0->0 0->0 0->0 0->13 0->0 0->13 0->41 0->1 0->42 0->63 0->50 0->63 0->63 93->63 97->58 88->39 113->58 127->30 107->0 87->0 100->0 98->0 0->0 0->0 0->0 0->0 0->0 0->0 0->0 0->0 0->0 
0->0 0->0 0->0 0->0 0->0 0->0 0->0 0->0 0->13 0->0 0->13 0->41 0->1 0->42 0->63 0->50 0->63 0->63 108->63 115->58 117->39 132->58 130->30 78->0 171->0 181->0 165->0 0->0 0->0 0->0 0->0 0->0 0->0 0->0 0->0 0->0 
0->0 0->0 0->0 0->0 0->0 0->0 0->0 0->0 0->13 0->0 0->13 0->41 0->1 0->42 0->63 0->50 0->63 0->63 100->63 85->58 154->39 104->58 71->30 173->0 105->0 68->0 167->0 0->0 0->0 0->0 0->0 0->0 0->0 0->0 0->0 0->0 
0->0 0->0 0->0 0->0 0->0 0->0 0->0 0->0 0->13 0->0 0->13 0->41 0->1 0->42 0->63 0->50 0->63 0->63 0->63 0->58 0->39 0->58 0->30 0->0 0->0 0->0 0->0 0->0 0->0 0->0 0->0 0->0 0->0 0->0 0->0 0->0 
0->0 0->0 0->0 0->0 0->0 0->0 0->0 0->0 0->13 0->0 0->13 0->41 0->1 0->42 0->63 0->50 0->63 0->63 0->63 0->58 0->39 93->58 97->30 88->0 113->0 127->0 107->0 87->0 100->0 98->0 0->0 0->0 0->0 0->0 0->0 0->0 
0->0 0->0 0->0 0->0 0->0 0->0 0->0 0->0 0->13 0->0 0->13 0->41 0->1 0->42 0->63 0->50 0->63 0->63 0->63 0->58 0->39 108->58 115->30 117->0 132->0 130->0 78->0 171->0 181->0 165->0 0->0 0->0 0->0 0->0 0->0 0->0 
0->0 0->0 0->0 0->0 0->0 0->0 0->0 0->0 0->13 0->0 0->13 0->41 0->1 0->42 0->63 0->50 0->63 0->63 0->63 0->58 0->39 100->58 85->30 154->0 104->0 71->0 173->0 105->0 68->0 167->0 0->0 0->0 0->0 0->0 0->0 0->0 
0->0 0->0 0->0 0->0 0->0 0->0 0->0 0->0 0->13 0->0 0->13 0->41 0->1 0->42 0->63 0->50 0->63 0->63 0->63 0->58 0->39 0->58 0->30 0->0 0->0 0->0 0->0 0->0 0->0 0->0 0->0 0->0 0->0 0->0 0->0 0->0 

93->0 97->0 88->0 113->0 127->0 107->0 87->0 100->0 98->0 0->0 0->0 0->0 0->0 0->0 0->0 0->0 0->0 0->0 0->0 0->0 0->0 0->0 0->0 0->0 0->0 0->0 0->0 0->0 0->0 0->0 0->0 0->0 0->0 0->0 0->0 0->0 
108->0 115->0 117->0 132->0 130->0 78->0 171->0 181->0 165->0 0->0 0->0 0->0 0->0 0->0 0->0 0->0 0->0 0->0 0->0 0->0 0->0 0->0 0->0 0->0 0->0 0->0 0->0 0->0 0->0 0->0 0->0 0->0 0->0 0->0 0->0 0->0 
100->0 85->0 154->0 104->0 71->0 173->0 105->0 68->0 167->0 0->0 0->0 0->0 0->0 0->0 0->0 0->0 0->0 0->0 0->0 0->0 0->0 0->0 0->0 0->0 0->0 0->0 0->0 0->0 0->0 0->0 0->0 0->0 0->0 0->0 0->0 0->0 
0->0 0->0 0->0 0->0 0->0 0->0 0->0 0->0 0->0 0->0 0->0 0->0 0->0 0->0 0->0 0->0 0->0 0->0 0->0 0->0 0->0 0->0 0->0 0->0 0->0 0->0 0->0 0->0 0->0 0->0 0->0 0->0 0->0 0->0 0->0 0->0 
0->0 0->0 0->0 93->0 97->0 88->0 113->0 127->0 107->0 87->0 100->0 98->0 0->0 0->0 0->0 0->0 0->0 0->0 0->0 0->0 0->0 0->0 0->0 0->0 0->0 0->0 0->0 0->0 0->0 0->0 0->0 0->0 0->0 0->0 0->0 0->0 
0->0 0->0 0->0 108->0 115->0 117->0 132->0 130->0 78->0 171->0 181->0 165->0 0->0 0->0 0->0 0->0 0->0 0->0 0->0 0->0 0->0 0->0 0->0 0->0 0->0 0->0 0->0 0->0 0->0 0->0 0->0 0->0 0->0 0->0 0->0 0->0 
0->0 0->0 0->0 100->0 85->0 154->0 104->0 71->0 173->0 105->0 68->0 167->0 0->0 0->0 0->0 0->0 0->0 0->0 0->0 0->0 0->0 0->0 0->0 0->0 0->0 0->0 0->0 0->0 0->0 0->0 0->0 0->0 0->0 0->0 0->0 0->0 
0->0 0->0 0->0 0->0 0->0 0->0 0->0 0->0 0->0 0->0 0->0 0->0 0->0 0->0 0->0 0->0 0->0 0->0 0->0 0->0 0->0 0->0 0->0 0->0 0->0 0->0 0->0 0->0 0->0 0->0 0->0 0->0 0->0 0->0 0->0 0->0 
0->0 0->0 0->0 0->0 0->0 0->0 93->0 97->0 88->0 113->0 127->0 107->0 87->0 100->0 98->0 0->0 0->0 0->0 0->0 0->0 0->0 0->0 0->0 0->0 0->0 0->0 0->0 0->0 0->0 0->0 0->0 0->0 0->0 0->0 0->0 0->0 
0->0 0->0 0->0 0->0 0->0 0->0 108->0 115->0 117->0 132->0 130->0 78->0 171->0 181->0 165->0 0->0 0->0 0->0 0->0 0->0 0->0 0->0 0->0 0->0 0->0 0->0 0->0 0->0 0->0 0->0 0->0 0->0 0->0 0->0 0->0 0->0 
0->0 0->0 0->0 0->0 0->0 0->0 100->0 85->0 154->0 104->0 71->0 173->0 105->0 68->0 167->0 0->0 0->0 0->0 0->0 0->0 0->0 0->0 0->0 0->0 0->0 0->0 0->0 0->0 0->0 0->0 0->0 0->0 0->0 0->0 0->0 0->0 
0->0 0->0 0->0 0->0 0->0 0->0 0->0 0->0 0->0 0->0 0->0 0->0 0->0 0->0 0->0 0->0 0->0 0->0 0->0 0->0 0->0 0->0 0->0 0->0 0->0 0->0 0->0 0->0 0->0 0->0 0->0 0->0 0->0 0->0 0->0 0->0 
0->0 0->0 0->0 0->0 0->0 0->0 0->0 0->0 0->0 93->0 97->0 88->0 113->0 127->0 107->0 87->0 100->0 98->0 0->0 0->0 0->0 0->0 0->0 0->0 0->0 0->0 0->0 0->0 0->0 0->0 0->0 0->0 0->0 0->0 0->0 0->0 
0->0 0->0 0->0 0->0 0->0 0->0 0->0 0->0 0->0 108->0 115->0 117->0 132->0 130->0 78->0 171->0 181->0 165->0 0->0 0->0 0->0 0->0 0->0 0->0 0->0 0->0 0->0 0->0 0->0 0->0 0->0 0->0 0->0 0->0 0->0 0->0 
0->0 0->0 0->0 0->0 0->0 0->0 0->0 0->0 0->0 100->0 85->0 154->0 104->0 71->0 173->0 105->0 68->0 167->0 0->0 0->0 0->0 0->0 0->0 0->0 0->0 0->0 0->0 0->0 0->0 0->0 0->0 0->0 0->0 0->0 0->0 0->0 
0->0 0->0 0->0 0->0 0->0 0->0 0->0 0->0 0->0 0->0 0->0 0->0 0->0 0->0 0->0 0->0 0->0 0->0 0->0 0->0 0->0 0->0 0->0 0->0 0->0 0->0 0->0 0->0 0->0 0->0 0->0 0->0 0->0 0->0 0->0 0->0 
0->0 0->0 0->0 0->0 0->0 0->0 0->0 0->0 0->0 0->0 0->0 0->0 93->0 97->0 88->0 113->0 127->0 107->0 87->0 100->0 98->0 0->0 0->0 0->0 0->0 0->0 0->0 0->0 0->0 0->0 0->0 0->0 0->0 0->0 0->0 0->0 
0->0 0->0 0->0 0->0 0->0 0->0 0->0 0->0 0->0 0->0 0->0 0->0 108->0 115->0 117->0 132->0 130->0 78->0 171->0 181->0 165->0 0->0 0->0 0->0 0->0 0->0 0->0 0->0 0->0 0->0 0->0 0->0 0->0 0->0 0->0 0->0 
0->0 0->0 0->0 0->0 0->0 0->0 0->0 0->0 0->0 0->0 0->0 0->0 100->0 85->0 154->0 104->0 71->0 173->0 105->0 68->0 167->0 0->0 0->0 0->0 0->0 0->0 0->0 0->0 0->0 0->0 0->0 0->0 0->0 0->0 0->0 0->0 
0->0 0->0 0->0 0->0 0->0 0->0 0->0 0->0 0->0 0->0 0->0 0->0 0->0 0->0 0->0 0->0 0->0 0->0 0->0 0->0 0->0 0->0 0->0 0->0 0->0 0->0 0->0 0->0 0->0 0->0 0->0 0->0 0->0 0->0 0->0 0->0 
0->0 0->0 0->0 0->0 0->0 0->0 0->0 0->0 0->0 0->0 0->0 0->0 0->0 0->0 0->0 93->0 97->0 88->0 113->0 127->0 107->0 87->0 100->0 98->0 0->0 0->0 0->0 0->0 0->0 0->0 0->0 0->0 0->0 0->0 0->0 0->0 
0->0 0->0 0->0 0->0 0->0 0->0 0->0 0->0 0->0 0->0 0->0 0->0 0->0 0->0 0->0 108->0 115->0 117->0 132->0 130->0 78->0 171->0 181->0 165->0 0->0 0->0 0->0 0->0 0->0 0->0 0->0 0->0 0->0 0->0 0->0 0->0 
0->0 0->0 0->0 0->0 0->0 0->0 0->0 0->0 0->0 0->0 0->0 0->0 0->0 0->0 0->0 100->0 85->0 154->0 104->0 71->0 173->0 105->0 68->0 167->0 0->0 0->0 0->0 0->0 0->0 0->0 0->0 0->0 0->0 0->0 0->0 0->0 
0->0 0->0 0->0 0->0 0->0 0->0 0->0 0->0 0->0 0->0 0->0 0->0 0->0 0->0 0->0 0->0 0->0 0->0 0->0 0->0 0->0 0->0 0->0 0->0 0->0 0->0 0->0 0->0 0->0 0->0 0->0 0->0 0->0 0->0 0->0 0->0 
0->0 0->0 0->0 0->0 0->0 0->0 0->0 0->0 0->0 0->0 0->0 0->0 0->0 0->0 0->0 0->0 0->0 0->0 93->0 97->0 88->0 113->0 127->0 107->0 87->0 100->0 98->0 0->0 0->0 0->0 0->0 0->0 0->0 0->0 0->0 0->0 
0->0 0->0 0->0 0->0 0->0 0->0 0->0 0->0 0->0 0->0 0->0 0->0 0->0 0->0 0->0 0->0 0->0 0->0 108->0 115->0 117->0 132->0 130->0 78->0 171->0 181->0 165->0 0->0 0->0 0->0 0->0 0->0 0->0 0->0 0->0 0->0 
0->0 0->0 0->0 0->0 0->0 0->0 0->0 0->0 0->0 0->0 0->0 0->0 0->0 0->0 0->0 0->0 0->0 0->0 100->0 85->0 154->0 104->0 71->0 173->0 105->0 68->0 167->0 0->0 0->0 0->0 0->0 0->0 0->0 0->0 0->0 0->0 
0->0 0->0 0->0 0->0 0->0 0->0 0->0 0->0 0->0 0->0 0->0 0->0 0->0 0->0 0->0 0->0 0->0 0->0 0->0 0->0 0->0 0->0 0->0 0->0 0->0 0->0 0->0 0->0 0->0 0->0 0->0 0->0 0->0 0->0 0->0 0->0 
0->0 0->0 0->0 0->0 0->0 0->0 0->0 0->0 0->0 0->0 0->0 0->0 0->0 0->0 0->0 0->0 0->0 0->0 0->0 0->0 0->0 93->0 97->0 88->0 113->0 127->0 107->0 87->0 100->0 98->0 0->0 0->0 0->0 0->0 0->0 0->0 
0->0 0->0 0->0 0->0 0->0 0->0 0->0 0->0 0->0 0->0 0->0 0->0 0->0 0->0 0->0 0->0 0->0 0->0 0->0 0->0 0->0 108->0 115->0 117->0 132->0 130->0 78->0 171->0 181->0 165->0 0->0 0->0 0->0 0->0 0->0 0->0 
0->0 0->0 0->0 0->0 0->0 0->0 0->0 0->0 0->0 0->0 0->0 0->0 0->0 0->0 0->0 0->0 0->0 0->0 0->0 0->0 0->0 100->0 85->0 154->0 104->0 71->0 173->0 105->0 68->0 167->0 0->0 0->0 0->0 0->0 0->0 0->0 
0->0 0->0 0->0 0->0 0->0 0->0 0->0 0->0 0->0 0->0 0->0 0->0 0->0 0->0 0->0 0->0 0->0 0->0 0->0 0->0 0->0 0->0 0->0 0->0 0->0 0->0 0->0 0->0 0->0 0->0 0->0 0->0 0->0 0->0 0->0 0->0 

93->0 97->0 88->0 113->0 127->0 107->0 87->0 100->0 98->0 0->0 0->0 0->0 0->0 0->0 0->0 0->15 0->0 0->0 0->61 0->59 0->21 0->63 0->63 0->60 0->32 0->63 0->63 0->0 0->34 0->62 0->0 0->0 0->0 0->0 0->0 0->0 
108->0 115->0 117->0 132->0 130->0 78->0 171->0 181->0 165->0 0->0 0->0 0->0 0->0 0->0 0->0 0->15 0->0 0->0 0->61 0->59 0->21 0->63 0->63 0->60 0->32 0->63 0->63 0->0 0->34 0->62 0->0 0->0 0->0 0->0 0->0 0->0 
100->0 85->0 154->0 104->0 71->0 173->0 105->0 68->0 167->0 0->0 0->0 0->0 0->0 0->0 0->0 0->15 0->0 0->0 0->61 0->59 0->21 0->63 0->63 0->60 0->32 0->63 0->63 0->0 0->34 0->62 0->0 0->0 0->0 0->0 0->0 0->0 
0->0 0->0 0->0 0->0 0->0 0->0 0->0 0->0 0->0 0->0 0->0 0->0 0->0 0->0 0->0 0->15 0->0 0->0 0->61 0->59 0->21 0->63 0->63 0->60 0->32 0->63 0->63 0->0 0->34 0->62 0->0 0->0 0->0 0->0 0->0 0->0 
0->0 0->0 0->0 93->0 97->0 88->0 113->0 127->0 107->0 87->0 100->0 98->0 0->0 0->0 0->0 0->15 0->0 0->0 0->61 0->59 0->21 0->63 0->63 0->60 0->32 0->63 0->63 0->0 0->34 0->62 0->0 0->0 0->0 0->0 0->0 0->0 
0->0 0->0 0->0 108->0 115->0 117->0 132->0 130->0 78->0 171->0 181->0 165->0 0->0 0->0 0->0 0->15 0->0 0->0 0->61 0->59 0->21 0->63 0->63 0->60 0->32 0->63 0->63 0->0 0->34 0->62 0->0 0->0 0->0 0->0 0->0 0->0 
0->0 0->0 0->0 100->0 85->0 154->0 104->0 71->0 173->0 105->0 68->0 167->0 0->0 0->0 0->0 0->15 0->0 0->0 0->61 0->59 0->21 0->63 0->63 0->60 0->32 0->63 0->63 0->0 0->34 0->62 0->0 0->0 0->0 0->0 0->0 0->0 
0->0 0->0 0->0 0->0 0->0 0->0 0->0 0->0 0->0 0->0 0->0 0->0 0->0 0->0 0->0 0->15 0->0 0->0 0->61 0->59 0->21 0->63 0->63 0->60 0->32 0->63 0->63 0->0 0->34 0->62 0->0 0->0 0->0 0->0 0->0 0->0 
0->0 0->0 0->0 0->0 0->0 0->0 93->0 97->0 88->0 113->0 127->0 107->0 87->0 100->0 98->0 0->15 0->0 0->0 0->61 0->59 0->21 0->63 0->63 0->60 0->32 0->63 0->63 0->0 0->34 0->62 0->0 0->0 0->0 0->0 0->0 0->0 
0->0 0->0 0->0 0->0 0->0 0->0 108->0 115->0 117->0 132->0 130->0 78->0 171->0 181->0 165->0 0->15 0->0 0->0 0->61 0->59 0->21 0->63 0->63 0->60 0->32 0->63 0->63 0->0 0->34 0->62 0->0 0->0 0->0 0->0 0->0 0->0 
0->0 0->0 0->0 0->0 0->0 0->0 100->0 85->0 154->0 104->0 71->0 173->0 105->0 68->0 167->0 0->15 0->0 0->0 0->61 0->59 0->21 0->63 0->63 0->60 0->32 0->63 0->63 0->0 0->34 0->62 0->0 0->0 0->0 0->0 0->0 0->0 
0->0 0->0 0->0 0->0 0->0 0->0 0->0 0->0 0->0 0->0 0->0 0->0 0->0 0->0 0->0 0->15 0->0 0->0 0->61 0->59 0->21 0->63 0->63 0->60 0->32 0->63 0->63 0->0 0->34 0->62 0->0 0->0 0->0 0->0 0->0 0->0 
0->0 0->0 0->0 0->0 0->0 0->0 0->0 0->0 0->0 93->0 97->0 88->0 113->0 127->0 107->0 87->15 100->0 98->0 0->61 0->59 0->21 0->63 0->63 0->60 0->32 0->63 0->63 0->0 0->34 0->62 0->0 0->0 0->0 0->0 0->0 0->0 
0->0 0->0 0->0 0->0 0->0 0->0 0->0 0->0 0->0 108->0 115->0 117->0 132->0 130->0 78->0 171->15 181->0 165->0 0->61 0->59 0->21 0->63 0->63 0->60 0->32 0->63 0->63 0->0 0->34 0->62 0->0 0->0 0->0 0->0 0->0 0->0 
0->0 0->0 0->0 0->0 0->0 0->0 0->0 0->0 0->0 100->0 85->0 154->0 104->0 71->0 173->0 105->15 68->0 167->0 0->61 0->59 0->21 0->63 0->63 0->60 0->32 0->63 0->63 0->0 0->34 0->62 0->0 0->0 0->0 0->0 0->0 0->0 
0->0 0->0 0->0 0->0 0->0 0->0 0->0 0->0 0->0 0->0 0->0 0->0 0->0 0->0 0->0 0->15 0->0 0->0 0->61 0->59 0->21 0->63 0->63 0->60 0->32 0->63 0->63 0->0 0->34 0->62 0->0 0->0 0->0 0->0 0->0 0->0 
0->0 0->0 0->0 0->0 0->0 0->0 0->0 0->0 0->0 0->0 0->0 0->0 93->0 97->0 88->0 113->15 127->0 107->0 87->61 100->59 98->21 0->63 0->63 0->60 0->32 0->63 0->63 0->0 0->34 0->62 0->0 0->0 0->0 0->0 0->0 0->0 
0->0 0->0 0->0 0->0 0->0 0->0 0->0 0->0 0->0 0->0 0->0 0->0 108->0 115->0 117->0 132->15 130->0 78->0 171->61 181->59 165->21 0->63 0->63 0->60 0->32 0->63 0->63 0->0 0->34 0->62 0->0 0->0 0->0 0->0 0->0 0->0 
0->0 0->0 0->0 0->0 0->0 0->0 0->0 0->0 0->0 0->0 0->0 0->0 100->0 85->0 154->0 104->15 71->0 173->0 105->61 68->59 167->21 0->63 0->63 0->60 0->32 0->63 0->63 0->0 0->34 0->62 0->0 0->0 0->0 0->0 0->0 0->0 
0->0 0->0 0->0 0->0 0->0 0->0 0->0 0->0 0->0 0->0 0->0 0->0 0->0 0->0 0->0 0->15 0->0 0->0 0->61 0->59 0->21 0->63 0->63 0->60 0->32 0->63 0->63 0->0 0->34 0->62 0->0 0->0 0->0 0->0 0->0 0->0 
0->0 0->0 0->0 0->0 0->0 0->0 0->0 0->0 0->0 0->0 0->0 0->0 0->0 0->0 0->0 93->15 97->0 88->0 113->61 127->59 107->21 87->63 100->63 98->60 0->32 0->63 0->63 0->0 0->34 0->62 0->0 0->0 0->0 0->0 0->0 0->0 
0->0 0->0 0->0 0->0 0->0 0->0 0->0 0->0 0->0 0->0 0->0 0->0 0->0 0->0 0->0 108->15 115->0 117->0 132->61 130->59 78->21 171->63 181->63 165->60 0->32 0->63 0->63 0->0 0->34 0->62 0->0 0->0 0->0 0->0 0->0 0->0 
0->0 0->0 0->0 0->0 0->0 0->0 0->0 0->0 0->0 0->0 0->0 0->0 0->0 0->0 0->0 100->15 85->0 154->0 104->61 71->59 173->21 105->63 68->63 167->60 0->32 0->63 0->63 0->0 0->34 0->62 0->0 0->0 0->0 0->0 0->0 0->0 
0->0 0->0 0->0 0->0 0->0 0->0 0->0 0->0 0->0 0->0 0->0 0->0 0->0 0->0 0->0 0->15 0->0 0->0 0->61 0->59 0->21 0->63 0->63 0->60 0->32 0->63 0->63 0->0 0->34 0->62 0->0 0->0 0->0 0->0 0->0 0->0 
0->0 0->0 0->0 0->0 0->0 0->0 0->0 0->0 0->0 0->0 0->0 0->0 0->0 0->0 0->0 0->15 0->0 0->0 93->61 97->59 88->21 113->63 127->63 107->60 87->32 100->63 98->63 0->0 0->34 0->62 0->0 0->0 0->0 0->0 0->0 0->0 
0->0 0->0 0->0 0->0 0->0 0->0 0->0 0->0 0->0 0->0 0->0 0->0 0->0 0->0 0->0 0->15 0->0 0->0 108->61 115->59 117->21 132->63 130->63 78->60 171->32 181->63 165->63 0->0 0->34 0->62 0->0 0->0 0->0 0->0 0->0 0->0 
0->0 0->0 0->0 0->0 0->0 0->0 0->0 0->0 0->0 0->0 0->0 0->0 0->0 0->0 0->0 0->15 0->0 0->0 100->61 85->59 154->21 104->63 71->63 173->60 105->32 68->63 167->63 0->0 0->34 0->62 0->0 0->0 0->0 0->0 0->0 0->0 
0->0 0->0 0->0 0->0 0->0 0->0 0->0 0->0 0->0 0->0 0->0 0->0 0->0 0->0 0->0 0->15 0->0 0->0 0->61 0->59 0->21 0->63 0->63 0->60 0->32 0->63 0->63 0->0 0->34 0->62 0->0 0->0 0->0 0->0 0->0 0->0 
0->0 0->0 0->0 0->0 0->0 0->0 0->0 0->0 0->0 0->0 0->0 0->0 0->0 0->0 0->0 0->15 0->0 0->0 0->61 0->59 0->21 93->63 97->63 88->60 113->32 127->63 107->63 87->0 100->34 98->62 0->0 0->0 0->0 0->0 0->0 0->0 
0->0 0->0 0->0 0->0 0->0 0->0 0->0 0->0 0->0 0->0 0->0 0->0 0->0 0->0 0->0 0->15 0->0 0->0 0->61 0->59 0->21 108->63 115->63 117->60 132->32 130->63 78->63 171->0 181->34 165->62 0->0 0->0 0->0 0->0 0->0 0->0 
0->0 0->0 0->0 0->0 0->0 0->0 0->0 0->0 0->0 0->0 0->0 0->0 0->0 0->0 0->0 0->15 0->0 0->0 0->61 0->59 0->21 100->63 85->63 154->60 104->32 71->63 173->63 105->0 68->34 167->62 0->0 0->0 0->0 0->0 0->0 0->0 
0->0 0->0 0->0 0->0 0->0 0->0 0->0 0->0 0->0 0->0 0->0 0->0 0->0 0->0 0->0 0->15 0->0 0->0 0->61 0->59 0->21 0->63 0->63 0->60 0->32 0->63 0->63 0->0 0->34 0->62 0->0 0->0 0->0 0->0 0->0 0->0 

93->32 97->63 88->63 113->0 127->34 107->62 87->0 100->0 98->55 0->0 0->0 0->38 0->0 0->0 0->21 0->0 0->0 0->21 0->0 0->0 0->21 0->0 0->0 0->21 0->0 0->0 0->21 0->0 0->0 0->40 0->0 0->0 0->0 0->0 0->0 0->0 
108->32 115->63 117->63 132->0 130->34 78->62 171->0 181->0 165->55 0->0 0->0 0->38 0->0 0->0 0->21 0->0 0->0 0->21 0->0 0->0 0->21 0->0 0->0 0->21 0->0 0->0 0->21 0->0 0->0 0->40 0->0 0->0 0->0 0->0 0->0 0->0 
100->32 85->63 154->63 104->0 71->34 173->62 105->0 68->0 167->55 0->0 0->0 0->38 0->0 0->0 0->21 0->0 0->0 0->21 0->0 0->0 0->21 0->0 0->0 0->21 0->0 0->0 0->21 0->0 0->0 0->40 0->0 0->0 0->0 0->0 0->0 0->0 
0->32 0->63 0->63 0->0 0->34 0->62 0->0 0->0 0->55 0->0 0->0 0->38 0->0 0->0 0->21 0->0 0->0 0->21 0->0 0->0 0->21 0->0 0->0 0->21 0->0 0->0 0->21 0->0 0->0 0->40 0->0 0->0 0->0 0->0 0->0 0->0 
0->32 0->63 0->63 93->0 97->34 88->62 113->0 127->0 107->55 87->0 100->0 98->38 0->0 0->0 0->21 0->0 0->0 0->21 0->0 0->0 0->21 0->0 0->0 0->21 0->0 0->0 0->21 0->0 0->0 0->40 0->0 0->0 0->0 0->0 0->0 0->0 
0->32 0->63 0->63 108->0 115->34 117->62 132->0 130->0 78->55 171->0 181->0 165->38 0->0 0->0 0->21 0->0 0->0 0->21 0->0 0->0 0->21 0->0 0->0 0->21 0->0 0->0 0->21 0->0 0->0 0->40 0->0 0->0 0->0 0->0 0->0 0->0 
0->32 0->63 0->63 100->0 85->34 154->62 104->0 71->0 173->55 105->0 68->0 167->38 0->0 0->0 0->21 0->0 0->0 0->21 0->0 0->0 0->21 0->0 0->0 0->21 0->0 0->0 0->21 0->0 0->0 0->40 0->0 0->0 0->0 0->0 0->0 0->0 
0->32 0->63 0->63 0->0 0->34 0->62 0->0 0->0 0->55 0->0 0->0 0->38 0->0 0->0 0->21 0->0 0->0 0->21 0->0 0->0 0->21 0->0 0->0 0->21 0->0 0->0 0->21 0->0 0->0 0->40 0->0 0->0 0->0 0->0 0->0 0->0 
0->32 0->63 0->63 0->0 0->34 0->62 93->0 97->0 88->55 113->0 127->0 107->38 87->0 100->0 98->21 0->0 0->0 0->21 0->0 0->0 0->21 0->0 0->0 0->21 0->0 0->0 0->21 0->0 0->0 0->40 0->0 0->0 0->0 0->0 0->0 0->0 
0->32 0->63 0->63 0->0 0->34 0->62 108->0 115->0 117->55 132->0 130->0 78->38 171->0 181->0 165->21 0->0 0->0 0->21 0->0 0->0 0->21 0->0 0->0 0->21 0->0 0->0 0->21 0->0 0->0 0->40 0->0 0->0 0->0 0->0 0->0 0->0 
0->32 0->63 0->63 0->0 0->34 0->62 100->0 85->0 154->55 104->0 71->0 173->38 105->0 68->0 167->21 0->0 0->0 0->21 0->0 0->0 0->21 0->0 0->0 0->21 0->0 0->0 0->21 0->0 0->0 0->40 0->0 0->0 0->0 0->0 0->0 0->0 
0->32 0->63 0->63 0->0 0->34 0->62 0->0 0->0 0->55 0->0 0->0 0->38 0->0 0->0 0->21 0->0 0->0 0->21 0->0 0->0 0->21 0->0 0->0 0->21 0->0 0->0 0->21 0->0 0->0 0->40 0->0 0->0 0->0 0->0 0->0 0->0 
0->32 0->63 0->63 0->0 0->34 0->62 0->0 0->0 0->55 93->0 97->0 88->38 113->0 127->0 107->21 87->0 100->0 98->21 0->0 0->0 0->21 0->0 0->0 0->21 0->0 0->0 0->21 0->0 0->0 0->40 0->0 0->0 0->0 0->0 0->0 0->0 
0->32 0->63 0->63 0->0 0->34 0->62 0->0 0->0 0->55 108->0 115->0 117->38 132->0 130->0 78->21 171->0 181->0 165->21 0->0 0->0 0->21 0->0 0->0 0->21 0->0 0->0 0->21 0->0 0->0 0->40 0->0 0->0 0->0 0->0 0->0 0->0 
0->32 0->63 0->63 0->0 0->34 0->62 0->0 0->0 0->55 100->0 85->0 154->38 104->0 71->0 173->21 105->0 68->0 167->21 0->0 0->0 0->21 0->0 0->0 0->21 0->0 0->0 0->21 0->0 0->0 0->40 0->0 0->0 0->0 0->0 0->0 0->0 
0->32 0->63 0->63 0->0 0->34 0->62 0->0 0->0 0->55 0->0 0->0 0->38 0->0 0->0 0->21 0->0 0->0 0->21 0->0 0->0 0->21 0->0 0->0 0->21 0->0 0->0 0->21 0->0 0->0 0->40 0->0 0->0 0->0 0->0 0->0 0->0 
0->32 0->63 0->63 0->0 0->34 0->62 0->0 0->0 0->55 0->0 0->0 0->38 93->0 97->0 88->21 113->0 127->0 107->21 87->0 100->0 98->21 0->0 0->0 0->21 0->0 0->0 0->21 0->0 0->0 0->40 0->0 0->0 0->0 0->0 0->0 0->0 
0->32 0->63 0->63 0->0 0->34 0->62 0->0 0->0 0->55 0->0 0->0 0->38 108->0 115->0 117->21 132->0 130->0 78->21 171->0 181->0 165->21 0->0 0->0 0->21 0->0 0->0 0->21 0->0 0->0 0->40 0->0 0->0 0->0 0->0 0->0 0->0 
0->32 0->63 0->63 0->0 0->34 0->62 0->0 0->0 0->55 0->0 0->0 0->38 100->0 85->0 154->21 104->0 71->0 173->21 105->0 68->0 167->21 0->0 0->0 0->21 0->0 0->0 0->21 0->0 0->0 0->40 0->0 0->0 0->0 0->0 0->0 0->0 
0->32 0->63 0->63 0->0 0->34 0->62 0->0 0->0 0->55 0->0 0->0 0->38 0->0 0->0 0->21 0->0 0->0 0->21 0->0 0->0 0->21 0->0 0->0 0->21 0->0 0->0 0->21 0->0 0->0 0->40 0->0 0->0 0->0 0->0 0->0 0->0 
0->32 0->63 0->63 0->0 0->34 0->62 0->0 0->0 0->55 0->0 0->0 0->38 0->0 0->0 0->21 93->0 97->0 88->21 113->0 127->0 107->21 87->0 100->0 98->21 0->0 0->0 0->21 0->0 0->0 0->40 0->0 0->0 0->0 0->0 0->0 0->0 
0->32 0->63 0->63 0->0 0->34 0->62 0->0 0->0 0->55 0->0 0->0 0->38 0->0 0->0 0->21 108->0 115->0 117->21 132->0 130->0 78->21 171->0 181->0 165->21 0->0 0->0 0->21 0->0 0->0 0->40 0->0 0->0 0->0 0->0 0->0 0->0 
0->32 0->63 0->63 0->0 0->34 0->62 0->0 0->0 0->55 0->0 0->0 0->38 0->0 0->0 0->21 100->0 85->0 154->21 104->0 71->0 173->21 105->0 68->0 167->21 0->0 0->0 0->21 0->0 0->0 0->40 0->0 0->0 0->0 0->0 0->0 0->0 
0->32 0->63 0->63 0->0 0->34 0->62 0->0 0->0 0->55 0->0 0->0 0->38 0->0 0->0 0->21 0->0 0->0 0->21 0->0 0->0 0->21 0->0 0->0 0->21 0->0 0->0 0->21 0->0 0->0 0->40 0->0 0->0 0->0 0->0 0->0 0->0 
0->32 0->63 0->63 0->0 0->34 0->62 0->0 0->0 0->55 0->0 0->0 0->38 0->0 0->0 0->21 0->0 0->0 0->21 93->0 97->0 88->21 113->0 127->0 107->21 87->0 100->0 98->21 0->0 0->0 0->40 0->0 0->0 0->0 0->0 0->0 0->0 
0->32 0->63 0->63 0->0 0->34 0->62 0->0 0->0 0->55 0->0 0->0 0->38 0->0 0->0 0->21 0->0 0->0 0->21 108->0 115->0 117->21 132->0 130->0 78->21 171->0 181->0 165->21 0->0 0->0 0->40 0->0 0->0 0->0 0->0 0->0 0->0 
0->32 0->63 0->63 0->0 0->34 0->62 0->0 0->0 0->55 0->0 0->0 0->38 0->0 0->0 0->21 0->0 0->0 0->21 100->0 85->0 154->21 104->0 71->0 173->21 105->0 68->0 167->21 0->0 0->0 0->40 0->0 0->0 0->0 0->0 0->0 0->0 
0->32 0->63 0->63 0->0 0->34 0->62 0->0 0->0 0->55 0->0 0->0 0->38 0->0 0->0 0->21 0->0 0->0 0->21 0->0 0->0 0->21 0->0 0->0 0->21 0->0 0->0 0->21 0->0 0->0 0->40 0->0 0->0 0->0 0->0 0->0 0->0 
0->32 0->63 0->63 0->0 0->34 0->62 0->0 0->0 0->55 0->0 0->0 0->38 0->0 0->0 0->21 0->0 0->0 0->21 0->0 0->0 0->21 93->0 97->0 88->21 113->0 127->0 107->21 87->0 100->0 98->40 0->0 0->0 0->0 0->0 0->0 0->0 
0->32 0->63 0->63 0->0 0->34 0->62 0->0 0->0 0->55 0->0 0->0 0->38 0->0 0->0 0->21 0->0 0->0 0->21 0->0 0->0 0->21 108->0 115->0 117->21 132->0 130->0 78->21 171->0 181->0 165->40 0->0 0->0 0->0 0->0 0->0 0->0 
0->32 0->63 0->63 0->0 0->34 0->62 0->0 0->0 0->55 0->0 0->0 0->38 0->0 0->0 0->21 0->0 0->0 0->21 0->0 0->0 0->21 100->0 85->0 154->21 104->0 71->0 173->21 105->0 68->0 167->40 0->0 0->0 0->0 0->0 0->0 0->0 
0->32 0->63 0->63 0->0 0->34 0->62 0->0 0->0 0->55 0->0 0->0 0->38 0->0 0->0 0->21 0->0 0->0 0->21 0->0 0->0 0->21 0->0 0->0 0->21 0->0 0->0 0->21 0->0 0->0 0->40 0->0 0->0 0->0 0->0 0->0 0->0 

93->0 97->0 88->21 113->0 127->0 107->40 87->0 100->13 98->60 0->13 0->41 0->63 0->42 0->63 0->57 0->63 0->63 0->16 0->58 0->39 0->2 0->30 0->0 0->0 0->0 0->0 0->0 0->0 0->0 0->0 0->0 0->0 0->0 0->0 0->0 0->0 
108->0 115->0 117->21 132->0 130->0 78->40 171->0 181->13 165->60 0->13 0->41 0->63 0->42 0->63 0->57 0->63 0->63 0->16 0->58 0->39 0->2 0->30 0->0 0->0 0->0 0->0 0->0 0->0 0->0 0->0 0->0 0->0 0->0 0->0 0->0 0->0 
100->0 85->0 154->21 104->0 71->0 173->40 105->0 68->13 167->60 0->13 0->41 0->63 0->42 0->63 0->57 0->63 0->63 0->16 0->58 0->39 0->2 0->30 0->0 0->0 0->0 0->0 0->0 0->0 0->0 0->0 0->0 0->0 0->0 0->0 0->0 0->0 
0->0 0->0 0->21 0->0 0->0 0->40 0->0 0->13 0->60 0->13 0->41 0->63 0->42 0->63 0->57 0->63 0->63 0->16 0->58 0->39 0->2 0->30 0->0 0->0 0->0 0->0 0->0 0->0 0->0 0->0 0->0 0->0 0->0 0->0 0->0 0->0 
0->0 0->0 0->21 93->0 97->0 88->40 113->0 127->13 107->60 87->13 100->41 98->63 0->42 0->63 0->57 0->63 0->63 0->16 0->58 0->39 0->2 0->30 0->0 0->0 0->0 0->0 0->0 0->0 0->0 0->0 0->0 0->0 0->0 0->0 0->0 0->0 
0->0 0->0 0->21 108->0 115->0 117->40 132->0 130->13 78->60 171->13 181->41 165->63 0->42 0->63 0->57 0->63 0->63 0->16 0->58 0->39 0->2 0->30 0->0 0->0 0->0 0->0 0->0 0->0 0->0 0->0 0->0 0->0 0->0 0->0 0->0 0->0 
0->0 0->0 0->21 100->0 85->0 154->40 104->0 71->13 173->60 105->13 68->41 167->63 0->42 0->63 0->57 0->63 0->63 0->16 0->58 0->39 0->2 0->30 0->0 0->0 0->0 0->0 0->0 0->0 0->0 0->0 0->0 0->0 0->0 0->0 0->0 0->0 
0->0 0->0 0->21 0->0 0->0 0->40 0->0 0->13 0->60 0->13 0->41 0->63 0->42 0->63 0->57 0->63 0->63 0->16 0->58 0->39 0->2 0->30 0->0 0->0 0->0 0->0 0->0 0->0 0->0 0->0 0->0 0->0 0->0 0->0 0->0 0->0 
0->0 0->0 0->21 0->0 0->0 0->40 93->0 97->13 88->60 113->13 127->41 107->63 87->42 100->63 98->57 0->63 0->63 0->16 0->58 0->39 0->2 0->30 0->0 0->0 0->0 0->0 0->0 0->0 0->0 0->0 0->0 0->0 0->0 0->0 0->0 0->0 
0->0 0->0 0->21 0->0 0->0 0->40 108->0 115->13 117->60 132->13 130->41 78->63 171->42 181->63 165->57 0->63 0->63 0->16 0->58 0->39 0->2 0->30 0->0 0->0 0->0 0->0 0->0 0->0 0->0 0->0 0->0 0->0 0->0 0->0 0->0 0->0 
0->0 0->0 0->21 0->0 0->0 0->40 100->0 85->13 154->60 104->13 71->41 173->63 105->42 68->63 167->57 0->63 0->63 0->16 0->58 0->39 0->2 0->30 0->0 0->0 0->0 0->0 0->0 0->0 0->0 0->0 0->0 0->0 0->0 0->0 0->0 0->0 
0->0 0->0 0->21 0->0 0->0 0->40 0->0 0->13 0->60 0->13 0->41 0->63 0->42 0->63 0->57 0->63 0->63 0->16 0->58 0->39 0->2 0->30 0->0 0->0 0->0 0->0 0->0 0->0 0->0 0->0 0->0 0->0 0->0 0->0 0->0 0->0 
0->0 0->0 0->21 0->0 0->0 0->40 0->0 0->13 0->60 93->13 97->41 88->63 113->42 127->63 107->57 87->63 100->63 98->16 0->58 0->39 0->2 0->30 0->0 0->0 0->0 0->0 0->0 0->0 0->0 0->0 0->0 0->0 0->0 0->0 0->0 0->0 
0->0 0->0 0->21 0->0 0->0 0->40 0->0 0->13 0->60 108->13 115->41 117->63 132->42 130->63 78->57 171->63 181->63 165->16 0->58 0->39 0->2 0->30 0->0 0->0 0->0 0->0 0->0 0->0 0->0 0->0 0->0 0->0 0->0 0->0 0->0 0->0 
0->0 0->0 0->21 0->0 0->0 0->40 0->0 0->13 0->60 100->13 85->41 154->63 104->42 71->63 173->57 105->63 68->63 167->16 0->58 0->39 0->2 0->30 0->0 0->0 0->0 0->0 0->0 0->0 0->0 0->0 0->0 0->0 0->0 0->0 0->0 0->0 
0->0 0->0 0->21 0->0 0->0 0->40 0->0 0->13 0->60 0->13 0->41 0->63 0->42 0->63 0->57 0->63 0->63 0->16 0->58 0->39 0->2 0->30 0->0 0->0 0->0 0->0 0->0 0->0 0->0 0->0 0->0 0->0 0->0 0->0 0->0 0->0 
0->0 0->0 0->21 0->0 0->0 0->40 0->0 0->13 0->60 0->13 0->41 0->63 93->42 97->63 88->57 113->63 127->63 107->16 87->58 100->39 98->2 0->30 0->0 0->0 0->0 0->0 0->0 0->0 0->0 0->0 0->0 0->0 0->0 0->0 0->0 0->0 
0->0 0->0 0->21 0->0 0->0 0->40 0->0 0->13 0->60 0->13 0->41 0->63 108->42 115->63 117->57 132->63 130->63 78->16 171->58 181->39 165->2 0->30 0->0 0->0 0->0 0->0 0->0 0->0 0->0 0->0 0->0 0->0 0->0 0->0 0->0 0->0 
0->0 0->0 0->21 0->0 0->0 0->40 0->0 0->13 0->60 0->13 0->41 0->63 100->42 85->63 154->57 104->63 71->63 173->16 105->58 68->39 167->2 0->30 0->0 0->0 0->0 0->0 0->0 0->0 0->0 0->0 0->0 0->0 0->0 0->0 0->0 0->0 
0->0 0->0 0->21 0->0 0->0 0->40 0->0 0->13 0->60 0->13 0->41 0->63 0->42 0->63 0->57 0->63 0->63 0->16 0->58 0->39 0->2 0->30 0->0 0->0 0->0 0->0 0->0 0->0 0->0 0->0 0->0 0->0 0->0 0->0 0->0 0->0 
0->0 0->0 0->21 0->0 0->0 0->40 0->0 0->13 0->60 0->13 0->41 0->63 0->42 0->63 0->57 93->63 97->63 88->16 113->58 127->39 107->2 87->30 100->0 98->0 0->0 0->0 0->0 0->0 0->0 0->0 0->0 0->0 0->0 0->0 0->0 0->0 
0->0 0->0 0->21 0->0 0->0 0->40 0->0 0->13 0->60 0->13 0->41 0->63 0->42 0->63 0->57 108->63 115->63 117->16 132->58 130->39 78->2 171->30 181->0 165->0 0->0 0->0 0->0 0->0 0->0 0->0 0->0 0->0 0->0 0->0 0->0 0->0 
0->0 0->0 0->21 0->0 0->0 0->40 0->0 0->13 0->60 0->13 0->41 0->63 0->42 0->63 0->57 100->63 85->63 154->16 104->58 71->39 173->2 105->30 68->0 167->0 0->0 0->0 0->0 0->0 0->0 0->0 0->0 0->0 0->0 0->0 0->0 0->0 
0->0 0->0 0->21 0->0 0->0 0->40 0->0 0->13 0->60 0->13 0->41 0->63 0->42 0->63 0->57 0->63 0->63 0->16 0->58 0->39 0->2 0->30 0->0 0->0 0->0 0->0 0->0 0->0 0->0 0->0 0->0 0->0 0->0 0->0 0->0 0->0 
0->0 0->0 0->21 0->0 0->0 0->40 0->0 0->13 0->60 0->13 0->41 0->63 0->42 0->63 0->57 0->63 0->63 0->16 93->58 97->39 88->2 113->30 127->0 107->0 87->0 100->0 98->0 0->0 0->0 0->0 0->0 0->0 0->0 0->0 0->0 0->0 
0->0 0->0 0->21 0->0 0->0 0->40 0->0 0->13 0->60 0->13 0->41 0->63 0->42 0->63 0->57 0->63 0->63 0->16 108->58 115->39 117->2 132->30 130->0 78->0 171->0 181->0 165->0 0->0 0->0 0->0 0->0 0->0 0->0 0->0 0->0 0->0 
0->0 0->0 0->21 0->0 0->0 0->40 0->0 0->13 0->60 0->13 0->41 0->63 0->42 0->63 0->57 0->63 0->63 0->16 100->58 85->39 154->2 104->30 71->0 173->0 105->0 68->0 167->0 0->0 0->0 0->0 0->0 0->0 0->0 0->0 0->0 0->0 
0->0 0->0 0->21 0->0 0->0 0->40 0->0 0->13 0->60 0->13 0->41 0->63 0->42 0->63 0->57 0->63 0->63 0->16 0->58 0->39 0->2 0->30 0->0 0->0 0->0 0->0 0->0 0->0 0->0 0->0 0->0 0->0 0->0 0->0 0->0 0->0 
0->0 0->0 0->21 0->0 0->0 0->40 0->0 0->13 0->60 0->13 0->41 0->63 0->42 0->63 0->57 0->63 0->63 0->16 0->58 0->39 0->2 93->30 97->0 88->0 113->0 127->0 107->0 87->0 100->0 98->0 0->0 0->0 0->0 0->0 0->0 0->0 
0->0 0->0 0->21 0->0 0->0 0->40 0->0 0->13 0->60 0->13 0->41 0->63 0->42 0->63 0->57 0->63 0->63 0->16 0->58 0->39 0->2 108->30 115->0 117->0 132->0 130->0 78->0 171->0 181->0 165->0 0->0 0->0 0->0 0->0 0->0 0->0 
0->0 0->0 0->21 0->0 0->0 0->40 0->0 0->13 0->60 0->13 0->41 0->63 0->42 0->63 0->57 0->63 0->63 0->16 0->58 0->39 0->2 100->30 85->0 154->0 104->0 71->0 173->0 105->0 68->0 167->0 0->0 0->0 0->0 0->0 0->0 0->0 
0->0 0->0 0->21 0->0 0->0 0->40 0->0 0->13 0->60 0->13 0->41 0->63 0->42 0->63 0->57 0->63 0->63 0->16 0->58 0->39 0->2 0->30 0->0 0->0 0->0 0->0 0->0 0->0 0->0 0->0 0->0 0->0 0->0 0->0 0->0 0->0 

93->0 97->0 88->0 113->0 127->0 107->0 87->0 100->0 98->0 0->0 0->0 0->0 0->0 0->0 0->0 0->0 0->0 0->0 0->0 0->0 0->0 0->0 0->0 0->0 0->0 0->0 0->0 0->0 0->0 0->0 0->0 0->0 0->0 0->0 0->0 0->0 
108->0 115->0 117->0 132->0 130->0 78->0 171->0 181->0 165->0 0->0 0->0 0->0 0->0 0->0 0->0 0->0 0->0 0->0 0->0 0->0 0->0 0->0 0->0 0->0 0->0 0->0 0->0 0->0 0->0 0->0 0->0 0->0 0->0 0->0 0->0 0->0 
100->0 85->0 154->0 104->0 71->0 173->0 105->0 68->0 167->0 0->0 0->0 0->0 0->0 0->0 0->0 0->0 0->0 0->0 0->0 0->0 0->0 0->0 0->0 0->0 0->0 0->0 0->0 0->0 0->0 0->0 0->0 0->0 0->0 0->0 0->0 0->0 
0->0 0->0 0->0 0->0 0->0 0->0 0->0 0->0 0->0 0->0 0->0 0->0 0->0 0->0 0->0 0->0 0->0 0->0 0->0 0->0 0->0 0->0 0->0 0->0 0->0 0->0 0->0 0->0 0->0 0->0 0->0 0->0 0->0 0->0 0->0 0->0 
0->0 0->0 0->0 93->0 97->0 88->0 113->0 127->0 107->0 87->0 100->0 98->0 0->0 0->0 0->0 0->0 0->0 0->0 0->0 0->0 0->0 0->0 0->0 0->0 0->0 0->0 0->0 0->0 0->0 0->0 0->0 0->0 0->0 0->0 0->0 0->0 
0->0 0->0 0->0 108->0 115->0 117->0 132->0 130->0 78->0 171->0 181->0 165->0 0->0 0->0 0->0 0->0 0->0 0->0 0->0 0->0 0->0 0->0 0->0 0->0 0->0 0->0 0->0 0->0 0->0 0->0 0->0 0->0 0->0 0->0 0->0 0->0 
0->0 0->0 0->0 100->0 85->0 154->0 104->0 71->0 173->0 105->0 68->0 167->0 0->0 0->0 0->0 0->0 0->0 0->0 0->0 0->0 0->0 0->0 0->0 0->0 0->0 0->0 0->0 0->0 0->0 0->0 0->0 0->0 0->0 0->0 0->0 0->0 
0->0 0->0 0->0 0->0 0->0 0->0 0->0 0->0 0->0 0->0 0->0 0->0 0->0 0->0 0->0 0->0 0->0 0->0 0->0 0->0 0->0 0->0 0->0 0->0 0->0 0->0 0->0 0->0 0->0 0->0 0->0 0->0 0->0 0->0 0->0 0->0 
0->0 0->0 0->0 0->0 0->0 0->0 93->0 97->0 88->0 113->0 127->0 107->0 87->0 100->0 98->0 0->0 0->0 0->0 0->0 0->0 0->0 0->0 0->0 0->0 0->0 0->0 0->0 0->0 0->0 0->0 0->0 0->0 0->0 0->0 0->0 0->0 
0->0 0->0 0->0 0->0 0->0 0->0 108->0 115->0 117->0 132->0 130->0 78->0 171->0 181->0 165->0 0->0 0->0 0->0 0->0 0->0 0->0 0->0 0->0 0->0 0->0 0->0 0->0 0->0 0->0 0->0 0->0 0->0 0->0 0->0 0->0 0->0 
0->0 0->0 0->0 0->0 0->0 0->0 100->0 85->0 154->0 104->0 71->0 173->0 105->0 68->0 167->0 0->0 0->0 0->0 0->0 0->0 0->0 0->0 0->0 0->0 0->0 0->0 0->0 0->0 0->0 0->0 0->0 0->0 0->0 0->0 0->0 0->0 
0->0 0->0 0->0 0->0 0->0 0->0 0->0 0->0 0->0 0->0 0->0 0->0 0->0 0->0 0->0 0->0 0->0 0->0 0->0 0->0 0->0 0->0 0->0 0->0 0->0 0->0 0->0 0->0 0->0 0->0 0->0 0->0 0->0 0->0 0->0 0->0 
0->0 0->0 0->0 0->0 0->0 0->0 0->0 0->0 0->0 93->0 97->0 88->0 113->0 127->0 107->0 87->0 100->0 98->0 0->0 0->0 0->0 0->0 0->0 0->0 0->0 0->0 0->0 0->0 0->0 0->0 0->0 0->0 0->0 0->0 0->0 0->0 
0->0 0->0 0->0 0->0 0->0 0->0 0->0 0->0 0->0 108->0 115->0 117->0 132->0 130->0 78->0 171->0 181->0 165->0 0->0 0->0 0->0 0->0 0->0 0->0 0->0 0->0 0->0 0->0 0->0 0->0 0->0 0->0 0->0 0->0 0->0 0->0 
0->0 0->0 0->0 0->0 0->0 0->0 0->0 0->0 0->0 100->0 85->0 154->0 104->0 71->0 173->0 105->0 68->0 167->0 0->0 0->0 0->0 0->0 0->0 0->0 0->0 0->0 0->0 0->0 0->0 0->0 0->0 0->0 0->0 0->0 0->0 0->0 
0->0 0->0 0->0 0->0 0->0 0->0 0->0 0->0 0->0 0->0 0->0 0->0 0->0 0->0 0->0 0->0 0->0 0->0 0->0 0->0 0->0 0->0 0->0 0->0 0->0 0->0 0->0 0->0 0->0 0->0 0->0 0->0 0->0 0->0 0->0 0->0 
0->0 0->0 0->0 0->0 0->0 0->0 0->0 0->0 0->0 0->0 0->0 0->0 93->0 97->0 88->0 113->0 127->0 107->0 87->0 100->0 98->0 0->0 0->0 0->0 0->0 0->0 0->0 0->0 0->0 0->0 0->0 0->0 0->0 0->0 0->0 0->0 
0->0 0->0 0->0 0->0 0->0 0->0 0->0 0->0 0->0 0->0 0->0 0->0 108->0 115->0 117->0 132->0 130->0 78->0 171->0 181->0 165->0 0->0 0->0 0->0 0->0 0->0 0->0 0->0 0->0 0->0 0->0 0->0 0->0 0->0 0->0 0->0 
0->0 0->0 0->0 0->0 0->0 0->0 0->0 0->0 0->0 0->0 0->0 0->0 100->0 85->0 154->0 104->0 71->0 173->0 105->0 68->0 167->0 0->0 0->0 0->0 0->0 0->0 0->0 0->0 0->0 0->0 0->0 0->0 0->0 0->0 0->0 0->0 
0->0 0->0 0->0 0->0 0->0 0->0 0->0 0->0 0->0 0->0 0->0 0->0 0->0 0->0 0->0 0->0 0->0 0->0 0->0 0->0 0->0 0->0 0->0 0->0 0->0 0->0 0->0 0->0 0->0 0->0 0->0 0->0 0->0 0->0 0->0 0->0 
0->0 0->0 0->0 0->0 0->0 0->0 0->0 0->0 0->0 0->0 0->0 0->0 0->0 0->0 0->0 93->0 97->0 88->0 113->0 127->0 107->0 87->0 100->0 98->0 0->0 0->0 0->0 0->0 0->0 0->0 0->0 0->0 0->0 0->0 0->0 0->0 
0->0 0->0 0->0 0->0 0->0 0->0 0->0 0->0 0->0 0->0 0->0 0->0 0->0 0->0 0->0 108->0 115->0 117->0 132->0 130->0 78->0 171->0 181->0 165->0 0->0 0->0 0->0 0->0 0->0 0->0 0->0 0->0 0->0 0->0 0->0 0->0 
0->0 0->0 0->0 0->0 0->0 0->0 0->0 0->0 0->0 0->0 0->0 0->0 0->0 0->0 0->0 100->0 85->0 154->0 104->0 71->0 173->0 105->0 68->0 167->0 0->0 0->0 0->0 0->0 0->0 0->0 0->0 0->0 0->0 0->0 0->0 0->0 
0->0 0->0 0->0 0->0 0->0 0->0 0->0 0->0 0->0 0->0 0->0 0->0 0->0 0->0 0->0 0->0 0->0 0->0 0->0 0->0 0->0 0->0 0->0 0->0 0->0 0->0 0->0 0->0 0->0 0->0 0->0 0->0 0->0 0->0 0->0 0->0 
0->0 0->0 0->0 0->0 0->0 0->0 0->0 0->0 0->0 0->0 0->0 0->0 0->0 0->0 0->0 0->0 0->0 0->0 93->0 97->0 88->0 113->0 127->0 107->0 87->0 100->0 98->0 0->0 0->0 0->0 0->0 0->0 0->0 0->0 0->0 0->0 
0->0 0->0 0->0 0->0 0->0 0->0 0->0 0->0 0->0 0->0 0->0 0->0 0->0 0->0 0->0 0->0 0->0 0->0 108->0 115->0 117->0 132->0 130->0 78->0 171->0 181->0 165->0 0->0 0->0 0->0 0->0 0->0 0->0 0->0 0->0 0->0 
0->0 0->0 0->0 0->0 0->0 0->0 0->0 0->0 0->0 0->0 0->0 0->0 0->0 0->0 0->0 0->0 0->0 0->0 100->0 85->0 154->0 104->0 71->0 173->0 105->0 68->0 167->0 0->0 0->0 0->0 0->0 0->0 0->0 0->0 0->0 0->0 
0->0 0->0 0->0 0->0 0->0 0->0 0->0 0->0 0->0 0->0 0->0 0->0 0->0 0->0 0->0 0->0 0->0 0->0 0->0 0->0 0->0 0->0 0->0 0->0 0->0 0->0 0->0 0->0 0->0 0->0 0->0 0->0 0->0 0->0 0->0 0->0 
0->0 0->0 0->0 0->0 0->0 0->0 0->0 0->0 0->0 0->0 0->0 0->0 0->0 0->0 0->0 0->0 0->0 0->0 0->0 0->0 0->0 93->0 97->0 88->0 113->0 127->0 107->0 87->0 100->0 98->0 0->0 0->0 0->0 0->0 0->0 0->0 
0->0 0->0 0->0 0->0 0->0 0->0 0->0 0->0 0->0 0->0 0->0 0->0 0->0 0->0 0->0 0->0 0->0 0->0 0->0 0->0 0->0 108->0 115->0 117->0 132->0 130->0 78->0 171->0 181->0 165->0 0->0 0->0 0->0 0->0 0->0 0->0 
0->0 0->0 0->0 0->0 0->0 0->0 0->0 0->0 0->0 0->0 0->0 0->0 0->0 0->0 0->0 0->0 0->0 0->0 0->0 0->0 0->0 100->0 85->0 154->0 104->0 71->0 173->0 105->0 68->0 167->0 0->0 0->0 0->0 0->0 0->0 0->0 
0->0 0->0 0->0 0->0 0->0 0->0 0->0 0->0 0->0 0->0 0->0 0->0 0->0 0->0 0->0 0->0 0->0 0->0 0->0 0->0 0->0 0->0 0->0 0->0 0->0 0->0 0->0 0->0 0->0 0->0 0->0 0->0 0->0 0->0 0->0 0->0 

93->0 97->0 88->0 113->0 127->0 107->0 87->0 100->0 98->0 0->0 0->0 0->0 0->0 0->0 0->0 0->0 0->0 0->0 0->59 0->21 0->0 0->63 0->60 0->12 0->63 0->63 0->43 0->34 0->62 0->63 0->0 0->0 0->0 0->0 0->0 0->0 
108->0 115->0 117->0 132->0 130->0 78->0 171->0 181->0 165->0 0->0 0->0 0->0 0->0 0->0 0->0 0->0 0->0 0->0 0->59 0->21 0->0 0->63 0->60 0->12 0->63 0->63 0->43 0->34 0->62 0->63 0->0 0->0 0->0 0->0 0->0 0->0 
100->0 85->0 154->0 104->0 71->0 173->0 105->0 68->0 167->0 0->0 0->0 0->0 0->0 0->0 0->0 0->0 0->0 0->0 0->59 0->21 0->0 0->63 0->60 0->12 0->63 0->63 0->43 0->34 0->62 0->63 0->0 0->0 0->0 0->0 0->0 0->0 
0->0 0->0 0->0 0->0 0->0 0->0 0->0 0->0 0->0 0->0 0->0 0->0 0->0 0->0 0->0 0->0 0->0 0->0 0->59 0->21 0->0 0->63 0->60 0->12 0->63 0->63 0->43 0->34 0->62 0->63 0->0 0->0 0->0 0->0 0->0 0->0 
0->0 0->0 0->0 93->0 97->0 88->0 113->0 127->0 107->0 87->0 100->0 98->0 0->0 0->0 0->0 0->0 0->0 0->0 0->59 0->21 0->0 0->63 0->60 0->12 0->63 0->63 0->43 0->34 0->62 0->63 0->0 0->0 0->0 0->0 0->0 0->0 
0->0 0->0 0->0 108->0 115->0 117->0 132->0 130->0 78->0 171->0 181->0 165->0 0->0 0->0 0->0 0->0 0->0 0->0 0->59 0->21 0->0 0->63 0->60 0->12 0->63 0->63 0->43 0->34 0->62 0->63 0->0 0->0 0->0 0->0 0->0 0->0 
0->0 0->0 0->0 100->0 85->0 154->0 104->0 71->0 173->0 105->0 68->0 167->0 0->0 0->0 0->0 0->0 0->0 0->0 0->59 0->21 0->0 0->63 0->60 0->12 0->63 0->63 0->43 0->34 0->62 0->63 0->0 0->0 0->0 0->0 0->0 0->0 
0->0 0->0 0->0 0->0 0->0 0->0 0->0 0->0 0->0 0->0 0->0 0->0 0->0 0->0 0->0 0->0 0->0 0->0 0->59 0->21 0->0 0->63 0->60 0->12 0->63 0->63 0->43 0->34 0->62 0->63 0->0 0->0 0->0 0->0 0->0 0->0 
0->0 0->0 0->0 0->0 0->0 0->0 93->0 97->0 88->0 113->0 127->0 107->0 87->0 100->0 98->0 0->0 0->0 0->0 0->59 0->21 0->0 0->63 0->60 0->12 0->63 0->63 0->43 0->34 0->62 0->63 0->0 0->0 0->0 0->0 0->0 0->0 
0->0 0->0 0->0 0->0 0->0 0->0 108->0 115->0 117->0 132->0 130->0 78->0 171->0 181->0 165->0 0->0 0->0 0->0 0->59 0->21 0->0 0->63 0->60 0->12 0->63 0->63 0->43 0->34 0->62 0->63 0->0 0->0 0->0 0->0 0->0 0->0 
0->0 0->0 0->0 0->0 0->0 0->0 100->0 85->0 154->0 104->0 71->0 173->0 105->0 68->0 167->0 0->0 0->0 0->0 0->59 0->21 0->0 0->63 0->60 0->12 0->63 0->63 0->43 0->34 0->62 0->63 0->0 0->0 0->0 0->0 0->0 0->0 
0->0 0->0 0->0 0->0 0->0 0->0 0->0 0->0 0->0 0->0 0->0 0->0 0->0 0->0 0->0 0->0 0->0 0->0 0->59 0->21 0->0 0->63 0->60 0->12 0->63 0->63 0->43 0->34 0->62 0->63 0->0 0->0 0->0 0->0 0->0 0->0 
0->0 0->0 0->0 0->0 0->0 0->0 0->0 0->0 0->0 93->0 97->0 88->0 113->0 127->0 107->0 87->0 100->0 98->0 0->59 0->21 0->0 0->63 0->60 0->12 0->63 0->63 0->43 0->34 0->62 0->63 0->0 0->0 0->0 0->0 0->0 0->0 
0->0 0->0 0->0 0->0 0->0 0->0 0->0 0->0 0->0 108->0 115->0 117->0 132->0 130->0 78->0 171->0 181->0 165->0 0->59 0->21 0->0 0->63 0->60 0->12 0->63 0->63 0->43 0->34 0->62 0->63 0->0 0->0 0->0 0->0 0->0 0->0 
0->0 0->0 0->0 0->0 0->0 0->0 0->0 0->0 0->0 100->0 85->0 154->0 104->0 71->0 173->0 105->0 68->0 167->0 0->59 0->21 0->0 0->63 0->60 0->12 0->63 0->63 0->43 0->34 0->62 0->63 0->0 0->0 0->0 0->0 0->0 0->0 
0->0 0->0 0->0 0->0 0->0 0->0 0->0 0->0 0->0 0->0 0->0 0->0 0->0 0->0 0->0 0->0 0->0 0->0 0->59 0->21 0->0 0->63 0->60 0->12 0->63 0->63 0->43 0->34 0->62 0->63 0->0 0->0 0->0 0->0 0->0 0->0 
0->0 0->0 0->0 0->0 0->0 0->0 0->0 0->0 0->0 0->0 0->0 0->0 93->0 97->0 88->0 113->0 127->0 107->0 87->59 100->21 98->0 0->63 0->60 0->12 0->63 0->63 0->43 0->34 0->62 0->63 0->0 0->0 0->0 0->0 0->0 0->0 
0->0 0->0 0->0 0->0 0->0 0->0 0->0 0->0 0->0 0->0 0->0 0->0 108->0 115->0 117->0 132->0 130->0 78->0 171->59 181->21 165->0 0->63 0->60 0->12 0->63 0->63 0->43 0->34 0->62 0->63 0->0 0->0 0->0 0->0 0->0 0->0 
0->0 0->0 0->0 0->0 0->0 0->0 0->0 0->0 0->0 0->0 0->0 0->0 100->0 85->0 154->0 104->0 71->0 173->0 105->59 68->21 167->0 0->63 0->60 0->12 0->63 0->63 0->43 0->34 0->62 0->63 0->0 0->0 0->0 0->0 0->0 0->0 
0->0 0->0 0->0 0->0 0->0 0->0 0->0 0->0 0->0 0->0 0->0 0->0 0->0 0->0 0->0 0->0 0->0 0->0 0->59 0->21 0->0 0->63 0->60 0->12 0->63 0->63 0->43 0->34 0->62 0->63 0->0 0->0 0->0 0->0 0->0 0->0 
0->0 0->0 0->0 0->0 0->0 0->0 0->0 0->0 0->0 0->0 0->0 0->0 0->0 0->0 0->0 93->0 97->0 88->0 113->59 127->21 107->0 87->63 100->60 98->12 0->63 0->63 0->43 0->34 0->62 0->63 0->0 0->0 0->0 0->0 0->0 0->0 
0->0 0->0 0->0 0->0 0->0 0->0 0->0 0->0 0->0 0->0 0->0 0->0 0->0 0->0 0->0 108->0 115->0 117->0 132->59 130->21 78->0 171->63 181->60 165->12 0->63 0->63 0->43 0->34 0->62 0->63 0->0 0->0 0->0 0->0 0->0 0->0 
0->0 0->0 0->0 0->0 0->0 0->0 0->0 0->0 0->0 0->0 0->0 0->0 0->0 0->0 0->0 100->0 85->0 154->0 104->59 71->21 173->0 105->63 68->60 167->12 0->63 0->63 0->43 0->34 0->62 0->63 0->0 0->0 0->0 0->0 0->0 0->0 
0->0 0->0 0->0 0->0 0->0 0->0 0->0 0->0 0->0 0->0 0->0 0->0 0->0 0->0 0->0 0->0 0->0 0->0 0->59 0->21 0->0 0->63 0->60 0->12 0->63 0->63 0->43 0->34 0->62 0->63 0->0 0->0 0->0 0->0 0->0 0->0 
0->0 0->0 0->0 0->0 0->0 0->0 0->0 0->0 0->0 0->0 0->0 0->0 0->0 0->0 0->0 0->0 0->0 0->0 93->59 97->21 88->0 113->63 127->60 107->12 87->63 100->63 98->43 0->34 0->62 0->63 0->0 0->0 0->0 0->0 0->0 0->0 
0->0 0->0 0->0 0->0 0->0 0->0 0->0 0->0 0->0 0->0 0->0 0->0 0->0 0->0 0->0 0->0 0->0 0->0 108->59 115->21 117->0 132->63 130->60 78->12 171->63 181->63 165->43 0->34 0->62 0->63 0->0 0->0 0->0 0->0 0->0 0->0 
0->0 0->0 0->0 0->0 0->0 0->0 0->0 0->0 0->0 0->0 0->0 0->0 0->0 0->0 0->0 0->0 0->0 0->0 100->59 85->21 154->0 104->63 71->60 173->12 105->63 68->63 167->43 0->34 0->62 0->63 0->0 0->0 0->0 0->0 0->0 0->0 
0->0 0->0 0->0 0->0 0->0 0->0 0->0 0->0 0->0 0->0 0->0 0->0 0->0 0->0 0->0 0->0 0->0 0->0 0->59 0->21 0->0 0->63 0->60 0->12 0->63 0->63 0->43 0->34 0->62 0->63 0->0 0->0 0->0 0->0 0->0 0->0 
0->0 0->0 0->0 0->0 0->0 0->0 0->0 0->0 0->0 0->0 0->0 0->0 0->0 0->0 0->0 0->0 0->0 0->0 0->59 0->21 0->0 93->63 97->60 88->12 113->63 127->63 107->43 87->34 100->62 98->63 0->0 0->0 0->0 0->0 0->0 0->0 
0->0 0->0 0->0 0->0 0->0 0->0 0->0 0->0 0->0 0->0 0->0 0->0 0->0 0->0 0->0 0->0 0->0 0->0 0->59 0->21 0->0 108->63 115->60 117->12 132->63 130->63 78->43 171->34 181->62 165->63 0->0 0->0 0->0 0->0 0->0 0->0 
0->0 0->0 0->0 0->0 0->0 0->0 0->0 0->0 0->0 0->0 0->0 0->0 0->0 0->0 0->0 0->0 0->0 0->0 0->59 0->21 0->0 100->63 85->60 154->12 104->63 71->63 173->43 105->34 68->62 167->63 0->0 0->0 0->0 0->0 0->0 0->0 
0->0 0->0 0->0 0->0 0->0 0->0 0->0 0->0 0->0 0->0 0->0 0->0 0->0 0->0 0->0 0->0 0->0 0->0 0->59 0->21 0->0 0->63 0->60 0->12 0->63 0->63 0->43 0->34 0->62 0->63 0->0 0->0 0->0 0->0 0->0 0->0 

93->63 97->63 88->43 113->34 127->62 107->63 87->0 100->55 98->63 0->0 0->38 0->63 0->0 0->21 0->63 0->0 0->21 0->63 0->0 0->21 0->63 0->0 0->21 0->63 0->0 0->21 0->63 0->0 0->40 0->63 0->0 0->0 0->0 0->0 0->0 0->0 
108->63 115->63 117->43 132->34 130->62 78->63 171->0 181->55 165->63 0->0 0->38 0->63 0->0 0->21 0->63 0->0 0->21 0->63 0->0 0->21 0->63 0->0 0->21 0->63 0->0 0->21 0->63 0->0 0->40 0->63 0->0 0->0 0->0 0->0 0->0 0->0 
100->63 85->63 154->43 104->34 71->62 173->63 105->0 68->55 167->63 0->0 0->38 0->63 0->0 0->21 0->63 0->0 0->21 0->63 0->0 0->21 0->63 0->0 0->21 0->63 0->0 0->21 0->63 0->0 0->40 0->63 0->0 0->0 0->0 0->0 0->0 0->0 
0->63 0->63 0->43 0->34 0->62 0->63 0->0 0->55 0->63 0->0 0->38 0->63 0->0 0->21 0->63 0->0 0->21 0->63 0->0 0->21 0->63 0->0 0->21 0->63 0->0 0->21 0->63 0->0 0->40 0->63 0->0 0->0 0->0 0->0 0->0 0->0 
0->63 0->63 0->43 93->34 97->62 88->63 113->0 127->55 107->63 87->0 100->38 98->63 0->0 0->21 0->63 0->0 0->21 0->63 0->0 0->21 0->63 0->0 0->21 0->63 0->0 0->21 0->63 0->0 0->40 0->63 0->0 0->0 0->0 0->0 0->0 0->0 
0->63 0->63 0->43 108->34 115->62 117->63 132->0 130->55 78->63 171->0 181->38 165->63 0->0 0->21 0->63 0->0 0->21 0->63 0->0 0->21 0->63 0->0 0->21 0->63 0->0 0->21 0->63 0->0 0->40 0->63 0->0 0->0 0->0 0->0 0->0 0->0 
0->63 0->63 0->43 100->34 85->62 154->63 104->0 71->55 173->63 105->0 68->38 167->63 0->0 0->21 0->63 0->0 0->21 0->63 0->0 0->21 0->63 0->0 0->21 0->63 0->0 0->21 0->63 0->0 0->40 0->63 0->0 0->0 0->0 0->0 0->0 0->0 
0->63 0->63 0->43 0->34 0->62 0->63 0->0 0->55 0->63 0->0 0->38 0->63 0->0 0->21 0->63 0->0 0->21 0->63 0->0 0->21 0->63 0->0 0->21 0->63 0->0 0->21 0->63 0->0 0->40 0->63 0->0 0->0 0->0 0->0 0->0 0->0 
0->63 0->63 0->43 0->34 0->62 0->63 93->0 97->55 88->63 113->0 127->38 107->63 87->0 100->21 98->63 0->0 0->21 0->63 0->0 0->21 0->63 0->0 0->21 0->63 0->0 0->21 0->63 0->0 0->40 0->63 0->0 0->0 0->0 0->0 0->0 0->0 
0->63 0->63 0->43 0->34 0->62 0->63 108->0 115->55 117->63 132->0 130->38 78->63 171->0 181->21 165->63 0->0 0->21 0->63 0->0 0->21 0->63 0->0 0->21 0->63 0->0 0->21 0->63 0->0 0->40 0->63 0->0 0->0 0->0 0->0 0->0 0->0 
0->63 0->63 0->43 0->34 0->62 0->63 100->0 85->55 154->63 104->0 71->38 173->63 105->0 68->21 167->63 0->0 0->21 0->63 0->0 0->21 0->63 0->0 0->21 0->63 0->0 0->21 0->63 0->0 0->40 0->63 0->0 0->0 0->0 0->0 0->0 0->0 
0->63 0->63 0->43 0->34 0->62 0->63 0->0 0->55 0->63 0->0 0->38 0->63 0->0 0->21 0->63 0->0 0->21 0->63 0->0 0->21 0->63 0->0 0->21 0->63 0->0 0->21 0->63 0->0 0->40 0->63 0->0 0->0 0->0 0->0 0->0 0->0 
0->63 0->63 0->43 0->34 0->62 0->63 0->0 0->55 0->63 93->0 97->38 88->63 113->0 127->21 107->63 87->0 100->21 98->63 0->0 0->21 0->63 0->0 0->21 0->63 0->0 0->21 0->63 0->0 0->40 0->63 0->0 0->0 0->0 0->0 0->0 0->0 
0->63 0->63 0->43 0->34 0->62 0->63 0->0 0->55 0->63 108->0 115->38 117->63 132->0 130->21 78->63 171->0 181->21 165->63 0->0 0->21 0->63 0->0 0->21 0->63 0->0 0->21 0->63 0->0 0->40 0->63 0->0 0->0 0->0 0->0 0->0 0->0 
0->63 0->63 0->43 0->34 0->62 0->63 0->0 0->55 0->63 100->0 85->38 154->63 104->0 71->21 173->63 105->0 68->21 167->63 0->0 0->21 0->63 0->0 0->21 0->63 0->0 0->21 0->63 0->0 0->40 0->63 0->0 0->0 0->0 0->0 0->0 0->0 
0->63 0->63 0->43 0->34 0->62 0->63 0->0 0->55 0->63 0->0 0->38 0->63 0->0 0->21 0->63 0->0 0->21 0->63 0->0 0->21 0->63 0->0 0->21 0->63 0->0 0->21 0->63 0->0 0->40 0->63 0->0 0->0 0->0 0->0 0->0 0->0 
0->63 0->63 0->43 0->34 0->62 0->63 0->0 0->55 0->63 0->0 0->38 0->63 93->0 97->21 88->63 113->0 127->21 107->63 87->0 100->21 98->63 0->0 0->21 0->63 0->0 0->21 0->63 0->0 0->40 0->63 0->0 0->0 0->0 0->0 0->0 0->0 
0->63 0->63 0->43 0->34 0->62 0->63 0->0 0->55 0->63 0->0 0->38 0->63 108->0 115->21 117->63 132->0 130->21 78->63 171->0 181->21 165->63 0->0 0->21 0->63 0->0 0->21 0->63 0->0 0->40 0->63 0->0 0->0 0->0 0->0 0->0 0->0 
0->63 0->63 0->43 0->34 0->62 0->63 0->0 0->55 0->63 0->0 0->38 0->63 100->0 85->21 154->63 104->0 71->21 173->63 105->0 68->21 167->63 0->0 0->21 0->63 0->0 0->21 0->63 0->0 0->40 0->63 0->0 0->0 0->0 0->0 0->0 0->0 
0->63 0->63 0->43 0->34 0->62 0->63 0->0 0->55 0->63 0->0 0->38 0->63 0->0 0->21 0->63 0->0 0->21 0->63 0->0 0->21 0->63 0->0 0->21 0->63 0->0 0->21 0->63 0->0 0->40 0->63 0->0 0->0 0->0 0->0 0->0 0->0 
0->63 0->63 0->43 0->34 0->62 0->63 0->0 0->55 0->63 0->0 0->38 0->63 0->0 0->21 0->63 93->0 97->21 88->63 113->0 127->21 107->63 87->0 100->21 98->63 0->0 0->21 0->63 0->0 0->40 0->63 0->0 0->0 0->0 0->0 0->0 0->0 
0->63 0->63 0->43 0->34 0->62 0->63 0->0 0->55 0->63 0->0 0->38 0->63 0->0 0->21 0->63 108->0 115->21 117->63 132->0 130->21 78->63 171->0 181->21 165->63 0->0 0->21 0->63 0->0 0->40 0->63 0->0 0->0 0->0 0->0 0->0 0->0 
0->63 0->63 0->43 0->34 0->62 0->63 0->0 0->55 0->63 0->0 0->38 0->63 0->0 0->21 0->63 100->0 85->21 154->63 104->0 71->21 173->63 105->0 68->21 167->63 0->0 0->21 0->63 0->0 0->40 0->63 0->0 0->0 0->0 0->0 0->0 0->0 
0->63 0->63 0->43 0->34 0->62 0->63 0->0 0->55 0->63 0->0 0->38 0->63 0->0 0->21 0->63 0->0 0->21 0->63 0->0 0->21 0->63 0->0 0->21 0->63 0->0 0->21 0->63 0->0 0->40 0->63 0->0 0->0 0->0 0->0 0->0 0->0 
0->63 0->63 0->43 0->34 0->62 0->63 0->0 0->55 0->63 0->0 0->38 0->63 0->0 0->21 0->63 0->0 0->21 0->63 93->0 97->21 88->63 113->0 127->21 107->63 87->0 100->21 98->63 0->0 0->40 0->63 0->0 0->0 0->0 0->0 0->0 0->0 
0->63 0->63 0->43 0->34 0->62 0->63 0->0 0->55 0->63 0->0 0->38 0->63 0->0 0->21 0->63 0->0 0->21 0->63 108->0 115->21 117->63 132->0 130->21 78->63 171->0 181->21 165->63 0->0 0->40 0->63 0->0 0->0 0->0 0->0 0->0 0->0 
0->63 0->63 0->43 0->34 0->62 0->63 0->0 0->55 0->63 0->0 0->38 0->63 0->0 0->21 0->63 0->0 0->21 0->63 100->0 85->21 154->63 104->0 71->21 173->63 105->0 68->21 167->63 0->0 0->40 0->63 0->0 0->0 0->0 0->0 0->0 0->0 
0->63 0->63 0->43 0->34 0->62 0->63 0->0 0->55 0->63 0->0 0->38 0->63 0->0 0->21 0->63 0->0 0->21 0->63 0->0 0->21 0->63 0->0 0->21 0->63 0->0 0->21 0->63 0->0 0->40 0->63 0->0 0->0 0->0 0->0 0->0 0->0 
0->63 0->63 0->43 0->34 0->62 0->63 0->0 0->55 0->63 0->0 0->38 0->63 0->0 0->21 0->63 0->0 0->21 0->63 0->0 0->21 0->63 93->0 97->21 88->63 113->0 127->21 107->63 87->0 100->40 98->63 0->0 0->0 0->0 0->0 0->0 0->0 
0->63 0->63 0->43 0->34 0->62 0->63 0->0 0->55 0->63 0->0 0->38 0->63 0->0 0->21 0->63 0->0 0->21 0->63 0->0 0->21 0->63 108->0 115->21 117->63 132->0 130->21 78->63 171->0 181->40 165->63 0->0 0->0 0->0 0->0 0->0 0->0 
0->63 0->63 0->43 0->34 0->62 0->63 0->0 0->55 0->63 0->0 0->38 0->63 0->0 0->21 0->63 0->0 0->21 0->63 0->0 0->21 0->63 100->0 85->21 154->63 104->0 71->21 173->63 105->0 68->40 167->63 0->0 0->0 0->0 0->0 0->0 0->0 
0->63 0->63 0->43 0->34 0->62 0->63 0->0 0->55 0->63 0->0 0->38 0->63 0->0 0->21 0->63 0->0 0->21 0->63 0->0 0->21 0->63 0->0 0->21 0->63 0->0 0->21 0->63 0->0 0->40 0->63 0->0 0->0 0->0 0->0 0->0 0->0 

93->0 97->21 88->63 113->0 127->40 107->63 87->13 100->60 98->63 0->41 0->63 0->49 0->63 0->57 0->14 0->63 0->16 0->0 0->39 0->2 0->0 0->0 0->0 0->0 0->0 0->0 0->0 0->0 0->0 0->0 0->0 0->0 0->0 0->0 0->0 0->0 
108->0 115->21 117->63 132->0 130->40 78->63 171->13 181->60 165->63 0->41 0->63 0->49 0->63 0->57 0->14 0->63 0->16 0->0 0->39 0->2 0->0 0->0 0->0 0->0 0->0 0->0 0->0 0->0 0->0 0->0 0->0 0->0 0->0 0->0 0->0 0->0 
100->0 85->21 154->63 104->0 71->40 173->63 105->13 68->60 167->63 0->41 0->63 0->49 0->63 0->57 0->14 0->63 0->16 0->0 0->39 0->2 0->0 0->0 0->0 0->0 0->0 0->0 0->0 0->0 0->0 0->0 0->0 0->0 0->0 0->0 0->0 0->0 
0->0 0->21 0->63 0->0 0->40 0->63 0->13 0->60 0->63 0->41 0->63 0->49 0->63 0->57 0->14 0->63 0->16 0->0 0->39 0->2 0->0 0->0 0->0 0->0 0->0 0->0 0->0 0->0 0->0 0->0 0->0 0->0 0->0 0->0 0->0 0->0 
0->0 0->21 0->63 93->0 97->40 88->63 113->13 127->60 107->63 87->41 100->63 98->49 0->63 0->57 0->14 0->63 0->16 0->0 0->39 0->2 0->0 0->0 0->0 0->0 0->0 0->0 0->0 0->0 0->0 0->0 0->0 0->0 0->0 0->0 0->0 0->0 
0->0 0->21 0->63 108->0 115->40 117->63 132->13 130->60 78->63 171->41 181->63 165->49 0->63 0->57 0->14 0->63 0->16 0->0 0->39 0->2 0->0 0->0 0->0 0->0 0->0 0->0 0->0 0->0 0->0 0->0 0->0 0->0 0->0 0->0 0->0 0->0 
0->0 0->21 0->63 100->0 85->40 154->63 104->13 71->60 173->63 105->41 68->63 167->49 0->63 0->57 0->14 0->63 0->16 0->0 0->39 0->2 0->0 0->0 0->0 0->0 0->0 0->0 0->0 0->0 0->0 0->0 0->0 0->0 0->0 0->0 0->0 0->0 
0->0 0->21 0->63 0->0 0->40 0->63 0->13 0->60 0->63 0->41 0->63 0->49 0->63 0->57 0->14 0->63 0->16 0->0 0->39 0->2 0->0 0->0 0->0 0->0 0->0 0->0 0->0 0->0 0->0 0->0 0->0 0->0 0->0 0->0 0->0 0->0 
0->0 0->21 0->63 0->0 0->40 0->63 93->13 97->60 88->63 113->41 127->63 107->49 87->63 100->57 98->14 0->63 0->16 0->0 0->39 0->2 0->0 0->0 0->0 0->0 0->0 0->0 0->0 0->0 0->0 0->0 0->0 0->0 0->0 0->0 0->0 0->0 
0->0 0->21 0->63 0->0 0->40 0->63 108->13 115->60 117->63 132->41 130->63 78->49 171->63 181->57 165->14 0->63 0->16 0->0 0->39 0->2 0->0 0->0 0->0 0->0 0->0 0->0 0->0 0->0 0->0 0->0 0->0 0->0 0->0 0->0 0->0 0->0 
0->0 0->21 0->63 0->0 0->40 0->63 100->13 85->60 154->63 104->41 71->63 173->49 105->63 68->57 167->14 0->63 0->16 0->0 0->39 0->2 0->0 0->0 0->0 0->0 0->0 0->0 0->0 0->0 0->0 0->0 0->0 0->0 0->0 0->0 0->0 0->0 
0->0 0->21 0->63 0->0 0->40 0->63 0->13 0->60 0->63 0->41 0->63 0->49 0->63 0->57 0->14 0->63 0->16 0->0 0->39 0->2 0->0 0->0 0->0 0->0 0->0 0->0 0->0 0->0 0->0 0->0 0->0 0->0 0->0 0->0 0->0 0->0 
0->0 0->21 0->63 0->0 0->40 0->63 0->13 0->60 0->63 93->41 97->63 88->49 113->63 127->57 107->14 87->63 100->16 98->0 0->39 0->2 0->0 0->0 0->0 0->0 0->0 0->0 0->0 0->0 0->0 0->0 0->0 0->0 0->0 0->0 0->0 0->0 
0->0 0->21 0->63 0->0 0->40 0->63 0->13 0->60 0->63 108->41 115->63 117->49 132->63 130->57 78->14 171->63 181->16 165->0 0->39 0->2 0->0 0->0 0->0 0->0 0->0 0->0 0->0 0->0 0->0 0->0 0->0 0->0 0->0 0->0 0->0 0->0 
0->0 0->21 0->63 0->0 0->40 0->63 0->13 0->60 0->63 100->41 85->63 154->49 104->63 71->57 173->14 105->63 68->16 167->0 0->39 0->2 0->0 0->0 0->0 0->0 0->0 0->0 0->0 0->0 0->0 0->0 0->0 0->0 0->0 0->0 0->0 0->0 
0->0 0->21 0->63 0->0 0->40 0->63 0->13 0->60 0->63 0->41 0->63 0->49 0->63 0->57 0->14 0->63 0->16 0->0 0->39 0->2 0->0 0->0 0->0 0->0 0->0 0->0 0->0 0->0 0->0 0->0 0->0 0->0 0->0 0->0 0->0 0->0 
0->0 0->21 0->63 0->0 0->40 0->63 0->13 0->60 0->63 0->41 0->63 0->49 93->63 97->57 88->14 113->63 127->16 107->0 87->39 100->2 98->0 0->0 0->0 0->0 0->0 0->0 0->0 0->0 0->0 0->0 0->0 0->0 0->0 0->0 0->0 0->0 
0->0 0->21 0->63 0->0 0->40 0->63 0->13 0->60 0->63 0->41 0->63 0->49 108->63 115->57 117->14 132->63 130->16 78->0 171->39 181->2 165->0 0->0 0->0 0->0 0->0 0->0 0->0 0->0 0->0 0->0 0->0 0->0 0->0 0->0 0->0 0->0 
0->0 0->21 0->63 0->0 0->40 0->63 0->13 0->60 0->63 0->41 0->63 0->49 100->63 85->57 154->14 104->63 71->16 173->0 105->39 68->2 167->0 0->0 0->0 0->0 0->0 0->0 0->0 0->0 0->0 0->0 0->0 0->0 0->0 0->0 0->0 0->0 
0->0 0->21 0->63 0->0 0->40 0->63 0->13 0->60 0->63 0->41 0->63 0->49 0->63 0->57 0->14 0->63 0->16 0->0 0->39 0->2 0->0 0->0 0->0 0->0 0->0 0->0 0->0 0->0 0->0 0->0 0->0 0->0 0->0 0->0 0->0 0->0 
0->0 0->21 0->63 0->0 0->40 0->63 0->13 0->60 0->63 0->41 0->63 0->49 0->63 0->57 0->14 93->63 97->16 88->0 113->39 127->2 107->0 87->0 100->0 98->0 0->0 0->0 0->0 0->0 0->0 0->0 0->0 0->0 0->0 0->0 0->0 0->0 
0->0 0->21 0->63 0->0 0->40 0->63 0->13 0->60 0->63 0->41 0->63 0->49 0->63 0->57 0->14 108->63 115->16 117->0 132->39 130->2 78->0 171->0 181->0 165->0 0->0 0->0 0->0 0->0 0->0 0->0 0->0 0->0 0->0 0->0 0->0 0->0 
0->0 0->21 0->63 0->0 0->40 0->63 0->13 0->60 0->63 0->41 0->63 0->49 0->63 0->57 0->14 100->63 85->16 154->0 104->39 71->2 173->0 105->0 68->0 167->0 0->0 0->0 0->0 0->0 0->0 0->0 0->0 0->0 0->0 0->0 0->0 0->0 
0->0 0->21 0->63 0->0 0->40 0->63 0->13 0->60 0->63 0->41 0->63 0->49 0->63 0->57 0->14 0->63 0->16 0->0 0->39 0->2 0->0 0->0 0->0 0->0 0->0 0->0 0->0 0->0 0->0 0->0 0->0 0->0 0->0 0->0 0->0 0->0 
0->0 0->21 0->63 0->0 0->40 0->63 0->13 0->60 0->63 0->41 0->63 0->49 0->63 0->57 0->14 0->63 0->16 0->0 93->39 97->2 88->0 113->0 127->0 107->0 87->0 100->0 98->0 0->0 0->0 0->0 0->0 0->0 0->0 0->0 0->0 0->0 
0->0 0->21 0->63 0->0 0->40 0->63 0->13 0->60 0->63 0->41 0->63 0->49 0->63 0->57 0->14 0->63 0->16 0->0 108->39 115->2 117->0 132->0 130->0 78->0 171->0 181->0 165->0 0->0 0->0 0->0 0->0 0->0 0->0 0->0 0->0 0->0 
0->0 0->21 0->63 0->0 0->40 0->63 0->13 0->60 0->63 0->41 0->63 0->49 0->63 0->57 0->14 0->63 0->16 0->0 100->39 85->2 154->0 104->0 71->0 173->0 105->0 68->0 167->0 0->0 0->0 0->0 0->0 0->0 0->0 0->0 0->0 0->0 
0->0 0->21 0->63 0->0 0->40 0->63 0->13 0->60 0->63 0->41 0->63 0->49 0->63 0->57 0->14 0->63 0->16 0->0 0->39 0->2 0->0 0->0 0->0 0->0 0->0 0->0 0->0 0->0 0->0 0->0 0->0 0->0 0->0 0->0 0->0 0->0 
0->0 0->21 0->63 0->0 0->40 0->63 0->13 0->60 0->63 0->41 0->63 0->49 0->63 0->57 0->14 0->63 0->16 0->0 0->39 0->2 0->0 93->0 97->0 88->0 113->0 127->0 107->0 87->0 100->0 98->0 0->0 0->0 0->0 0->0 0->0 0->0 
0->0 0->21 0->63 0->0 0->40 0->63 0->13 0->60 0->63 0->41 0->63 0->49 0->63 0->57 0->14 0->63 0->16 0->0 0->39 0->2 0->0 108->0 115->0 117->0 132->0 130->0 78->0 171->0 181->0 165->0 0->0 0->0 0->0 0->0 0->0 0->0 
0->0 0->21 0->63 0->0 0->40 0->63 0->13 0->60 0->63 0->41 0->63 0->49 0->63 0->57 0->14 0->63 0->16 0->0 0->39 0->2 0->0 100->0 85->0 154->0 104->0 71->0 173->0 105->0 68->0 167->0 0->0 0->0 0->0 0->0 0->0 0->0 
0->0 0->21 0->63 0->0 0->40 0->63 0->13 0->60 0->63 0->41 0->63 0->49 0->63 0->57 0->14 0->63 0->16 0->0 0->39 0->2 0->0 0->0 0->0 0->0 0->0 0->0 0->0 0->0 0->0 0->0 0->0 0->0 0->0 0->0 0->0 0->0 

93->0 97->0 88->0 113->0 127->0 107->0 87->0 100->0 98->0 0->0 0->0 0->0 0->0 0->0 0->0 0->0 0->0 0->0 0->0 0->0 0->0 0->0 0->0 0->0 0->0 0->0 0->0 0->0 0->0 0->0 0->0 0->0 0->0 0->0 0->0 0->0 
108->0 115->0 117->0 132->0 130->0 78->0 171->0 181->0 165->0 0->0 0->0 0->0 0->0 0->0 0->0 0->0 0->0 0->0 0->0 0->0 0->0 0->0 0->0 0->0 0->0 0->0 0->0 0->0 0->0 0->0 0->0 0->0 0->0 0->0 0->0 0->0 
100->0 85->0 154->0 104->0 71->0 173->0 105->0 68->0 167->0 0->0 0->0 0->0 0->0 0->0 0->0 0->0 0->0 0->0 0->0 0->0 0->0 0->0 0->0 0->0 0->0 0->0 0->0 0->0 0->0 0->0 0->0 0->0 0->0 0->0 0->0 0->0 
0->0 0->0 0->0 0->0 0->0 0->0 0->0 0->0 0->0 0->0 0->0 0->0 0->0 0->0 0->0 0->0 0->0 0->0 0->0 0->0 0->0 0->0 0->0 0->0 0->0 0->0 0->0 0->0 0->0 0->0 0->0 0->0 0->0 0->0 0->0 0->0 
0->0 0->0 0->0 93->0 97->0 88->0 113->0 127->0 107->0 87->0 100->0 98->0 0->0 0->0 0->0 0->0 0->0 0->0 0->0 0->0 0->0 0->0 0->0 0->0 0->0 0->0 0->0 0->0 0->0 0->0 0->0 0->0 0->0 0->0 0->0 0->0 
0->0 0->0 0->0 108->0 115->0 117->0 132->0 130->0 78->0 171->0 181->0 165->0 0->0 0->0 0->0 0->0 0->0 0->0 0->0 0->0 0->0 0->0 0->0 0->0 0->0 0->0 0->0 0->0 0->0 0->0 0->0 0->0 0->0 0->0 0->0 0->0 
0->0 0->0 0->0 100->0 85->0 154->0 104->0 71->0 173->0 105->0 68->0 167->0 0->0 0->0 0->0 0->0 0->0 0->0 0->0 0->0 0->0 0->0 0->0 0->0 0->0 0->0 0->0 0->0 0->0 0->0 0->0 0->0 0->0 0->0 0->0 0->0 
0->0 0->0 0->0 0->0 0->0 0->0 0->0 0->0 0->0 0->0 0->0 0->0 0->0 0->0 0->0 0->0 0->0 0->0 0->0 0->0 0->0 0->0 0->0 0->0 0->0 0->0 0->0 0->0 0->0 0->0 0->0 0->0 0->0 0->0 0->0 0->0 
0->0 0->0 0->0 0->0 0->0 0->0 93->0 97->0 88->0 113->0 127->0 107->0 87->0 100->0 98->0 0->0 0->0 0->0 0->0 0->0 0->0 0->0 0->0 0->0 0->0 0->0 0->0 0->0 0->0 0->0 0->0 0->0 0->0 0->0 0->0 0->0 
0->0 0->0 0->0 0->0 0->0 0->0 108->0 115->0 117->0 132->0 130->0 78->0 171->0 181->0 165->0 0->0 0->0 0->0 0->0 0->0 0->0 0->0 0->0 0->0 0->0 0->0 0->0 0->0 0->0 0->0 0->0 0->0 0->0 0->0 0->0 0->0 
0->0 0->0 0->0 0->0 0->0 0->0 100->0 85->0 154->0 104->0 71->0 173->0 105->0 68->0 167->0 0->0 0->0 0->0 0->0 0->0 0->0 0->0 0->0 0->0 0->0 0->0 0->0 0->0 0->0 0->0 0->0 0->0 0->0 0->0 0->0 0->0 
0->0 0->0 0->0 0->0 0->0 0->0 0->0 0->0 0->0 0->0 0->0 0->0 0->0 0->0 0->0 0->0 0->0 0->0 0->0 0->0 0->0 0->0 0->0 0->0 0->0 0->0 0->0 0->0 0->0 0->0 0->0 0->0 0->0 0->0 0->0 0->0 
0->0 0->0 0->0 0->0 0->0 0->0 0->0 0->0 0->0 93->0 97->0 88->0 113->0 127->0 107->0 87->0 100->0 98->0 0->0 0->0 0->0 0->0 0->0 0->0 0->0 0->0 0->0 0->0 0->0 0->0 0->0 0->0 0->0 0->0 0->0 0->0 
0->0 0->0 0->0 0->0 0->0 0->0 0->0 0->0 0->0 108->0 115->0 117->0 132->0 130->0 78->0 171->0 181->0 165->0 0->0 0->0 0->0 0->0 0->0 0->0 0->0 0->0 0->0 0->0 0->0 0->0 0->0 0->0 0->0 0->0 0->0 0->0 
0->0 0->0 0->0 0->0 0->0 0->0 0->0 0->0 0->0 100->0 85->0 154->0 104->0 71->0 173->0 105->0 68->0 167->0 0->0 0->0 0->0 0->0 0->0 0->0 0->0 0->0 0->0 0->0 0->0 0->0 0->0 0->0 0->0 0->0 0->0 0->0 
0->0 0->0 0->0 0->0 0->0 0->0 0->0 0->0 0->0 0->0 0->0 0->0 0->0 0->0 0->0 0->0 0->0 0->0 0->0 0->0 0->0 0->0 0->0 0->0 0->0 0->0 0->0 0->0 0->0 0->0 0->0 0->0 0->0 0->0 0->0 0->0 
0->0 0->0 0->0 0->0 0->0 0->0 0->0 0->0 0->0 0->0 0->0 0->0 93->0 97->0 88->0 113->0 127->0 107->0 87->0 100->0 98->0 0->0 0->0 0->0 0->0 0->0 0->0 0->0 0->0 0->0 0->0 0->0 0->0 0->0 0->0 0->0 
0->0 0->0 0->0 0->0 0->0 0->0 0->0 0->0 0->0 0->0 0->0 0->0 108->0 115->0 117->0 132->0 130->0 78->0 171->0 181->0 165->0 0->0 0->0 0->0 0->0 0->0 0->0 0->0 0->0 0->0 0->0 0->0 0->0 0->0 0->0 0->0 
0->0 0->0 0->0 0->0 0->0 0->0 0->0 0->0 0->0 0->0 0->0 0->0 100->0 85->0 154->0 104->0 71->0 173->0 105->0 68->0 167->0 0->0 0->0 0->0 0->0 0->0 0->0 0->0 0->0 0->0 0->0 0->0 0->0 0->0 0->0 0->0 
0->0 0->0 0->0 0->0 0->0 0->0 0->0 0->0 0->0 0->0 0->0 0->0 0->0 0->0 0->0 0->0 0->0 0->0 0->0 0->0 0->0 0->0 0->0 0->0 0->0 0->0 0->0 0->0 0->0 0->0 0->0 0->0 0->0 0->0 0->0 0->0 
0->0 0->0 0->0 0->0 0->0 0->0 0->0 0->0 0->0 0->0 0->0 0->0 0->0 0->0 0->0 93->0 97->0 88->0 113->0 127->0 107->0 87->0 100->0 98->0 0->0 0->0 0->0 0->0 0->0 0->0 0->0 0->0 0->0 0->0 0->0 0->0 
0->0 0->0 0->0 0->0 0->0 0->0 0->0 0->0 0->0 0->0 0->0 0->0 0->0 0->0 0->0 108->0 115->0 117->0 132->0 130->0 78->0 171->0 181->0 165->0 0->0 0->0 0->0 0->0 0->0 0->0 0->0 0->0 0->0 0->0 0->0 0->0 
0->0 0->0 0->0 0->0 0->0 0->0 0->0 0->0 0->0 0->0 0->0 0->0 0->0 0->0 0->0 100->0 85->0 154->0 104->0 71->0 173->0 105->0 68->0 167->0 0->0 0->0 0->0 0->0 0->0 0->0 0->0 0->0 0->0 0->0 0->0 0->0 
0->0 0->0 0->0 0->0 0->0 0->0 0->0 0->0 0->0 0->0 0->0 0->0 0->0 0->0 0->0 0->0 0->0 0->0 0->0 0->0 0->0 0->0 0->0 0->0 0->0 0->0 0->0 0->0 0->0 0->0 0->0 0->0 0->0 0->0 0->0 0->0 
0->0 0->0 0->0 0->0 0->0 0->0 0->0 0->0 0->0 0->0 0->0 0->0 0->0 0->0 0->0 0->0 0->0 0->0 93->0 97->0 88->0 113->0 127->0 107->0 87->0 100->0 98->0 0->0 0->0 0->0 0->0 0->0 0->0 0->0 0->0 0->0 
0->0 0->0 0->0 0->0 0->0 0->0 0->0 0->0 0->0 0->0 0->0 0->0 0->0 0->0 0->0 0->0 0->0 0->0 108->0 115->0 117->0 132->0 130->0 78->0 171->0 181->0 165->0 0->0 0->0 0->0 0->0 0->0 0->0 0->0 0->0 0->0 
0->0 0->0 0->0 0->0 0->0 0->0 0->0 0->0 0->0 0->0 0->0 0->0 0->0 0->0 0->0 0->0 0->0 0->0 100->0 85->0 154->0 104->0 71->0 173->0 105->0 68->0 167->0 0->0 0->0 0->0 0->0 0->0 0->0 0->0 0->0 0->0 
0->0 0->0 0->0 0->0 0->0 0->0 0->0 0->0 0->0 0->0 0->0 0->0 0->0 0->0 0->0 0->0 0->0 0->0 0->0 0->0 0->0 0->0 0->0 0->0 0->0 0->0 0->0 0->0 0->0 0->0 0->0 0->0 0->0 0->0 0->0 0->0 
0->0 0->0 0->0 0->0 0->0 0->0 0->0 0->0 0->0 0->0 0->0 0->0 0->0 0->0 0->0 0->0 0->0 0->0 0->0 0->0 0->0 93->0 97->0 88->0 113->0 127->0 107->0 87->0 100->0 98->0 0->0 0->0 0->0 0->0 0->0 0->0 
0->0 0->0 0->0 0->0 0->0 0->0 0->0 0->0 0->0 0->0 0->0 0->0 0->0 0->0 0->0 0->0 0->0 0->0 0->0 0->0 0->0 108->0 115->0 117->0 132->0 130->0 78->0 171->0 181->0 165->0 0->0 0->0 0->0 0->0 0->0 0->0 
0->0 0->0 0->0 0->0 0->0 0->0 0->0 0->0 0->0 0->0 0->0 0->0 0->0 0->0 0->0 0->0 0->0 0->0 0->0 0->0 0->0 100->0 85->0 154->0 104->0 71->0 173->0 105->0 68->0 167->0 0->0 0->0 0->0 0->0 0->0 0->0 
0->0 0->0 0->0 0->0 0->0 0->0 0->0 0->0 0->0 0->0 0->0 0->0 0->0 0->0 0->0 0->0 0->0 0->0 0->0 0->0 0->0 0->0 0->0 0->0 0->0 0->0 0->0 0->0 0->0 0->0 0->0 0->0 0->0 0->0 0->0 0->0 

93->0 97->0 88->0 113->0 127->0 107->0 87->0 100->0 98->0 0->0 0->0 0->0 0->0 0->0 0->0 0->0 0->0 0->0 0->21 0->0 0->0 0->60 0->12 0->0 0->63 0->43 0->4 0->62 0->63 0->19 0->0 0->0 0->0 0->0 0->0 0->0 
108->0 115->0 117->0 132->0 130->0 78->0 171->0 181->0 165->0 0->0 0->0 0->0 0->0 0->0 0->0 0->0 0->0 0->0 0->21 0->0 0->0 0->60 0->12 0->0 0->63 0->43 0->4 0->62 0->63 0->19 0->0 0->0 0->0 0->0 0->0 0->0 
100->0 85->0 154->0 104->0 71->0 173->0 105->0 68->0 167->0 0->0 0->0 0->0 0->0 0->0 0->0 0->0 0->0 0->0 0->21 0->0 0->0 0->60 0->12 0->0 0->63 0->43 0->4 0->62 0->63 0->19 0->0 0->0 0->0 0->0 0->0 0->0 
0->0 0->0 0->0 0->0 0->0 0->0 0->0 0->0 0->0 0->0 0->0 0->0 0->0 0->0 0->0 0->0 0->0 0->0 0->21 0->0 0->0 0->60 0->12 0->0 0->63 0->43 0->4 0->62 0->63 0->19 0->0 0->0 0->0 0->0 0->0 0->0 
0->0 0->0 0->0 93->0 97->0 88->0 113->0 127->0 107->0 87->0 100->0 98->0 0->0 0->0 0->0 0->0 0->0 0->0 0->21 0->0 0->0 0->60 0->12 0->0 0->63 0->43 0->4 0->62 0->63 0->19 0->0 0->0 0->0 0->0 0->0 0->0 
0->0 0->0 0->0 108->0 115->0 117->0 132->0 130->0 78->0 171->0 181->0 165->0 0->0 0->0 0->0 0->0 0->0 0->0 0->21 0->0 0->0 0->60 0->12 0->0 0->63 0->43 0->4 0->62 0->63 0->19 0->0 0->0 0->0 0->0 0->0 0->0 
0->0 0->0 0->0 100->0 85->0 154->0 104->0 71->0 173->0 105->0 68->0 167->0 0->0 0->0 0->0 0->0 0->0 0->0 0->21 0->0 0->0 0->60 0->12 0->0 0->63 0->43 0->4 0->62 0->63 0->19 0->0 0->0 0->0 0->0 0->0 0->0 
0->0 0->0 0->0 0->0 0->0 0->0 0->0 0->0 0->0 0->0 0->0 0->0 0->0 0->0 0->0 0->0 0->0 0->0 0->21 0->0 0->0 0->60 0->12 0->0 0->63 0->43 0->4 0->62 0->63 0->19 0->0 0->0 0->0 0->0 0->0 0->0 
0->0 0->0 0->0 0->0 0->0 0->0 93->0 97->0 88->0 113->0 127->0 107->0 87->0 100->0 98->0 0->0 0->0 0->0 0->21 0->0 0->0 0->60 0->12 0->0 0->63 0->43 0->4 0->62 0->63 0->19 0->0 0->0 0->0 0->0 0->0 0->0 
0->0 0->0 0->0 0->0 0->0 0->0 108->0 115->0 117->0 132->0 130->0 78->0 171->0 181->0 165->0 0->0 0->0 0->0 0->21 0->0 0->0 0->60 0->12 0->0 0->63 0->43 0->4 0->62 0->63 0->19 0->0 0->0 0->0 0->0 0->0 0->0 
0->0 0->0 0->0 0->0 0->0 0->0 100->0 85->0 154->0 104->0 71->0 173->0 105->0 68->0 167->0 0->0 0->0 0->0 0->21 0->0 0->0 0->60 0->12 0->0 0->63 0->43 0->4 0->62 0->63 0->19 0->0 0->0 0->0 0->0 0->0 0->0 
0->0 0->0 0->0 0->0 0->0 0->0 0->0 0->0 0->0 0->0 0->0 0->0 0->0 0->0 0->0 0->0 0->0 0->0 0->21 0->0 0->0 0->60 0->12 0->0 0->63 0->43 0->4 0->62 0->63 0->19 0->0 0->0 0->0 0->0 0->0 0->0 
0->0 0->0 0->0 0->0 0->0 0->0 0->0 0->0 0->0 93->0 97->0 88->0 113->0 127->0 107->0 87->0 100->0 98->0 0->21 0->0 0->0 0->60 0->12 0->0 0->63 0->43 0->4 0->62 0->63 0->19 0->0 0->0 0->0 0->0 0->0 0->0 
0->0 0->0 0->0 0->0 0->0 0->0 0->0 0->0 0->0 108->0 115->0 117->0 132->0 130->0 78->0 171->0 181->0 165->0 0->21 0->0 0->0 0->60 0->12 0->0 0->63 0->43 0->4 0->62 0->63 0->19 0->0 0->0 0->0 0->0 0->0 0->0 
0->0 0->0 0->0 0->0 0->0 0->0 0->0 0->0 0->0 100->0 85->0 154->0 104->0 71->0 173->0 105->0 68->0 167->0 0->21 0->0 0->0 0->60 0->12 0->0 0->63 0->43 0->4 0->62 0->63 0->19 0->0 0->0 0->0 0->0 0->0 0->0 
0->0 0->0 0->0 0->0 0->0 0->0 0->0 0->0 0->0 0->0 0->0 0->0 0->0 0->0 0->0 0->0 0->0 0->0 0->21 0->0 0->0 0->60 0->12 0->0 0->63 0->43 0->4 0->62 0->63 0->19 0->0 0->0 0->0 0->0 0->0 0->0 
0->0 0->0 0->0 0->0 0->0 0->0 0->0 0->0 0->0 0->0 0->0 0->0 93->0 97->0 88->0 113->0 127->0 107->0 87->21 100->0 98->0 0->60 0->12 0->0 0->63 0->43 0->4 0->62 0->63 0->19 0->0 0->0 0->0 0->0 0->0 0->0 
0->0 0->0 0->0 0->0 0->0 0->0 0->0 0->0 0->0 0->0 0->0 0->0 108->0 115->0 117->0 132->0 130->0 78->0 171->21 181->0 165->0 0->60 0->12 0->0 0->63 0->43 0->4 0->62 0->63 0->19 0->0 0->0 0->0 0->0 0->0 0->0 
0->0 0->0 0->0 0->0 0->0 0->0 0->0 0->0 0->0 0->0 0->0 0->0 100->0 85->0 154->0 104->0 71->0 173->0 105->21 68->0 167->0 0->60 0->12 0->0 0->63 0->43 0->4 0->62 0->63 0->19 0->0 0->0 0->0 0->0 0->0 0->0 
0->0 0->0 0->0 0->0 0->0 0->0 0->0 0->0 0->0 0->0 0->0 0->0 0->0 0->0 0->0 0->0 0->0 0->0 0->21 0->0 0->0 0->60 0->12 0->0 0->63 0->43 0->4 0->62 0->63 0->19 0->0 0->0 0->0 0->0 0->0 0->0 
0->0 0->0 0->0 0->0 0->0 0->0 0->0 0->0 0->0 0->0 0->0 0->0 0->0 0->0 0->0 93->0 97->0 88->0 113->21 127->0 107->0 87->60 100->12 98->0 0->63 0->43 0->4 0->62 0->63 0->19 0->0 0->0 0->0 0->0 0->0 0->0 
0->0 0->0 0->0 0->0 0->0 0->0 0->0 0->0 0->0 0->0 0->0 0->0 0->0 0->0 0->0 108->0 115->0 117->0 132->21 130->0 78->0 171->60 181->12 165->0 0->63 0->43 0->4 0->62 0->63 0->19 0->0 0->0 0->0 0->0 0->0 0->0 
0->0 0->0 0->0 0->0 0->0 0->0 0->0 0->0 0->0 0->0 0->0 0->0 0->0 0->0 0->0 100->0 85->0 154->0 104->21 71->0 173->0 105->60 68->12 167->0 0->63 0->43 0->4 0->62 0->63 0->19 0->0 0->0 0->0 0->0 0->0 0->0 
0->0 0->0 0->0 0->0 0->0 0->0 0->0 0->0 0->0 0->0 0->0 0->0 0->0 0->0 0->0 0->0 0->0 0->0 0->21 0->0 0->0 0->60 0->12 0->0 0->63 0->43 0->4 0->62 0->63 0->19 0->0 0->0 0->0 0->0 0->0 0->0 
0->0 0->0 0->0 0->0 0->0 0->0 0->0 0->0 0->0 0->0 0->0 0->0 0->0 0->0 0->0 0->0 0->0 0->0 93->21 97->0 88->0 113->60 127->12 107->0 87->63 100->43 98->4 0->62 0->63 0->19 0->0 0->0 0->0 0->0 0->0 0->0 
0->0 0->0 0->0 0->0 0->0 0->0 0->0 0->0 0->0 0->0 0->0 0->0 0->0 0->0 0->0 0->0 0->0 0->0 108->21 115->0 117->0 132->60 130->12 78->0 171->63 181->43 165->4 0->62 0->63 0->19 0->0 0->0 0->0 0->0 0->0 0->0 
0->0 0->0 0->0 0->0 0->0 0->0 0->0 0->0 0->0 0->0 0->0 0->0 0->0 0->0 0->0 0->0 0->0 0->0 100->21 85->0 154->0 104->60 71->12 173->0 105->63 68->43 167->4 0->62 0->63 0->19 0->0 0->0 0->0 0->0 0->0 0->0 
0->0 0->0 0->0 0->0 0->0 0->0 0->0 0->0 0->0 0->0 0->0 0->0 0->0 0->0 0->0 0->0 0->0 0->0 0->21 0->0 0->0 0->60 0->12 0->0 0->63 0->43 0->4 0->62 0->63 0->19 0->0 0->0 0->0 0->0 0->0 0->0 
0->0 0->0 0->0 0->0 0->0 0->0 0->0 0->0 0->0 0->0 0->0 0->0 0->0 0->0 0->0 0->0 0->0 0->0 0->21 0->0 0->0 93->60 97->12 88->0 113->63 127->43 107->4 87->62 100->63 98->19 0->0 0->0 0->0 0->0 0->0 0->0 
0->0 0->0 0->0 0->0 0->0 0->0 0->0 0->0 0->0 0->0 0->0 0->0 0->0 0->0 0->0 0->0 0->0 0->0 0->21 0->0 0->0 108->60 115->12 117->0 132->63 130->43 78->4 171->62 181->63 165->19 0->0 0->0 0->0 0->0 0->0 0->0 
0->0 0->0 0->0 0->0 0->0 0->0 0->0 0->0 0->0 0->0 0->0 0->0 0->0 0->0 0->0 0->0 0->0 0->0 0->21 0->0 0->0 100->60 85->12 154->0 104->63 71->43 173->4 105->62 68->63 167->19 0->0 0->0 0->0 0->0 0->0 0->0 
0->0 0->0 0->0 0->0 0->0 0->0 0->0 0->0 0->0 0->0 0->0 0->0 0->0 0->0 0->0 0->0 0->0 0->0 0->21 0->0 0->0 0->60 0->12 0->0 0->63 0->43 0->4 0->62 0->63 0->19 0->0 0->0 0->0 0->0 0->0 0->0 

93->63 97->43 88->4 113->62 127->63 107->19 87->55 100->63 98->39 0->38 0->63 0->53 0->21 0->63 0->53 0->21 0->63 0->53 0->21 0->63 0->53 0->21 0->63 0->53 0->21 0->63 0->53 0->40 0->63 0->52 0->0 0->0 0->0 0->0 0->0 0->0 
108->63 115->43 117->4 132->62 130->63 78->19 171->55 181->63 165->39 0->38 0->63 0->53 0->21 0->63 0->53 0->21 0->63 0->53 0->21 0->63 0->53 0->21 0->63 0->53 0->21 0->63 0->53 0->40 0->63 0->52 0->0 0->0 0->0 0->0 0->0 0->0 
100->63 85->43 154->4 104->62 71->63 173->19 105->55 68->63 167->39 0->38 0->63 0->53 0->21 0->63 0->53 0->21 0->63 0->53 0->21 0->63 0->53 0->21 0->63 0->53 0->21 0->63 0->53 0->40 0->63 0->52 0->0 0->0 0->0 0->0 0->0 0->0 
0->63 0->43 0->4 0->62 0->63 0->19 0->55 0->63 0->39 0->38 0->63 0->53 0->21 0->63 0->53 0->21 0->63 0->53 0->21 0->63 0->53 0->21 0->63 0->53 0->21 0->63 0->53 0->40 0->63 0->52 0->0 0->0 0->0 0->0 0->0 0->0 
0->63 0->43 0->4 93->62 97->63 88->19 113->55 127->63 107->39 87->38 100->63 98->53 0->21 0->63 0->53 0->21 0->63 0->53 0->21 0->63 0->53 0->21 0->63 0->53 0->21 0->63 0->53 0->40 0->63 0->52 0->0 0->0 0->0 0->0 0->0 0->0 
0->63 0->43 0->4 108->62 115->63 117->19 132->55 130->63 78->39 171->38 181->63 165->53 0->21 0->63 0->53 0->21 0->63 0->53 0->21 0->63 0->53 0->21 0->63 0->53 0->21 0->63 0->53 0->40 0->63 0->52 0->0 0->0 0->0 0->0 0->0 0->0 
0->63 0->43 0->4 100->62 85->63 154->19 104->55 71->63 173->39 105->38 68->63 167->53 0->21 0->63 0->53 0->21 0->63 0->53 0->21 0->63 0->53 0->21 0->63 0->53 0->21 0->63 0->53 0->40 0->63 0->52 0->0 0->0 0->0 0->0 0->0 0->0 
0->63 0->43 0->4 0->62 0->63 0->19 0->55 0->63 0->39 0->38 0->63 0->53 0->21 0->63 0->53 0->21 0->63 0->53 0->21 0->63 0->53 0->21 0->63 0->53 0->21 0->63 0->53 0->40 0->63 0->52 0->0 0->0 0->0 0->0 0->0 0->0 
0->63 0->43 0->4 0->62 0->63 0->19 93->55 97->63 88->39 113->38 127->63 107->53 87->21 100->63 98->53 0->21 0->63 0->53 0->21 0->63 0->53 0->21 0->63 0->53 0->21 0->63 0->53 0->40 0->63 0->52 0->0 0->0 0->0 0->0 0->0 0->0 
0->63 0->43 0->4 0->62 0->63 0->19 108->55 115->63 117->39 132->38 130->63 78->53 171->21 181->63 165->53 0->21 0->63 0->53 0->21 0->63 0->53 0->21 0->63 0->53 0->21 0->63 0->53 0->40 0->63 0->52 0->0 0->0 0->0 0->0 0->0 0->0 
0->63 0->43 0->4 0->62 0->63 0->19 100->55 85->63 154->39 104->38 71->63 173->53 105->21 68->63 167->53 0->21 0->63 0->53 0->21 0->63 0->53 0->21 0->63 0->53 0->21 0->63 0->53 0->40 0->63 0->52 0->0 0->0 0->0 0->0 0->0 0->0 
0->63 0->43 0->4 0->62 0->63 0->19 0->55 0->63 0->39 0->38 0->63 0->53 0->21 0->63 0->53 0->21 0->63 0->53 0->21 0->63 0->53 0->21 0->63 0->53 0->21 0->63 0->53 0->40 0->63 0->52 0->0 0->0 0->0 0->0 0->0 0->0 
0->63 0->43 0->4 0->62 0->63 0->19 0->55 0->63 0->39 93->38 97->63 88->53 113->21 127->63 107->53 87->21 100->63 98->53 0->21 0->63 0->53 0->21 0->63 0->53 0->21 0->63 0->53 0->40 0->63 0->52 0->0 0->0 0->0 0->0 0->0 0->0 
0->63 0->43 0->4 0->62 0->63 0->19 0->55 0->63 0->39 108->38 115->63 117->53 132->21 130->63 78->53 171->21 181->63 165->53 0->21 0->63 0->53 0->21 0->63 0->53 0->21 0->63 0->53 0->40 0->63 0->52 0->0 0->0 0->0 0->0 0->0 0->0 
0->63 0->43 0->4 0->62 0->63 0->19 0->55 0->63 0->39 100->38 85->63 154->53 104->21 71->63 173->53 105->21 68->63 167->53 0->21 0->63 0->53 0->21 0->63 0->53 0->21 0->63 0->53 0->40 0->63 0->52 0->0 0->0 0->0 0->0 0->0 0->0 
0->63 0->43 0->4 0->62 0->63 0->19 0->55 0->63 0->39 0->38 0->63 0->53 0->21 0->63 0->53 0->21 0->63 0->53 0->21 0->63 0->53 0->21 0->63 0->53 0->21 0->63 0->53 0->40 0->63 0->52 0->0 0->0 0->0 0->0 0->0 0->0 
0->63 0->43 0->4 0->62 0->63 0->19 0->55 0->63 0->39 0->38 0->63 0->53 93->21 97->63 88->53 113->21 127->63 107->53 87->21 100->63 98->53 0->21 0->63 0->53 0->21 0->63 0->53 0->40 0->63 0->52 0->0 0->0 0->0 0->0 0->0 0->0 
0->63 0->43 0->4 0->62 0->63 0->19 0->55 0->63 0->39 0->38 0->63 0->53 108->21 115->63 117->53 132->21 130->63 78->53 171->21 181->63 165->53 0->21 0->63 0->53 0->21 0->63 0->53 0->40 0->63 0->52 0->0 0->0 0->0 0->0 0->0 0->0 
0->63 0->43 0->4 0->62 0->63 0->19 0->55 0->63 0->39 0->38 0->63 0->53 100->21 85->63 154->53 104->21 71->63 173->53 105->21 68->63 167->53 0->21 0->63 0->53 0->21 0->63 0->53 0->40 0->63 0->52 0->0 0->0 0->0 0->0 0->0 0->0 
0->63 0->43 0->4 0->62 0->63 0->19 0->55 0->63 0->39 0->38 0->63 0->53 0->21 0->63 0->53 0->21 0->63 0->53 0->21 0->63 0->53 0->21 0->63 0->53 0->21 0->63 0->53 0->40 0->63 0->52 0->0 0->0 0->0 0->0 0->0 0->0 
0->63 0->43 0->4 0->62 0->63 0->19 0->55 0->63 0->39 0->38 0->63 0->53 0->21 0->63 0->53 93->21 97->63 88->53 113->21 127->63 107->53 87->21 100->63 98->53 0->21 0->63 0->53 0->40 0->63 0->52 0->0 0->0 0->0 0->0 0->0 0->0 
0->63 0->43 0->4 0->62 0->63 0->19 0->55 0->63 0->39 0->38 0->63 0->53 0->21 0->63 0->53 108->21 115->63 117->53 132->21 130->63 78->53 171->21 181->63 165->53 0->21 0->63 0->53 0->40 0->63 0->52 0->0 0->0 0->0 0->0 0->0 0->0 
0->63 0->43 0->4 0->62 0->63 0->19 0->55 0->63 0->39 0->38 0->63 0->53 0->21 0->63 0->53 100->21 85->63 154->53 104->21 71->63 173->53 105->21 68->63 167->53 0->21 0->63 0->53 0->40 0->63 0->52 0->0 0->0 0->0 0->0 0->0 0->0 
0->63 0->43 0->4 0->62 0->63 0->19 0->55 0->63 0->39 0->38 0->63 0->53 0->21 0->63 0->53 0->21 0->63 0->53 0->21 0->63 0->53 0->21 0->63 0->53 0->21 0->63 0->53 0->40 0->63 0->52 0->0 0->0 0->0 0->0 0->0 0->0 
0->63 0->43 0->4 0->62 0->63 0->19 0->55 0->63 0->39 0->38 0->63 0->53 0->21 0->63 0->53 0->21 0->63 0->53 93->21 97->63 88->53 113->21 127->63 107->53 87->21 100->63 98->53 0->40 0->63 0->52 0->0 0->0 0->0 0->0 0->0 0->0 
0->63 0->43 0->4 0->62 0->63 0->19 0->55 0->63 0->39 0->38 0->63 0->53 0->21 0->63 0->53 0->21 0->63 0->53 108->21 115->63 117->53 132->21 130->63 78->53 171->21 181->63 165->53 0->40 0->63 0->52 0->0 0->0 0->0 0->0 0->0 0->0 
0->63 0->43 0->4 0->62 0->63 0->19 0->55 0->63 0->39 0->38 0->63 0->53 0->21 0->63 0->53 0->21 0->63 0->53 100->21 85->63 154->53 104->21 71->63 173->53 105->21 68->63 167->53 0->40 0->63 0->52 0->0 0->0 0->0 0->0 0->0 0->0 
0->63 0->43 0->4 0->62 0->63 0->19 0->55 0->63 0->39 0->38 0->63 0->53 0->21 0->63 0->53 0->21 0->63 0->53 0->21 0->63 0->53 0->21 0->63 0->53 0->21 0->63 0->53 0->40 0->63 0->52 0->0 0->0 0->0 0->0 0->0 0->0 
0->63 0->43 0->4 0->62 0->63 0->19 0->55 0->63 0->39 0->38 0->63 0->53 0->21 0->63 0->53 0->21 0->63 0->53 0->21 0->63 0->53 93->21 97->63 88->53 113->21 127->63 107->53 87->40 100->63 98->52 0->0 0->0 0->0 0->0 0->0 0->0 
0->63 0->43 0->4 0->62 0->63 0->19 0->55 0->63 0->39 0->38 0->63 0->53 0->21 0->63 0->53 0->21 0->63 0->53 0->21 0->63 0->53 108->21 115->63 117->53 132->21 130->63 78->53 171->40 181->63 165->52 0->0 0->0 0->0 0->0 0->0 0->0 
0->63 0->43 0->4 0->62 0->63 0->19 0->55 0->63 0->39 0->38 0->63 0->53 0->21 0->63 0->53 0->21 0->63 0->53 0->21 0->63 0->53 100->21 85->63 154->53 104->21 71->63 173->53 105->40 68->63 167->52 0->0 0->0 0->0 0->0 0->0 0->0 
0->63 0->43 0->4 0->62 0->63 0->19 0->55 0->63 0->39 0->38 0->63 0->53 0->21 0->63 0->53 0->21 0->63 0->53 0->21 0->63 0->53 0->21 0->63 0->53 0->21 0->63 0->53 0->40 0->63 0->52 0->0 0->0 0->0 0->0 0->0 0->0 

93->21 97->63 88->53 113->40 127->63 107->52 87->60 100->63 98->19 0->63 0->49 0->1 0->57 0->14 0->0 0->16 0->0 0->0 0->2 0->0 0->0 0->0 0->0 0->0 0->0 0->0 0->0 0->0 0->0 0->0 0->0 0->0 0->0 0->0 0->0 0->0 
108->21 115->63 117->53 132->40 130->63 78->52 171->60 181->63 165->19 0->63 0->49 0->1 0->57 0->14 0->0 0->16 0->0 0->0 0->2 0->0 0->0 0->0 0->0 0->0 0->0 0->0 0->0 0->0 0->0 0->0 0->0 0->0 0->0 0->0 0->0 0->0 
100->21 85->63 154->53 104->40 71->63 173->52 105->60 68->63 167->19 0->63 0->49 0->1 0->57 0->14 0->0 0->16 0->0 0->0 0->2 0->0 0->0 0->0 0->0 0->0 0->0 0->0 0->0 0->0 0->0 0->0 0->0 0->0 0->0 0->0 0->0 0->0 
0->21 0->63 0->53 0->40 0->63 0->52 0->60 0->63 0->19 0->63 0->49 0->1 0->57 0->14 0->0 0->16 0->0 0->0 0->2 0->0 0->0 0->0 0->0 0->0 0->0 0->0 0->0 0->0 0->0 0->0 0->0 0->0 0->0 0->0 0->0 0->0 
0->21 0->63 0->53 93->40 97->63 88->52 113->60 127->63 107->19 87->63 100->49 98->1 0->57 0->14 0->0 0->16 0->0 0->0 0->2 0->0 0->0 0->0 0->0 0->0 0->0 0->0 0->0 0->0 0->0 0->0 0->0 0->0 0->0 0->0 0->0 0->0 
0->21 0->63 0->53 108->40 115->63 117->52 132->60 130->63 78->19 171->63 181->49 165->1 0->57 0->14 0->0 0->16 0->0 0->0 0->2 0->0 0->0 0->0 0->0 0->0 0->0 0->0 0->0 0->0 0->0 0->0 0->0 0->0 0->0 0->0 0->0 0->0 
0->21 0->63 0->53 100->40 85->63 154->52 104->60 71->63 173->19 105->63 68->49 167->1 0->57 0->14 0->0 0->16 0->0 0->0 0->2 0->0 0->0 0->0 0->0 0->0 0->0 0->0 0->0 0->0 0->0 0->0 0->0 0->0 0->0 0->0 0->0 0->0 
0->21 0->63 0->53 0->40 0->63 0->52 0->60 0->63 0->19 0->63 0->49 0->1 0->57 0->14 0->0 0->16 0->0 0->0 0->2 0->0 0->0 0->0 0->0 0->0 0->0 0->0 0->0 0->0 0->0 0->0 0->0 0->0 0->0 0->0 0->0 0->0 
0->21 0->63 0->53 0->40 0->63 0->52 93->60 97->63 88->19 113->63 127->49 107->1 87->57 100->14 98->0 0->16 0->0 0->0 0->2 0->0 0->0 0->0 0->0 0->0 0->0 0->0 0->0 0->0 0->0 0->0 0->0 0->0 0->0 0->0 0->0 0->0 
0->21 0->63 0->53 0->40 0->63 0->52 108->60 115->63 117->19 132->63 130->49 78->1 171->57 181->14 165->0 0->16 0->0 0->0 0->2 0->0 0->0 0->0 0->0 0->0 0->0 0->0 0->0 0->0 0->0 0->0 0->0 0->0 0->0 0->0 0->0 0->0 
0->21 0->63 0->53 0->40 0->63 0->52 100->60 85->63 154->19 104->63 71->49 173->1 105->57 68->14 167->0 0->16 0->0 0->0 0->2 0->0 0->0 0->0 0->0 0->0 0->0 0->0 0->0 0->0 0->0 0->0 0->0 0->0 0->0 0->0 0->0 0->0 
0->21 0->63 0->53 0->40 0->63 0->52 0->60 0->63 0->19 0->63 0->49 0->1 0->57 0->14 0->0 0->16 0->0 0->0 0->2 0->0 0->0 0->0 0->0 0->0 0->0 0->0 0->0 0->0 0->0 0->0 0->0 0->0 0->0 0->0 0->0 0->0 
0->21 0->63 0->53 0->40 0->63 0->52 0->60 0->63 0->19 93->63 97->49 88->1 113->57 127->14 107->0 87->16 100->0 98->0 0->2 0->0 0->0 0->0 0->0 0->0 0->0 0->0 0->0 0->0 0->0 0->0 0->0 0->0 0->0 0->0 0->0 0->0 
0->21 0->63 0->53 0->40 0->63 0->52 0->60 0->63 0->19 108->63 115->49 117->1 132->57 130->14 78->0 171->16 181->0 165->0 0->2 0->0 0->0 0->0 0->0 0->0 0->0 0->0 0->0 0->0 0->0 0->0 0->0 0->0 0->0 0->0 0->0 0->0 
0->21 0->63 0->53 0->40 0->63 0->52 0->60 0->63 0->19 100->63 85->49 154->1 104->57 71->14 173->0 105->16 68->0 167->0 0->2 0->0 0->0 0->0 0->0 0->0 0->0 0->0 0->0 0->0 0->0 0->0 0->0 0->0 0->0 0->0 0->0 0->0 
0->21 0->63 0->53 0->40 0->63 0->52 0->60 0->63 0->19 0->63 0->49 0->1 0->57 0->14 0->0 0->16 0->0 0->0 0->2 0->0 0->0 0->0 0->0 0->0 0->0 0->0 0->0 0->0 0->0 0->0 0->0 0->0 0->0 0->0 0->0 0->0 
0->21 0->63 0->53 0->40 0->63 0->52 0->60 0->63 0->19 0->63 0->49 0->1 93->57 97->14 88->0 113->16 127->0 107->0 87->2 100->0 98->0 0->0 0->0 0->0 0->0 0->0 0->0 0->0 0->0 0->0 0->0 0->0 0->0 0->0 0->0 0->0 
0->21 0->63 0->53 0->40 0->63 0->52 0->60 0->63 0->19 0->63 0->49 0->1 108->57 115->14 117->0 132->16 130->0 78->0 171->2 181->0 165->0 0->0 0->0 0->0 0->0 0->0 0->0 0->0 0->0 0->0 0->0 0->0 0->0 0->0 0->0 0->0 
0->21 0->63 0->53 0->40 0->63 0->52 0->60 0->63 0->19 0->63 0->49 0->1 100->57 85->14 154->0 104->16 71->0 173->0 105->2 68->0 167->0 0->0 0->0 0->0 0->0 0->0 0->0 0->0 0->0 0->0 0->0 0->0 0->0 0->0 0->0 0->0 
0->21 0->63 0->53 0->40 0->63 0->52 0->60 0->63 0->19 0->63 0->49 0->1 0->57 0->14 0->0 0->16 0->0 0->0 0->2 0->0 0->0 0->0 0->0 0->0 0->0 0->0 0->0 0->0 0->0 0->0 0->0 0->0 0->0 0->0 0->0 0->0 
0->21 0->63 0->53 0->40 0->63 0->52 0->60 0->63 0->19 0->63 0->49 0->1 0->57 0->14 0->0 93->16 97->0 88->0 113->2 127->0 107->0 87->0 100->0 98->0 0->0 0->0 0->0 0->0 0->0 0->0 0->0 0->0 0->0 0->0 0->0 0->0 
0->21 0->63 0->53 0->40 0->63 0->52 0->60 0->63 0->19 0->63 0->49 0->1 0->57 0->14 0->0 108->16 115->0 117->0 132->2 130->0 78->0 171->0 181->0 165->0 0->0 0->0 0->0 0->0 0->0 0->0 0->0 0->0 0->0 0->0 0->0 0->0 
0->21 0->63 0->53 0->40 0->63 0->52 0->60 0->63 0->19 0->63 0->49 0->1 0->57 0->14 0->0 100->16 85->0 154->0 104->2 71->0 173->0 105->0 68->0 167->0 0->0 0->0 0->0 0->0 0->0 0->0 0->0 0->0 0->0 0->0 0->0 0->0 
0->21 0->63 0->53 0->40 0->63 0->52 0->60 0->63 0->19 0->63 0->49 0->1 0->57 0->14 0->0 0->16 0->0 0->0 0->2 0->0 0->0 0->0 0->0 0->0 0->0 0->0 0->0 0->0 0->0 0->0 0->0 0->0 0->0 0->0 0->0 0->0 
0->21 0->63 0->53 0->40 0->63 0->52 0->60 0->63 0->19 0->63 0->49 0->1 0->57 0->14 0->0 0->16 0->0 0->0 93->2 97->0 88->0 113->0 127->0 107->0 87->0 100->0 98->0 0->0 0->0 0->0 0->0 0->0 0->0 0->0 0->0 0->0 
0->21 0->63 0->53 0->40 0->63 0->52 0->60 0->63 0->19 0->63 0->49 0->1 0->57 0->14 0->0 0->16 0->0 0->0 108->2 115->0 117->0 132->0 130->0 78->0 171->0 181->0 165->0 0->0 0->0 0->0 0->0 0->0 0->0 0->0 0->0 0->0 
0->21 0->63 0->53 0->40 0->63 0->52 0->60 0->63 0->19 0->63 0->49 0->1 0->57 0->14 0->0 0->16 0->0 0->0 100->2 85->0 154->0 104->0 71->0 173->0 105->0 68->0 167->0 0->0 0->0 0->0 0->0 0->0 0->0 0->0 0->0 0->0 
0->21 0->63 0->53 0->40 0->63 0->52 0->60 0->63 0->19 0->63 0->49 0->1 0->57 0->14 0->0 0->16 0->0 0->0 0->2 0->0 0->0 0->0 0->0 0->0 0->0 0->0 0->0 0->0 0->0 0->0 0->0 0->0 0->0 0->0 0->0 0->0 
0->21 0->63 0->53 0->40 0->63 0->52 0->60 0->63 0->19 0->63 0->49 0->1 0->57 0->14 0->0 0->16 0->0 0->0 0->2 0->0 0->0 93->0 97->0 88->0 113->0 127->0 107->0 87->0 100->0 98->0 0->0 0->0 0->0 0->0 0->0 0->0 
0->21 0->63 0->53 0->40 0->63 0->52 0->60 0->63 0->19 0->63 0->49 0->1 0->57 0->14 0->0 0->16 0->0 0->0 0->2 0->0 0->0 108->0 115->0 117->0 132->0 130->0 78->0 171->0 181->0 165->0 0->0 0->0 0->0 0->0 0->0 0->0 
0->21 0->63 0->53 0->40 0->63 0->52 0->60 0->63 0->19 0->63 0->49 0->1 0->57 0->14 0->0 0->16 0->0 0->0 0->2 0->0 0->0 100->0 85->0 154->0 104->0 71->0 173->0 105->0 68->0 167->0 0->0 0->0 0->0 0->0 0->0 0->0 
0->21 0->63 0->53 0->40 0->63 0->52 0->60 0->63 0->19 0->63 0->49 0->1 0->57 0->14 0->0 0->16 0->0 0->0 0->2 0->0 0->0 0->0 0->0 0->0 0->0 0->0 0->0 0->0 0->0 0->0 0->0 0->0 0->0 0->0 0->0 0->0 

93->0 97->0 88->0 113->0 127->0 107->0 87->0 100->0 98->0 0->0 0->0 0->0 0->0 0->0 0->0 0->0 0->0 0->0 0->0 0->0 0->0 0->0 0->0 0->0 0->0 0->0 0->0 0->0 0->0 0->0 0->0 0->0 0->0 0->0 0->0 0->0 
108->0 115->0 117->0 132->0 130->0 78->0 171->0 181->0 165->0 0->0 0->0 0->0 0->0 0->0 0->0 0->0 0->0 0->0 0->0 0->0 0->0 0->0 0->0 0->0 0->0 0->0 0->0 0->0 0->0 0->0 0->0 0->0 0->0 0->0 0->0 0->0 
100->0 85->0 154->0 104->0 71->0 173->0 105->0 68->0 167->0 0->0 0->0 0->0 0->0 0->0 0->0 0->0 0->0 0->0 0->0 0->0 0->0 0->0 0->0 0->0 0->0 0->0 0->0 0->0 0->0 0->0 0->0 0->0 0->0 0->0 0->0 0->0 
0->0 0->0 0->0 0->0 0->0 0->0 0->0 0->0 0->0 0->0 0->0 0->0 0->0 0->0 0->0 0->0 0->0 0->0 0->0 0->0 0->0 0->0 0->0 0->0 0->0 0->0 0->0 0->0 0->0 0->0 0->0 0->0 0->0 0->0 0->0 0->0 
0->0 0->0 0->0 93->0 97->0 88->0 113->0 127->0 107->0 87->0 100->0 98->0 0->0 0->0 0->0 0->0 0->0 0->0 0->0 0->0 0->0 0->0 0->0 0->0 0->0 0->0 0->0 0->0 0->0 0->0 0->0 0->0 0->0 0->0 0->0 0->0 
0->0 0->0 0->0 108->0 115->0 117->0 132->0 130->0 78->0 171->0 181->0 165->0 0->0 0->0 0->0 0->0 0->0 0->0 0->0 0->0 0->0 0->0 0->0 0->0 0->0 0->0 0->0 0->0 0->0 0->0 0->0 0->0 0->0 0->0 0->0 0->0 
0->0 0->0 0->0 100->0 85->0 154->0 104->0 71->0 173->0 105->0 68->0 167->0 0->0 0->0 0->0 0->0 0->0 0->0 0->0 0->0 0->0 0->0 0->0 0->0 0->0 0->0 0->0 0->0 0->0 0->0 0->0 0->0 0->0 0->0 0->0 0->0 
0->0 0->0 0->0 0->0 0->0 0->0 0->0 0->0 0->0 0->0 0->0 0->0 0->0 0->0 0->0 0->0 0->0 0->0 0->0 0->0 0->0 0->0 0->0 0->0 0->0 0->0 0->0 0->0 0->0 0->0 0->0 0->0 0->0 0->0 0->0 0->0 
0->0 0->0 0->0 0->0 0->0 0->0 93->0 97->0 88->0 113->0 127->0 107->0 87->0 100->0 98->0 0->0 0->0 0->0 0->0 0->0 0->0 0->0 0->0 0->0 0->0 0->0 0->0 0->0 0->0 0->0 0->0 0->0 0->0 0->0 0->0 0->0 
0->0 0->0 0->0 0->0 0->0 0->0 108->0 115->0 117->0 132->0 130->0 78->0 171->0 181->0 165->0 0->0 0->0 0->0 0->0 0->0 0->0 0->0 0->0 0->0 0->0 0->0 0->0 0->0 0->0 0->0 0->0 0->0 0->0 0->0 0->0 0->0 
0->0 0->0 0->0 0->0 0->0 0->0 100->0 85->0 154->0 104->0 71->0 173->0 105->0 68->0 167->0 0->0 0->0 0->0 0->0 0->0 0->0 0->0 0->0 0->0 0->0 0->0 0->0 0->0 0->0 0->0 0->0 0->0 0->0 0->0 0->0 0->0 
0->0 0->0 0->0 0->0 0->0 0->0 0->0 0->0 0->0 0->0 0->0 0->0 0->0 0->0 0->0 0->0 0->0 0->0 0->0 0->0 0->0 0->0 0->0 0->0 0->0 0->0 0->0 0->0 0->0 0->0 0->0 0->0 0->0 0->0 0->0 0->0 
0->0 0->0 0->0 0->0 0->0 0->0 0->0 0->0 0->0 93->0 97->0 88->0 113->0 127->0 107->0 87->0 100->0 98->0 0->0 0->0 0->0 0->0 0->0 0->0 0->0 0->0 0->0 0->0 0->0 0->0 0->0 0->0 0->0 0->0 0->0 0->0 
0->0 0->0 0->0 0->0 0->0 0->0 0->0 0->0 0->0 108->0 115->0 117->0 132->0 130->0 78->0 171->0 181->0 165->0 0->0 0->0 0->0 0->0 0->0 0->0 0->0 0->0 0->0 0->0 0->0 0->0 0->0 0->0 0->0 0->0 0->0 0->0 
0->0 0->0 0->0 0->0 0->0 0->0 0->0 0->0 0->0 100->0 85->0 154->0 104->0 71->0 173->0 105->0 68->0 167->0 0->0 0->0 0->0 0->0 0->0 0->0 0->0 0->0 0->0 0->0 0->0 0->0 0->0 0->0 0->0 0->0 0->0 0->0 
0->0 0->0 0->0 0->0 0->0 0->0 0->0 0->0 0->0 0->0 0->0 0->0 0->0 0->0 0->0 0->0 0->0 0->0 0->0 0->0 0->0 0->0 0->0 0->0 0->0 0->0 0->0 0->0 0->0 0->0 0->0 0->0 0->0 0->0 0->0 0->0 
0->0 0->0 0->0 0->0 0->0 0->0 0->0 0->0 0->0 0->0 0->0 0->0 93->0 97->0 88->0 113->0 127->0 107->0 87->0 100->0 98->0 0->0 0->0 0->0 0->0 0->0 0->0 0->0 0->0 0->0 0->0 0->0 0->0 0->0 0->0 0->0 
0->0 0->0 0->0 0->0 0->0 0->0 0->0 0->0 0->0 0->0 0->0 0->0 108->0 115->0 117->0 132->0 130->0 78->0 171->0 181->0 165->0 0->0 0->0 0->0 0->0 0->0 0->0 0->0 0->0 0->0 0->0 0->0 0->0 0->0 0->0 0->0 
0->0 0->0 0->0 0->0 0->0 0->0 0->0 0->0 0->0 0->0 0->0 0->0 100->0 85->0 154->0 104->0 71->0 173->0 105->0 68->0 167->0 0->0 0->0 0->0 0->0 0->0 0->0 0->0 0->0 0->0 0->0 0->0 0->0 0->0 0->0 0->0 
0->0 0->0 0->0 0->0 0->0 0->0 0->0 0->0 0->0 0->0 0->0 0->0 0->0 0->0 0->0 0->0 0->0 0->0 0->0 0->0 0->0 0->0 0->0 0->0 0->0 0->0 0->0 0->0 0->0 0->0 0->0 0->0 0->0 0->0 0->0 0->0 
0->0 0->0 0->0 0->0 0->0 0->0 0->0 0->0 0->0 0->0 0->0 0->0 0->0 0->0 0->0 93->0 97->0 88->0 113->0 127->0 107->0 87->0 100->0 98->0 0->0 0->0 0->0 0->0 0->0 0->0 0->0 0->0 0->0 0->0 0->0 0->0 
0->0 0->0 0->0 0->0 0->0 0->0 0->0 0->0 0->0 0->0 0->0 0->0 0->0 0->0 0->0 108->0 115->0 117->0 132->0 130->0 78->0 171->0 181->0 165->0 0->0 0->0 0->0 0->0 0->0 0->0 0->0 0->0 0->0 0->0 0->0 0->0 
0->0 0->0 0->0 0->0 0->0 0->0 0->0 0->0 0->0 0->0 0->0 0->0 0->0 0->0 0->0 100->0 85->0 154->0 104->0 71->0 173->0 105->0 68->0 167->0 0->0 0->0 0->0 0->0 0->0 0->0 0->0 0->0 0->0 0->0 0->0 0->0 
0->0 0->0 0->0 0->0 0->0 0->0 0->0 0->0 0->0 0->0 0->0 0->0 0->0 0->0 0->0 0->0 0->0 0->0 0->0 0->0 0->0 0->0 0->0 0->0 0->0 0->0 0->0 0->0 0->0 0->0 0->0 0->0 0->0 0->0 0->0 0->0 
0->0 0->0 0->0 0->0 0->0 0->0 0->0 0->0 0->0 0->0 0->0 0->0 0->0 0->0 0->0 0->0 0->0 0->0 93->0 97->0 88->0 113->0 127->0 107->0 87->0 100->0 98->0 0->0 0->0 0->0 0->0 0->0 0->0 0->0 0->0 0->0 
0->0 0->0 0->0 0->0 0->0 0->0 0->0 0->0 0->0 0->0 0->0 0->0 0->0 0->0 0->0 0->0 0->0 0->0 108->0 115->0 117->0 132->0 130->0 78->0 171->0 181->0 165->0 0->0 0->0 0->0 0->0 0->0 0->0 0->0 0->0 0->0 
0->0 0->0 0->0 0->0 0->0 0->0 0->0 0->0 0->0 0->0 0->0 0->0 0->0 0->0 0->0 0->0 0->0 0->0 100->0 85->0 154->0 104->0 71->0 173->0 105->0 68->0 167->0 0->0 0->0 0->0 0->0 0->0 0->0 0->0 0->0 0->0 
0->0 0->0 0->0 0->0 0->0 0->0 0->0 0->0 0->0 0->0 0->0 0->0 0->0 0->0 0->0 0->0 0->0 0->0 0->0 0->0 0->0 0->0 0->0 0->0 0->0 0->0 0->0 0->0 0->0 0->0 0->0 0->0 0->0 0->0 0->0 0->0 
0->0 0->0 0->0 0->0 0->0 0->0 0->0 0->0 0->0 0->0 0->0 0->0 0->0 0->0 0->0 0->0 0->0 0->0 0->0 0->0 0->0 93->0 97->0 88->0 113->0 127->0 107->0 87->0 100->0 98->0 0->0 0->0 0->0 0->0 0->0 0->0 
0->0 0->0 0->0 0->0 0->0 0->0 0->0 0->0 0->0 0->0 0->0 0->0 0->0 0->0 0->0 0->0 0->0 0->0 0->0 0->0 0->0 108->0 115->0 117->0 132->0 130->0 78->0 171->0 181->0 165->0 0->0 0->0 0->0 0->0 0->0 0->0 
0->0 0->0 0->0 0->0 0->0 0->0 0->0 0->0 0->0 0->0 0->0 0->0 0->0 0->0 0->0 0->0 0->0 0->0 0->0 0->0 0->0 100->0 85->0 154->0 104->0 71->0 173->0 105->0 68->0 167->0 0->0 0->0 0->0 0->0 0->0 0->0 
0->0 0->0 0->0 0->0 0->0 0->0 0->0 0->0 0->0 0->0 0->0 0->0 0->0 0->0 0->0 0->0 0->0 0->0 0->0 0->0 0->0 0->0 0->0 0->0 0->0 0->0 0->0 0->0 0->0 0->0 0->0 0->0 0->0 0->0 0->0 0->0 

93->0 97->0 88->0 113->0 127->0 107->0 87->0 100->0 98->0 0->0 0->0 0->0 0->0 0->0 0->0 0->0 0->0 0->0 0->0 0->0 0->0 0->12 0->0 0->0 0->43 0->4 0->0 0->63 0->19 0->0 0->0 0->0 0->0 0->0 0->0 0->0 
108->0 115->0 117->0 132->0 130->0 78->0 171->0 181->0 165->0 0->0 0->0 0->0 0->0 0->0 0->0 0->0 0->0 0->0 0->0 0->0 0->0 0->12 0->0 0->0 0->43 0->4 0->0 0->63 0->19 0->0 0->0 0->0 0->0 0->0 0->0 0->0 
100->0 85->0 154->0 104->0 71->0 173->0 105->0 68->0 167->0 0->0 0->0 0->0 0->0 0->0 0->0 0->0 0->0 0->0 0->0 0->0 0->0 0->12 0->0 0->0 0->43 0->4 0->0 0->63 0->19 0->0 0->0 0->0 0->0 0->0 0->0 0->0 
0->0 0->0 0->0 0->0 0->0 0->0 0->0 0->0 0->0 0->0 0->0 0->0 0->0 0->0 0->0 0->0 0->0 0->0 0->0 0->0 0->0 0->12 0->0 0->0 0->43 0->4 0->0 0->63 0->19 0->0 0->0 0->0 0->0 0->0 0->0 0->0 
0->0 0->0 0->0 93->0 97->0 88->0 113->0 127->0 107->0 87->0 100->0 98->0 0->0 0->0 0->0 0->0 0->0 0->0 0->0 0->0 0->0 0->12 0->0 0->0 0->43 0->4 0->0 0->63 0->19 0->0 0->0 0->0 0->0 0->0 0->0 0->0 
0->0 0->0 0->0 108->0 115->0 117->0 132->0 130->0 78->0 171->0 181->0 165->0 0->0 0->0 0->0 0->0 0->0 0->0 0->0 0->0 0->0 0->12 0->0 0->0 0->43 0->4 0->0 0->63 0->19 0->0 0->0 0->0 0->0 0->0 0->0 0->0 
0->0 0->0 0->0 100->0 85->0 154->0 104->0 71->0 173->0 105->0 68->0 167->0 0->0 0->0 0->0 0->0 0->0 0->0 0->0 0->0 0->0 0->12 0->0 0->0 0->43 0->4 0->0 0->63 0->19 0->0 0->0 0->0 0->0 0->0 0->0 0->0 
0->0 0->0 0->0 0->0 0->0 0->0 0->0 0->0 0->0 0->0 0->0 0->0 0->0 0->0 0->0 0->0 0->0 0->0 0->0 0->0 0->0 0->12 0->0 0->0 0->43 0->4 0->0 0->63 0->19 0->0 0->0 0->0 0->0 0->0 0->0 0->0 
0->0 0->0 0->0 0->0 0->0 0->0 93->0 97->0 88->0 113->0 127->0 107->0 87->0 100->0 98->0 0->0 0->0 0->0 0->0 0->0 0->0 0->12 0->0 0->0 0->43 0->4 0->0 0->63 0->19 0->0 0->0 0->0 0->0 0->0 0->0 0->0 
0->0 0->0 0->0 0->0 0->0 0->0 108->0 115->0 117->0 132->0 130->0 78->0 171->0 181->0 165->0 0->0 0->0 0->0 0->0 0->0 0->0 0->12 0->0 0->0 0->43 0->4 0->0 0->63 0->19 0->0 0->0 0->0 0->0 0->0 0->0 0->0 
0->0 0->0 0->0 0->0 0->0 0->0 100->0 85->0 154->0 104->0 71->0 173->0 105->0 68->0 167->0 0->0 0->0 0->0 0->0 0->0 0->0 0->12 0->0 0->0 0->43 0->4 0->0 0->63 0->19 0->0 0->0 0->0 0->0 0->0 0->0 0->0 
0->0 0->0 0->0 0->0 0->0 0->0 0->0 0->0 0->0 0->0 0->0 0->0 0->0 0->0 0->0 0->0 0->0 0->0 0->0 0->0 0->0 0->12 0->0 0->0 0->43 0->4 0->0 0->63 0->19 0->0 0->0 0->0 0->0 0->0 0->0 0->0 
0->0 0->0 0->0 0->0 0->0 0->0 0->0 0->0 0->0 93->0 97->0 88->0 113->0 127->0 107->0 87->0 100->0 98->0 0->0 0->0 0->0 0->12 0->0 0->0 0->43 0->4 0->0 0->63 0->19 0->0 0->0 0->0 0->0 0->0 0->0 0->0 
0->0 0->0 0->0 0->0 0->0 0->0 0->0 0->0 0->0 108->0 115->0 117->0 132->0 130->0 78->0 171->0 181->0 165->0 0->0 0->0 0->0 0->12 0->0 0->0 0->43 0->4 0->0 0->63 0->19 0->0 0->0 0->0 0->0 0->0 0->0 0->0 
0->0 0->0 0->0 0->0 0->0 0->0 0->0 0->0 0->0 100->0 85->0 154->0 104->0 71->0 173->0 105->0 68->0 167->0 0->0 0->0 0->0 0->12 0->0 0->0 0->43 0->4 0->0 0->63 0->19 0->0 0->0 0->0 0->0 0->0 0->0 0->0 
0->0 0->0 0->0 0->0 0->0 0->0 0->0 0->0 0->0 0->0 0->0 0->0 0->0 0->0 0->0 0->0 0->0 0->0 0->0 0->0 0->0 0->12 0->0 0->0 0->43 0->4 0->0 0->63 0->19 0->0 0->0 0->0 0->0 0->0 0->0 0->0 
0->0 0->0 0->0 0->0 0->0 0->0 0->0 0->0 0->0 0->0 0->0 0->0 93->0 97->0 88->0 113->0 127->0 107->0 87->0 100->0 98->0 0->12 0->0 0->0 0->43 0->4 0->0 0->63 0->19 0->0 0->0 0->0 0->0 0->0 0->0 0->0 
0->0 0->0 0->0 0->0 0->0 0->0 0->0 0->0 0->0 0->0 0->0 0->0 108->0 115->0 117->0 132->0 130->0 78->0 171->0 181->0 165->0 0->12 0->0 0->0 0->43 0->4 0->0 0->63 0->19 0->0 0->0 0->0 0->0 0->0 0->0 0->0 
0->0 0->0 0->0 0->0 0->0 0->0 0->0 0->0 0->0 0->0 0->0 0->0 100->0 85->0 154->0 104->0 71->0 173->0 105->0 68->0 167->0 0->12 0->0 0->0 0->43 0->4 0->0 0->63 0->19 0->0 0->0 0->0 0->0 0->0 0->0 0->0 
0->0 0->0 0->0 0->0 0->0 0->0 0->0 0->0 0->0 0->0 0->0 0->0 0->0 0->0 0->0 0->0 0->0 0->0 0->0 0->0 0->0 0->12 0->0 0->0 0->43 0->4 0->0 0->63 0->19 0->0 0->0 0->0 0->0 0->0 0->0 0->0 
0->0 0->0 0->0 0->0 0->0 0->0 0->0 0->0 0->0 0->0 0->0 0->0 0->0 0->0 0->0 93->0 97->0 88->0 113->0 127->0 107->0 87->12 100->0 98->0 0->43 0->4 0->0 0->63 0->19 0->0 0->0 0->0 0->0 0->0 0->0 0->0 
0->0 0->0 0->0 0->0 0->0 0->0 0->0 0->0 0->0 0->0 0->0 0->0 0->0 0->0 0->0 108->0 115->0 117->0 132->0 130->0 78->0 171->12 181->0 165->0 0->43 0->4 0->0 0->63 0->19 0->0 0->0 0->0 0->0 0->0 0->0 0->0 
0->0 0->0 0->0 0->0 0->0 0->0 0->0 0->0 0->0 0->0 0->0 0->0 0->0 0->0 0->0 100->0 85->0 154->0 104->0 71->0 173->0 105->12 68->0 167->0 0->43 0->4 0->0 0->63 0->19 0->0 0->0 0->0 0->0 0->0 0->0 0->0 
0->0 0->0 0->0 0->0 0->0 0->0 0->0 0->0 0->0 0->0 0->0 0->0 0->0 0->0 0->0 0->0 0->0 0->0 0->0 0->0 0->0 0->12 0->0 0->0 0->43 0->4 0->0 0->63 0->19 0->0 0->0 0->0 0->0 0->0 0->0 0->0 
0->0 0->0 0->0 0->0 0->0 0->0 0->0 0->0 0->0 0->0 0->0 0->0 0->0 0->0 0->0 0->0 0->0 0->0 93->0 97->0 88->0 113->12 127->0 107->0 87->43 100->4 98->0 0->63 0->19 0->0 0->0 0->0 0->0 0->0 0->0 0->0 
0->0 0->0 0->0 0->0 0->0 0->0 0->0 0->0 0->0 0->0 0->0 0->0 0->0 0->0 0->0 0->0 0->0 0->0 108->0 115->0 117->0 132->12 130->0 78->0 171->43 181->4 165->0 0->63 0->19 0->0 0->0 0->0 0->0 0->0 0->0 0->0 
0->0 0->0 0->0 0->0 0->0 0->0 0->0 0->0 0->0 0->0 0->0 0->0 0->0 0->0 0->0 0->0 0->0 0->0 100->0 85->0 154->0 104->12 71->0 173->0 105->43 68->4 167->0 0->63 0->19 0->0 0->0 0->0 0->0 0->0 0->0 0->0 
0->0 0->0 0->0 0->0 0->0 0->0 0->0 0->0 0->0 0->0 0->0 0->0 0->0 0->0 0->0 0->0 0->0 0->0 0->0 0->0 0->0 0->12 0->0 0->0 0->43 0->4 0->0 0->63 0->19 0->0 0->0 0->0 0->0 0->0 0->0 0->0 
0->0 0->0 0->0 0->0 0->0 0->0 0->0 0->0 0->0 0->0 0->0 0->0 0->0 0->0 0->0 0->0 0->0 0->0 0->0 0->0 0->0 93->12 97->0 88->0 113->43 127->4 107->0 87->63 100->19 98->0 0->0 0->0 0->0 0->0 0->0 0->0 
0->0 0->0 0->0 0->0 0->0 0->0 0->0 0->0 0->0 0->0 0->0 0->0 0->0 0->0 0->0 0->0 0->0 0->0 0->0 0->0 0->0 108->12 115->0 117->0 132->43 130->4 78->0 171->63 181->19 165->0 0->0 0->0 0->0 0->0 0->0 0->0 
0->0 0->0 0->0 0->0 0->0 0->0 0->0 0->0 0->0 0->0 0->0 0->0 0->0 0->0 0->0 0->0 0->0 0->0 0->0 0->0 0->0 100->12 85->0 154->0 104->43 71->4 173->0 105->63 68->19 167->0 0->0 0->0 0->0 0->0 0->0 0->0 
0->0 0->0 0->0 0->0 0->0 0->0 0->0 0->0 0->0 0->0 0->0 0->0 0->0 0->0 0->0 0->0 0->0 0->0 0->0 0->0 0->0 0->12 0->0 0->0 0->43 0->4 0->0 0->63 0->19 0->0 0->0 0->0 0->0 0->0 0->0 0->0 

93->43 97->4 88->0 113->63 127->19 107->0 87->63 100->39 98->0 0->63 0->53 0->0 0->63 0->53 0->0 0->63 0->53 0->0 0->63 0->53 0->0 0->63 0->53 0->0 0->63 0->53 0->0 0->63 0->52 0->0 0->0 0->0 0->0 0->0 0->0 0->0 
108->43 115->4 117->0 132->63 130->19 78->0 171->63 181->39 165->0 0->63 0->53 0->0 0->63 0->53 0->0 0->63 0->53 0->0 0->63 0->53 0->0 0->63 0->53 0->0 0->63 0->53 0->0 0->63 0->52 0->0 0->0 0->0 0->0 0->0 0->0 0->0 
100->43 85->4 154->0 104->63 71->19 173->0 105->63 68->39 167->0 0->63 0->53 0->0 0->63 0->53 0->0 0->63 0->53 0->0 0->63 0->53 0->0 0->63 0->53 0->0 0->63 0->53 0->0 0->63 0->52 0->0 0->0 0->0 0->0 0->0 0->0 0->0 
0->43 0->4 0->0 0->63 0->19 0->0 0->63 0->39 0->0 0->63 0->53 0->0 0->63 0->53 0->0 0->63 0->53 0->0 0->63 0->53 0->0 0->63 0->53 0->0 0->63 0->53 0->0 0->63 0->52 0->0 0->0 0->0 0->0 0->0 0->0 0->0 
0->43 0->4 0->0 93->63 97->19 88->0 113->63 127->39 107->0 87->63 100->53 98->0 0->63 0->53 0->0 0->63 0->53 0->0 0->63 0->53 0->0 0->63 0->53 0->0 0->63 0->53 0->0 0->63 0->52 0->0 0->0 0->0 0->0 0->0 0->0 0->0 
0->43 0->4 0->0 108->63 115->19 117->0 132->63 130->39 78->0 171->63 181->53 165->0 0->63 0->53 0->0 0->63 0->53 0->0 0->63 0->53 0->0 0->63 0->53 0->0 0->63 0->53 0->0 0->63 0->52 0->0 0->0 0->0 0->0 0->0 0->0 0->0 
0->43 0->4 0->0 100->63 85->19 154->0 104->63 71->39 173->0 105->63 68->53 167->0 0->63 0->53 0->0 0->63 0->53 0->0 0->63 0->53 0->0 0->63 0->53 0->0 0->63 0->53 0->0 0->63 0->52 0->0 0->0 0->0 0->0 0->0 0->0 0->0 
0->43 0->4 0->0 0->63 0->19 0->0 0->63 0->39 0->0 0->63 0->53 0->0 0->63 0->53 0->0 0->63 0->53 0->0 0->63 0->53 0->0 0->63 0->53 0->0 0->63 0->53 0->0 0->63 0->52 0->0 0->0 0->0 0->0 0->0 0->0 0->0 
0->43 0->4 0->0 0->63 0->19 0->0 93->63 97->39 88->0 113->63 127->53 107->0 87->63 100->53 98->0 0->63 0->53 0->0 0->63 0->53 0->0 0->63 0->53 0->0 0->63 0->53 0->0 0->63 0->52 0->0 0->0 0->0 0->0 0->0 0->0 0->0 
0->43 0->4 0->0 0->63 0->19 0->0 108->63 115->39 117->0 132->63 130->53 78->0 171->63 181->53 165->0 0->63 0->53 0->0 0->63 0->53 0->0 0->63 0->53 0->0 0->63 0->53 0->0 0->63 0->52 0->0 0->0 0->0 0->0 0->0 0->0 0->0 
0->43 0->4 0->0 0->63 0->19 0->0 100->63 85->39 154->0 104->63 71->53 173->0 105->63 68->53 167->0 0->63 0->53 0->0 0->63 0->53 0->0 0->63 0->53 0->0 0->63 0->53 0->0 0->63 0->52 0->0 0->0 0->0 0->0 0->0 0->0 0->0 
0->43 0->4 0->0 0->63 0->19 0->0 0->63 0->39 0->0 0->63 0->53 0->0 0->63 0->53 0->0 0->63 0->53 0->0 0->63 0->53 0->0 0->63 0->53 0->0 0->63 0->53 0->0 0->63 0->52 0->0 0->0 0->0 0->0 0->0 0->0 0->0 
0->43 0->4 0->0 0->63 0->19 0->0 0->63 0->39 0->0 93->63 97->53 88->0 113->63 127->53 107->0 87->63 100->53 98->0 0->63 0->53 0->0 0->63 0->53 0->0 0->63 0->53 0->0 0->63 0->52 0->0 0->0 0->0 0->0 0->0 0->0 0->0 
0->43 0->4 0->0 0->63 0->19 0->0 0->63 0->39 0->0 108->63 115->53 117->0 132->63 130->53 78->0 171->63 181->53 165->0 0->63 0->53 0->0 0->63 0->53 0->0 0->63 0->53 0->0 0->63 0->52 0->0 0->0 0->0 0->0 0->0 0->0 0->0 
0->43 0->4 0->0 0->63 0->19 0->0 0->63 0->39 0->0 100->63 85->53 154->0 104->63 71->53 173->0 105->63 68->53 167->0 0->63 0->53 0->0 0->63 0->53 0->0 0->63 0->53 0->0 0->63 0->52 0->0 0->0 0->0 0->0 0->0 0->0 0->0 
0->43 0->4 0->0 0->63 0->19 0->0 0->63 0->39 0->0 0->63 0->53 0->0 0->63 0->53 0->0 0->63 0->53 0->0 0->63 0->53 0->0 0->63 0->53 0->0 0->63 0->53 0->0 0->63 0->52 0->0 0->0 0->0 0->0 0->0 0->0 0->0 
0->43 0->4 0->0 0->63 0->19 0->0 0->63 0->39 0->0 0->63 0->53 0->0 93->63 97->53 88->0 113->63 127->53 107->0 87->63 100->53 98->0 0->63 0->53 0->0 0->63 0->53 0->0 0->63 0->52 0->0 0->0 0->0 0->0 0->0 0->0 0->0 
0->43 0->4 0->0 0->63 0->19 0->0 0->63 0->39 0->0 0->63 0->53 0->0 108->63 115->53 117->0 132->63 130->53 78->0 171->63 181->53 165->0 0->63 0->53 0->0 0->63 0->53 0->0 0->63 0->52 0->0 0->0 0->0 0->0 0->0 0->0 0->0 
0->43 0->4 0->0 0->63 0->19 0->0 0->63 0->39 0->0 0->63 0->53 0->0 100->63 85->53 154->0 104->63 71->53 173->0 105->63 68->53 167->0 0->63 0->53 0->0 0->63 0->53 0->0 0->63 0->52 0->0 0->0 0->0 0->0 0->0 0->0 0->0 
0->43 0->4 0->0 0->63 0->19 0->0 0->63 0->39 0->0 0->63 0->53 0->0 0->63 0->53 0->0 0->63 0->53 0->0 0->63 0->53 0->0 0->63 0->53 0->0 0->63 0->53 0->0 0->63 0->52 0->0 0->0 0->0 0->0 0->0 0->0 0->0 
0->43 0->4 0->0 0->63 0->19 0->0 0->63 0->39 0->0 0->63 0->53 0->0 0->63 0->53 0->0 93->63 97->53 88->0 113->63 127->53 107->0 87->63 100->53 98->0 0->63 0->53 0->0 0->63 0->52 0->0 0->0 0->0 0->0 0->0 0->0 0->0 
0->43 0->4 0->0 0->63 0->19 0->0 0->63 0->39 0->0 0->63 0->53 0->0 0->63 0->53 0->0 108->63 115->53 117->0 132->63 130->53 78->0 171->63 181->53 165->0 0->63 0->53 0->0 0->63 0->52 0->0 0->0 0->0 0->0 0->0 0->0 0->0 
0->43 0->4 0->0 0->63 0->19 0->0 0->63 0->39 0->0 0->63 0->53 0->0 0->63 0->53 0->0 100->63 85->53 154->0 104->63 71->53 173->0 105->63 68->53 167->0 0->63 0->53 0->0 0->63 0->52 0->0 0->0 0->0 0->0 0->0 0->0 0->0 
0->43 0->4 0->0 0->63 0->19 0->0 0->63 0->39 0->0 0->63 0->53 0->0 0->63 0->53 0->0 0->63 0->53 0->0 0->63 0->53 0->0 0->63 0->53 0->0 0->63 0->53 0->0 0->63 0->52 0->0 0->0 0->0 0->0 0->0 0->0 0->0 
0->43 0->4 0->0 0->63 0->19 0->0 0->63 0->39 0->0 0->63 0->53 0->0 0->63 0->53 0->0 0->63 0->53 0->0 93->63 97->53 88->0 113->63 127->53 107->0 87->63 100->53 98->0 0->63 0->52 0->0 0->0 0->0 0->0 0->0 0->0 0->0 
0->43 0->4 0->0 0->63 0->19 0->0 0->63 0->39 0->0 0->63 0->53 0->0 0->63 0->53 0->0 0->63 0->53 0->0 108->63 115->53 117->0 132->63 130->53 78->0 171->63 181->53 165->0 0->63 0->52 0->0 0->0 0->0 0->0 0->0 0->0 0->0 
0->43 0->4 0->0 0->63 0->19 0->0 0->63 0->39 0->0 0->63 0->53 0->0 0->63 0->53 0->0 0->63 0->53 0->0 100->63 85->53 154->0 104->63 71->53 173->0 105->63 68->53 167->0 0->63 0->52 0->0 0->0 0->0 0->0 0->0 0->0 0->0 
0->43 0->4 0->0 0->63 0->19 0->0 0->63 0->39 0->0 0->63 0->53 0->0 0->63 0->53 0->0 0->63 0->53 0->0 0->63 0->53 0->0 0->63 0->53 0->0 0->63 0->53 0->0 0->63 0->52 0->0 0->0 0->0 0->0 0->0 0->0 0->0 
0->43 0->4 0->0 0->63 0->19 0->0 0->63 0->39 0->0 0->63 0->53 0->0 0->63 0->53 0->0 0->63 0->53 0->0 0->63 0->53 0->0 93->63 97->53 88->0 113->63 127->53 107->0 87->63 100->52 98->0 0->0 0->0 0->0 0->0 0->0 0->0 
0->43 0->4 0->0 0->63 0->19 0->0 0->63 0->39 0->0 0->63 0->53 0->0 0->63 0->53 0->0 0->63 0->53 0->0 0->63 0->53 0->0 108->63 115->53 117->0 132->63 130->53 78->0 171->63 181->52 165->0 0->0 0->0 0->0 0->0 0->0 0->0 
0->43 0->4 0->0 0->63 0->19 0->0 0->63 0->39 0->0 0->63 0->53 0->0 0->63 0->53 0->0 0->63 0->53 0->0 0->63 0->53 0->0 100->63 85->53 154->0 104->63 71->53 173->0 105->63 68->52 167->0 0->0 0->0 0->0 0->0 0->0 0->0 
0->43 0->4 0->0 0->63 0->19 0->0 0->63 0->39 0->0 0->63 0->53 0->0 0->63 0->53 0->0 0->63 0->53 0->0 0->63 0->53 0->0 0->63 0->53 0->0 0->63 0->53 0->0 0->63 0->52 0->0 0->0 0->0 0->0 0->0 0->0 0->0 

93->63 97->53 88->0 113->63 127->52 107->0 87->63 100->19 98->0 0->49 0->1 0->0 0->14 0->0 0->0 0->0 0->0 0->0 0->0 0->0 0->0 0->0 0->0 0->0 0->0 0->0 0->0 0->0 0->0 0->0 0->0 0->0 0->0 0->0 0->0 0->0 
108->63 115->53 117->0 132->63 130->52 78->0 171->63 181->19 165->0 0->49 0->1 0->0 0->14 0->0 0->0 0->0 0->0 0->0 0->0 0->0 0->0 0->0 0->0 0->0 0->0 0->0 0->0 0->0 0->0 0->0 0->0 0->0 0->0 0->0 0->0 0->0 
100->63 85->53 154->0 104->63 71->52 173->0 105->63 68->19 167->0 0->49 0->1 0->0 0->14 0->0 0->0 0->0 0->0 0->0 0->0 0->0 0->0 0->0 0->0 0->0 0->0 0->0 0->0 0->0 0->0 0->0 0->0 0->0 0->0 0->0 0->0 0->0 
0->63 0->53 0->0 0->63 0->52 0->0 0->63 0->19 0->0 0->49 0->1 0->0 0->14 0->0 0->0 0->0 0->0 0->0 0->0 0->0 0->0 0->0 0->0 0->0 0->0 0->0 0->0 0->0 0->0 0->0 0->0 0->0 0->0 0->0 0->0 0->0 
0->63 0->53 0->0 93->63 97->52 88->0 113->63 127->19 107->0 87->49 100->1 98->0 0->14 0->0 0->0 0->0 0->0 0->0 0->0 0->0 0->0 0->0 0->0 0->0 0->0 0->0 0->0 0->0 0->0 0->0 0->0 0->0 0->0 0->0 0->0 0->0 
0->63 0->53 0->0 108->63 115->52 117->0 132->63 130->19 78->0 171->49 181->1 165->0 0->14 0->0 0->0 0->0 0->0 0->0 0->0 0->0 0->0 0->0 0->0 0->0 0->0 0->0 0->0 0->0 0->0 0->0 0->0 0->0 0->0 0->0 0->0 0->0 
0->63 0->53 0->0 100->63 85->52 154->0 104->63 71->19 173->0 105->49 68->1 167->0 0->14 0->0 0->0 0->0 0->0 0->0 0->0 0->0 0->0 0->0 0->0 0->0 0->0 0->0 0->0 0->0 0->0 0->0 0->0 0->0 0->0 0->0 0->0 0->0 
0->63 0->53 0->0 0->63 0->52 0->0 0->63 0->19 0->0 0->49 0->1 0->0 0->14 0->0 0->0 0->0 0->0 0->0 0->0 0->0 0->0 0->0 0->0 0->0 0->0 0->0 0->0 0->0 0->0 0->0 0->0 0->0 0->0 0->0 0->0 0->0 
0->63 0->53 0->0 0->63 0->52 0->0 93->63 97->19 88->0 113->49 127->1 107->0 87->14 100->0 98->0 0->0 0->0 0->0 0->0 0->0 0->0 0->0 0->0 0->0 0->0 0->0 0->0 0->0 0->0 0->0 0->0 0->0 0->0 0->0 0->0 0->0 
0->63 0->53 0->0 0->63 0->52 0->0 108->63 115->19 117->0 132->49 130->1 78->0 171->14 181->0 165->0 0->0 0->0 0->0 0->0 0->0 0->0 0->0 0->0 0->0 0->0 0->0 0->0 0->0 0->0 0->0 0->0 0->0 0->0 0->0 0->0 0->0 
0->63 0->53 0->0 0->63 0->52 0->0 100->63 85->19 154->0 104->49 71->1 173->0 105->14 68->0 167->0 0->0 0->0 0->0 0->0 0->0 0->0 0->0 0->0 0->0 0->0 0->0 0->0 0->0 0->0 0->0 0->0 0->0 0->0 0->0 0->0 0->0 
0->63 0->53 0->0 0->63 0->52 0->0 0->63 0->19 0->0 0->49 0->1 0->0 0->14 0->0 0->0 0->0 0->0 0->0 0->0 0->0 0->0 0->0 0->0 0->0 0->0 0->0 0->0 0->0 0->0 0->0 0->0 0->0 0->0 0->0 0->0 0->0 
0->63 0->53 0->0 0->63 0->52 0->0 0->63 0->19 0->0 93->49 97->1 88->0 113->14 127->0 107->0 87->0 100->0 98->0 0->0 0->0 0->0 0->0 0->0 0->0 0->0 0->0 0->0 0->0 0->0 0->0 0->0 0->0 0->0 0->0 0->0 0->0 
0->63 0->53 0->0 0->63 0->52 0->0 0->63 0->19 0->0 108->49 115->1 117->0 132->14 130->0 78->0 171->0 181->0 165->0 0->0 0->0 0->0 0->0 0->0 0->0 0->0 0->0 0->0 0->0 0->0 0->0 0->0 0->0 0->0 0->0 0->0 0->0 
0->63 0->53 0->0 0->63 0->52 0->0 0->63 0->19 0->0 100->49 85->1 154->0 104->14 71->0 173->0 105->0 68->0 167->0 0->0 0->0 0->0 0->0 0->0 0->0 0->0 0->0 0->0 0->0 0->0 0->0 0->0 0->0 0->0 0->0 0->0 0->0 
0->63 0->53 0->0 0->63 0->52 0->0 0->63 0->19 0->0 0->49 0->1 0->0 0->14 0->0 0->0 0->0 0->0 0->0 0->0 0->0 0->0 0->0 0->0 0->0 0->0 0->0 0->0 0->0 0->0 0->0 0->0 0->0 0->0 0->0 0->0 0->0 
0->63 0->53 0->0 0->63 0->52 0->0 0->63 0->19 0->0 0->49 0->1 0->0 93->14 97->0 88->0 113->0 127->0 107->0 87->0 100->0 98->0 0->0 0->0 0->0 0->0 0->0 0->0 0->0 0->0 0->0 0->0 0->0 0->0 0->0 0->0 0->0 
0->63 0->53 0->0 0->63 0->52 0->0 0->63 0->19 0->0 0->49 0->1 0->0 108->14 115->0 117->0 132->0 130->0 78->0 171->0 181->0 165->0 0->0 0->0 0->0 0->0 0->0 0->0 0->0 0->0 0->0 0->0 0->0 0->0 0->0 0->0 0->0 
0->63 0->53 0->0 0->63 0->52 0->0 0->63 0->19 0->0 0->49 0->1 0->0 100->14 85->0 154->0 104->0 71->0 173->0 105->0 68->0 167->0 0->0 0->0 0->0 0->0 0->0 0->0 0->0 0->0 0->0 0->0 0->0 0->0 0->0 0->0 0->0 
0->63 0->53 0->0 0->63 0->52 0->0 0->63 0->19 0->0 0->49 0->1 0->0 0->14 0->0 0->0 0->0 0->0 0->0 0->0 0->0 0->0 0->0 0->0 0->0 0->0 0->0 0->0 0->0 0->0 0->0 0->0 0->0 0->0 0->0 0->0 0->0 
0->63 0->53 0->0 0->63 0->52 0->0 0->63 0->19 0->0 0->49 0->1 0->0 0->14 0->0 0->0 93->0 97->0 88->0 113->0 127->0 107->0 87->0 100->0 98->0 0->0 0->0 0->0 0->0 0->0 0->0 0->0 0->0 0->0 0->0 0->0 0->0 
0->63 0->53 0->0 0->63 0->52 0->0 0->63 0->19 0->0 0->49 0->1 0->0 0->14 0->0 0->0 108->0 115->0 117->0 132->0 130->0 78->0 171->0 181->0 165->0 0->0 0->0 0->0 0->0 0->0 0->0 0->0 0->0 0->0 0->0 0->0 0->0 
0->63 0->53 0->0 0->63 0->52 0->0 0->63 0->19 0->0 0->49 0->1 0->0 0->14 0->0 0->0 100->0 85->0 154->0 104->0 71->0 173->0 105->0 68->0 167->0 0->0 0->0 0->0 0->0 0->0 0->0 0->0 0->0 0->0 0->0 0->0 0->0 
0->63 0->53 0->0 0->63 0->52 0->0 0->63 0->19 0->0 0->49 0->1 0->0 0->14 0->0 0->0 0->0 0->0 0->0 0->0 0->0 0->0 0->0 0->0 0->0 0->0 0->0 0->0 0->0 0->0 0->0 0->0 0->0 0->0 0->0 0->0 0->0 
0->63 0->53 0->0 0->63 0->52 0->0 0->63 0->19 0->0 0->49 0->1 0->0 0->14 0->0 0->0 0->0 0->0 0->0 93->0 97->0 88->0 113->0 127->0 107->0 87->0 100->0 98->0 0->0 0->0 0->0 0->0 0->0 0->0 0->0 0->0 0->0 
0->63 0->53 0->0 0->63 0->52 0->0 0->63 0->19 0->0 0->49 0->1 0->0 0->14 0->0 0->0 0->0 0->0 0->0 108->0 115->0 117->0 132->0 130->0 78->0 171->0 181->0 165->0 0->0 0->0 0->0 0->0 0->0 0->0 0->0 0->0 0->0 
0->63 0->53 0->0 0->63 0->52 0->0 0->63 0->19 0->0 0->49 0->1 0->0 0->14 0->0 0->0 0->0 0->0 0->0 100->0 85->0 154->0 104->0 71->0 173->0 105->0 68->0 167->0 0->0 0->0 0->0 0->0 0->0 0->0 0->0 0->0 0->0 
0->63 0->53 0->0 0->63 0->52 0->0 0->63 0->19 0->0 0->49 0->1 0->0 0->14 0->0 0->0 0->0 0->0 0->0 0->0 0->0 0->0 0->0 0->0 0->0 0->0 0->0 0->0 0->0 0->0 0->0 0->0 0->0 0->0 0->0 0->0 0->0 
0->63 0->53 0->0 0->63 0->52 0->0 0->63 0->19 0->0 0->49 0->1 0->0 0->14 0->0 0->0 0->0 0->0 0->0 0->0 0->0 0->0 93->0 97->0 88->0 113->0 127->0 107->0 87->0 100->0 98->0 0->0 0->0 0->0 0->0 0->0 0->0 
0->63 0->53 0->0 0->63 0->52 0->0 0->63 0->19 0->0 0->49 0->1 0->0 0->14 0->0 0->0 0->0 0->0 0->0 0->0 0->0 0->0 108->0 115->0 117->0 132->0 130->0 78->0 171->0 181->0 165->0 0->0 0->0 0->0 0->0 0->0 0->0 
0->63 0->53 0->0 0->63 0->52 0->0 0->63 0->19 0->0 0->49 0->1 0->0 0->14 0->0 0->0 0->0 0->0 0->0 0->0 0->0 0->0 100->0 85->0 154->0 104->0 71->0 173->0 105->0 68->0 167->0 0->0 0->0 0->0 0->0 0->0 0->0 
0->63 0->53 0->0 0->63 0->52 0->0 0->63 0->19 0->0 0->49 0->1 0->0 0->14 0->0 0->0 0->0 0->0 0->0 0->0 0->0 0->0 0->0 0->0 0->0 0->0 0->0 0->0 0->0 0->0 0->0 0->0 0->0 0->0 0->0 0->0 0->0 

93->0 97->0 88->0 113->0 127->0 107->0 87->0 100->0 98->0 0->0 0->0 0->0 0->0 0->0 0->0 0->0 0->0 0->0 0->0 0->0 0->0 0->0 0->0 0->0 0->0 0->0 0->0 0->0 0->0 0->0 0->0 0->0 0->0 0->0 0->0 0->0 
108->0 115->0 117->0 132->0 130->0 78->0 171->0 181->0 165->0 0->0 0->0 0->0 0->0 0->0 0->0 0->0 0->0 0->0 0->0 0->0 0->0 0->0 0->0 0->0 0->0 0->0 0->0 0->0 0->0 0->0 0->0 0->0 0->0 0->0 0->0 0->0 
100->0 85->0 154->0 104->0 71->0 173->0 105->0 68->0 167->0 0->0 0->0 0->0 0->0 0->0 0->0 0->0 0->0 0->0 0->0 0->0 0->0 0->0 0->0 0->0 0->0 0->0 0->0 0->0 0->0 0->0 0->0 0->0 0->0 0->0 0->0 0->0 
0->0 0->0 0->0 0->0 0->0 0->0 0->0 0->0 0->0 0->0 0->0 0->0 0->0 0->0 0->0 0->0 0->0 0->0 0->0 0->0 0->0 0->0 0->0 0->0 0->0 0->0 0->0 0->0 0->0 0->0 0->0 0->0 0->0 0->0 0->0 0->0 
0->0 0->0 0->0 93->0 97->0 88->0 113->0 127->0 107->0 87->0 100->0 98->0 0->0 0->0 0->0 0->0 0->0 0->0 0->0 0->0 0->0 0->0 0->0 0->0 0->0 0->0 0->0 0->0 0->0 0->0 0->0 0->0 0->0 0->0 0->0 0->0 
0->0 0->0 0->0 108->0 115->0 117->0 132->0 130->0 78->0 171->0 181->0 165->0 0->0 0->0 0->0 0->0 0->0 0->0 0->0 0->0 0->0 0->0 0->0 0->0 0->0 0->0 0->0 0->0 0->0 0->0 0->0 0->0 0->0 0->0 0->0 0->0 
0->0 0->0 0->0 100->0 85->0 154->0 104->0 71->0 173->0 105->0 68->0 167->0 0->0 0->0 0->0 0->0 0->0 0->0 0->0 0->0 0->0 0->0 0->0 0->0 0->0 0->0 0->0 0->0 0->0 0->0 0->0 0->0 0->0 0->0 0->0 0->0 
0->0 0->0 0->0 0->0 0->0 0->0 0->0 0->0 0->0 0->0 0->0 0->0 0->0 0->0 0->0 0->0 0->0 0->0 0->0 0->0 0->0 0->0 0->0 0->0 0->0 0->0 0->0 0->0 0->0 0->0 0->0 0->0 0->0 0->0 0->0 0->0 
0->0 0->0 0->0 0->0 0->0 0->0 93->0 97->0 88->0 113->0 127->0 107->0 87->0 100->0 98->0 0->0 0->0 0->0 0->0 0->0 0->0 0->0 0->0 0->0 0->0 0->0 0->0 0->0 0->0 0->0 0->0 0->0 0->0 0->0 0->0 0->0 
0->0 0->0 0->0 0->0 0->0 0->0 108->0 115->0 117->0 132->0 130->0 78->0 171->0 181->0 165->0 0->0 0->0 0->0 0->0 0->0 0->0 0->0 0->0 0->0 0->0 0->0 0->0 0->0 0->0 0->0 0->0 0->0 0->0 0->0 0->0 0->0 
0->0 0->0 0->0 0->0 0->0 0->0 100->0 85->0 154->0 104->0 71->0 173->0 105->0 68->0 167->0 0->0 0->0 0->0 0->0 0->0 0->0 0->0 0->0 0->0 0->0 0->0 0->0 0->0 0->0 0->0 0->0 0->0 0->0 0->0 0->0 0->0 
0->0 0->0 0->0 0->0 0->0 0->0 0->0 0->0 0->0 0->0 0->0 0->0 0->0 0->0 0->0 0->0 0->0 0->0 0->0 0->0 0->0 0->0 0->0 0->0 0->0 0->0 0->0 0->0 0->0 0->0 0->0 0->0 0->0 0->0 0->0 0->0 
0->0 0->0 0->0 0->0 0->0 0->0 0->0 0->0 0->0 93->0 97->0 88->0 113->0 127->0 107->0 87->0 100->0 98->0 0->0 0->0 0->0 0->0 0->0 0->0 0->0 0->0 0->0 0->0 0->0 0->0 0->0 0->0 0->0 0->0 0->0 0->0 
0->0 0->0 0->0 0->0 0->0 0->0 0->0 0->0 0->0 108->0 115->0 117->0 132->0 130->0 78->0 171->0 181->0 165->0 0->0 0->0 0->0 0->0 0->0 0->0 0->0 0->0 0->0 0->0 0->0 0->0 0->0 0->0 0->0 0->0 0->0 0->0 
0->0 0->0 0->0 0->0 0->0 0->0 0->0 0->0 0->0 100->0 85->0 154->0 104->0 71->0 173->0 105->0 68->0 167->0 0->0 0->0 0->0 0->0 0->0 0->0 0->0 0->0 0->0 0->0 0->0 0->0 0->0 0->0 0->0 0->0 0->0 0->0 
0->0 0->0 0->0 0->0 0->0 0->0 0->0 0->0 0->0 0->0 0->0 0->0 0->0 0->0 0->0 0->0 0->0 0->0 0->0 0->0 0->0 0->0 0->0 0->0 0->0 0->0 0->0 0->0 0->0 0->0 0->0 0->0 0->0 0->0 0->0 0->0 
0->0 0->0 0->0 0->0 0->0 0->0 0->0 0->0 0->0 0->0 0->0 0->0 93->0 97->0 88->0 113->0 127->0 107->0 87->0 100->0 98->0 0->0 0->0 0->0 0->0 0->0 0->0 0->0 0->0 0->0 0->0 0->0 0->0 0->0 0->0 0->0 
0->0 0->0 0->0 0->0 0->0 0->0 0->0 0->0 0->0 0->0 0->0 0->0 108->0 115->0 117->0 132->0 130->0 78->0 171->0 181->0 165->0 0->0 0->0 0->0 0->0 0->0 0->0 0->0 0->0 0->0 0->0 0->0 0->0 0->0 0->0 0->0 
0->0 0->0 0->0 0->0 0->0 0->0 0->0 0->0 0->0 0->0 0->0 0->0 100->0 85->0 154->0 104->0 71->0 173->0 105->0 68->0 167->0 0->0 0->0 0->0 0->0 0->0 0->0 0->0 0->0 0->0 0->0 0->0 0->0 0->0 0->0 0->0 
0->0 0->0 0->0 0->0 0->0 0->0 0->0 0->0 0->0 0->0 0->0 0->0 0->0 0->0 0->0 0->0 0->0 0->0 0->0 0->0 0->0 0->0 0->0 0->0 0->0 0->0 0->0 0->0 0->0 0->0 0->0 0->0 0->0 0->0 0->0 0->0 
0->0 0->0 0->0 0->0 0->0 0->0 0->0 0->0 0->0 0->0 0->0 0->0 0->0 0->0 0->0 93->0 97->0 88->0 113->0 127->0 107->0 87->0 100->0 98->0 0->0 0->0 0->0 0->0 0->0 0->0 0->0 0->0 0->0 0->0 0->0 0->0 
0->0 0->0 0->0 0->0 0->0 0->0 0->0 0->0 0->0 0->0 0->0 0->0 0->0 0->0 0->0 108->0 115->0 117->0 132->0 130->0 78->0 171->0 181->0 165->0 0->0 0->0 0->0 0->0 0->0 0->0 0->0 0->0 0->0 0->0 0->0 0->0 
0->0 0->0 0->0 0->0 0->0 0->0 0->0 0->0 0->0 0->0 0->0 0->0 0->0 0->0 0->0 100->0 85->0 154->0 104->0 71->0 173->0 105->0 68->0 167->0 0->0 0->0 0->0 0->0 0->0 0->0 0->0 0->0 0->0 0->0 0->0 0->0 
0->0 0->0 0->0 0->0 0->0 0->0 0->0 0->0 0->0 0->0 0->0 0->0 0->0 0->0 0->0 0->0 0->0 0->0 0->0 0->0 0->0 0->0 0->0 0->0 0->0 0->0 0->0 0->0 0->0 0->0 0->0 0->0 0->0 0->0 0->0 0->0 
0->0 0->0 0->0 0->0 0->0 0->0 0->0 0->0 0->0 0->0 0->0 0->0 0->0 0->0 0->0 0->0 0->0 0->0 93->0 97->0 88->0 113->0 127->0 107->0 87->0 100->0 98->0 0->0 0->0 0->0 0->0 0->0 0->0 0->0 0->0 0->0 
0->0 0->0 0->0 0->0 0->0 0->0 0->0 0->0 0->0 0->0 0->0 0->0 0->0 0->0 0->0 0->0 0->0 0->0 108->0 115->0 117->0 132->0 130->0 78->0 171->0 181->0 165->0 0->0 0->0 0->0 0->0 0->0 0->0 0->0 0->0 0->0 
0->0 0->0 0->0 0->0 0->0 0->0 0->0 0->0 0->0 0->0 0->0 0->0 0->0 0->0 0->0 0->0 0->0 0->0 100->0 85->0 154->0 104->0 71->0 173->0 105->0 68->0 167->0 0->0 0->0 0->0 0->0 0->0 0->0 0->0 0->0 0->0 
0->0 0->0 0->0 0->0 0->0 0->0 0->0 0->0 0->0 0->0 0->0 0->0 0->0 0->0 0->0 0->0 0->0 0->0 0->0 0->0 0->0 0->0 0->0 0->0 0->0 0->0 0->0 0->0 0->0 0->0 0->0 0->0 0->0 0->0 0->0 0->0 
0->0 0->0 0->0 0->0 0->0 0->0 0->0 0->0 0->0 0->0 0->0 0->0 0->0 0->0 0->0 0->0 0->0 0->0 0->0 0->0 0->0 93->0 97->0 88->0 113->0 127->0 107->0 87->0 100->0 98->0 0->0 0->0 0->0 0->0 0->0 0->0 
0->0 0->0 0->0 0->0 0->0 0->0 0->0 0->0 0->0 0->0 0->0 0->0 0->0 0->0 0->0 0->0 0->0 0->0 0->0 0->0 0->0 108->0 115->0 117->0 132->0 130->0 78->0 171->0 181->0 165->0 0->0 0->0 0->0 0->0 0->0 0->0 
0->0 0->0 0->0 0->0 0->0 0->0 0->0 0->0 0->0 0->0 0->0 0->0 0->0 0->0 0->0 0->0 0->0 0->0 0->0 0->0 0->0 100->0 85->0 154->0 104->0 71->0 173->0 105->0 68->0 167->0 0->0 0->0 0->0 0->0 0->0 0->0 
0->0 0->0 0->0 0->0 0->0 0->0 0->0 0->0 0->0 0->0 0->0 0->0 0->0 0->0 0->0 0->0 0->0 0->0 0->0 0->0 0->0 0->0 0->0 0->0 0->0 0->0 0->0 0->0 0->0 0->0 0->0 0->0 0->0 0->0 0->0 0->0 

93->0 97->0 88->0 113->0 127->0 107->0 87->0 100->0 98->0 0->0 0->0 0->0 0->0 0->0 0->0 0->0 0->0 0->0 0->0 0->0 0->0 0->0 0->0 0->0 0->4 0->0 0->0 0->19 0->0 0->0 0->0 0->0 0->0 0->0 0->0 0->0 
108->0 115->0 117->0 132->0 130->0 78->0 171->0 181->0 165->0 0->0 0->0 0->0 0->0 0->0 0->0 0->0 0->0 0->0 0->0 0->0 0->0 0->0 0->0 0->0 0->4 0->0 0->0 0->19 0->0 0->0 0->0 0->0 0->0 0->0 0->0 0->0 
100->0 85->0 154->0 104->0 71->0 173->0 105->0 68->0 167->0 0->0 0->0 0->0 0->0 0->0 0->0 0->0 0->0 0->0 0->0 0->0 0->0 0->0 0->0 0->0 0->4 0->0 0->0 0->19 0->0 0->0 0->0 0->0 0->0 0->0 0->0 0->0 
0->0 0->0 0->0 0->0 0->0 0->0 0->0 0->0 0->0 0->0 0->0 0->0 0->0 0->0 0->0 0->0 0->0 0->0 0->0 0->0 0->0 0->0 0->0 0->0 0->4 0->0 0->0 0->19 0->0 0->0 0->0 0->0 0->0 0->0 0->0 0->0 
0->0 0->0 0->0 93->0 97->0 88->0 113->0 127->0 107->0 87->0 100->0 98->0 0->0 0->0 0->0 0->0 0->0 0->0 0->0 0->0 0->0 0->0 0->0 0->0 0->4 0->0 0->0 0->19 0->0 0->0 0->0 0->0 0->0 0->0 0->0 0->0 
0->0 0->0 0->0 108->0 115->0 117->0 132->0 130->0 78->0 171->0 181->0 165->0 0->0 0->0 0->0 0->0 0->0 0->0 0->0 0->0 0->0 0->0 0->0 0->0 0->4 0->0 0->0 0->19 0->0 0->0 0->0 0->0 0->0 0->0 0->0 0->0 
0->0 0->0 0->0 100->0 85->0 154->0 104->0 71->0 173->0 105->0 68->0 167->0 0->0 0->0 0->0 0->0 0->0 0->0 0->0 0->0 0->0 0->0 0->0 0->0 0->4 0->0 0->0 0->19 0->0 0->0 0->0 0->0 0->0 0->0 0->0 0->0 
0->0 0->0 0->0 0->0 0->0 0->0 0->0 0->0 0->0 0->0 0->0 0->0 0->0 0->0 0->0 0->0 0->0 0->0 0->0 0->0 0->0 0->0 0->0 0->0 0->4 0->0 0->0 0->19 0->0 0->0 0->0 0->0 0->0 0->0 0->0 0->0 
0->0 0->0 0->0 0->0 0->0 0->0 93->0 97->0 88->0 113->0 127->0 107->0 87->0 100->0 98->0 0->0 0->0 0->0 0->0 0->0 0->0 0->0 0->0 0->0 0->4 0->0 0->0 0->19 0->0 0->0 0->0 0->0 0->0 0->0 0->0 0->0 
0->0 0->0 0->0 0->0 0->0 0->0 108->0 115->0 117->0 132->0 130->0 78->0 171->0 181->0 165->0 0->0 0->0 0->0 0->0 0->0 0->0 0->0 0->0 0->0 0->4 0->0 0->0 0->19 0->0 0->0 0->0 0->0 0->0 0->0 0->0 0->0 
0->0 0->0 0->0 0->0 0->0 0->0 100->0 85->0 154->0 104->0 71->0 173->0 105->0 68->0 167->0 0->0 0->0 0->0 0->0 0->0 0->0 0->0 0->0 0->0 0->4 0->0 0->0 0->19 0->0 0->0 0->0 0->0 0->0 0->0 0->0 0->0 
0->0 0->0 0->0 0->0 0->0 0->0 0->0 0->0 0->0 0->0 0->0 0->0 0->0 0->0 0->0 0->0 0->0 0->0 0->0 0->0 0->0 0->0 0->0 0->0 0->4 0->0 0->0 0->19 0->0 0->0 0->0 0->0 0->0 0->0 0->0 0->0 
0->0 0->0 0->0 0->0 0->0 0->0 0->0 0->0 0->0 93->0 97->0 88->0 113->0 127->0 107->0 87->0 100->0 98->0 0->0 0->0 0->0 0->0 0->0 0->0 0->4 0->0 0->0 0->19 0->0 0->0 0->0 0->0 0->0 0->0 0->0 0->0 
0->0 0->0 0->0 0->0 0->0 0->0 0->0 0->0 0->0 108->0 115->0 117->0 132->0 130->0 78->0 171->0 181->0 165->0 0->0 0->0 0->0 0->0 0->0 0->0 0->4 0->0 0->0 0->19 0->0 0->0 0->0 0->0 0->0 0->0 0->0 0->0 
0->0 0->0 0->0 0->0 0->0 0->0 0->0 0->0 0->0 100->0 85->0 154->0 104->0 71->0 173->0 105->0 68->0 167->0 0->0 0->0 0->0 0->0 0->0 0->0 0->4 0->0 0->0 0->19 0->0 0->0 0->0 0->0 0->0 0->0 0->0 0->0 
0->0 0->0 0->0 0->0 0->0 0->0 0->0 0->0 0->0 0->0 0->0 0->0 0->0 0->0 0->0 0->0 0->0 0->0 0->0 0->0 0->0 0->0 0->0 0->0 0->4 0->0 0->0 0->19 0->0 0->0 0->0 0->0 0->0 0->0 0->0 0->0 
0->0 0->0 0->0 0->0 0->0 0->0 0->0 0->0 0->0 0->0 0->0 0->0 93->0 97->0 88->0 113->0 127->0 107->0 87->0 100->0 98->0 0->0 0->0 0->0 0->4 0->0 0->0 0->19 0->0 0->0 0->0 0->0 0->0 0->0 0->0 0->0 
0->0 0->0 0->0 0->0 0->0 0->0 0->0 0->0 0->0 0->0 0->0 0->0 108->0 115->0 117->0 132->0 130->0 78->0 171->0 181->0 165->0 0->0 0->0 0->0 0->4 0->0 0->0 0->19 0->0 0->0 0->0 0->0 0->0 0->0 0->0 0->0 
0->0 0->0 0->0 0->0 0->0 0->0 0->0 0->0 0->0 0->0 0->0 0->0 100->0 85->0 154->0 104->0 71->0 173->0 105->0 68->0 167->0 0->0 0->0 0->0 0->4 0->0 0->0 0->19 0->0 0->0 0->0 0->0 0->0 0->0 0->0 0->0 
0->0 0->0 0->0 0->0 0->0 0->0 0->0 0->0 0->0 0->0 0->0 0->0 0->0 0->0 0->0 0->0 0->0 0->0 0->0 0->0 0->0 0->0 0->0 0->0 0->4 0->0 0->0 0->19 0->0 0->0 0->0 0->0 0->0 0->0 0->0 0->0 
0->0 0->0 0->0 0->0 0->0 0->0 0->0 0->0 0->0 0->0 0->0 0->0 0->0 0->0 0->0 93->0 97->0 88->0 113->0 127->0 107->0 87->0 100->0 98->0 0->4 0->0 0->0 0->19 0->0 0->0 0->0 0->0 0->0 0->0 0->0 0->0 
0->0 0->0 0->0 0->0 0->0 0->0 0->0 0->0 0->0 0->0 0->0 0->0 0->0 0->0 0->0 108->0 115->0 117->0 132->0 130->0 78->0 171->0 181->0 165->0 0->4 0->0 0->0 0->19 0->0 0->0 0->0 0->0 0->0 0->0 0->0 0->0 
0->0 0->0 0->0 0->0 0->0 0->0 0->0 0->0 0->0 0->0 0->0 0->0 0->0 0->0 0->0 100->0 85->0 154->0 104->0 71->0 173->0 105->0 68->0 167->0 0->4 0->0 0->0 0->19 0->0 0->0 0->0 0->0 0->0 0->0 0->0 0->0 
0->0 0->0 0->0 0->0 0->0 0->0 0->0 0->0 0->0 0->0 0->0 0->0 0->0 0->0 0->0 0->0 0->0 0->0 0->0 0->0 0->0 0->0 0->0 0->0 0->4 0->0 0->0 0->19 0->0 0->0 0->0 0->0 0->0 0->0 0->0 0->0 
0->0 0->0 0->0 0->0 0->0 0->0 0->0 0->0 0->0 0->0 0->0 0->0 0->0 0->0 0->0 0->0 0->0 0->0 93->0 97->0 88->0 113->0 127->0 107->0 87->4 100->0 98->0 0->19 0->0 0->0 0->0 0->0 0->0 0->0 0->0 0->0 
0->0 0->0 0->0 0->0 0->0 0->0 0->0 0->0 0->0 0->0 0->0 0->0 0->0 0->0 0->0 0->0 0->0 0->0 108->0 115->0 117->0 132->0 130->0 78->0 171->4 181->0 165->0 0->19 0->0 0->0 0->0 0->0 0->0 0->0 0->0 0->0 
0->0 0->0 0->0 0->0 0->0 0->0 0->0 0->0 0->0 0->0 0->0 0->0 0->0 0->0 0->0 0->0 0->0 0->0 100->0 85->0 154->0 104->0 71->0 173->0 105->4 68->0 167->0 0->19 0->0 0->0 0->0 0->0 0->0 0->0 0->0 0->0 
0->0 0->0 0->0 0->0 0->0 0->0 0->0 0->0 0->0 0->0 0->0 0->0 0->0 0->0 0->0 0->0 0->0 0->0 0->0 0->0 0->0 0->0 0->0 0->0 0->4 0->0 0->0 0->19 0->0 0->0 0->0 0->0 0->0 0->0 0->0 0->0 
0->0 0->0 0->0 0->0 0->0 0->0 0->0 0->0 0->0 0->0 0->0 0->0 0->0 0->0 0->0 0->0 0->0 0->0 0->0 0->0 0->0 93->0 97->0 88->0 113->4 127->0 107->0 87->19 100->0 98->0 0->0 0->0 0->0 0->0 0->0 0->0 
0->0 0->0 0->0 0->0 0->0 0->0 0->0 0->0 0->0 0->0 0->0 0->0 0->0 0->0 0->0 0->0 0->0 0->0 0->0 0->0 0->0 108->0 115->0 117->0 132->4 130->0 78->0 171->19 181->0 165->0 0->0 0->0 0->0 0->0 0->0 0->0 
0->0 0->0 0->0 0->0 0->0 0->0 0->0 0->0 0->0 0->0 0->0 0->0 0->0 0->0 0->0 0->0 0->0 0->0 0->0 0->0 0->0 100->0 85->0 154->0 104->4 71->0 173->0 105->19 68->0 167->0 0->0 0->0 0->0 0->0 0->0 0->0 
0->0 0->0 0->0 0->0 0->0 0->0 0->0 0->0 0->0 0->0 0->0 0->0 0->0 0->0 0->0 0->0 0->0 0->0 0->0 0->0 0->0 0->0 0->0 0->0 0->4 0->0 0->0 0->19 0->0 0->0 0->0 0->0 0->0 0->0 0->0 0->0 

93->4 97->0 88->0 113->19 127->0 107->0 87->39 100->0 98->0 0->53 0->0 0->0 0->53 0->0 0->0 0->53 0->0 0->0 0->53 0->0 0->0 0->53 0->0 0->0 0->53 0->0 0->0 0->52 0->0 0->0 0->0 0->0 0->0 0->0 0->0 0->0 
108->4 115->0 117->0 132->19 130->0 78->0 171->39 181->0 165->0 0->53 0->0 0->0 0->53 0->0 0->0 0->53 0->0 0->0 0->53 0->0 0->0 0->53 0->0 0->0 0->53 0->0 0->0 0->52 0->0 0->0 0->0 0->0 0->0 0->0 0->0 0->0 
100->4 85->0 154->0 104->19 71->0 173->0 105->39 68->0 167->0 0->53 0->0 0->0 0->53 0->0 0->0 0->53 0->0 0->0 0->53 0->0 0->0 0->53 0->0 0->0 0->53 0->0 0->0 0->52 0->0 0->0 0->0 0->0 0->0 0->0 0->0 0->0 
0->4 0->0 0->0 0->19 0->0 0->0 0->39 0->0 0->0 0->53 0->0 0->0 0->53 0->0 0->0 0->53 0->0 0->0 0->53 0->0 0->0 0->53 0->0 0->0 0->53 0->0 0->0 0->52 0->0 0->0 0->0 0->0 0->0 0->0 0->0 0->0 
0->4 0->0 0->0 93->19 97->0 88->0 113->39 127->0 107->0 87->53 100->0 98->0 0->53 0->0 0->0 0->53 0->0 0->0 0->53 0->0 0->0 0->53 0->0 0->0 0->53 0->0 0->0 0->52 0->0 0->0 0->0 0->0 0->0 0->0 0->0 0->0 
0->4 0->0 0->0 108->19 115->0 117->0 132->39 130->0 78->0 171->53 181->0 165->0 0->53 0->0 0->0 0->53 0->0 0->0 0->53 0->0 0->0 0->53 0->0 0->0 0->53 0->0 0->0 0->52 0->0 0->0 0->0 0->0 0->0 0->0 0->0 0->0 
0->4 0->0 0->0 100->19 85->0 154->0 104->39 71->0 173->0 105->53 68->0 167->0 0->53 0->0 0->0 0->53 0->0 0->0 0->53 0->0 0->0 0->53 0->0 0->0 0->53 0->0 0->0 0->52 0->0 0->0 0->0 0->0 0->0 0->0 0->0 0->0 
0->4 0->0 0->0 0->19 0->0 0->0 0->39 0->0 0->0 0->53 0->0 0->0 0->53 0->0 0->0 0->53 0->0 0->0 0->53 0->0 0->0 0->53 0->0 0->0 0->53 0->0 0->0 0->52 0->0 0->0 0->0 0->0 0->0 0->0 0->0 0->0 
0->4 0->0 0->0 0->19 0->0 0->0 93->39 97->0 88->0 113->53 127->0 107->0 87->53 100->0 98->0 0->53 0->0 0->0 0->53 0->0 0->0 0->53 0->0 0->0 0->53 0->0 0->0 0->52 0->0 0->0 0->0 0->0 0->0 0->0 0->0 0->0 
0->4 0->0 0->0 0->19 0->0 0->0 108->39 115->0 117->0 132->53 130->0 78->0 171->53 181->0 165->0 0->53 0->0 0->0 0->53 0->0 0->0 0->53 0->0 0->0 0->53 0->0 0->0 0->52 0->0 0->0 0->0 0->0 0->0 0->0 0->0 0->0 
0->4 0->0 0->0 0->19 0->0 0->0 100->39 85->0 154->0 104->53 71->0 173->0 105->53 68->0 167->0 0->53 0->0 0->0 0->53 0->0 0->0 0->53 0->0 0->0 0->53 0->0 0->0 0->52 0->0 0->0 0->0 0->0 0->0 0->0 0->0 0->0 
0->4 0->0 0->0 0->19 0->0 0->0 0->39 0->0 0->0 0->53 0->0 0->0 0->53 0->0 0->0 0->53 0->0 0->0 0->53 0->0 0->0 0->53 0->0 0->0 0->53 0->0 0->0 0->52 0->0 0->0 0->0 0->0 0->0 0->0 0->0 0->0 
0->4 0->0 0->0 0->19 0->0 0->0 0->39 0->0 0->0 93->53 97->0 88->0 113->53 127->0 107->0 87->53 100->0 98->0 0->53 0->0 0->0 0->53 0->0 0->0 0->53 0->0 0->0 0->52 0->0 0->0 0->0 0->0 0->0 0->0 0->0 0->0 
0->4 0->0 0->0 0->19 0->0 0->0 0->39 0->0 0->0 108->53 115->0 117->0 132->53 130->0 78->0 171->53 181->0 165->0 0->53 0->0 0->0 0->53 0->0 0->0 0->53 0->0 0->0 0->52 0->0 0->0 0->0 0->0 0->0 0->0 0->0 0->0 
0->4 0->0 0->0 0->19 0->0 0->0 0->39 0->0 0->0 100->53 85->0 154->0 104->53 71->0 173->0 105->53 68->0 167->0 0->53 0->0 0->0 0->53 0->0 0->0 0->53 0->0 0->0 0->52 0->0 0->0 0->0 0->0 0->0 0->0 0->0 0->0 
0->4 0->0 0->0 0->19 0->0 0->0 0->39 0->0 0->0 0->53 0->0 0->0 0->53 0->0 0->0 0->53 0->0 0->0 0->53 0->0 0->0 0->53 0->0 0->0 0->53 0->0 0->0 0->52 0->0 0->0 0->0 0->0 0->0 0->0 0->0 0->0 
0->4 0->0 0->0 0->19 0->0 0->0 0->39 0->0 0->0 0->53 0->0 0->0 93->53 97->0 88->0 113->53 127->0 107->0 87->53 100->0 98->0 0->53 0->0 0->0 0->53 0->0 0->0 0->52 0->0 0->0 0->0 0->0 0->0 0->0 0->0 0->0 
0->4 0->0 0->0 0->19 0->0 0->0 0->39 0->0 0->0 0->53 0->0 0->0 108->53 115->0 117->0 132->53 130->0 78->0 171->53 181->0 165->0 0->53 0->0 0->0 0->53 0->0 0->0 0->52 0->0 0->0 0->0 0->0 0->0 0->0 0->0 0->0 
0->4 0->0 0->0 0->19 0->0 0->0 0->39 0->0 0->0 0->53 0->0 0->0 100->53 85->0 154->0 104->53 71->0 173->0 105->53 68->0 167->0 0->53 0->0 0->0 0->53 0->0 0->0 0->52 0->0 0->0 0->0 0->0 0->0 0->0 0->0 0->0 
0->4 0->0 0->0 0->19 0->0 0->0 0->39 0->0 0->0 0->53 0->0 0->0 0->53 0->0 0->0 0->53 0->0 0->0 0->53 0->0 0->0 0->53 0->0 0->0 0->53 0->0 0->0 0->52 0->0 0->0 0->0 0->0 0->0 0->0 0->0 0->0 
0->4 0->0 0->0 0->19 0->0 0->0 0->39 0->0 0->0 0->53 0->0 0->0 0->53 0->0 0->0 93->53 97->0 88->0 113->53 127->0 107->0 87->53 100->0 98->0 0->53 0->0 0->0 0->52 0->0 0->0 0->0 0->0 0->0 0->0 0->0 0->0 
0->4 0->0 0->0 0->19 0->0 0->0 0->39 0->0 0->0 0->53 0->0 0->0 0->53 0->0 0->0 108->53 115->0 117->0 132->53 130->0 78->0 171->53 181->0 165->0 0->53 0->0 0->0 0->52 0->0 0->0 0->0 0->0 0->0 0->0 0->0 0->0 
0->4 0->0 0->0 0->19 0->0 0->0 0->39 0->0 0->0 0->53 0->0 0->0 0->53 0->0 0->0 100->53 85->0 154->0 104->53 71->0 173->0 105->53 68->0 167->0 0->53 0->0 0->0 0->52 0->0 0->0 0->0 0->0 0->0 0->0 0->0 0->0 
0->4 0->0 0->0 0->19 0->0 0->0 0->39 0->0 0->0 0->53 0->0 0->0 0->53 0->0 0->0 0->53 0->0 0->0 0->53 0->0 0->0 0->53 0->0 0->0 0->53 0->0 0->0 0->52 0->0 0->0 0->0 0->0 0->0 0->0 0->0 0->0 
0->4 0->0 0->0 0->19 0->0 0->0 0->39 0->0 0->0 0->53 0->0 0->0 0->53 0->0 0->0 0->53 0->0 0->0 93->53 97->0 88->0 113->53 127->0 107->0 87->53 100->0 98->0 0->52 0->0 0->0 0->0 0->0 0->0 0->0 0->0 0->0 
0->4 0->0 0->0 0->19 0->0 0->0 0->39 0->0 0->0 0->53 0->0 0->0 0->53 0->0 0->0 0->53 0->0 0->0 108->53 115->0 117->0 132->53 130->0 78->0 171->53 181->0 165->0 0->52 0->0 0->0 0->0 0->0 0->0 0->0 0->0 0->0 
0->4 0->0 0->0 0->19 0->0 0->0 0->39 0->0 0->0 0->53 0->0 0->0 0->53 0->0 0->0 0->53 0->0 0->0 100->53 85->0 154->0 104->53 71->0 173->0 105->53 68->0 167->0 0->52 0->0 0->0 0->0 0->0 0->0 0->0 0->0 0->0 
0->4 0->0 0->0 0->19 0->0 0->0 0->39 0->0 0->0 0->53 0->0 0->0 0->53 0->0 0->0 0->53 0->0 0->0 0->53 0->0 0->0 0->53 0->0 0->0 0->53 0->0 0->0 0->52 0->0 0->0 0->0 0->0 0->0 0->0 0->0 0->0 
0->4 0->0 0->0 0->19 0->0 0->0 0->39 0->0 0->0 0->53 0->0 0->0 0->53 0->0 0->0 0->53 0->0 0->0 0->53 0->0 0->0 93->53 97->0 88->0 113->53 127->0 107->0 87->52 100->0 98->0 0->0 0->0 0->0 0->0 0->0 0->0 
0->4 0->0 0->0 0->19 0->0 0->0 0->39 0->0 0->0 0->53 0->0 0->0 0->53 0->0 0->0 0->53 0->0 0->0 0->53 0->0 0->0 108->53 115->0 117->0 132->53 130->0 78->0 171->52 181->0 165->0 0->0 0->0 0->0 0->0 0->0 0->0 
0->4 0->0 0->0 0->19 0->0 0->0 0->39 0->0 0->0 0->53 0->0 0->0 0->53 0->0 0->0 0->53 0->0 0->0 0->53 0->0 0->0 100->53 85->0 154->0 104->53 71->0 173->0 105->52 68->0 167->0 0->0 0->0 0->0 0->0 0->0 0->0 
0->4 0->0 0->0 0->19 0->0 0->0 0->39 0->0 0->0 0->53 0->0 0->0 0->53 0->0 0->0 0->53 0->0 0->0 0->53 0->0 0->0 0->53 0->0 0->0 0->53 0->0 0->0 0->52 0->0 0->0 0->0 0->0 0->0 0->0 0->0 0->0 

93->53 97->0 88->0 113->52 127->0 107->0 87->19 100->0 98->0 0->1 0->0 0->0 0->0 0->0 0->0 0->0 0->0 0->0 0->0 0->0 0->0 0->0 0->0 0->0 0->0 0->0 0->0 0->0 0->0 0->0 0->0 0->0 0->0 0->0 0->0 0->0 
108->53 115->0 117->0 132->52 130->0 78->0 171->19 181->0 165->0 0->1 0->0 0->0 0->0 0->0 0->0 0->0 0->0 0->0 0->0 0->0 0->0 0->0 0->0 0->0 0->0 0->0 0->0 0->0 0->0 0->0 0->0 0->0 0->0 0->0 0->0 0->0 
100->53 85->0 154->0 104->52 71->0 173->0 105->19 68->0 167->0 0->1 0->0 0->0 0->0 0->0 0->0 0->0 0->0 0->0 0->0 0->0 0->0 0->0 0->0 0->0 0->0 0->0 0->0 0->0 0->0 0->0 0->0 0->0 0->0 0->0 0->0 0->0 
0->53 0->0 0->0 0->52 0->0 0->0 0->19 0->0 0->0 0->1 0->0 0->0 0->0 0->0 0->0 0->0 0->0 0->0 0->0 0->0 0->0 0->0 0->0 0->0 0->0 0->0 0->0 0->0 0->0 0->0 0->0 0->0 0->0 0->0 0->0 0->0 
0->53 0->0 0->0 93->52 97->0 88->0 113->19 127->0 107->0 87->1 100->0 98->0 0->0 0->0 0->0 0->0 0->0 0->0 0->0 0->0 0->0 0->0 0->0 0->0 0->0 0->0 0->0 0->0 0->0 0->0 0->0 0->0 0->0 0->0 0->0 0->0 
0->53 0->0 0->0 108->52 115->0 117->0 132->19 130->0 78->0 171->1 181->0 165->0 0->0 0->0 0->0 0->0 0->0 0->0 0->0 0->0 0->0 0->0 0->0 0->0 0->0 0->0 0->0 0->0 0->0 0->0 0->0 0->0 0->0 0->0 0->0 0->0 
0->53 0->0 0->0 100->52 85->0 154->0 104->19 71->0 173->0 105->1 68->0 167->0 0->0 0->0 0->0 0->0 0->0 0->0 0->0 0->0 0->0 0->0 0->0 0->0 0->0 0->0 0->0 0->0 0->0 0->0 0->0 0->0 0->0 0->0 0->0 0->0 
0->53 0->0 0->0 0->52 0->0 0->0 0->19 0->0 0->0 0->1 0->0 0->0 0->0 0->0 0->0 0->0 0->0 0->0 0->0 0->0 0->0 0->0 0->0 0->0 0->0 0->0 0->0 0->0 0->0 0->0 0->0 0->0 0->0 0->0 0->0 0->0 
0->53 0->0 0->0 0->52 0->0 0->0 93->19 97->0 88->0 113->1 127->0 107->0 87->0 100->0 98->0 0->0 0->0 0->0 0->0 0->0 0->0 0->0 0->0 0->0 0->0 0->0 0->0 0->0 0->0 0->0 0->0 0->0 0->0 0->0 0->0 0->0 
0->53 0->0 0->0 0->52 0->0 0->0 108->19 115->0 117->0 132->1 130->0 78->0 171->0 181->0 165->0 0->0 0->0 0->0 0->0 0->0 0->0 0->0 0->0 0->0 0->0 0->0 0->0 0->0 0->0 0->0 0->0 0->0 0->0 0->0 0->0 0->0 
0->53 0->0 0->0 0->52 0->0 0->0 100->19 85->0 154->0 104->1 71->0 173->0 105->0 68->0 167->0 0->0 0->0 0->0 0->0 0->0 0->0 0->0 0->0 0->0 0->0 0->0 0->0 0->0 0->0 0->0 0->0 0->0 0->0 0->0 0->0 0->0 
0->53 0->0 0->0 0->52 0->0 0->0 0->19 0->0 0->0 0->1 0->0 0->0 0->0 0->0 0->0 0->0 0->0 0->0 0->0 0->0 0->0 0->0 0->0 0->0 0->0 0->0 0->0 0->0 0->0 0->0 0->0 0->0 0->0 0->0 0->0 0->0 
0->53 0->0 0->0 0->52 0->0 0->0 0->19 0->0 0->0 93->1 97->0 88->0 113->0 127->0 107->0 87->0 100->0 98->0 0->0 0->0 0->0 0->0 0->0 0->0 0->0 0->0 0->0 0->0 0->0 0->0 0->0 0->0 0->0 0->0 0->0 0->0 
0->53 0->0 0->0 0->52 0->0 0->0 0->19 0->0 0->0 108->1 115->0 117->0 132->0 130->0 78->0 171->0 181->0 165->0 0->0 0->0 0->0 0->0 0->0 0->0 0->0 0->0 0->0 0->0 0->0 0->0 0->0 0->0 0->0 0->0 0->0 0->0 
0->53 0->0 0->0 0->52 0->0 0->0 0->19 0->0 0->0 100->1 85->0 154->0 104->0 71->0 173->0 105->0 68->0 167->0 0->0 0->0 0->0 0->0 0->0 0->0 0->0 0->0 0->0 0->0 0->0 0->0 0->0 0->0 0->0 0->0 0->0 0->0 
0->53 0->0 0->0 0->52 0->0 0->0 0->19 0->0 0->0 0->1 0->0 0->0 0->0 0->0 0->0 0->0 0->0 0->0 0->0 0->0 0->0 0->0 0->0 0->0 0->0 0->0 0->0 0->0 0->0 0->0 0->0 0->0 0->0 0->0 0->0 0->0 
0->53 0->0 0->0 0->52 0->0 0->0 0->19 0->0 0->0 0->1 0->0 0->0 93->0 97->0 88->0 113->0 127->0 107->0 87->0 100->0 98->0 0->0 0->0 0->0 0->0 0->0 0->0 0->0 0->0 0->0 0->0 0->0 0->0 0->0 0->0 0->0 
0->53 0->0 0->0 0->52 0->0 0->0 0->19 0->0 0->0 0->1 0->0 0->0 108->0 115->0 117->0 132->0 130->0 78->0 171->0 181->0 165->0 0->0 0->0 0->0 0->0 0->0 0->0 0->0 0->0 0->0 0->0 0->0 0->0 0->0 0->0 0->0 
0->53 0->0 0->0 0->52 0->0 0->0 0->19 0->0 0->0 0->1 0->0 0->0 100->0 85->0 154->0 104->0 71->0 173->0 105->0 68->0 167->0 0->0 0->0 0->0 0->0 0->0 0->0 0->0 0->0 0->0 0->0 0->0 0->0 0->0 0->0 0->0 
0->53 0->0 0->0 0->52 0->0 0->0 0->19 0->0 0->0 0->1 0->0 0->0 0->0 0->0 0->0 0->0 0->0 0->0 0->0 0->0 0->0 0->0 0->0 0->0 0->0 0->0 0->0 0->0 0->0 0->0 0->0 0->0 0->0 0->0 0->0 0->0 
0->53 0->0 0->0 0->52 0->0 0->0 0->19 0->0 0->0 0->1 0->0 0->0 0->0 0->0 0->0 93->0 97->0 88->0 113->0 127->0 107->0 87->0 100->0 98->0 0->0 0->0 0->0 0->0 0->0 0->0 0->0 0->0 0->0 0->0 0->0 0->0 
0->53 0->0 0->0 0->52 0->0 0->0 0->19 0->0 0->0 0->1 0->0 0->0 0->0 0->0 0->0 108->0 115->0 117->0 132->0 130->0 78->0 171->0 181->0 165->0 0->0 0->0 0->0 0->0 0->0 0->0 0->0 0->0 0->0 0->0 0->0 0->0 
0->53 0->0 0->0 0->52 0->0 0->0 0->19 0->0 0->0 0->1 0->0 0->0 0->0 0->0 0->0 100->0 85->0 154->0 104->0 71->0 173->0 105->0 68->0 167->0 0->0 0->0 0->0 0->0 0->0 0->0 0->0 0->0 0->0 0->0 0->0 0->0 
0->53 0->0 0->0 0->52 0->0 0->0 0->19 0->0 0->0 0->1 0->0 0->0 0->0 0->0 0->0 0->0 0->0 0->0 0->0 0->0 0->0 0->0 0->0 0->0 0->0 0->0 0->0 0->0 0->0 0->0 0->0 0->0 0->0 0->0 0->0 0->0 
0->53 0->0 0->0 0->52 0->0 0->0 0->19 0->0 0->0 0->1 0->0 0->0 0->0 0->0 0->0 0->0 0->0 0->0 93->0 97->0 88->0 113->0 127->0 107->0 87->0 100->0 98->0 0->0 0->0 0->0 0->0 0->0 0->0 0->0 0->0 0->0 
0->53 0->0 0->0 0->52 0->0 0->0 0->19 0->0 0->0 0->1 0->0 0->0 0->0 0->0 0->0 0->0 0->0 0->0 108->0 115->0 117->0 132->0 130->0 78->0 171->0 181->0 165->0 0->0 0->0 0->0 0->0 0->0 0->0 0->0 0->0 0->0 
0->53 0->0 0->0 0->52 0->0 0->0 0->19 0->0 0->0 0->1 0->0 0->0 0->0 0->0 0->0 0->0 0->0 0->0 100->0 85->0 154->0 104->0 71->0 173->0 105->0 68->0 167->0 0->0 0->0 0->0 0->0 0->0 0->0 0->0 0->0 0->0 
0->53 0->0 0->0 0->52 0->0 0->0 0->19 0->0 0->0 0->1 0->0 0->0 0->0 0->0 0->0 0->0 0->0 0->0 0->0 0->0 0->0 0->0 0->0 0->0 0->0 0->0 0->0 0->0 0->0 0->0 0->0 0->0 0->0 0->0 0->0 0->0 
0->53 0->0 0->0 0->52 0->0 0->0 0->19 0->0 0->0 0->1 0->0 0->0 0->0 0->0 0->0 0->0 0->0 0->0 0->0 0->0 0->0 93->0 97->0 88->0 113->0 127->0 107->0 87->0 100->0 98->0 0->0 0->0 0->0 0->0 0->0 0->0 
0->53 0->0 0->0 0->52 0->0 0->0 0->19 0->0 0->0 0->1 0->0 0->0 0->0 0->0 0->0 0->0 0->0 0->0 0->0 0->0 0->0 108->0 115->0 117->0 132->0 130->0 78->0 171->0 181->0 165->0 0->0 0->0 0->0 0->0 0->0 0->0 
0->53 0->0 0->0 0->52 0->0 0->0 0->19 0->0 0->0 0->1 0->0 0->0 0->0 0->0 0->0 0->0 0->0 0->0 0->0 0->0 0->0 100->0 85->0 154->0 104->0 71->0 173->0 105->0 68->0 167->0 0->0 0->0 0->0 0->0 0->0 0->0 
0->53 0->0 0->0 0->52 0->0 0->0 0->19 0->0 0->0 0->1 0->0 0->0 0->0 0->0 0->0 0->0 0->0 0->0 0->0 0->0 0->0 0->0 0->0 0->0 0->0 0->0 0->0 0->0 0->0 0->0 0->0 0->0 0->0 0->0 0->0 0->0 

93->0 97->0 88->0 113->0 127->0 107->0 87->0 100->0 98->0 0->0 0->0 0->0 0->0 0->0 0->0 0->0 0->0 0->0 0->0 0->0 0->0 0->0 0->0 0->0 0->0 0->0 0->0 0->0 0->0 0->0 0->0 0->0 0->0 0->0 0->0 0->0 
108->0 115->0 117->0 132->0 130->0 78->0 171->0 181->0 165->0 0->0 0->0 0->0 0->0 0->0 0->0 0->0 0->0 0->0 0->0 0->0 0->0 0->0 0->0 0->0 0->0 0->0 0->0 0->0 0->0 0->0 0->0 0->0 0->0 0->0 0->0 0->0 
100->0 85->0 154->0 104->0 71->0 173->0 105->0 68->0 167->0 0->0 0->0 0->0 0->0 0->0 0->0 0->0 0->0 0->0 0->0 0->0 0->0 0->0 0->0 0->0 0->0 0->0 0->0 0->0 0->0 0->0 0->0 0->0 0->0 0->0 0->0 0->0 
0->0 0->0 0->0 0->0 0->0 0->0 0->0 0->0 0->0 0->0 0->0 0->0 0->0 0->0 0->0 0->0 0->0 0->0 0->0 0->0 0->0 0->0 0->0 0->0 0->0 0->0 0->0 0->0 0->0 0->0 0->0 0->0 0->0 0->0 0->0 0->0 
0->0 0->0 0->0 93->0 97->0 88->0 113->0 127->0 107->0 87->0 100->0 98->0 0->0 0->0 0->0 0->0 0->0 0->0 0->0 0->0 0->0 0->0 0->0 0->0 0->0 0->0 0->0 0->0 0->0 0->0 0->0 0->0 0->0 0->0 0->0 0->0 
0->0 0->0 0->0 108->0 115->0 117->0 132->0 130->0 78->0 171->0 181->0 165->0 0->0 0->0 0->0 0->0 0->0 0->0 0->0 0->0 0->0 0->0 0->0 0->0 0->0 0->0 0->0 0->0 0->0 0->0 0->0 0->0 0->0 0->0 0->0 0->0 
0->0 0->0 0->0 100->0 85->0 154->0 104->0 71->0 173->0 105->0 68->0 167->0 0->0 0->0 0->0 0->0 0->0 0->0 0->0 0->0 0->0 0->0 0->0 0->0 0->0 0->0 0->0 0->0 0->0 0->0 0->0 0->0 0->0 0->0 0->0 0->0 
0->0 0->0 0->0 0->0 0->0 0->0 0->0 0->0 0->0 0->0 0->0 0->0 0->0 0->0 0->0 0->0 0->0 0->0 0->0 0->0 0->0 0->0 0->0 0->0 0->0 0->0 0->0 0->0 0->0 0->0 0->0 0->0 0->0 0->0 0->0 0->0 
0->0 0->0 0->0 0->0 0->0 0->0 93->0 97->0 88->0 113->0 127->0 107->0 87->0 100->0 98->0 0->0 0->0 0->0 0->0 0->0 0->0 0->0 0->0 0->0 0->0 0->0 0->0 0->0 0->0 0->0 0->0 0->0 0->0 0->0 0->0 0->0 
0->0 0->0 0->0 0->0 0->0 0->0 108->0 115->0 117->0 132->0 130->0 78->0 171->0 181->0 165->0 0->0 0->0 0->0 0->0 0->0 0->0 0->0 0->0 0->0 0->0 0->0 0->0 0->0 0->0 0->0 0->0 0->0 0->0 0->0 0->0 0->0 
0->0 0->0 0->0 0->0 0->0 0->0 100->0 85->0 154->0 104->0 71->0 173->0 105->0 68->0 167->0 0->0 0->0 0->0 0->0 0->0 0->0 0->0 0->0 0->0 0->0 0->0 0->0 0->0 0->0 0->0 0->0 0->0 0->0 0->0 0->0 0->0 
0->0 0->0 0->0 0->0 0->0 0->0 0->0 0->0 0->0 0->0 0->0 0->0 0->0 0->0 0->0 0->0 0->0 0->0 0->0 0->0 0->0 0->0 0->0 0->0 0->0 0->0 0->0 0->0 0->0 0->0 0->0 0->0 0->0 0->0 0->0 0->0 
0->0 0->0 0->0 0->0 0->0 0->0 0->0 0->0 0->0 93->0 97->0 88->0 113->0 127->0 107->0 87->0 100->0 98->0 0->0 0->0 0->0 0->0 0->0 0->0 0->0 0->0 0->0 0->0 0->0 0->0 0->0 0->0 0->0 0->0 0->0 0->0 
0->0 0->0 0->0 0->0 0->0 0->0 0->0 0->0 0->0 108->0 115->0 117->0 132->0 130->0 78->0 171->0 181->0 165->0 0->0 0->0 0->0 0->0 0->0 0->0 0->0 0->0 0->0 0->0 0->0 0->0 0->0 0->0 0->0 0->0 0->0 0->0 
0->0 0->0 0->0 0->0 0->0 0->0 0->0 0->0 0->0 100->0 85->0 154->0 104->0 71->0 173->0 105->0 68->0 167->0 0->0 0->0 0->0 0->0 0->0 0->0 0->0 0->0 0->0 0->0 0->0 0->0 0->0 0->0 0->0 0->0 0->0 0->0 
0->0 0->0 0->0 0->0 0->0 0->0 0->0 0->0 0->0 0->0 0->0 0->0 0->0 0->0 0->0 0->0 0->0 0->0 0->0 0->0 0->0 0->0 0->0 0->0 0->0 0->0 0->0 0->0 0->0 0->0 0->0 0->0 0->0 0->0 0->0 0->0 
0->0 0->0 0->0 0->0 0->0 0->0 0->0 0->0 0->0 0->0 0->0 0->0 93->0 97->0 88->0 113->0 127->0 107->0 87->0 100->0 98->0 0->0 0->0 0->0 0->0 0->0 0->0 0->0 0->0 0->0 0->0 0->0 0->0 0->0 0->0 0->0 
0->0 0->0 0->0 0->0 0->0 0->0 0->0 0->0 0->0 0->0 0->0 0->0 108->0 115->0 117->0 132->0 130->0 78->0 171->0 181->0 165->0 0->0 0->0 0->0 0->0 0->0 0->0 0->0 0->0 0->0 0->0 0->0 0->0 0->0 0->0 0->0 
0->0 0->0 0->0 0->0 0->0 0->0 0->0 0->0 0->0 0->0 0->0 0->0 100->0 85->0 154->0 104->0 71->0 173->0 105->0 68->0 167->0 0->0 0->0 0->0 0->0 0->0 0->0 0->0 0->0 0->0 0->0 0->0 0->0 0->0 0->0 0->0 
0->0 0->0 0->0 0->0 0->0 0->0 0->0 0->0 0->0 0->0 0->0 0->0 0->0 0->0 0->0 0->0 0->0 0->0 0->0 0->0 0->0 0->0 0->0 0->0 0->0 0->0 0->0 0->0 0->0 0->0 0->0 0->0 0->0 0->0 0->0 0->0 
0->0 0->0 0->0 0->0 0->0 0->0 0->0 0->0 0->0 0->0 0->0 0->0 0->0 0->0 0->0 93->0 97->0 88->0 113->0 127->0 107->0 87->0 100->0 98->0 0->0 0->0 0->0 0->0 0->0 0->0 0->0 0->0 0->0 0->0 0->0 0->0 
0->0 0->0 0->0 0->0 0->0 0->0 0->0 0->0 0->0 0->0 0->0 0->0 0->0 0->0 0->0 108->0 115->0 117->0 132->0 130->0 78->0 171->0 181->0 165->0 0->0 0->0 0->0 0->0 0->0 0->0 0->0 0->0 0->0 0->0 0->0 0->0 
0->0 0->0 0->0 0->0 0->0 0->0 0->0 0->0 0->0 0->0 0->0 0->0 0->0 0->0 0->0 100->0 85->0 154->0 104->0 71->0 173->0 105->0 68->0 167->0 0->0 0->0 0->0 0->0 0->0 0->0 0->0 0->0 0->0 0->0 0->0 0->0 
0->0 0->0 0->0 0->0 0->0 0->0 0->0 0->0 0->0 0->0 0->0 0->0 0->0 0->0 0->0 0->0 0->0 0->0 0->0 0->0 0->0 0->0 0->0 0->0 0->0 0->0 0->0 0->0 0->0 0->0 0->0 0->0 0->0 0->0 0->0 0->0 
0->0 0->0 0->0 0->0 0->0 0->0 0->0 0->0 0->0 0->0 0->0 0->0 0->0 0->0 0->0 0->0 0->0 0->0 93->0 97->0 88->0 113->0 127->0 107->0 87->0 100->0 98->0 0->0 0->0 0->0 0->0 0->0 0->0 0->0 0->0 0->0 
0->0 0->0 0->0 0->0 0->0 0->0 0->0 0->0 0->0 0->0 0->0 0->0 0->0 0->0 0->0 0->0 0->0 0->0 108->0 115->0 117->0 132->0 130->0 78->0 171->0 181->0 165->0 0->0 0->0 0->0 0->0 0->0 0->0 0->0 0->0 0->0 
0->0 0->0 0->0 0->0 0->0 0->0 0->0 0->0 0->0 0->0 0->0 0->0 0->0 0->0 0->0 0->0 0->0 0->0 100->0 85->0 154->0 104->0 71->0 173->0 105->0 68->0 167->0 0->0 0->0 0->0 0->0 0->0 0->0 0->0 0->0 0->0 
0->0 0->0 0->0 0->0 0->0 0->0 0->0 0->0 0->0 0->0 0->0 0->0 0->0 0->0 0->0 0->0 0->0 0->0 0->0 0->0 0->0 0->0 0->0 0->0 0->0 0->0 0->0 0->0 0->0 0->0 0->0 0->0 0->0 0->0 0->0 0->0 
0->0 0->0 0->0 0->0 0->0 0->0 0->0 0->0 0->0 0->0 0->0 0->0 0->0 0->0 0->0 0->0 0->0 0->0 0->0 0->0 0->0 93->0 97->0 88->0 113->0 127->0 107->0 87->0 100->0 98->0 0->0 0->0 0->0 0->0 0->0 0->0 
0->0 0->0 0->0 0->0 0->0 0->0 0->0 0->0 0->0 0->0 0->0 0->0 0->0 0->0 0->0 0->0 0->0 0->0 0->0 0->0 0->0 108->0 115->0 117->0 132->0 130->0 78->0 171->0 181->0 165->0 0->0 0->0 0->0 0->0 0->0 0->0 
0->0 0->0 0->0 0->0 0->0 0->0 0->0 0->0 0->0 0->0 0->0 0->0 0->0 0->0 0->0 0->0 0->0 0->0 0->0 0->0 0->0 100->0 85->0 154->0 104->0 71->0 173->0 105->0 68->0 167->0 0->0 0->0 0->0 0->0 0->0 0->0 
0->0 0->0 0->0 0->0 0->0 0->0 0->0 0->0 0->0 0->0 0->0 0->0 0->0 0->0 0->0 0->0 0->0 0->0 0->0 0->0 0->0 0->0 0->0 0->0 0->0 0->0 0->0 0->0 0->0 0->0 0->0 0->0 0->0 0->0 0->0 0->0 

93->0 97->0 88->0 113->0 127->0 107->0 87->0 100->0 98->0 0->0 0->0 0->0 0->0 0->0 0->0 0->0 0->0 0->0 0->0 0->0 0->0 0->0 0->0 0->0 0->0 0->0 0->0 0->0 0->0 0->0 0->0 0->0 0->0 0->0 0->0 0->0 
108->0 115->0 117->0 132->0 130->0 78->0 171->0 181->0 165->0 0->0 0->0 0->0 0->0 0->0 0->0 0->0 0->0 0->0 0->0 0->0 0->0 0->0 0->0 0->0 0->0 0->0 0->0 0->0 0->0 0->0 0->0 0->0 0->0 0->0 0->0 0->0 
100->0 85->0 154->0 104->0 71->0 173->0 105->0 68->0 167->0 0->0 0->0 0->0 0->0 0->0 0->0 0->0 0->0 0->0 0->0 0->0 0->0 0->0 0->0 0->0 0->0 0->0 0->0 0->0 0->0 0->0 0->0 0->0 0->0 0->0 0->0 0->0 
0->0 0->0 0->0 0->0 0->0 0->0 0->0 0->0 0->0 0->0 0->0 0->0 0->0 0->0 0->0 0->0 0->0 0->0 0->0 0->0 0->0 0->0 0->0 0->0 0->0 0->0 0->0 0->0 0->0 0->0 0->0 0->0 0->0 0->0 0->0 0->0 
0->0 0->0 0->0 93->0 97->0 88->0 113->0 127->0 107->0 87->0 100->0 98->0 0->0 0->0 0->0 0->0 0->0 0->0 0->0 0->0 0->0 0->0 0->0 0->0 0->0 0->0 0->0 0->0 0->0 0->0 0->0 0->0 0->0 0->0 0->0 0->0 
0->0 0->0 0->0 108->0 115->0 117->0 132->0 130->0 78->0 171->0 181->0 165->0 0->0 0->0 0->0 0->0 0->0 0->0 0->0 0->0 0->0 0->0 0->0 0->0 0->0 0->0 0->0 0->0 0->0 0->0 0->0 0->0 0->0 0->0 0->0 0->0 
0->0 0->0 0->0 100->0 85->0 154->0 104->0 71->0 173->0 105->0 68->0 167->0 0->0 0->0 0->0 0->0 0->0 0->0 0->0 0->0 0->0 0->0 0->0 0->0 0->0 0->0 0->0 0->0 0->0 0->0 0->0 0->0 0->0 0->0 0->0 0->0 
0->0 0->0 0->0 0->0 0->0 0->0 0->0 0->0 0->0 0->0 0->0 0->0 0->0 0->0 0->0 0->0 0->0 0->0 0->0 0->0 0->0 0->0 0->0 0->0 0->0 0->0 0->0 0->0 0->0 0->0 0->0 0->0 0->0 0->0 0->0 0->0 
0->0 0->0 0->0 0->0 0->0 0->0 93->0 97->0 88->0 113->0 127->0 107->0 87->0 100->0 98->0 0->0 0->0 0->0 0->0 0->0 0->0 0->0 0->0 0->0 0->0 0->0 0->0 0->0 0->0 0->0 0->0 0->0 0->0 0->0 0->0 0->0 
0->0 0->0 0->0 0->0 0->0 0->0 108->0 115->0 117->0 132->0 130->0 78->0 171->0 181->0 165->0 0->0 0->0 0->0 0->0 0->0 0->0 0->0 0->0 0->0 0->0 0->0 0->0 0->0 0->0 0->0 0->0 0->0 0->0 0->0 0->0 0->0 
0->0 0->0 0->0 0->0 0->0 0->0 100->0 85->0 154->0 104->0 71->0 173->0 105->0 68->0 167->0 0->0 0->0 0->0 0->0 0->0 0->0 0->0 0->0 0->0 0->0 0->0 0->0 0->0 0->0 0->0 0->0 0->0 0->0 0->0 0->0 0->0 
0->0 0->0 0->0 0->0 0->0 0->0 0->0 0->0 0->0 0->0 0->0 0->0 0->0 0->0 0->0 0->0 0->0 0->0 0->0 0->0 0->0 0->0 0->0 0->0 0->0 0->0 0->0 0->0 0->0 0->0 0->0 0->0 0->0 0->0 0->0 0->0 
0->0 0->0 0->0 0->0 0->0 0->0 0->0 0->0 0->0 93->0 97->0 88->0 113->0 127->0 107->0 87->0 100->0 98->0 0->0 0->0 0->0 0->0 0->0 0->0 0->0 0->0 0->0 0->0 0->0 0->0 0->0 0->0 0->0 0->0 0->0 0->0 
0->0 0->0 0->0 0->0 0->0 0->0 0->0 0->0 0->0 108->0 115->0 117->0 132->0 130->0 78->0 171->0 181->0 165->0 0->0 0->0 0->0 0->0 0->0 0->0 0->0 0->0 0->0 0->0 0->0 0->0 0->0 0->0 0->0 0->0 0->0 0->0 
0->0 0->0 0->0 0->0 0->0 0->0 0->0 0->0 0->0 100->0 85->0 154->0 104->0 71->0 173->0 105->0 68->0 167->0 0->0 0->0 0->0 0->0 0->0 0->0 0->0 0->0 0->0 0->0 0->0 0->0 0->0 0->0 0->0 0->0 0->0 0->0 
0->0 0->0 0->0 0->0 0->0 0->0 0->0 0->0 0->0 0->0 0->0 0->0 0->0 0->0 0->0 0->0 0->0 0->0 0->0 0->0 0->0 0->0 0->0 0->0 0->0 0->0 0->0 0->0 0->0 0->0 0->0 0->0 0->0 0->0 0->0 0->0 
0->0 0->0 0->0 0->0 0->0 0->0 0->0 0->0 0->0 0->0 0->0 0->0 93->0 97->0 88->0 113->0 127->0 107->0 87->0 100->0 98->0 0->0 0->0 0->0 0->0 0->0 0->0 0->0 0->0 0->0 0->0 0->0 0->0 0->0 0->0 0->0 
0->0 0->0 0->0 0->0 0->0 0->0 0->0 0->0 0->0 0->0 0->0 0->0 108->0 115->0 117->0 132->0 130->0 78->0 171->0 181->0 165->0 0->0 0->0 0->0 0->0 0->0 0->0 0->0 0->0 0->0 0->0 0->0 0->0 0->0 0->0 0->0 
0->0 0->0 0->0 0->0 0->0 0->0 0->0 0->0 0->0 0->0 0->0 0->0 100->0 85->0 154->0 104->0 71->0 173->0 105->0 68->0 167->0 0->0 0->0 0->0 0->0 0->0 0->0 0->0 0->0 0->0 0->0 0->0 0->0 0->0 0->0 0->0 
0->0 0->0 0->0 0->0 0->0 0->0 0->0 0->0 0->0 0->0 0->0 0->0 0->0 0->0 0->0 0->0 0->0 0->0 0->0 0->0 0->0 0->0 0->0 0->0 0->0 0->0 0->0 0->0 0->0 0->0 0->0 0->0 0->0 0->0 0->0 0->0 
0->0 0->0 0->0 0->0 0->0 0->0 0->0 0->0 0->0 0->0 0->0 0->0 0->0 0->0 0->0 93->0 97->0 88->0 113->0 127->0 107->0 87->0 100->0 98->0 0->0 0->0 0->0 0->0 0->0 0->0 0->0 0->0 0->0 0->0 0->0 0->0 
0->0 0->0 0->0 0->0 0->0 0->0 0->0 0->0 0->0 0->0 0->0 0->0 0->0 0->0 0->0 108->0 115->0 117->0 132->0 130->0 78->0 171->0 181->0 165->0 0->0 0->0 0->0 0->0 0->0 0->0 0->0 0->0 0->0 0->0 0->0 0->0 
0->0 0->0 0->0 0->0 0->0 0->0 0->0 0->0 0->0 0->0 0->0 0->0 0->0 0->0 0->0 100->0 85->0 154->0 104->0 71->0 173->0 105->0 68->0 167->0 0->0 0->0 0->0 0->0 0->0 0->0 0->0 0->0 0->0 0->0 0->0 0->0 
0->0 0->0 0->0 0->0 0->0 0->0 0->0 0->0 0->0 0->0 0->0 0->0 0->0 0->0 0->0 0->0 0->0 0->0 0->0 0->0 0->0 0->0 0->0 0->0 0->0 0->0 0->0 0->0 0->0 0->0 0->0 0->0 0->0 0->0 0->0 0->0 
0->0 0->0 0->0 0->0 0->0 0->0 0->0 0->0 0->0 0->0 0->0 0->0 0->0 0->0 0->0 0->0 0->0 0->0 93->0 97->0 88->0 113->0 127->0 107->0 87->0 100->0 98->0 0->0 0->0 0->0 0->0 0->0 0->0 0->0 0->0 0->0 
0->0 0->0 0->0 0->0 0->0 0->0 0->0 0->0 0->0 0->0 0->0 0->0 0->0 0->0 0->0 0->0 0->0 0->0 108->0 115->0 117->0 132->0 130->0 78->0 171->0 181->0 165->0 0->0 0->0 0->0 0->0 0->0 0->0 0->0 0->0 0->0 
0->0 0->0 0->0 0->0 0->0 0->0 0->0 0->0 0->0 0->0 0->0 0->0 0->0 0->0 0->0 0->0 0->0 0->0 100->0 85->0 154->0 104->0 71->0 173->0 105->0 68->0 167->0 0->0 0->0 0->0 0->0 0->0 0->0 0->0 0->0 0->0 
0->0 0->0 0->0 0->0 0->0 0->0 0->0 0->0 0->0 0->0 0->0 0->0 0->0 0->0 0->0 0->0 0->0 0->0 0->0 0->0 0->0 0->0 0->0 0->0 0->0 0->0 0->0 0->0 0->0 0->0 0->0 0->0 0->0 0->0 0->0 0->0 
0->0 0->0 0->0 0->0 0->0 0->0 0->0 0->0 0->0 0->0 0->0 0->0 0->0 0->0 0->0 0->0 0->0 0->0 0->0 0->0 0->0 93->0 97->0 88->0 113->0 127->0 107->0 87->0 100->0 98->0 0->0 0->0 0->0 0->0 0->0 0->0 
0->0 0->0 0->0 0->0 0->0 0->0 0->0 0->0 0->0 0->0 0->0 0->0 0->0 0->0 0->0 0->0 0->0 0->0 0->0 0->0 0->0 108->0 115->0 117->0 132->0 130->0 78->0 171->0 181->0 165->0 0->0 0->0 0->0 0->0 0->0 0->0 
0->0 0->0 0->0 0->0 0->0 0->0 0->0 0->0 0->0 0->0 0->0 0->0 0->0 0->0 0->0 0->0 0->0 0->0 0->0 0->0 0->0 100->0 85->0 154->0 104->0 71->0 173->0 105->0 68->0 167->0 0->0 0->0 0->0 0->0 0->0 0->0 
0->0 0->0 0->0 0->0 0->0 0->0 0->0 0->0 0->0 0->0 0->0 0->0 0->0 0->0 0->0 0->0 0->0 0->0 0->0 0->0 0->0 0->0 0->0 0->0 0->0 0->0 0->0 0->0 0->0 0->0 0->0 0->0 0->0 0->0 0->0 0->0 

93->0 97->0 88->0 113->0 127->0 107->0 87->0 100->0 98->0 0->0 0->0 0->0 0->0 0->0 0->0 0->0 0->0 0->0 0->0 0->0 0->0 0->0 0->0 0->0 0->0 0->0 0->0 0->0 0->0 0->0 0->0 0->0 0->0 0->0 0->0 0->0 
108->0 115->0 117->0 132->0 130->0 78->0 171->0 181->0 165->0 0->0 0->0 0->0 0->0 0->0 0->0 0->0 0->0 0->0 0->0 0->0 0->0 0->0 0->0 0->0 0->0 0->0 0->0 0->0 0->0 0->0 0->0 0->0 0->0 0->0 0->0 0->0 
100->0 85->0 154->0 104->0 71->0 173->0 105->0 68->0 167->0 0->0 0->0 0->0 0->0 0->0 0->0 0->0 0->0 0->0 0->0 0->0 0->0 0->0 0->0 0->0 0->0 0->0 0->0 0->0 0->0 0->0 0->0 0->0 0->0 0->0 0->0 0->0 
0->0 0->0 0->0 0->0 0->0 0->0 0->0 0->0 0->0 0->0 0->0 0->0 0->0 0->0 0->0 0->0 0->0 0->0 0->0 0->0 0->0 0->0 0->0 0->0 0->0 0->0 0->0 0->0 0->0 0->0 0->0 0->0 0->0 0->0 0->0 0->0 
0->0 0->0 0->0 93->0 97->0 88->0 113->0 127->0 107->0 87->0 100->0 98->0 0->0 0->0 0->0 0->0 0->0 0->0 0->0 0->0 0->0 0->0 0->0 0->0 0->0 0->0 0->0 0->0 0->0 0->0 0->0 0->0 0->0 0->0 0->0 0->0 
0->0 0->0 0->0 108->0 115->0 117->0 132->0 130->0 78->0 171->0 181->0 165->0 0->0 0->0 0->0 0->0 0->0 0->0 0->0 0->0 0->0 0->0 0->0 0->0 0->0 0->0 0->0 0->0 0->0 0->0 0->0 0->0 0->0 0->0 0->0 0->0 
0->0 0->0 0->0 100->0 85->0 154->0 104->0 71->0 173->0 105->0 68->0 167->0 0->0 0->0 0->0 0->0 0->0 0->0 0->0 0->0 0->0 0->0 0->0 0->0 0->0 0->0 0->0 0->0 0->0 0->0 0->0 0->0 0->0 0->0 0->0 0->0 
0->0 0->0 0->0 0->0 0->0 0->0 0->0 0->0 0->0 0->0 0->0 0->0 0->0 0->0 0->0 0->0 0->0 0->0 0->0 0->0 0->0 0->0 0->0 0->0 0->0 0->0 0->0 0->0 0->0 0->0 0->0 0->0 0->0 0->0 0->0 0->0 
0->0 0->0 0->0 0->0 0->0 0->0 93->0 97->0 88->0 113->0 127->0 107->0 87->0 100->0 98->0 0->0 0->0 0->0 0->0 0->0 0->0 0->0 0->0 0->0 0->0 0->0 0->0 0->0 0->0 0->0 0->0 0->0 0->0 0->0 0->0 0->0 
0->0 0->0 0->0 0->0 0->0 0->0 108->0 115->0 117->0 132->0 130->0 78->0 171->0 181->0 165->0 0->0 0->0 0->0 0->0 0->0 0->0 0->0 0->0 0->0 0->0 0->0 0->0 0->0 0->0 0->0 0->0 0->0 0->0 0->0 0->0 0->0 
0->0 0->0 0->0 0->0 0->0 0->0 100->0 85->0 154->0 104->0 71->0 173->0 105->0 68->0 167->0 0->0 0->0 0->0 0->0 0->0 0->0 0->0 0->0 0->0 0->0 0->0 0->0 0->0 0->0 0->0 0->0 0->0 0->0 0->0 0->0 0->0 
0->0 0->0 0->0 0->0 0->0 0->0 0->0 0->0 0->0 0->0 0->0 0->0 0->0 0->0 0->0 0->0 0->0 0->0 0->0 0->0 0->0 0->0 0->0 0->0 0->0 0->0 0->0 0->0 0->0 0->0 0->0 0->0 0->0 0->0 0->0 0->0 
0->0 0->0 0->0 0->0 0->0 0->0 0->0 0->0 0->0 93->0 97->0 88->0 113->0 127->0 107->0 87->0 100->0 98->0 0->0 0->0 0->0 0->0 0->0 0->0 0->0 0->0 0->0 0->0 0->0 0->0 0->0 0->0 0->0 0->0 0->0 0->0 
0->0 0->0 0->0 0->0 0->0 0->0 0->0 0->0 0->0 108->0 115->0 117->0 132->0 130->0 78->0 171->0 181->0 165->0 0->0 0->0 0->0 0->0 0->0 0->0 0->0 0->0 0->0 0->0 0->0 0->0 0->0 0->0 0->0 0->0 0->0 0->0 
0->0 0->0 0->0 0->0 0->0 0->0 0->0 0->0 0->0 100->0 85->0 154->0 104->0 71->0 173->0 105->0 68->0 167->0 0->0 0->0 0->0 0->0 0->0 0->0 0->0 0->0 0->0 0->0 0->0 0->0 0->0 0->0 0->0 0->0 0->0 0->0 
0->0 0->0 0->0 0->0 0->0 0->0 0->0 0->0 0->0 0->0 0->0 0->0 0->0 0->0 0->0 0->0 0->0 0->0 0->0 0->0 0->0 0->0 0->0 0->0 0->0 0->0 0->0 0->0 0->0 0->0 0->0 0->0 0->0 0->0 0->0 0->0 
0->0 0->0 0->0 0->0 0->0 0->0 0->0 0->0 0->0 0->0 0->0 0->0 93->0 97->0 88->0 113->0 127->0 107->0 87->0 100->0 98->0 0->0 0->0 0->0 0->0 0->0 0->0 0->0 0->0 0->0 0->0 0->0 0->0 0->0 0->0 0->0 
0->0 0->0 0->0 0->0 0->0 0->0 0->0 0->0 0->0 0->0 0->0 0->0 108->0 115->0 117->0 132->0 130->0 78->0 171->0 181->0 165->0 0->0 0->0 0->0 0->0 0->0 0->0 0->0 0->0 0->0 0->0 0->0 0->0 0->0 0->0 0->0 
0->0 0->0 0->0 0->0 0->0 0->0 0->0 0->0 0->0 0->0 0->0 0->0 100->0 85->0 154->0 104->0 71->0 173->0 105->0 68->0 167->0 0->0 0->0 0->0 0->0 0->0 0->0 0->0 0->0 0->0 0->0 0->0 0->0 0->0 0->0 0->0 
0->0 0->0 0->0 0->0 0->0 0->0 0->0 0->0 0->0 0->0 0->0 0->0 0->0 0->0 0->0 0->0 0->0 0->0 0->0 0->0 0->0 0->0 0->0 0->0 0->0 0->0 0->0 0->0 0->0 0->0 0->0 0->0 0->0 0->0 0->0 0->0 
0->0 0->0 0->0 0->0 0->0 0->0 0->0 0->0 0->0 0->0 0->0 0->0 0->0 0->0 0->0 93->0 97->0 88->0 113->0 127->0 107->0 87->0 100->0 98->0 0->0 0->0 0->0 0->0 0->0 0->0 0->0 0->0 0->0 0->0 0->0 0->0 
0->0 0->0 0->0 0->0 0->0 0->0 0->0 0->0 0->0 0->0 0->0 0->0 0->0 0->0 0->0 108->0 115->0 117->0 132->0 130->0 78->0 171->0 181->0 165->0 0->0 0->0 0->0 0->0 0->0 0->0 0->0 0->0 0->0 0->0 0->0 0->0 
0->0 0->0 0->0 0->0 0->0 0->0 0->0 0->0 0->0 0->0 0->0 0->0 0->0 0->0 0->0 100->0 85->0 154->0 104->0 71->0 173->0 105->0 68->0 167->0 0->0 0->0 0->0 0->0 0->0 0->0 0->0 0->0 0->0 0->0 0->0 0->0 
0->0 0->0 0->0 0->0 0->0 0->0 0->0 0->0 0->0 0->0 0->0 0->0 0->0 0->0 0->0 0->0 0->0 0->0 0->0 0->0 0->0 0->0 0->0 0->0 0->0 0->0 0->0 0->0 0->0 0->0 0->0 0->0 0->0 0->0 0->0 0->0 
0->0 0->0 0->0 0->0 0->0 0->0 0->0 0->0 0->0 0->0 0->0 0->0 0->0 0->0 0->0 0->0 0->0 0->0 93->0 97->0 88->0 113->0 127->0 107->0 87->0 100->0 98->0 0->0 0->0 0->0 0->0 0->0 0->0 0->0 0->0 0->0 
0->0 0->0 0->0 0->0 0->0 0->0 0->0 0->0 0->0 0->0 0->0 0->0 0->0 0->0 0->0 0->0 0->0 0->0 108->0 115->0 117->0 132->0 130->0 78->0 171->0 181->0 165->0 0->0 0->0 0->0 0->0 0->0 0->0 0->0 0->0 0->0 
0->0 0->0 0->0 0->0 0->0 0->0 0->0 0->0 0->0 0->0 0->0 0->0 0->0 0->0 0->0 0->0 0->0 0->0 100->0 85->0 154->0 104->0 71->0 173->0 105->0 68->0 167->0 0->0 0->0 0->0 0->0 0->0 0->0 0->0 0->0 0->0 
0->0 0->0 0->0 0->0 0->0 0->0 0->0 0->0 0->0 0->0 0->0 0->0 0->0 0->0 0->0 0->0 0->0 0->0 0->0 0->0 0->0 0->0 0->0 0->0 0->0 0->0 0->0 0->0 0->0 0->0 0->0 0->0 0->0 0->0 0->0 0->0 
0->0 0->0 0->0 0->0 0->0 0->0 0->0 0->0 0->0 0->0 0->0 0->0 0->0 0->0 0->0 0->0 0->0 0->0 0->0 0->0 0->0 93->0 97->0 88->0 113->0 127->0 107->0 87->0 100->0 98->0 0->0 0->0 0->0 0->0 0->0 0->0 
0->0 0->0 0->0 0->0 0->0 0->0 0->0 0->0 0->0 0->0 0->0 0->0 0->0 0->0 0->0 0->0 0->0 0->0 0->0 0->0 0->0 108->0 115->0 117->0 132->0 130->0 78->0 171->0 181->0 165->0 0->0 0->0 0->0 0->0 0->0 0->0 
0->0 0->0 0->0 0->0 0->0 0->0 0->0 0->0 0->0 0->0 0->0 0->0 0->0 0->0 0->0 0->0 0->0 0->0 0->0 0->0 0->0 100->0 85->0 154->0 104->0 71->0 173->0 105->0 68->0 167->0 0->0 0->0 0->0 0->0 0->0 0->0 
0->0 0->0 0->0 0->0 0->0 0->0 0->0 0->0 0->0 0->0 0->0 0->0 0->0 0->0 0->0 0->0 0->0 0->0 0->0 0->0 0->0 0->0 0->0 0->0 0->0 0->0 0->0 0->0 0->0 0->0 0->0 0->0 0->0 0->0 0->0 0->0 

93->0 97->0 88->0 113->0 127->0 107->0 87->0 100->0 98->0 0->0 0->0 0->0 0->0 0->0 0->0 0->0 0->0 0->0 0->0 0->0 0->0 0->0 0->0 0->0 0->0 0->0 0->0 0->0 0->0 0->0 0->0 0->0 0->0 0->0 0->0 0->0 
108->0 115->0 117->0 132->0 130->0 78->0 171->0 181->0 165->0 0->0 0->0 0->0 0->0 0->0 0->0 0->0 0->0 0->0 0->0 0->0 0->0 0->0 0->0 0->0 0->0 0->0 0->0 0->0 0->0 0->0 0->0 0->0 0->0 0->0 0->0 0->0 
100->0 85->0 154->0 104->0 71->0 173->0 105->0 68->0 167->0 0->0 0->0 0->0 0->0 0->0 0->0 0->0 0->0 0->0 0->0 0->0 0->0 0->0 0->0 0->0 0->0 0->0 0->0 0->0 0->0 0->0 0->0 0->0 0->0 0->0 0->0 0->0 
0->0 0->0 0->0 0->0 0->0 0->0 0->0 0->0 0->0 0->0 0->0 0->0 0->0 0->0 0->0 0->0 0->0 0->0 0->0 0->0 0->0 0->0 0->0 0->0 0->0 0->0 0->0 0->0 0->0 0->0 0->0 0->0 0->0 0->0 0->0 0->0 
0->0 0->0 0->0 93->0 97->0 88->0 113->0 127->0 107->0 87->0 100->0 98->0 0->0 0->0 0->0 0->0 0->0 0->0 0->0 0->0 0->0 0->0 0->0 0->0 0->0 0->0 0->0 0->0 0->0 0->0 0->0 0->0 0->0 0->0 0->0 0->0 
0->0 0->0 0->0 108->0 115->0 117->0 132->0 130->0 78->0 171->0 181->0 165->0 0->0 0->0 0->0 0->0 0->0 0->0 0->0 0->0 0->0 0->0 0->0 0->0 0->0 0->0 0->0 0->0 0->0 0->0 0->0 0->0 0->0 0->0 0->0 0->0 
0->0 0->0 0->0 100->0 85->0 154->0 104->0 71->0 173->0 105->0 68->0 167->0 0->0 0->0 0->0 0->0 0->0 0->0 0->0 0->0 0->0 0->0 0->0 0->0 0->0 0->0 0->0 0->0 0->0 0->0 0->0 0->0 0->0 0->0 0->0 0->0 
0->0 0->0 0->0 0->0 0->0 0->0 0->0 0->0 0->0 0->0 0->0 0->0 0->0 0->0 0->0 0->0 0->0 0->0 0->0 0->0 0->0 0->0 0->0 0->0 0->0 0->0 0->0 0->0 0->0 0->0 0->0 0->0 0->0 0->0 0->0 0->0 
0->0 0->0 0->0 0->0 0->0 0->0 93->0 97->0 88->0 113->0 127->0 107->0 87->0 100->0 98->0 0->0 0->0 0->0 0->0 0->0 0->0 0->0 0->0 0->0 0->0 0->0 0->0 0->0 0->0 0->0 0->0 0->0 0->0 0->0 0->0 0->0 
0->0 0->0 0->0 0->0 0->0 0->0 108->0 115->0 117->0 132->0 130->0 78->0 171->0 181->0 165->0 0->0 0->0 0->0 0->0 0->0 0->0 0->0 0->0 0->0 0->0 0->0 0->0 0->0 0->0 0->0 0->0 0->0 0->0 0->0 0->0 0->0 
0->0 0->0 0->0 0->0 0->0 0->0 100->0 85->0 154->0 104->0 71->0 173->0 105->0 68->0 167->0 0->0 0->0 0->0 0->0 0->0 0->0 0->0 0->0 0->0 0->0 0->0 0->0 0->0 0->0 0->0 0->0 0->0 0->0 0->0 0->0 0->0 
0->0 0->0 0->0 0->0 0->0 0->0 0->0 0->0 0->0 0->0 0->0 0->0 0->0 0->0 0->0 0->0 0->0 0->0 0->0 0->0 0->0 0->0 0->0 0->0 0->0 0->0 0->0 0->0 0->0 0->0 0->0 0->0 0->0 0->0 0->0 0->0 
0->0 0->0 0->0 0->0 0->0 0->0 0->0 0->0 0->0 93->0 97->0 88->0 113->0 127->0 107->0 87->0 100->0 98->0 0->0 0->0 0->0 0->0 0->0 0->0 0->0 0->0 0->0 0->0 0->0 0->0 0->0 0->0 0->0 0->0 0->0 0->0 
0->0 0->0 0->0 0->0 0->0 0->0 0->0 0->0 0->0 108->0 115->0 117->0 132->0 130->0 78->0 171->0 181->0 165->0 0->0 0->0 0->0 0->0 0->0 0->0 0->0 0->0 0->0 0->0 0->0 0->0 0->0 0->0 0->0 0->0 0->0 0->0 
0->0 0->0 0->0 0->0 0->0 0->0 0->0 0->0 0->0 100->0 85->0 154->0 104->0 71->0 173->0 105->0 68->0 167->0 0->0 0->0 0->0 0->0 0->0 0->0 0->0 0->0 0->0 0->0 0->0 0->0 0->0 0->0 0->0 0->0 0->0 0->0 
0->0 0->0 0->0 0->0 0->0 0->0 0->0 0->0 0->0 0->0 0->0 0->0 0->0 0->0 0->0 0->0 0->0 0->0 0->0 0->0 0->0 0->0 0->0 0->0 0->0 0->0 0->0 0->0 0->0 0->0 0->0 0->0 0->0 0->0 0->0 0->0 
0->0 0->0 0->0 0->0 0->0 0->0 0->0 0->0 0->0 0->0 0->0 0->0 93->0 97->0 88->0 113->0 127->0 107->0 87->0 100->0 98->0 0->0 0->0 0->0 0->0 0->0 0->0 0->0 0->0 0->0 0->0 0->0 0->0 0->0 0->0 0->0 
0->0 0->0 0->0 0->0 0->0 0->0 0->0 0->0 0->0 0->0 0->0 0->0 108->0 115->0 117->0 132->0 130->0 78->0 171->0 181->0 165->0 0->0 0->0 0->0 0->0 0->0 0->0 0->0 0->0 0->0 0->0 0->0 0->0 0->0 0->0 0->0 
0->0 0->0 0->0 0->0 0->0 0->0 0->0 0->0 0->0 0->0 0->0 0->0 100->0 85->0 154->0 104->0 71->0 173->0 105->0 68->0 167->0 0->0 0->0 0->0 0->0 0->0 0->0 0->0 0->0 0->0 0->0 0->0 0->0 0->0 0->0 0->0 
0->0 0->0 0->0 0->0 0->0 0->0 0->0 0->0 0->0 0->0 0->0 0->0 0->0 0->0 0->0 0->0 0->0 0->0 0->0 0->0 0->0 0->0 0->0 0->0 0->0 0->0 0->0 0->0 0->0 0->0 0->0 0->0 0->0 0->0 0->0 0->0 
0->0 0->0 0->0 0->0 0->0 0->0 0->0 0->0 0->0 0->0 0->0 0->0 0->0 0->0 0->0 93->0 97->0 88->0 113->0 127->0 107->0 87->0 100->0 98->0 0->0 0->0 0->0 0->0 0->0 0->0 0->0 0->0 0->0 0->0 0->0 0->0 
0->0 0->0 0->0 0->0 0->0 0->0 0->0 0->0 0->0 0->0 0->0 0->0 0->0 0->0 0->0 108->0 115->0 117->0 132->0 130->0 78->0 171->0 181->0 165->0 0->0 0->0 0->0 0->0 0->0 0->0 0->0 0->0 0->0 0->0 0->0 0->0 
0->0 0->0 0->0 0->0 0->0 0->0 0->0 0->0 0->0 0->0 0->0 0->0 0->0 0->0 0->0 100->0 85->0 154->0 104->0 71->0 173->0 105->0 68->0 167->0 0->0 0->0 0->0 0->0 0->0 0->0 0->0 0->0 0->0 0->0 0->0 0->0 
0->0 0->0 0->0 0->0 0->0 0->0 0->0 0->0 0->0 0->0 0->0 0->0 0->0 0->0 0->0 0->0 0->0 0->0 0->0 0->0 0->0 0->0 0->0 0->0 0->0 0->0 0->0 0->0 0->0 0->0 0->0 0->0 0->0 0->0 0->0 0->0 
0->0 0->0 0->0 0->0 0->0 0->0 0->0 0->0 0->0 0->0 0->0 0->0 0->0 0->0 0->0 0->0 0->0 0->0 93->0 97->0 88->0 113->0 127->0 107->0 87->0 100->0 98->0 0->0 0->0 0->0 0->0 0->0 0->0 0->0 0->0 0->0 
0->0 0->0 0->0 0->0 0->0 0->0 0->0 0->0 0->0 0->0 0->0 0->0 0->0 0->0 0->0 0->0 0->0 0->0 108->0 115->0 117->0 132->0 130->0 78->0 171->0 181->0 165->0 0->0 0->0 0->0 0->0 0->0 0->0 0->0 0->0 0->0 
0->0 0->0 0->0 0->0 0->0 0->0 0->0 0->0 0->0 0->0 0->0 0->0 0->0 0->0 0->0 0->0 0->0 0->0 100->0 85->0 154->0 104->0 71->0 173->0 105->0 68->0 167->0 0->0 0->0 0->0 0->0 0->0 0->0 0->0 0->0 0->0 
0->0 0->0 0->0 0->0 0->0 0->0 0->0 0->0 0->0 0->0 0->0 0->0 0->0 0->0 0->0 0->0 0->0 0->0 0->0 0->0 0->0 0->0 0->0 0->0 0->0 0->0 0->0 0->0 0->0 0->0 0->0 0->0 0->0 0->0 0->0 0->0 
0->0 0->0 0->0 0->0 0->0 0->0 0->0 0->0 0->0 0->0 0->0 0->0 0->0 0->0 0->0 0->0 0->0 0->0 0->0 0->0 0->0 93->0 97->0 88->0 113->0 127->0 107->0 87->0 100->0 98->0 0->0 0->0 0->0 0->0 0->0 0->0 
0->0 0->0 0->0 0->0 0->0 0->0 0->0 0->0 0->0 0->0 0->0 0->0 0->0 0->0 0->0 0->0 0->0 0->0 0->0 0->0 0->0 108->0 115->0 117->0 132->0 130->0 78->0 171->0 181->0 165->0 0->0 0->0 0->0 0->0 0->0 0->0 
0->0 0->0 0->0 0->0 0->0 0->0 0->0 0->0 0->0 0->0 0->0 0->0 0->0 0->0 0->0 0->0 0->0 0->0 0->0 0->0 0->0 100->0 85->0 154->0 104->0 71->0 173->0 105->0 68->0 167->0 0->0 0->0 0->0 0->0 0->0 0->0 
0->0 0->0 0->0 0->0 0->0 0->0 0->0 0->0 0->0 0->0 0->0 0->0 0->0 0->0 0->0 0->0 0->0 0->0 0->0 0->0 0->0 0->0 0->0 0->0 0->0 0->0 0->0 0->0 0->0 0->0 0->0 0->0 0->0 0->0 0->0 0->0 

93->0 97->0 88->0 113->0 127->0 107->0 87->0 100->0 98->0 0->0 0->0 0->0 0->0 0->0 0->0 0->0 0->0 0->0 0->0 0->0 0->0 0->0 0->0 0->0 0->0 0->0 0->0 0->0 0->0 0->0 0->0 0->0 0->0 0->0 0->0 0->0 
108->0 115->0 117->0 132->0 130->0 78->0 171->0 181->0 165->0 0->0 0->0 0->0 0->0 0->0 0->0 0->0 0->0 0->0 0->0 0->0 0->0 0->0 0->0 0->0 0->0 0->0 0->0 0->0 0->0 0->0 0->0 0->0 0->0 0->0 0->0 0->0 
100->0 85->0 154->0 104->0 71->0 173->0 105->0 68->0 167->0 0->0 0->0 0->0 0->0 0->0 0->0 0->0 0->0 0->0 0->0 0->0 0->0 0->0 0->0 0->0 0->0 0->0 0->0 0->0 0->0 0->0 0->0 0->0 0->0 0->0 0->0 0->0 
0->0 0->0 0->0 0->0 0->0 0->0 0->0 0->0 0->0 0->0 0->0 0->0 0->0 0->0 0->0 0->0 0->0 0->0 0->0 0->0 0->0 0->0 0->0 0->0 0->0 0->0 0->0 0->0 0->0 0->0 0->0 0->0 0->0 0->0 0->0 0->0 
0->0 0->0 0->0 93->0 97->0 88->0 113->0 127->0 107->0 87->0 100->0 98->0 0->0 0->0 0->0 0->0 0->0 0->0 0->0 0->0 0->0 0->0 0->0 0->0 0->0 0->0 0->0 0->0 0->0 0->0 0->0 0->0 0->0 0->0 0->0 0->0 
0->0 0->0 0->0 108->0 115->0 117->0 132->0 130->0 78->0 171->0 181->0 165->0 0->0 0->0 0->0 0->0 0->0 0->0 0->0 0->0 0->0 0->0 0->0 0->0 0->0 0->0 0->0 0->0 0->0 0->0 0->0 0->0 0->0 0->0 0->0 0->0 
0->0 0->0 0->0 100->0 85->0 154->0 104->0 71->0 173->0 105->0 68->0 167->0 0->0 0->0 0->0 0->0 0->0 0->0 0->0 0->0 0->0 0->0 0->0 0->0 0->0 0->0 0->0 0->0 0->0 0->0 0->0 0->0 0->0 0->0 0->0 0->0 
0->0 0->0 0->0 0->0 0->0 0->0 0->0 0->0 0->0 0->0 0->0 0->0 0->0 0->0 0->0 0->0 0->0 0->0 0->0 0->0 0->0 0->0 0->0 0->0 0->0 0->0 0->0 0->0 0->0 0->0 0->0 0->0 0->0 0->0 0->0 0->0 
0->0 0->0 0->0 0->0 0->0 0->0 93->0 97->0 88->0 113->0 127->0 107->0 87->0 100->0 98->0 0->0 0->0 0->0 0->0 0->0 0->0 0->0 0->0 0->0 0->0 0->0 0->0 0->0 0->0 0->0 0->0 0->0 0->0 0->0 0->0 0->0 
0->0 0->0 0->0 0->0 0->0 0->0 108->0 115->0 117->0 132->0 130->0 78->0 171->0 181->0 165->0 0->0 0->0 0->0 0->0 0->0 0->0 0->0 0->0 0->0 0->0 0->0 0->0 0->0 0->0 0->0 0->0 0->0 0->0 0->0 0->0 0->0 
0->0 0->0 0->0 0->0 0->0 0->0 100->0 85->0 154->0 104->0 71->0 173->0 105->0 68->0 167->0 0->0 0->0 0->0 0->0 0->0 0->0 0->0 0->0 0->0 0->0 0->0 0->0 0->0 0->0 0->0 0->0 0->0 0->0 0->0 0->0 0->0 
0->0 0->0 0->0 0->0 0->0 0->0 0->0 0->0 0->0 0->0 0->0 0->0 0->0 0->0 0->0 0->0 0->0 0->0 0->0 0->0 0->0 0->0 0->0 0->0 0->0 0->0 0->0 0->0 0->0 0->0 0->0 0->0 0->0 0->0 0->0 0->0 
0->0 0->0 0->0 0->0 0->0 0->0 0->0 0->0 0->0 93->0 97->0 88->0 113->0 127->0 107->0 87->0 100->0 98->0 0->0 0->0 0->0 0->0 0->0 0->0 0->0 0->0 0->0 0->0 0->0 0->0 0->0 0->0 0->0 0->0 0->0 0->0 
0->0 0->0 0->0 0->0 0->0 0->0 0->0 0->0 0->0 108->0 115->0 117->0 132->0 130->0 78->0 171->0 181->0 165->0 0->0 0->0 0->0 0->0 0->0 0->0 0->0 0->0 0->0 0->0 0->0 0->0 0->0 0->0 0->0 0->0 0->0 0->0 
0->0 0->0 0->0 0->0 0->0 0->0 0->0 0->0 0->0 100->0 85->0 154->0 104->0 71->0 173->0 105->0 68->0 167->0 0->0 0->0 0->0 0->0 0->0 0->0 0->0 0->0 0->0 0->0 0->0 0->0 0->0 0->0 0->0 0->0 0->0 0->0 
0->0 0->0 0->0 0->0 0->0 0->0 0->0 0->0 0->0 0->0 0->0 0->0 0->0 0->0 0->0 0->0 0->0 0->0 0->0 0->0 0->0 0->0 0->0 0->0 0->0 0->0 0->0 0->0 0->0 0->0 0->0 0->0 0->0 0->0 0->0 0->0 
0->0 0->0 0->0 0->0 0->0 0->0 0->0 0->0 0->0 0->0 0->0 0->0 93->0 97->0 88->0 113->0 127->0 107->0 87->0 100->0 98->0 0->0 0->0 0->0 0->0 0->0 0->0 0->0 0->0 0->0 0->0 0->0 0->0 0->0 0->0 0->0 
0->0 0->0 0->0 0->0 0->0 0->0 0->0 0->0 0->0 0->0 0->0 0->0 108->0 115->0 117->0 132->0 130->0 78->0 171->0 181->0 165->0 0->0 0->0 0->0 0->0 0->0 0->0 0->0 0->0 0->0 0->0 0->0 0->0 0->0 0->0 0->0 
0->0 0->0 0->0 0->0 0->0 0->0 0->0 0->0 0->0 0->0 0->0 0->0 100->0 85->0 154->0 104->0 71->0 173->0 105->0 68->0 167->0 0->0 0->0 0->0 0->0 0->0 0->0 0->0 0->0 0->0 0->0 0->0 0->0 0->0 0->0 0->0 
0->0 0->0 0->0 0->0 0->0 0->0 0->0 0->0 0->0 0->0 0->0 0->0 0->0 0->0 0->0 0->0 0->0 0->0 0->0 0->0 0->0 0->0 0->0 0->0 0->0 0->0 0->0 0->0 0->0 0->0 0->0 0->0 0->0 0->0 0->0 0->0 
0->0 0->0 0->0 0->0 0->0 0->0 0->0 0->0 0->0 0->0 0->0 0->0 0->0 0->0 0->0 93->0 97->0 88->0 113->0 127->0 107->0 87->0 100->0 98->0 0->0 0->0 0->0 0->0 0->0 0->0 0->0 0->0 0->0 0->0 0->0 0->0 
0->0 0->0 0->0 0->0 0->0 0->0 0->0 0->0 0->0 0->0 0->0 0->0 0->0 0->0 0->0 108->0 115->0 117->0 132->0 130->0 78->0 171->0 181->0 165->0 0->0 0->0 0->0 0->0 0->0 0->0 0->0 0->0 0->0 0->0 0->0 0->0 
0->0 0->0 0->0 0->0 0->0 0->0 0->0 0->0 0->0 0->0 0->0 0->0 0->0 0->0 0->0 100->0 85->0 154->0 104->0 71->0 173->0 105->0 68->0 167->0 0->0 0->0 0->0 0->0 0->0 0->0 0->0 0->0 0->0 0->0 0->0 0->0 
0->0 0->0 0->0 0->0 0->0 0->0 0->0 0->0 0->0 0->0 0->0 0->0 0->0 0->0 0->0 0->0 0->0 0->0 0->0 0->0 0->0 0->0 0->0 0->0 0->0 0->0 0->0 0->0 0->0 0->0 0->0 0->0 0->0 0->0 0->0 0->0 
0->0 0->0 0->0 0->0 0->0 0->0 0->0 0->0 0->0 0->0 0->0 0->0 0->0 0->0 0->0 0->0 0->0 0->0 93->0 97->0 88->0 113->0 127->0 107->0 87->0 100->0 98->0 0->0 0->0 0->0 0->0 0->0 0->0 0->0 0->0 0->0 
0->0 0->0 0->0 0->0 0->0 0->0 0->0 0->0 0->0 0->0 0->0 0->0 0->0 0->0 0->0 0->0 0->0 0->0 108->0 115->0 117->0 132->0 130->0 78->0 171->0 181->0 165->0 0->0 0->0 0->0 0->0 0->0 0->0 0->0 0->0 0->0 
0->0 0->0 0->0 0->0 0->0 0->0 0->0 0->0 0->0 0->0 0->0 0->0 0->0 0->0 0->0 0->0 0->0 0->0 100->0 85->0 154->0 104->0 71->0 173->0 105->0 68->0 167->0 0->0 0->0 0->0 0->0 0->0 0->0 0->0 0->0 0->0 
0->0 0->0 0->0 0->0 0->0 0->0 0->0 0->0 0->0 0->0 0->0 0->0 0->0 0->0 0->0 0->0 0->0 0->0 0->0 0->0 0->0 0->0 0->0 0->0 0->0 0->0 0->0 0->0 0->0 0->0 0->0 0->0 0->0 0->0 0->0 0->0 
0->0 0->0 0->0 0->0 0->0 0->0 0->0 0->0 0->0 0->0 0->0 0->0 0->0 0->0 0->0 0->0 0->0 0->0 0->0 0->0 0->0 93->0 97->0 88->0 113->0 127->0 107->0 87->0 100->0 98->0 0->0 0->0 0->0 0->0 0->0 0->0 
0->0 0->0 0->0 0->0 0->0 0->0 0->0 0->0 0->0 0->0 0->0 0->0 0->0 0->0 0->0 0->0 0->0 0->0 0->0 0->0 0->0 108->0 115->0 117->0 132->0 130->0 78->0 171->0 181->0 165->0 0->0 0->0 0->0 0->0 0->0 0->0 
0->0 0->0 0->0 0->0 0->0 0->0 0->0 0->0 0->0 0->0 0->0 0->0 0->0 0->0 0->0 0->0 0->0 0->0 0->0 0->0 0->0 100->0 85->0 154->0 104->0 71->0 173->0 105->0 68->0 167->0 0->0 0->0 0->0 0->0 0->0 0->0 
0->0 0->0 0->0 0->0 0->0 0->0 0->0 0->0 0->0 0->0 0->0 0->0 0->0 0->0 0->0 0->0 0->0 0->0 0->0 0->0 0->0 0->0 0->0 0->0 0->0 0->0 0->0 0->0 0->0 0->0 0->0 0->0 0->0 0->0 0->0 0->0 

93->0 97->0 88->0 113->0 127->0 107->0 87->0 100->0 98->0 0->0 0->0 0->0 0->0 0->0 0->0 0->0 0->0 0->0 0->0 0->0 0->0 0->0 0->0 0->0 0->0 0->0 0->0 0->0 0->0 0->0 0->0 0->0 0->0 0->0 0->0 0->0 
108->0 115->0 117->0 132->0 130->0 78->0 171->0 181->0 165->0 0->0 0->0 0->0 0->0 0->0 0->0 0->0 0->0 0->0 0->0 0->0 0->0 0->0 0->0 0->0 0->0 0->0 0->0 0->0 0->0 0->0 0->0 0->0 0->0 0->0 0->0 0->0 
100->0 85->0 154->0 104->0 71->0 173->0 105->0 68->0 167->0 0->0 0->0 0->0 0->0 0->0 0->0 0->0 0->0 0->0 0->0 0->0 0->0 0->0 0->0 0->0 0->0 0->0 0->0 0->0 0->0 0->0 0->0 0->0 0->0 0->0 0->0 0->0 
0->0 0->0 0->0 0->0 0->0 0->0 0->0 0->0 0->0 0->0 0->0 0->0 0->0 0->0 0->0 0->0 0->0 0->0 0->0 0->0 0->0 0->0 0->0 0->0 0->0 0->0 0->0 0->0 0->0 0->0 0->0 0->0 0->0 0->0 0->0 0->0 
0->0 0->0 0->0 93->0 97->0 88->0 113->0 127->0 107->0 87->0 100->0 98->0 0->0 0->0 0->0 0->0 0->0 0->0 0->0 0->0 0->0 0->0 0->0 0->0 0->0 0->0 0->0 0->0 0->0 0->0 0->0 0->0 0->0 0->0 0->0 0->0 
0->0 0->0 0->0 108->0 115->0 117->0 132->0 130->0 78->0 171->0 181->0 165->0 0->0 0->0 0->0 0->0 0->0 0->0 0->0 0->0 0->0 0->0 0->0 0->0 0->0 0->0 0->0 0->0 0->0 0->0 0->0 0->0 0->0 0->0 0->0 0->0 
0->0 0->0 0->0 100->0 85->0 154->0 104->0 71->0 173->0 105->0 68->0 167->0 0->0 0->0 0->0 0->0 0->0 0->0 0->0 0->0 0->0 0->0 0->0 0->0 0->0 0->0 0->0 0->0 0->0 0->0 0->0 0->0 0->0 0->0 0->0 0->0 
0->0 0->0 0->0 0->0 0->0 0->0 0->0 0->0 0->0 0->0 0->0 0->0 0->0 0->0 0->0 0->0 0->0 0->0 0->0 0->0 0->0 0->0 0->0 0->0 0->0 0->0 0->0 0->0 0->0 0->0 0->0 0->0 0->0 0->0 0->0 0->0 
0->0 0->0 0->0 0->0 0->0 0->0 93->0 97->0 88->0 113->0 127->0 107->0 87->0 100->0 98->0 0->0 0->0 0->0 0->0 0->0 0->0 0->0 0->0 0->0 0->0 0->0 0->0 0->0 0->0 0->0 0->0 0->0 0->0 0->0 0->0 0->0 
0->0 0->0 0->0 0->0 0->0 0->0 108->0 115->0 117->0 132->0 130->0 78->0 171->0 181->0 165->0 0->0 0->0 0->0 0->0 0->0 0->0 0->0 0->0 0->0 0->0 0->0 0->0 0->0 0->0 0->0 0->0 0->0 0->0 0->0 0->0 0->0 
0->0 0->0 0->0 0->0 0->0 0->0 100->0 85->0 154->0 104->0 71->0 173->0 105->0 68->0 167->0 0->0 0->0 0->0 0->0 0->0 0->0 0->0 0->0 0->0 0->0 0->0 0->0 0->0 0->0 0->0 0->0 0->0 0->0 0->0 0->0 0->0 
0->0 0->0 0->0 0->0 0->0 0->0 0->0 0->0 0->0 0->0 0->0 0->0 0->0 0->0 0->0 0->0 0->0 0->0 0->0 0->0 0->0 0->0 0->0 0->0 0->0 0->0 0->0 0->0 0->0 0->0 0->0 0->0 0->0 0->0 0->0 0->0 
0->0 0->0 0->0 0->0 0->0 0->0 0->0 0->0 0->0 93->0 97->0 88->0 113->0 127->0 107->0 87->0 100->0 98->0 0->0 0->0 0->0 0->0 0->0 0->0 0->0 0->0 0->0 0->0 0->0 0->0 0->0 0->0 0->0 0->0 0->0 0->0 
0->0 0->0 0->0 0->0 0->0 0->0 0->0 0->0 0->0 108->0 115->0 117->0 132->0 130->0 78->0 171->0 181->0 165->0 0->0 0->0 0->0 0->0 0->0 0->0 0->0 0->0 0->0 0->0 0->0 0->0 0->0 0->0 0->0 0->0 0->0 0->0 
0->0 0->0 0->0 0->0 0->0 0->0 0->0 0->0 0->0 100->0 85->0 154->0 104->0 71->0 173->0 105->0 68->0 167->0 0->0 0->0 0->0 0->0 0->0 0->0 0->0 0->0 0->0 0->0 0->0 0->0 0->0 0->0 0->0 0->0 0->0 0->0 
0->0 0->0 0->0 0->0 0->0 0->0 0->0 0->0 0->0 0->0 0->0 0->0 0->0 0->0 0->0 0->0 0->0 0->0 0->0 0->0 0->0 0->0 0->0 0->0 0->0 0->0 0->0 0->0 0->0 0->0 0->0 0->0 0->0 0->0 0->0 0->0 
0->0 0->0 0->0 0->0 0->0 0->0 0->0 0->0 0->0 0->0 0->0 0->0 93->0 97->0 88->0 113->0 127->0 107->0 87->0 100->0 98->0 0->0 0->0 0->0 0->0 0->0 0->0 0->0 0->0 0->0 0->0 0->0 0->0 0->0 0->0 0->0 
0->0 0->0 0->0 0->0 0->0 0->0 0->0 0->0 0->0 0->0 0->0 0->0 108->0 115->0 117->0 132->0 130->0 78->0 171->0 181->0 165->0 0->0 0->0 0->0 0->0 0->0 0->0 0->0 0->0 0->0 0->0 0->0 0->0 0->0 0->0 0->0 
0->0 0->0 0->0 0->0 0->0 0->0 0->0 0->0 0->0 0->0 0->0 0->0 100->0 85->0 154->0 104->0 71->0 173->0 105->0 68->0 167->0 0->0 0->0 0->0 0->0 0->0 0->0 0->0 0->0 0->0 0->0 0->0 0->0 0->0 0->0 0->0 
0->0 0->0 0->0 0->0 0->0 0->0 0->0 0->0 0->0 0->0 0->0 0->0 0->0 0->0 0->0 0->0 0->0 0->0 0->0 0->0 0->0 0->0 0->0 0->0 0->0 0->0 0->0 0->0 0->0 0->0 0->0 0->0 0->0 0->0 0->0 0->0 
0->0 0->0 0->0 0->0 0->0 0->0 0->0 0->0 0->0 0->0 0->0 0->0 0->0 0->0 0->0 93->0 97->0 88->0 113->0 127->0 107->0 87->0 100->0 98->0 0->0 0->0 0->0 0->0 0->0 0->0 0->0 0->0 0->0 0->0 0->0 0->0 
0->0 0->0 0->0 0->0 0->0 0->0 0->0 0->0 0->0 0->0 0->0 0->0 0->0 0->0 0->0 108->0 115->0 117->0 132->0 130->0 78->0 171->0 181->0 165->0 0->0 0->0 0->0 0->0 0->0 0->0 0->0 0->0 0->0 0->0 0->0 0->0 
0->0 0->0 0->0 0->0 0->0 0->0 0->0 0->0 0->0 0->0 0->0 0->0 0->0 0->0 0->0 100->0 85->0 154->0 104->0 71->0 173->0 105->0 68->0 167->0 0->0 0->0 0->0 0->0 0->0 0->0 0->0 0->0 0->0 0->0 0->0 0->0 
0->0 0->0 0->0 0->0 0->0 0->0 0->0 0->0 0->0 0->0 0->0 0->0 0->0 0->0 0->0 0->0 0->0 0->0 0->0 0->0 0->0 0->0 0->0 0->0 0->0 0->0 0->0 0->0 0->0 0->0 0->0 0->0 0->0 0->0 0->0 0->0 
0->0 0->0 0->0 0->0 0->0 0->0 0->0 0->0 0->0 0->0 0->0 0->0 0->0 0->0 0->0 0->0 0->0 0->0 93->0 97->0 88->0 113->0 127->0 107->0 87->0 100->0 98->0 0->0 0->0 0->0 0->0 0->0 0->0 0->0 0->0 0->0 
0->0 0->0 0->0 0->0 0->0 0->0 0->0 0->0 0->0 0->0 0->0 0->0 0->0 0->0 0->0 0->0 0->0 0->0 108->0 115->0 117->0 132->0 130->0 78->0 171->0 181->0 165->0 0->0 0->0 0->0 0->0 0->0 0->0 0->0 0->0 0->0 
0->0 0->0 0->0 0->0 0->0 0->0 0->0 0->0 0->0 0->0 0->0 0->0 0->0 0->0 0->0 0->0 0->0 0->0 100->0 85->0 154->0 104->0 71->0 173->0 105->0 68->0 167->0 0->0 0->0 0->0 0->0 0->0 0->0 0->0 0->0 0->0 
0->0 0->0 0->0 0->0 0->0 0->0 0->0 0->0 0->0 0->0 0->0 0->0 0->0 0->0 0->0 0->0 0->0 0->0 0->0 0->0 0->0 0->0 0->0 0->0 0->0 0->0 0->0 0->0 0->0 0->0 0->0 0->0 0->0 0->0 0->0 0->0 
0->0 0->0 0->0 0->0 0->0 0->0 0->0 0->0 0->0 0->0 0->0 0->0 0->0 0->0 0->0 0->0 0->0 0->0 0->0 0->0 0->0 93->0 97->0 88->0 113->0 127->0 107->0 87->0 100->0 98->0 0->0 0->0 0->0 0->0 0->0 0->0 
0->0 0->0 0->0 0->0 0->0 0->0 0->0 0->0 0->0 0->0 0->0 0->0 0->0 0->0 0->0 0->0 0->0 0->0 0->0 0->0 0->0 108->0 115->0 117->0 132->0 130->0 78->0 171->0 181->0 165->0 0->0 0->0 0->0 0->0 0->0 0->0 
0->0 0->0 0->0 0->0 0->0 0->0 0->0 0->0 0->0 0->0 0->0 0->0 0->0 0->0 0->0 0->0 0->0 0->0 0->0 0->0 0->0 100->0 85->0 154->0 104->0 71->0 173->0 105->0 68->0 167->0 0->0 0->0 0->0 0->0 0->0 0->0 
0->0 0->0 0->0 0->0 0->0 0->0 0->0 0->0 0->0 0->0 0->0 0->0 0->0 0->0 0->0 0->0 0->0 0->0 0->0 0->0 0->0 0->0 0->0 0->0 0->0 0->0 0->0 0->0 0->0 0->0 0->0 0->0 0->0 0->0 0->0 0->0 

93->0 97->0 88->0 113->0 127->0 107->0 87->0 100->0 98->0 0->0 0->0 0->0 0->0 0->0 0->0 0->0 0->0 0->0 0->0 0->0 0->0 0->0 0->0 0->0 0->0 0->0 0->0 0->0 0->0 0->0 0->0 0->0 0->0 0->0 0->0 0->0 
108->0 115->0 117->0 132->0 130->0 78->0 171->0 181->0 165->0 0->0 0->0 0->0 0->0 0->0 0->0 0->0 0->0 0->0 0->0 0->0 0->0 0->0 0->0 0->0 0->0 0->0 0->0 0->0 0->0 0->0 0->0 0->0 0->0 0->0 0->0 0->0 
100->0 85->0 154->0 104->0 71->0 173->0 105->0 68->0 167->0 0->0 0->0 0->0 0->0 0->0 0->0 0->0 0->0 0->0 0->0 0->0 0->0 0->0 0->0 0->0 0->0 0->0 0->0 0->0 0->0 0->0 0->0 0->0 0->0 0->0 0->0 0->0 
0->0 0->0 0->0 0->0 0->0 0->0 0->0 0->0 0->0 0->0 0->0 0->0 0->0 0->0 0->0 0->0 0->0 0->0 0->0 0->0 0->0 0->0 0->0 0->0 0->0 0->0 0->0 0->0 0->0 0->0 0->0 0->0 0->0 0->0 0->0 0->0 
0->0 0->0 0->0 93->0 97->0 88->0 113->0 127->0 107->0 87->0 100->0 98->0 0->0 0->0 0->0 0->0 0->0 0->0 0->0 0->0 0->0 0->0 0->0 0->0 0->0 0->0 0->0 0->0 0->0 0->0 0->0 0->0 0->0 0->0 0->0 0->0 
0->0 0->0 0->0 108->0 115->0 117->0 132->0 130->0 78->0 171->0 181->0 165->0 0->0 0->0 0->0 0->0 0->0 0->0 0->0 0->0 0->0 0->0 0->0 0->0 0->0 0->0 0->0 0->0 0->0 0->0 0->0 0->0 0->0 0->0 0->0 0->0 
0->0 0->0 0->0 100->0 85->0 154->0 104->0 71->0 173->0 105->0 68->0 167->0 0->0 0->0 0->0 0->0 0->0 0->0 0->0 0->0 0->0 0->0 0->0 0->0 0->0 0->0 0->0 0->0 0->0 0->0 0->0 0->0 0->0 0->0 0->0 0->0 
0->0 0->0 0->0 0->0 0->0 0->0 0->0 0->0 0->0 0->0 0->0 0->0 0->0 0->0 0->0 0->0 0->0 0->0 0->0 0->0 0->0 0->0 0->0 0->0 0->0 0->0 0->0 0->0 0->0 0->0 0->0 0->0 0->0 0->0 0->0 0->0 
0->0 0->0 0->0 0->0 0->0 0->0 93->0 97->0 88->0 113->0 127->0 107->0 87->0 100->0 98->0 0->0 0->0 0->0 0->0 0->0 0->0 0->0 0->0 0->0 0->0 0->0 0->0 0->0 0->0 0->0 0->0 0->0 0->0 0->0 0->0 0->0 
0->0 0->0 0->0 0->0 0->0 0->0 108->0 115->0 117->0 132->0 130->0 78->0 171->0 181->0 165->0 0->0 0->0 0->0 0->0 0->0 0->0 0->0 0->0 0->0 0->0 0->0 0->0 0->0 0->0 0->0 0->0 0->0 0->0 0->0 0->0 0->0 
0->0 0->0 0->0 0->0 0->0 0->0 100->0 85->0 154->0 104->0 71->0 173->0 105->0 68->0 167->0 0->0 0->0 0->0 0->0 0->0 0->0 0->0 0->0 0->0 0->0 0->0 0->0 0->0 0->0 0->0 0->0 0->0 0->0 0->0 0->0 0->0 
0->0 0->0 0->0 0->0 0->0 0->0 0->0 0->0 0->0 0->0 0->0 0->0 0->0 0->0 0->0 0->0 0->0 0->0 0->0 0->0 0->0 0->0 0->0 0->0 0->0 0->0 0->0 0->0 0->0 0->0 0->0 0->0 0->0 0->0 0->0 0->0 
0->0 0->0 0->0 0->0 0->0 0->0 0->0 0->0 0->0 93->0 97->0 88->0 113->0 127->0 107->0 87->0 100->0 98->0 0->0 0->0 0->0 0->0 0->0 0->0 0->0 0->0 0->0 0->0 0->0 0->0 0->0 0->0 0->0 0->0 0->0 0->0 
0->0 0->0 0->0 0->0 0->0 0->0 0->0 0->0 0->0 108->0 115->0 117->0 132->0 130->0 78->0 171->0 181->0 165->0 0->0 0->0 0->0 0->0 0->0 0->0 0->0 0->0 0->0 0->0 0->0 0->0 0->0 0->0 0->0 0->0 0->0 0->0 
0->0 0->0 0->0 0->0 0->0 0->0 0->0 0->0 0->0 100->0 85->0 154->0 104->0 71->0 173->0 105->0 68->0 167->0 0->0 0->0 0->0 0->0 0->0 0->0 0->0 0->0 0->0 0->0 0->0 0->0 0->0 0->0 0->0 0->0 0->0 0->0 
0->0 0->0 0->0 0->0 0->0 0->0 0->0 0->0 0->0 0->0 0->0 0->0 0->0 0->0 0->0 0->0 0->0 0->0 0->0 0->0 0->0 0->0 0->0 0->0 0->0 0->0 0->0 0->0 0->0 0->0 0->0 0->0 0->0 0->0 0->0 0->0 
0->0 0->0 0->0 0->0 0->0 0->0 0->0 0->0 0->0 0->0 0->0 0->0 93->0 97->0 88->0 113->0 127->0 107->0 87->0 100->0 98->0 0->0 0->0 0->0 0->0 0->0 0->0 0->0 0->0 0->0 0->0 0->0 0->0 0->0 0->0 0->0 
0->0 0->0 0->0 0->0 0->0 0->0 0->0 0->0 0->0 0->0 0->0 0->0 108->0 115->0 117->0 132->0 130->0 78->0 171->0 181->0 165->0 0->0 0->0 0->0 0->0 0->0 0->0 0->0 0->0 0->0 0->0 0->0 0->0 0->0 0->0 0->0 
0->0 0->0 0->0 0->0 0->0 0->0 0->0 0->0 0->0 0->0 0->0 0->0 100->0 85->0 154->0 104->0 71->0 173->0 105->0 68->0 167->0 0->0 0->0 0->0 0->0 0->0 0->0 0->0 0->0 0->0 0->0 0->0 0->0 0->0 0->0 0->0 
0->0 0->0 0->0 0->0 0->0 0->0 0->0 0->0 0->0 0->0 0->0 0->0 0->0 0->0 0->0 0->0 0->0 0->0 0->0 0->0 0->0 0->0 0->0 0->0 0->0 0->0 0->0 0->0 0->0 0->0 0->0 0->0 0->0 0->0 0->0 0->0 
0->0 0->0 0->0 0->0 0->0 0->0 0->0 0->0 0->0 0->0 0->0 0->0 0->0 0->0 0->0 93->0 97->0 88->0 113->0 127->0 107->0 87->0 100->0 98->0 0->0 0->0 0->0 0->0 0->0 0->0 0->0 0->0 0->0 0->0 0->0 0->0 
0->0 0->0 0->0 0->0 0->0 0->0 0->0 0->0 0->0 0->0 0->0 0->0 0->0 0->0 0->0 108->0 115->0 117->0 132->0 130->0 78->0 171->0 181->0 165->0 0->0 0->0 0->0 0->0 0->0 0->0 0->0 0->0 0->0 0->0 0->0 0->0 
0->0 0->0 0->0 0->0 0->0 0->0 0->0 0->0 0->0 0->0 0->0 0->0 0->0 0->0 0->0 100->0 85->0 154->0 104->0 71->0 173->0 105->0 68->0 167->0 0->0 0->0 0->0 0->0 0->0 0->0 0->0 0->0 0->0 0->0 0->0 0->0 
0->0 0->0 0->0 0->0 0->0 0->0 0->0 0->0 0->0 0->0 0->0 0->0 0->0 0->0 0->0 0->0 0->0 0->0 0->0 0->0 0->0 0->0 0->0 0->0 0->0 0->0 0->0 0->0 0->0 0->0 0->0 0->0 0->0 0->0 0->0 0->0 
0->0 0->0 0->0 0->0 0->0 0->0 0->0 0->0 0->0 0->0 0->0 0->0 0->0 0->0 0->0 0->0 0->0 0->0 93->0 97->0 88->0 113->0 127->0 107->0 87->0 100->0 98->0 0->0 0->0 0->0 0->0 0->0 0->0 0->0 0->0 0->0 
0->0 0->0 0->0 0->0 0->0 0->0 0->0 0->0 0->0 0->0 0->0 0->0 0->0 0->0 0->0 0->0 0->0 0->0 108->0 115->0 117->0 132->0 130->0 78->0 171->0 181->0 165->0 0->0 0->0 0->0 0->0 0->0 0->0 0->0 0->0 0->0 
0->0 0->0 0->0 0->0 0->0 0->0 0->0 0->0 0->0 0->0 0->0 0->0 0->0 0->0 0->0 0->0 0->0 0->0 100->0 85->0 154->0 104->0 71->0 173->0 105->0 68->0 167->0 0->0 0->0 0->0 0->0 0->0 0->0 0->0 0->0 0->0 
0->0 0->0 0->0 0->0 0->0 0->0 0->0 0->0 0->0 0->0 0->0 0->0 0->0 0->0 0->0 0->0 0->0 0->0 0->0 0->0 0->0 0->0 0->0 0->0 0->0 0->0 0->0 0->0 0->0 0->0 0->0 0->0 0->0 0->0 0->0 0->0 
0->0 0->0 0->0 0->0 0->0 0->0 0->0 0->0 0->0 0->0 0->0 0->0 0->0 0->0 0->0 0->0 0->0 0->0 0->0 0->0 0->0 93->0 97->0 88->0 113->0 127->0 107->0 87->0 100->0 98->0 0->0 0->0 0->0 0->0 0->0 0->0 
0->0 0->0 0->0 0->0 0->0 0->0 0->0 0->0 0->0 0->0 0->0 0->0 0->0 0->0 0->0 0->0 0->0 0->0 0->0 0->0 0->0 108->0 115->0 117->0 132->0 130->0 78->0 171->0 181->0 165->0 0->0 0->0 0->0 0->0 0->0 0->0 
0->0 0->0 0->0 0->0 0->0 0->0 0->0 0->0 0->0 0->0 0->0 0->0 0->0 0->0 0->0 0->0 0->0 0->0 0->0 0->0 0->0 100->0 85->0 154->0 104->0 71->0 173->0 105->0 68->0 167->0 0->0 0->0 0->0 0->0 0->0 0->0 
0->0 0->0 0->0 0->0 0->0 0->0 0->0 0->0 0->0 0->0 0->0 0->0 0->0 0->0 0->0 0->0 0->0 0->0 0->0 0->0 0->0 0->0 0->0 0->0 0->0 0->0 0->0 0->0 0->0 0->0 0->0 0->0 0->0 0->0 0->0 0->0 

93->0 97->0 88->0 113->0 127->0 107->0 87->0 100->0 98->0 0->0 0->0 0->0 0->0 0->0 0->0 0->0 0->0 0->0 0->0 0->0 0->0 0->0 0->0 0->0 0->0 0->0 0->0 0->0 0->0 0->0 0->0 0->0 0->0 0->0 0->0 0->0 
108->0 115->0 117->0 132->0 130->0 78->0 171->0 181->0 165->0 0->0 0->0 0->0 0->0 0->0 0->0 0->0 0->0 0->0 0->0 0->0 0->0 0->0 0->0 0->0 0->0 0->0 0->0 0->0 0->0 0->0 0->0 0->0 0->0 0->0 0->0 0->0 
100->0 85->0 154->0 104->0 71->0 173->0 105->0 68->0 167->0 0->0 0->0 0->0 0->0 0->0 0->0 0->0 0->0 0->0 0->0 0->0 0->0 0->0 0->0 0->0 0->0 0->0 0->0 0->0 0->0 0->0 0->0 0->0 0->0 0->0 0->0 0->0 
0->0 0->0 0->0 0->0 0->0 0->0 0->0 0->0 0->0 0->0 0->0 0->0 0->0 0->0 0->0 0->0 0->0 0->0 0->0 0->0 0->0 0->0 0->0 0->0 0->0 0->0 0->0 0->0 0->0 0->0 0->0 0->0 0->0 0->0 0->0 0->0 
0->0 0->0 0->0 93->0 97->0 88->0 113->0 127->0 107->0 87->0 100->0 98->0 0->0 0->0 0->0 0->0 0->0 0->0 0->0 0->0 0->0 0->0 0->0 0->0 0->0 0->0 0->0 0->0 0->0 0->0 0->0 0->0 0->0 0->0 0->0 0->0 
0->0 0->0 0->0 108->0 115->0 117->0 132->0 130->0 78->0 171->0 181->0 165->0 0->0 0->0 0->0 0->0 0->0 0->0 0->0 0->0 0->0 0->0 0->0 0->0 0->0 0->0 0->0 0->0 0->0 0->0 0->0 0->0 0->0 0->0 0->0 0->0 
0->0 0->0 0->0 100->0 85->0 154->0 104->0 71->0 173->0 105->0 68->0 167->0 0->0 0->0 0->0 0->0 0->0 0->0 0->0 0->0 0->0 0->0 0->0 0->0 0->0 0->0 0->0 0->0 0->0 0->0 0->0 0->0 0->0 0->0 0->0 0->0 
0->0 0->0 0->0 0->0 0->0 0->0 0->0 0->0 0->0 0->0 0->0 0->0 0->0 0->0 0->0 0->0 0->0 0->0 0->0 0->0 0->0 0->0 0->0 0->0 0->0 0->0 0->0 0->0 0->0 0->0 0->0 0->0 0->0 0->0 0->0 0->0 
0->0 0->0 0->0 0->0 0->0 0->0 93->0 97->0 88->0 113->0 127->0 107->0 87->0 100->0 98->0 0->0 0->0 0->0 0->0 0->0 0->0 0->0 0->0 0->0 0->0 0->0 0->0 0->0 0->0 0->0 0->0 0->0 0->0 0->0 0->0 0->0 
0->0 0->0 0->0 0->0 0->0 0->0 108->0 115->0 117->0 132->0 130->0 78->0 171->0 181->0 165->0 0->0 0->0 0->0 0->0 0->0 0->0 0->0 0->0 0->0 0->0 0->0 0->0 0->0 0->0 0->0 0->0 0->0 0->0 0->0 0->0 0->0 
0->0 0->0 0->0 0->0 0->0 0->0 100->0 85->0 154->0 104->0 71->0 173->0 105->0 68->0 167->0 0->0 0->0 0->0 0->0 0->0 0->0 0->0 0->0 0->0 0->0 0->0 0->0 0->0 0->0 0->0 0->0 0->0 0->0 0->0 0->0 0->0 
0->0 0->0 0->0 0->0 0->0 0->0 0->0 0->0 0->0 0->0 0->0 0->0 0->0 0->0 0->0 0->0 0->0 0->0 0->0 0->0 0->0 0->0 0->0 0->0 0->0 0->0 0->0 0->0 0->0 0->0 0->0 0->0 0->0 0->0 0->0 0->0 
0->0 0->0 0->0 0->0 0->0 0->0 0->0 0->0 0->0 93->0 97->0 88->0 113->0 127->0 107->0 87->0 100->0 98->0 0->0 0->0 0->0 0->0 0->0 0->0 0->0 0->0 0->0 0->0 0->0 0->0 0->0 0->0 0->0 0->0 0->0 0->0 
0->0 0->0 0->0 0->0 0->0 0->0 0->0 0->0 0->0 108->0 115->0 117->0 132->0 130->0 78->0 171->0 181->0 165->0 0->0 0->0 0->0 0->0 0->0 0->0 0->0 0->0 0->0 0->0 0->0 0->0 0->0 0->0 0->0 0->0 0->0 0->0 
0->0 0->0 0->0 0->0 0->0 0->0 0->0 0->0 0->0 100->0 85->0 154->0 104->0 71->0 173->0 105->0 68->0 167->0 0->0 0->0 0->0 0->0 0->0 0->0 0->0 0->0 0->0 0->0 0->0 0->0 0->0 0->0 0->0 0->0 0->0 0->0 
0->0 0->0 0->0 0->0 0->0 0->0 0->0 0->0 0->0 0->0 0->0 0->0 0->0 0->0 0->0 0->0 0->0 0->0 0->0 0->0 0->0 0->0 0->0 0->0 0->0 0->0 0->0 0->0 0->0 0->0 0->0 0->0 0->0 0->0 0->0 0->0 
0->0 0->0 0->0 0->0 0->0 0->0 0->0 0->0 0->0 0->0 0->0 0->0 93->0 97->0 88->0 113->0 127->0 107->0 87->0 100->0 98->0 0->0 0->0 0->0 0->0 0->0 0->0 0->0 0->0 0->0 0->0 0->0 0->0 0->0 0->0 0->0 
0->0 0->0 0->0 0->0 0->0 0->0 0->0 0->0 0->0 0->0 0->0 0->0 108->0 115->0 117->0 132->0 130->0 78->0 171->0 181->0 165->0 0->0 0->0 0->0 0->0 0->0 0->0 0->0 0->0 0->0 0->0 0->0 0->0 0->0 0->0 0->0 
0->0 0->0 0->0 0->0 0->0 0->0 0->0 0->0 0->0 0->0 0->0 0->0 100->0 85->0 154->0 104->0 71->0 173->0 105->0 68->0 167->0 0->0 0->0 0->0 0->0 0->0 0->0 0->0 0->0 0->0 0->0 0->0 0->0 0->0 0->0 0->0 
0->0 0->0 0->0 0->0 0->0 0->0 0->0 0->0 0->0 0->0 0->0 0->0 0->0 0->0 0->0 0->0 0->0 0->0 0->0 0->0 0->0 0->0 0->0 0->0 0->0 0->0 0->0 0->0 0->0 0->0 0->0 0->0 0->0 0->0 0->0 0->0 
0->0 0->0 0->0 0->0 0->0 0->0 0->0 0->0 0->0 0->0 0->0 0->0 0->0 0->0 0->0 93->0 97->0 88->0 113->0 127->0 107->0 87->0 100->0 98->0 0->0 0->0 0->0 0->0 0->0 0->0 0->0 0->0 0->0 0->0 0->0 0->0 
0->0 0->0 0->0 0->0 0->0 0->0 0->0 0->0 0->0 0->0 0->0 0->0 0->0 0->0 0->0 108->0 115->0 117->0 132->0 130->0 78->0 171->0 181->0 165->0 0->0 0->0 0->0 0->0 0->0 0->0 0->0 0->0 0->0 0->0 0->0 0->0 
0->0 0->0 0->0 0->0 0->0 0->0 0->0 0->0 0->0 0->0 0->0 0->0 0->0 0->0 0->0 100->0 85->0 154->0 104->0 71->0 173->0 105->0 68->0 167->0 0->0 0->0 0->0 0->0 0->0 0->0 0->0 0->0 0->0 0->0 0->0 0->0 
0->0 0->0 0->0 0->0 0->0 0->0 0->0 0->0 0->0 0->0 0->0 0->0 0->0 0->0 0->0 0->0 0->0 0->0 0->0 0->0 0->0 0->0 0->0 0->0 0->0 0->0 0->0 0->0 0->0 0->0 0->0 0->0 0->0 0->0 0->0 0->0 
0->0 0->0 0->0 0->0 0->0 0->0 0->0 0->0 0->0 0->0 0->0 0->0 0->0 0->0 0->0 0->0 0->0 0->0 93->0 97->0 88->0 113->0 127->0 107->0 87->0 100->0 98->0 0->0 0->0 0->0 0->0 0->0 0->0 0->0 0->0 0->0 
0->0 0->0 0->0 0->0 0->0 0->0 0->0 0->0 0->0 0->0 0->0 0->0 0->0 0->0 0->0 0->0 0->0 0->0 108->0 115->0 117->0 132->0 130->0 78->0 171->0 181->0 165->0 0->0 0->0 0->0 0->0 0->0 0->0 0->0 0->0 0->0 
0->0 0->0 0->0 0->0 0->0 0->0 0->0 0->0 0->0 0->0 0->0 0->0 0->0 0->0 0->0 0->0 0->0 0->0 100->0 85->0 154->0 104->0 71->0 173->0 105->0 68->0 167->0 0->0 0->0 0->0 0->0 0->0 0->0 0->0 0->0 0->0 
0->0 0->0 0->0 0->0 0->0 0->0 0->0 0->0 0->0 0->0 0->0 0->0 0->0 0->0 0->0 0->0 0->0 0->0 0->0 0->0 0->0 0->0 0->0 0->0 0->0 0->0 0->0 0->0 0->0 0->0 0->0 0->0 0->0 0->0 0->0 0->0 
0->0 0->0 0->0 0->0 0->0 0->0 0->0 0->0 0->0 0->0 0->0 0->0 0->0 0->0 0->0 0->0 0->0 0->0 0->0 0->0 0->0 93->0 97->0 88->0 113->0 127->0 107->0 87->0 100->0 98->0 0->0 0->0 0->0 0->0 0->0 0->0 
0->0 0->0 0->0 0->0 0->0 0->0 0->0 0->0 0->0 0->0 0->0 0->0 0->0 0->0 0->0 0->0 0->0 0->0 0->0 0->0 0->0 108->0 115->0 117->0 132->0 130->0 78->0 171->0 181->0 165->0 0->0 0->0 0->0 0->0 0->0 0->0 
0->0 0->0 0->0 0->0 0->0 0->0 0->0 0->0 0->0 0->0 0->0 0->0 0->0 0->0 0->0 0->0 0->0 0->0 0->0 0->0 0->0 100->0 85->0 154->0 104->0 71->0 173->0 105->0 68->0 167->0 0->0 0->0 0->0 0->0 0->0 0->0 
0->0 0->0 0->0 0->0 0->0 0->0 0->0 0->0 0->0 0->0 0->0 0->0 0->0 0->0 0->0 0->0 0->0 0->0 0->0 0->0 0->0 0->0 0->0 0->0 0->0 0->0 0->0 0->0 0->0 0->0 0->0 0->0 0->0 0->0 0->0 0->0 

93->0 97->0 88->0 113->0 127->0 107->0 87->0 100->0 98->0 0->0 0->0 0->0 0->0 0->0 0->0 0->0 0->0 0->0 0->0 0->0 0->0 0->0 0->0 0->0 0->0 0->0 0->0 0->0 0->0 0->0 0->0 0->0 0->0 0->0 0->0 0->0 
108->0 115->0 117->0 132->0 130->0 78->0 171->0 181->0 165->0 0->0 0->0 0->0 0->0 0->0 0->0 0->0 0->0 0->0 0->0 0->0 0->0 0->0 0->0 0->0 0->0 0->0 0->0 0->0 0->0 0->0 0->0 0->0 0->0 0->0 0->0 0->0 
100->0 85->0 154->0 104->0 71->0 173->0 105->0 68->0 167->0 0->0 0->0 0->0 0->0 0->0 0->0 0->0 0->0 0->0 0->0 0->0 0->0 0->0 0->0 0->0 0->0 0->0 0->0 0->0 0->0 0->0 0->0 0->0 0->0 0->0 0->0 0->0 
0->0 0->0 0->0 0->0 0->0 0->0 0->0 0->0 0->0 0->0 0->0 0->0 0->0 0->0 0->0 0->0 0->0 0->0 0->0 0->0 0->0 0->0 0->0 0->0 0->0 0->0 0->0 0->0 0->0 0->0 0->0 0->0 0->0 0->0 0->0 0->0 
0->0 0->0 0->0 93->0 97->0 88->0 113->0 127->0 107->0 87->0 100->0 98->0 0->0 0->0 0->0 0->0 0->0 0->0 0->0 0->0 0->0 0->0 0->0 0->0 0->0 0->0 0->0 0->0 0->0 0->0 0->0 0->0 0->0 0->0 0->0 0->0 
0->0 0->0 0->0 108->0 115->0 117->0 132->0 130->0 78->0 171->0 181->0 165->0 0->0 0->0 0->0 0->0 0->0 0->0 0->0 0->0 0->0 0->0 0->0 0->0 0->0 0->0 0->0 0->0 0->0 0->0 0->0 0->0 0->0 0->0 0->0 0->0 
0->0 0->0 0->0 100->0 85->0 154->0 104->0 71->0 173->0 105->0 68->0 167->0 0->0 0->0 0->0 0->0 0->0 0->0 0->0 0->0 0->0 0->0 0->0 0->0 0->0 0->0 0->0 0->0 0->0 0->0 0->0 0->0 0->0 0->0 0->0 0->0 
0->0 0->0 0->0 0->0 0->0 0->0 0->0 0->0 0->0 0->0 0->0 0->0 0->0 0->0 0->0 0->0 0->0 0->0 0->0 0->0 0->0 0->0 0->0 0->0 0->0 0->0 0->0 0->0 0->0 0->0 0->0 0->0 0->0 0->0 0->0 0->0 
0->0 0->0 0->0 0->0 0->0 0->0 93->0 97->0 88->0 113->0 127->0 107->0 87->0 100->0 98->0 0->0 0->0 0->0 0->0 0->0 0->0 0->0 0->0 0->0 0->0 0->0 0->0 0->0 0->0 0->0 0->0 0->0 0->0 0->0 0->0 0->0 
0->0 0->0 0->0 0->0 0->0 0->0 108->0 115->0 117->0 132->0 130->0 78->0 171->0 181->0 165->0 0->0 0->0 0->0 0->0 0->0 0->0 0->0 0->0 0->0 0->0 0->0 0->0 0->0 0->0 0->0 0->0 0->0 0->0 0->0 0->0 0->0 
0->0 0->0 0->0 0->0 0->0 0->0 100->0 85->0 154->0 104->0 71->0 173->0 105->0 68->0 167->0 0->0 0->0 0->0 0->0 0->0 0->0 0->0 0->0 0->0 0->0 0->0 0->0 0->0 0->0 0->0 0->0 0->0 0->0 0->0 0->0 0->0 
0->0 0->0 0->0 0->0 0->0 0->0 0->0 0->0 0->0 0->0 0->0 0->0 0->0 0->0 0->0 0->0 0->0 0->0 0->0 0->0 0->0 0->0 0->0 0->0 0->0 0->0 0->0 0->0 0->0 0->0 0->0 0->0 0->0 0->0 0->0 0->0 
0->0 0->0 0->0 0->0 0->0 0->0 0->0 0->0 0->0 93->0 97->0 88->0 113->0 127->0 107->0 87->0 100->0 98->0 0->0 0->0 0->0 0->0 0->0 0->0 0->0 0->0 0->0 0->0 0->0 0->0 0->0 0->0 0->0 0->0 0->0 0->0 
0->0 0->0 0->0 0->0 0->0 0->0 0->0 0->0 0->0 108->0 115->0 117->0 132->0 130->0 78->0 171->0 181->0 165->0 0->0 0->0 0->0 0->0 0->0 0->0 0->0 0->0 0->0 0->0 0->0 0->0 0->0 0->0 0->0 0->0 0->0 0->0 
0->0 0->0 0->0 0->0 0->0 0->0 0->0 0->0 0->0 100->0 85->0 154->0 104->0 71->0 173->0 105->0 68->0 167->0 0->0 0->0 0->0 0->0 0->0 0->0 0->0 0->0 0->0 0->0 0->0 0->0 0->0 0->0 0->0 0->0 0->0 0->0 
0->0 0->0 0->0 0->0 0->0 0->0 0->0 0->0 0->0 0->0 0->0 0->0 0->0 0->0 0->0 0->0 0->0 0->0 0->0 0->0 0->0 0->0 0->0 0->0 0->0 0->0 0->0 0->0 0->0 0->0 0->0 0->0 0->0 0->0 0->0 0->0 
0->0 0->0 0->0 0->0 0->0 0->0 0->0 0->0 0->0 0->0 0->0 0->0 93->0 97->0 88->0 113->0 127->0 107->0 87->0 100->0 98->0 0->0 0->0 0->0 0->0 0->0 0->0 0->0 0->0 0->0 0->0 0->0 0->0 0->0 0->0 0->0 
0->0 0->0 0->0 0->0 0->0 0->0 0->0 0->0 0->0 0->0 0->0 0->0 108->0 115->0 117->0 132->0 130->0 78->0 171->0 181->0 165->0 0->0 0->0 0->0 0->0 0->0 0->0 0->0 0->0 0->0 0->0 0->0 0->0 0->0 0->0 0->0 
0->0 0->0 0->0 0->0 0->0 0->0 0->0 0->0 0->0 0->0 0->0 0->0 100->0 85->0 154->0 104->0 71->0 173->0 105->0 68->0 167->0 0->0 0->0 0->0 0->0 0->0 0->0 0->0 0->0 0->0 0->0 0->0 0->0 0->0 0->0 0->0 
0->0 0->0 0->0 0->0 0->0 0->0 0->0 0->0 0->0 0->0 0->0 0->0 0->0 0->0 0->0 0->0 0->0 0->0 0->0 0->0 0->0 0->0 0->0 0->0 0->0 0->0 0->0 0->0 0->0 0->0 0->0 0->0 0->0 0->0 0->0 0->0 
0->0 0->0 0->0 0->0 0->0 0->0 0->0 0->0 0->0 0->0 0->0 0->0 0->0 0->0 0->0 93->0 97->0 88->0 113->0 127->0 107->0 87->0 100->0 98->0 0->0 0->0 0->0 0->0 0->0 0->0 0->0 0->0 0->0 0->0 0->0 0->0 
0->0 0->0 0->0 0->0 0->0 0->0 0->0 0->0 0->0 0->0 0->0 0->0 0->0 0->0 0->0 108->0 115->0 117->0 132->0 130->0 78->0 171->0 181->0 165->0 0->0 0->0 0->0 0->0 0->0 0->0 0->0 0->0 0->0 0->0 0->0 0->0 
0->0 0->0 0->0 0->0 0->0 0->0 0->0 0->0 0->0 0->0 0->0 0->0 0->0 0->0 0->0 100->0 85->0 154->0 104->0 71->0 173->0 105->0 68->0 167->0 0->0 0->0 0->0 0->0 0->0 0->0 0->0 0->0 0->0 0->0 0->0 0->0 
0->0 0->0 0->0 0->0 0->0 0->0 0->0 0->0 0->0 0->0 0->0 0->0 0->0 0->0 0->0 0->0 0->0 0->0 0->0 0->0 0->0 0->0 0->0 0->0 0->0 0->0 0->0 0->0 0->0 0->0 0->0 0->0 0->0 0->0 0->0 0->0 
0->0 0->0 0->0 0->0 0->0 0->0 0->0 0->0 0->0 0->0 0->0 0->0 0->0 0->0 0->0 0->0 0->0 0->0 93->0 97->0 88->0 113->0 127->0 107->0 87->0 100->0 98->0 0->0 0->0 0->0 0->0 0->0 0->0 0->0 0->0 0->0 
0->0 0->0 0->0 0->0 0->0 0->0 0->0 0->0 0->0 0->0 0->0 0->0 0->0 0->0 0->0 0->0 0->0 0->0 108->0 115->0 117->0 132->0 130->0 78->0 171->0 181->0 165->0 0->0 0->0 0->0 0->0 0->0 0->0 0->0 0->0 0->0 
0->0 0->0 0->0 0->0 0->0 0->0 0->0 0->0 0->0 0->0 0->0 0->0 0->0 0->0 0->0 0->0 0->0 0->0 100->0 85->0 154->0 104->0 71->0 173->0 105->0 68->0 167->0 0->0 0->0 0->0 0->0 0->0 0->0 0->0 0->0 0->0 
0->0 0->0 0->0 0->0 0->0 0->0 0->0 0->0 0->0 0->0 0->0 0->0 0->0 0->0 0->0 0->0 0->0 0->0 0->0 0->0 0->0 0->0 0->0 0->0 0->0 0->0 0->0 0->0 0->0 0->0 0->0 0->0 0->0 0->0 0->0 0->0 
0->0 0->0 0->0 0->0 0->0 0->0 0->0 0->0 0->0 0->0 0->0 0->0 0->0 0->0 0->0 0->0 0->0 0->0 0->0 0->0 0->0 93->0 97->0 88->0 113->0 127->0 107->0 87->0 100->0 98->0 0->0 0->0 0->0 0->0 0->0 0->0 
0->0 0->0 0->0 0->0 0->0 0->0 0->0 0->0 0->0 0->0 0->0 0->0 0->0 0->0 0->0 0->0 0->0 0->0 0->0 0->0 0->0 108->0 115->0 117->0 132->0 130->0 78->0 171->0 181->0 165->0 0->0 0->0 0->0 0->0 0->0 0->0 
0->0 0->0 0->0 0->0 0->0 0->0 0->0 0->0 0->0 0->0 0->0 0->0 0->0 0->0 0->0 0->0 0->0 0->0 0->0 0->0 0->0 100->0 85->0 154->0 104->0 71->0 173->0 105->0 68->0 167->0 0->0 0->0 0->0 0->0 0->0 0->0 
0->0 0->0 0->0 0->0 0->0 0->0 0->0 0->0 0->0 0->0 0->0 0->0 0->0 0->0 0->0 0->0 0->0 0->0 0->0 0->0 0->0 0->0 0->0 0->0 0->0 0->0 0->0 0->0 0->0 0->0 0->0 0->0 0->0 0->0 0->0 0->0 

93->0 97->0 88->0 113->0 127->0 107->0 87->0 100->0 98->0 0->0 0->0 0->0 0->0 0->0 0->0 0->0 0->0 0->0 0->0 0->0 0->0 0->0 0->0 0->0 0->0 0->0 0->0 0->0 0->0 0->0 0->0 0->0 0->0 0->0 0->0 0->0 
108->0 115->0 117->0 132->0 130->0 78->0 171->0 181->0 165->0 0->0 0->0 0->0 0->0 0->0 0->0 0->0 0->0 0->0 0->0 0->0 0->0 0->0 0->0 0->0 0->0 0->0 0->0 0->0 0->0 0->0 0->0 0->0 0->0 0->0 0->0 0->0 
100->0 85->0 154->0 104->0 71->0 173->0 105->0 68->0 167->0 0->0 0->0 0->0 0->0 0->0 0->0 0->0 0->0 0->0 0->0 0->0 0->0 0->0 0->0 0->0 0->0 0->0 0->0 0->0 0->0 0->0 0->0 0->0 0->0 0->0 0->0 0->0 
0->0 0->0 0->0 0->0 0->0 0->0 0->0 0->0 0->0 0->0 0->0 0->0 0->0 0->0 0->0 0->0 0->0 0->0 0->0 0->0 0->0 0->0 0->0 0->0 0->0 0->0 0->0 0->0 0->0 0->0 0->0 0->0 0->0 0->0 0->0 0->0 
0->0 0->0 0->0 93->0 97->0 88->0 113->0 127->0 107->0 87->0 100->0 98->0 0->0 0->0 0->0 0->0 0->0 0->0 0->0 0->0 0->0 0->0 0->0 0->0 0->0 0->0 0->0 0->0 0->0 0->0 0->0 0->0 0->0 0->0 0->0 0->0 
0->0 0->0 0->0 108->0 115->0 117->0 132->0 130->0 78->0 171->0 181->0 165->0 0->0 0->0 0->0 0->0 0->0 0->0 0->0 0->0 0->0 0->0 0->0 0->0 0->0 0->0 0->0 0->0 0->0 0->0 0->0 0->0 0->0 0->0 0->0 0->0 
0->0 0->0 0->0 100->0 85->0 154->0 104->0 71->0 173->0 105->0 68->0 167->0 0->0 0->0 0->0 0->0 0->0 0->0 0->0 0->0 0->0 0->0 0->0 0->0 0->0 0->0 0->0 0->0 0->0 0->0 0->0 0->0 0->0 0->0 0->0 0->0 
0->0 0->0 0->0 0->0 0->0 0->0 0->0 0->0 0->0 0->0 0->0 0->0 0->0 0->0 0->0 0->0 0->0 0->0 0->0 0->0 0->0 0->0 0->0 0->0 0->0 0->0 0->0 0->0 0->0 0->0 0->0 0->0 0->0 0->0 0->0 0->0 
0->0 0->0 0->0 0->0 0->0 0->0 93->0 97->0 88->0 113->0 127->0 107->0 87->0 100->0 98->0 0->0 0->0 0->0 0->0 0->0 0->0 0->0 0->0 0->0 0->0 0->0 0->0 0->0 0->0 0->0 0->0 0->0 0->0 0->0 0->0 0->0 
0->0 0->0 0->0 0->0 0->0 0->0 108->0 115->0 117->0 132->0 130->0 78->0 171->0 181->0 165->0 0->0 0->0 0->0 0->0 0->0 0->0 0->0 0->0 0->0 0->0 0->0 0->0 0->0 0->0 0->0 0->0 0->0 0->0 0->0 0->0 0->0 
0->0 0->0 0->0 0->0 0->0 0->0 100->0 85->0 154->0 104->0 71->0 173->0 105->0 68->0 167->0 0->0 0->0 0->0 0->0 0->0 0->0 0->0 0->0 0->0 0->0 0->0 0->0 0->0 0->0 0->0 0->0 0->0 0->0 0->0 0->0 0->0 
0->0 0->0 0->0 0->0 0->0 0->0 0->0 0->0 0->0 0->0 0->0 0->0 0->0 0->0 0->0 0->0 0->0 0->0 0->0 0->0 0->0 0->0 0->0 0->0 0->0 0->0 0->0 0->0 0->0 0->0 0->0 0->0 0->0 0->0 0->0 0->0 
0->0 0->0 0->0 0->0 0->0 0->0 0->0 0->0 0->0 93->0 97->0 88->0 113->0 127->0 107->0 87->0 100->0 98->0 0->0 0->0 0->0 0->0 0->0 0->0 0->0 0->0 0->0 0->0 0->0 0->0 0->0 0->0 0->0 0->0 0->0 0->0 
0->0 0->0 0->0 0->0 0->0 0->0 0->0 0->0 0->0 108->0 115->0 117->0 132->0 130->0 78->0 171->0 181->0 165->0 0->0 0->0 0->0 0->0 0->0 0->0 0->0 0->0 0->0 0->0 0->0 0->0 0->0 0->0 0->0 0->0 0->0 0->0 
0->0 0->0 0->0 0->0 0->0 0->0 0->0 0->0 0->0 100->0 85->0 154->0 104->0 71->0 173->0 105->0 68->0 167->0 0->0 0->0 0->0 0->0 0->0 0->0 0->0 0->0 0->0 0->0 0->0 0->0 0->0 0->0 0->0 0->0 0->0 0->0 
0->0 0->0 0->0 0->0 0->0 0->0 0->0 0->0 0->0 0->0 0->0 0->0 0->0 0->0 0->0 0->0 0->0 0->0 0->0 0->0 0->0 0->0 0->0 0->0 0->0 0->0 0->0 0->0 0->0 0->0 0->0 0->0 0->0 0->0 0->0 0->0 
0->0 0->0 0->0 0->0 0->0 0->0 0->0 0->0 0->0 0->0 0->0 0->0 93->0 97->0 88->0 113->0 127->0 107->0 87->0 100->0 98->0 0->0 0->0 0->0 0->0 0->0 0->0 0->0 0->0 0->0 0->0 0->0 0->0 0->0 0->0 0->0 
0->0 0->0 0->0 0->0 0->0 0->0 0->0 0->0 0->0 0->0 0->0 0->0 108->0 115->0 117->0 132->0 130->0 78->0 171->0 181->0 165->0 0->0 0->0 0->0 0->0 0->0 0->0 0->0 0->0 0->0 0->0 0->0 0->0 0->0 0->0 0->0 
0->0 0->0 0->0 0->0 0->0 0->0 0->0 0->0 0->0 0->0 0->0 0->0 100->0 85->0 154->0 104->0 71->0 173->0 105->0 68->0 167->0 0->0 0->0 0->0 0->0 0->0 0->0 0->0 0->0 0->0 0->0 0->0 0->0 0->0 0->0 0->0 
0->0 0->0 0->0 0->0 0->0 0->0 0->0 0->0 0->0 0->0 0->0 0->0 0->0 0->0 0->0 0->0 0->0 0->0 0->0 0->0 0->0 0->0 0->0 0->0 0->0 0->0 0->0 0->0 0->0 0->0 0->0 0->0 0->0 0->0 0->0 0->0 
0->0 0->0 0->0 0->0 0->0 0->0 0->0 0->0 0->0 0->0 0->0 0->0 0->0 0->0 0->0 93->0 97->0 88->0 113->0 127->0 107->0 87->0 100->0 98->0 0->0 0->0 0->0 0->0 0->0 0->0 0->0 0->0 0->0 0->0 0->0 0->0 
0->0 0->0 0->0 0->0 0->0 0->0 0->0 0->0 0->0 0->0 0->0 0->0 0->0 0->0 0->0 108->0 115->0 117->0 132->0 130->0 78->0 171->0 181->0 165->0 0->0 0->0 0->0 0->0 0->0 0->0 0->0 0->0 0->0 0->0 0->0 0->0 
0->0 0->0 0->0 0->0 0->0 0->0 0->0 0->0 0->0 0->0 0->0 0->0 0->0 0->0 0->0 100->0 85->0 154->0 104->0 71->0 173->0 105->0 68->0 167->0 0->0 0->0 0->0 0->0 0->0 0->0 0->0 0->0 0->0 0->0 0->0 0->0 
0->0 0->0 0->0 0->0 0->0 0->0 0->0 0->0 0->0 0->0 0->0 0->0 0->0 0->0 0->0 0->0 0->0 0->0 0->0 0->0 0->0 0->0 0->0 0->0 0->0 0->0 0->0 0->0 0->0 0->0 0->0 0->0 0->0 0->0 0->0 0->0 
0->0 0->0 0->0 0->0 0->0 0->0 0->0 0->0 0->0 0->0 0->0 0->0 0->0 0->0 0->0 0->0 0->0 0->0 93->0 97->0 88->0 113->0 127->0 107->0 87->0 100->0 98->0 0->0 0->0 0->0 0->0 0->0 0->0 0->0 0->0 0->0 
0->0 0->0 0->0 0->0 0->0 0->0 0->0 0->0 0->0 0->0 0->0 0->0 0->0 0->0 0->0 0->0 0->0 0->0 108->0 115->0 117->0 132->0 130->0 78->0 171->0 181->0 165->0 0->0 0->0 0->0 0->0 0->0 0->0 0->0 0->0 0->0 
0->0 0->0 0->0 0->0 0->0 0->0 0->0 0->0 0->0 0->0 0->0 0->0 0->0 0->0 0->0 0->0 0->0 0->0 100->0 85->0 154->0 104->0 71->0 173->0 105->0 68->0 167->0 0->0 0->0 0->0 0->0 0->0 0->0 0->0 0->0 0->0 
0->0 0->0 0->0 0->0 0->0 0->0 0->0 0->0 0->0 0->0 0->0 0->0 0->0 0->0 0->0 0->0 0->0 0->0 0->0 0->0 0->0 0->0 0->0 0->0 0->0 0->0 0->0 0->0 0->0 0->0 0->0 0->0 0->0 0->0 0->0 0->0 
0->0 0->0 0->0 0->0 0->0 0->0 0->0 0->0 0->0 0->0 0->0 0->0 0->0 0->0 0->0 0->0 0->0 0->0 0->0 0->0 0->0 93->0 97->0 88->0 113->0 127->0 107->0 87->0 100->0 98->0 0->0 0->0 0->0 0->0 0->0 0->0 
0->0 0->0 0->0 0->0 0->0 0->0 0->0 0->0 0->0 0->0 0->0 0->0 0->0 0->0 0->0 0->0 0->0 0->0 0->0 0->0 0->0 108->0 115->0 117->0 132->0 130->0 78->0 171->0 181->0 165->0 0->0 0->0 0->0 0->0 0->0 0->0 
0->0 0->0 0->0 0->0 0->0 0->0 0->0 0->0 0->0 0->0 0->0 0->0 0->0 0->0 0->0 0->0 0->0 0->0 0->0 0->0 0->0 100->0 85->0 154->0 104->0 71->0 173->0 105->0 68->0 167->0 0->0 0->0 0->0 0->0 0->0 0->0 
0->0 0->0 0->0 0->0 0->0 0->0 0->0 0->0 0->0 0->0 0->0 0->0 0->0 0->0 0->0 0->0 0->0 0->0 0->0 0->0 0->0 0->0 0->0 0->0 0->0 0->0 0->0 0->0 0->0 0->0 0->0 0->0 0->0 0->0 0->0 0->0 

93->0 97->0 88->0 113->0 127->0 107->0 87->0 100->0 98->0 0->0 0->0 0->0 0->0 0->0 0->0 0->0 0->0 0->0 0->0 0->0 0->0 0->0 0->0 0->0 0->0 0->0 0->0 0->0 0->0 0->0 0->0 0->0 0->0 0->0 0->0 0->0 
108->0 115->0 117->0 132->0 130->0 78->0 171->0 181->0 165->0 0->0 0->0 0->0 0->0 0->0 0->0 0->0 0->0 0->0 0->0 0->0 0->0 0->0 0->0 0->0 0->0 0->0 0->0 0->0 0->0 0->0 0->0 0->0 0->0 0->0 0->0 0->0 
100->0 85->0 154->0 104->0 71->0 173->0 105->0 68->0 167->0 0->0 0->0 0->0 0->0 0->0 0->0 0->0 0->0 0->0 0->0 0->0 0->0 0->0 0->0 0->0 0->0 0->0 0->0 0->0 0->0 0->0 0->0 0->0 0->0 0->0 0->0 0->0 
0->0 0->0 0->0 0->0 0->0 0->0 0->0 0->0 0->0 0->0 0->0 0->0 0->0 0->0 0->0 0->0 0->0 0->0 0->0 0->0 0->0 0->0 0->0 0->0 0->0 0->0 0->0 0->0 0->0 0->0 0->0 0->0 0->0 0->0 0->0 0->0 
0->0 0->0 0->0 93->0 97->0 88->0 113->0 127->0 107->0 87->0 100->0 98->0 0->0 0->0 0->0 0->0 0->0 0->0 0->0 0->0 0->0 0->0 0->0 0->0 0->0 0->0 0->0 0->0 0->0 0->0 0->0 0->0 0->0 0->0 0->0 0->0 
0->0 0->0 0->0 108->0 115->0 117->0 132->0 130->0 78->0 171->0 181->0 165->0 0->0 0->0 0->0 0->0 0->0 0->0 0->0 0->0 0->0 0->0 0->0 0->0 0->0 0->0 0->0 0->0 0->0 0->0 0->0 0->0 0->0 0->0 0->0 0->0 
0->0 0->0 0->0 100->0 85->0 154->0 104->0 71->0 173->0 105->0 68->0 167->0 0->0 0->0 0->0 0->0 0->0 0->0 0->0 0->0 0->0 0->0 0->0 0->0 0->0 0->0 0->0 0->0 0->0 0->0 0->0 0->0 0->0 0->0 0->0 0->0 
0->0 0->0 0->0 0->0 0->0 0->0 0->0 0->0 0->0 0->0 0->0 0->0 0->0 0->0 0->0 0->0 0->0 0->0 0->0 0->0 0->0 0->0 0->0 0->0 0->0 0->0 0->0 0->0 0->0 0->0 0->0 0->0 0->0 0->0 0->0 0->0 
0->0 0->0 0->0 0->0 0->0 0->0 93->0 97->0 88->0 113->0 127->0 107->0 87->0 100->0 98->0 0->0 0->0 0->0 0->0 0->0 0->0 0->0 0->0 0->0 0->0 0->0 0->0 0->0 0->0 0->0 0->0 0->0 0->0 0->0 0->0 0->0 
0->0 0->0 0->0 0->0 0->0 0->0 108->0 115->0 117->0 132->0 130->0 78->0 171->0 181->0 165->0 0->0 0->0 0->0 0->0 0->0 0->0 0->0 0->0 0->0 0->0 0->0 0->0 0->0 0->0 0->0 0->0 0->0 0->0 0->0 0->0 0->0 
0->0 0->0 0->0 0->0 0->0 0->0 100->0 85->0 154->0 104->0 71->0 173->0 105->0 68->0 167->0 0->0 0->0 0->0 0->0 0->0 0->0 0->0 0->0 0->0 0->0 0->0 0->0 0->0 0->0 0->0 0->0 0->0 0->0 0->0 0->0 0->0 
0->0 0->0 0->0 0->0 0->0 0->0 0->0 0->0 0->0 0->0 0->0 0->0 0->0 0->0 0->0 0->0 0->0 0->0 0->0 0->0 0->0 0->0 0->0 0->0 0->0 0->0 0->0 0->0 0->0 0->0 0->0 0->0 0->0 0->0 0->0 0->0 
0->0 0->0 0->0 0->0 0->0 0->0 0->0 0->0 0->0 93->0 97->0 88->0 113->0 127->0 107->0 87->0 100->0 98->0 0->0 0->0 0->0 0->0 0->0 0->0 0->0 0->0 0->0 0->0 0->0 0->0 0->0 0->0 0->0 0->0 0->0 0->0 
0->0 0->0 0->0 0->0 0->0 0->0 0->0 0->0 0->0 108->0 115->0 117->0 132->0 130->0 78->0 171->0 181->0 165->0 0->0 0->0 0->0 0->0 0->0 0->0 0->0 0->0 0->0 0->0 0->0 0->0 0->0 0->0 0->0 0->0 0->0 0->0 
0->0 0->0 0->0 0->0 0->0 0->0 0->0 0->0 0->0 100->0 85->0 154->0 104->0 71->0 173->0 105->0 68->0 167->0 0->0 0->0 0->0 0->0 0->0 0->0 0->0 0->0 0->0 0->0 0->0 0->0 0->0 0->0 0->0 0->0 0->0 0->0 
0->0 0->0 0->0 0->0 0->0 0->0 0->0 0->0 0->0 0->0 0->0 0->0 0->0 0->0 0->0 0->0 0->0 0->0 0->0 0->0 0->0 0->0 0->0 0->0 0->0 0->0 0->0 0->0 0->0 0->0 0->0 0->0 0->0 0->0 0->0 0->0 
0->0 0->0 0->0 0->0 0->0 0->0 0->0 0->0 0->0 0->0 0->0 0->0 93->0 97->0 88->0 113->0 127->0 107->0 87->0 100->0 98->0 0->0 0->0 0->0 0->0 0->0 0->0 0->0 0->0 0->0 0->0 0->0 0->0 0->0 0->0 0->0 
0->0 0->0 0->0 0->0 0->0 0->0 0->0 0->0 0->0 0->0 0->0 0->0 108->0 115->0 117->0 132->0 130->0 78->0 171->0 181->0 165->0 0->0 0->0 0->0 0->0 0->0 0->0 0->0 0->0 0->0 0->0 0->0 0->0 0->0 0->0 0->0 
0->0 0->0 0->0 0->0 0->0 0->0 0->0 0->0 0->0 0->0 0->0 0->0 100->0 85->0 154->0 104->0 71->0 173->0 105->0 68->0 167->0 0->0 0->0 0->0 0->0 0->0 0->0 0->0 0->0 0->0 0->0 0->0 0->0 0->0 0->0 0->0 
0->0 0->0 0->0 0->0 0->0 0->0 0->0 0->0 0->0 0->0 0->0 0->0 0->0 0->0 0->0 0->0 0->0 0->0 0->0 0->0 0->0 0->0 0->0 0->0 0->0 0->0 0->0 0->0 0->0 0->0 0->0 0->0 0->0 0->0 0->0 0->0 
0->0 0->0 0->0 0->0 0->0 0->0 0->0 0->0 0->0 0->0 0->0 0->0 0->0 0->0 0->0 93->0 97->0 88->0 113->0 127->0 107->0 87->0 100->0 98->0 0->0 0->0 0->0 0->0 0->0 0->0 0->0 0->0 0->0 0->0 0->0 0->0 
0->0 0->0 0->0 0->0 0->0 0->0 0->0 0->0 0->0 0->0 0->0 0->0 0->0 0->0 0->0 108->0 115->0 117->0 132->0 130->0 78->0 171->0 181->0 165->0 0->0 0->0 0->0 0->0 0->0 0->0 0->0 0->0 0->0 0->0 0->0 0->0 
0->0 0->0 0->0 0->0 0->0 0->0 0->0 0->0 0->0 0->0 0->0 0->0 0->0 0->0 0->0 100->0 85->0 154->0 104->0 71->0 173->0 105->0 68->0 167->0 0->0 0->0 0->0 0->0 0->0 0->0 0->0 0->0 0->0 0->0 0->0 0->0 
0->0 0->0 0->0 0->0 0->0 0->0 0->0 0->0 0->0 0->0 0->0 0->0 0->0 0->0 0->0 0->0 0->0 0->0 0->0 0->0 0->0 0->0 0->0 0->0 0->0 0->0 0->0 0->0 0->0 0->0 0->0 0->0 0->0 0->0 0->0 0->0 
0->0 0->0 0->0 0->0 0->0 0->0 0->0 0->0 0->0 0->0 0->0 0->0 0->0 0->0 0->0 0->0 0->0 0->0 93->0 97->0 88->0 113->0 127->0 107->0 87->0 100->0 98->0 0->0 0->0 0->0 0->0 0->0 0->0 0->0 0->0 0->0 
0->0 0->0 0->0 0->0 0->0 0->0 0->0 0->0 0->0 0->0 0->0 0->0 0->0 0->0 0->0 0->0 0->0 0->0 108->0 115->0 117->0 132->0 130->0 78->0 171->0 181->0 165->0 0->0 0->0 0->0 0->0 0->0 0->0 0->0 0->0 0->0 
0->0 0->0 0->0 0->0 0->0 0->0 0->0 0->0 0->0 0->0 0->0 0->0 0->0 0->0 0->0 0->0 0->0 0->0 100->0 85->0 154->0 104->0 71->0 173->0 105->0 68->0 167->0 0->0 0->0 0->0 0->0 0->0 0->0 0->0 0->0 0->0 
0->0 0->0 0->0 0->0 0->0 0->0 0->0 0->0 0->0 0->0 0->0 0->0 0->0 0->0 0->0 0->0 0->0 0->0 0->0 0->0 0->0 0->0 0->0 0->0 0->0 0->0 0->0 0->0 0->0 0->0 0->0 0->0 0->0 0->0 0->0 0->0 
0->0 0->0 0->0 0->0 0->0 0->0 0->0 0->0 0->0 0->0 0->0 0->0 0->0 0->0 0->0 0->0 0->0 0->0 0->0 0->0 0->0 93->0 97->0 88->0 113->0 127->0 107->0 87->0 100->0 98->0 0->0 0->0 0->0 0->0 0->0 0->0 
0->0 0->0 0->0 0->0 0->0 0->0 0->0 0->0 0->0 0->0 0->0 0->0 0->0 0->0 0->0 0->0 0->0 0->0 0->0 0->0 0->0 108->0 115->0 117->0 132->0 130->0 78->0 171->0 181->0 165->0 0->0 0->0 0->0 0->0 0->0 0->0 
0->0 0->0 0->0 0->0 0->0 0->0 0->0 0->0 0->0 0->0 0->0 0->0 0->0 0->0 0->0 0->0 0->0 0->0 0->0 0->0 0->0 100->0 85->0 154->0 104->0 71->0 173->0 105->0 68->0 167->0 0->0 0->0 0->0 0->0 0->0 0->0 
0->0 0->0 0->0 0->0 0->0 0->0 0->0 0->0 0->0 0->0 0->0 0->0 0->0 0->0 0->0 0->0 0->0 0->0 0->0 0->0 0->0 0->0 0->0 0->0 0->0 0->0 0->0 0->0 0->0 0->0 0->0 0->0 0->0 0->0 0->0 0->0 

93->0 97->0 88->0 113->0 127->0 107->0 87->0 100->0 98->0 0->0 0->0 0->0 0->0 0->0 0->0 0->0 0->0 0->0 0->0 0->0 0->0 0->0 0->0 0->0 0->0 0->0 0->0 0->0 0->0 0->0 0->0 0->0 0->0 0->0 0->0 0->0 
108->0 115->0 117->0 132->0 130->0 78->0 171->0 181->0 165->0 0->0 0->0 0->0 0->0 0->0 0->0 0->0 0->0 0->0 0->0 0->0 0->0 0->0 0->0 0->0 0->0 0->0 0->0 0->0 0->0 0->0 0->0 0->0 0->0 0->0 0->0 0->0 
100->0 85->0 154->0 104->0 71->0 173->0 105->0 68->0 167->0 0->0 0->0 0->0 0->0 0->0 0->0 0->0 0->0 0->0 0->0 0->0 0->0 0->0 0->0 0->0 0->0 0->0 0->0 0->0 0->0 0->0 0->0 0->0 0->0 0->0 0->0 0->0 
0->0 0->0 0->0 0->0 0->0 0->0 0->0 0->0 0->0 0->0 0->0 0->0 0->0 0->0 0->0 0->0 0->0 0->0 0->0 0->0 0->0 0->0 0->0 0->0 0->0 0->0 0->0 0->0 0->0 0->0 0->0 0->0 0->0 0->0 0->0 0->0 
0->0 0->0 0->0 93->0 97->0 88->0 113->0 127->0 107->0 87->0 100->0 98->0 0->0 0->0 0->0 0->0 0->0 0->0 0->0 0->0 0->0 0->0 0->0 0->0 0->0 0->0 0->0 0->0 0->0 0->0 0->0 0->0 0->0 0->0 0->0 0->0 
0->0 0->0 0->0 108->0 115->0 117->0 132->0 130->0 78->0 171->0 181->0 165->0 0->0 0->0 0->0 0->0 0->0 0->0 0->0 0->0 0->0 0->0 0->0 0->0 0->0 0->0 0->0 0->0 0->0 0->0 0->0 0->0 0->0 0->0 0->0 0->0 
0->0 0->0 0->0 100->0 85->0 154->0 104->0 71->0 173->0 105->0 68->0 167->0 0->0 0->0 0->0 0->0 0->0 0->0 0->0 0->0 0->0 0->0 0->0 0->0 0->0 0->0 0->0 0->0 0->0 0->0 0->0 0->0 0->0 0->0 0->0 0->0 
0->0 0->0 0->0 0->0 0->0 0->0 0->0 0->0 0->0 0->0 0->0 0->0 0->0 0->0 0->0 0->0 0->0 0->0 0->0 0->0 0->0 0->0 0->0 0->0 0->0 0->0 0->0 0->0 0->0 0->0 0->0 0->0 0->0 0->0 0->0 0->0 
0->0 0->0 0->0 0->0 0->0 0->0 93->0 97->0 88->0 113->0 127->0 107->0 87->0 100->0 98->0 0->0 0->0 0->0 0->0 0->0 0->0 0->0 0->0 0->0 0->0 0->0 0->0 0->0 0->0 0->0 0->0 0->0 0->0 0->0 0->0 0->0 
0->0 0->0 0->0 0->0 0->0 0->0 108->0 115->0 117->0 132->0 130->0 78->0 171->0 181->0 165->0 0->0 0->0 0->0 0->0 0->0 0->0 0->0 0->0 0->0 0->0 0->0 0->0 0->0 0->0 0->0 0->0 0->0 0->0 0->0 0->0 0->0 
0->0 0->0 0->0 0->0 0->0 0->0 100->0 85->0 154->0 104->0 71->0 173->0 105->0 68->0 167->0 0->0 0->0 0->0 0->0 0->0 0->0 0->0 0->0 0->0 0->0 0->0 0->0 0->0 0->0 0->0 0->0 0->0 0->0 0->0 0->0 0->0 
0->0 0->0 0->0 0->0 0->0 0->0 0->0 0->0 0->0 0->0 0->0 0->0 0->0 0->0 0->0 0->0 0->0 0->0 0->0 0->0 0->0 0->0 0->0 0->0 0->0 0->0 0->0 0->0 0->0 0->0 0->0 0->0 0->0 0->0 0->0 0->0 
0->0 0->0 0->0 0->0 0->0 0->0 0->0 0->0 0->0 93->0 97->0 88->0 113->0 127->0 107->0 87->0 100->0 98->0 0->0 0->0 0->0 0->0 0->0 0->0 0->0 0->0 0->0 0->0 0->0 0->0 0->0 0->0 0->0 0->0 0->0 0->0 
0->0 0->0 0->0 0->0 0->0 0->0 0->0 0->0 0->0 108->0 115->0 117->0 132->0 130->0 78->0 171->0 181->0 165->0 0->0 0->0 0->0 0->0 0->0 0->0 0->0 0->0 0->0 0->0 0->0 0->0 0->0 0->0 0->0 0->0 0->0 0->0 
0->0 0->0 0->0 0->0 0->0 0->0 0->0 0->0 0->0 100->0 85->0 154->0 104->0 71->0 173->0 105->0 68->0 167->0 0->0 0->0 0->0 0->0 0->0 0->0 0->0 0->0 0->0 0->0 0->0 0->0 0->0 0->0 0->0 0->0 0->0 0->0 
0->0 0->0 0->0 0->0 0->0 0->0 0->0 0->0 0->0 0->0 0->0 0->0 0->0 0->0 0->0 0->0 0->0 0->0 0->0 0->0 0->0 0->0 0->0 0->0 0->0 0->0 0->0 0->0 0->0 0->0 0->0 0->0 0->0 0->0 0->0 0->0 
0->0 0->0 0->0 0->0 0->0 0->0 0->0 0->0 0->0 0->0 0->0 0->0 93->0 97->0 88->0 113->0 127->0 107->0 87->0 100->0 98->0 0->0 0->0 0->0 0->0 0->0 0->0 0->0 0->0 0->0 0->0 0->0 0->0 0->0 0->0 0->0 
0->0 0->0 0->0 0->0 0->0 0->0 0->0 0->0 0->0 0->0 0->0 0->0 108->0 115->0 117->0 132->0 130->0 78->0 171->0 181->0 165->0 0->0 0->0 0->0 0->0 0->0 0->0 0->0 0->0 0->0 0->0 0->0 0->0 0->0 0->0 0->0 
0->0 0->0 0->0 0->0 0->0 0->0 0->0 0->0 0->0 0->0 0->0 0->0 100->0 85->0 154->0 104->0 71->0 173->0 105->0 68->0 167->0 0->0 0->0 0->0 0->0 0->0 0->0 0->0 0->0 0->0 0->0 0->0 0->0 0->0 0->0 0->0 
0->0 0->0 0->0 0->0 0->0 0->0 0->0 0->0 0->0 0->0 0->0 0->0 0->0 0->0 0->0 0->0 0->0 0->0 0->0 0->0 0->0 0->0 0->0 0->0 0->0 0->0 0->0 0->0 0->0 0->0 0->0 0->0 0->0 0->0 0->0 0->0 
0->0 0->0 0->0 0->0 0->0 0->0 0->0 0->0 0->0 0->0 0->0 0->0 0->0 0->0 0->0 93->0 97->0 88->0 113->0 127->0 107->0 87->0 100->0 98->0 0->0 0->0 0->0 0->0 0->0 0->0 0->0 0->0 0->0 0->0 0->0 0->0 
0->0 0->0 0->0 0->0 0->0 0->0 0->0 0->0 0->0 0->0 0->0 0->0 0->0 0->0 0->0 108->0 115->0 117->0 132->0 130->0 78->0 171->0 181->0 165->0 0->0 0->0 0->0 0->0 0->0 0->0 0->0 0->0 0->0 0->0 0->0 0->0 
0->0 0->0 0->0 0->0 0->0 0->0 0->0 0->0 0->0 0->0 0->0 0->0 0->0 0->0 0->0 100->0 85->0 154->0 104->0 71->0 173->0 105->0 68->0 167->0 0->0 0->0 0->0 0->0 0->0 0->0 0->0 0->0 0->0 0->0 0->0 0->0 
0->0 0->0 0->0 0->0 0->0 0->0 0->0 0->0 0->0 0->0 0->0 0->0 0->0 0->0 0->0 0->0 0->0 0->0 0->0 0->0 0->0 0->0 0->0 0->0 0->0 0->0 0->0 0->0 0->0 0->0 0->0 0->0 0->0 0->0 0->0 0->0 
0->0 0->0 0->0 0->0 0->0 0->0 0->0 0->0 0->0 0->0 0->0 0->0 0->0 0->0 0->0 0->0 0->0 0->0 93->0 97->0 88->0 113->0 127->0 107->0 87->0 100->0 98->0 0->0 0->0 0->0 0->0 0->0 0->0 0->0 0->0 0->0 
0->0 0->0 0->0 0->0 0->0 0->0 0->0 0->0 0->0 0->0 0->0 0->0 0->0 0->0 0->0 0->0 0->0 0->0 108->0 115->0 117->0 132->0 130->0 78->0 171->0 181->0 165->0 0->0 0->0 0->0 0->0 0->0 0->0 0->0 0->0 0->0 
0->0 0->0 0->0 0->0 0->0 0->0 0->0 0->0 0->0 0->0 0->0 0->0 0->0 0->0 0->0 0->0 0->0 0->0 100->0 85->0 154->0 104->0 71->0 173->0 105->0 68->0 167->0 0->0 0->0 0->0 0->0 0->0 0->0 0->0 0->0 0->0 
0->0 0->0 0->0 0->0 0->0 0->0 0->0 0->0 0->0 0->0 0->0 0->0 0->0 0->0 0->0 0->0 0->0 0->0 0->0 0->0 0->0 0->0 0->0 0->0 0->0 0->0 0->0 0->0 0->0 0->0 0->0 0->0 0->0 0->0 0->0 0->0 
0->0 0->0 0->0 0->0 0->0 0->0 0->0 0->0 0->0 0->0 0->0 0->0 0->0 0->0 0->0 0->0 0->0 0->0 0->0 0->0 0->0 93->0 97->0 88->0 113->0 127->0 107->0 87->0 100->0 98->0 0->0 0->0 0->0 0->0 0->0 0->0 
0->0 0->0 0->0 0->0 0->0 0->0 0->0 0->0 0->0 0->0 0->0 0->0 0->0 0->0 0->0 0->0 0->0 0->0 0->0 0->0 0->0 108->0 115->0 117->0 132->0 130->0 78->0 171->0 181->0 165->0 0->0 0->0 0->0 0->0 0->0 0->0 
0->0 0->0 0->0 0->0 0->0 0->0 0->0 0->0 0->0 0->0 0->0 0->0 0->0 0->0 0->0 0->0 0->0 0->0 0->0 0->0 0->0 100->0 85->0 154->0 104->0 71->0 173->0 105->0 68->0 167->0 0->0 0->0 0->0 0->0 0->0 0->0 
0->0 0->0 0->0 0->0 0->0 0->0 0->0 0->0 0->0 0->0 0->0 0->0 0->0 0->0 0->0 0->0 0->0 0->0 0->0 0->0 0->0 0->0 0->0 0->0 0->0 0->0 0->0 0->0 0->0 0->0 0->0 0->0 0->0 0->0 0->0 0->0 

93->0 97->0 88->0 113->0 127->0 107->0 87->0 100->0 98->0 0->0 0->0 0->0 0->0 0->0 0->0 0->0 0->0 0->0 0->0 0->0 0->0 0->0 0->0 0->0 0->0 0->0 0->0 0->0 0->0 0->0 0->0 0->0 0->0 0->0 0->0 0->0 
108->0 115->0 117->0 132->0 130->0 78->0 171->0 181->0 165->0 0->0 0->0 0->0 0->0 0->0 0->0 0->0 0->0 0->0 0->0 0->0 0->0 0->0 0->0 0->0 0->0 0->0 0->0 0->0 0->0 0->0 0->0 0->0 0->0 0->0 0->0 0->0 
100->0 85->0 154->0 104->0 71->0 173->0 105->0 68->0 167->0 0->0 0->0 0->0 0->0 0->0 0->0 0->0 0->0 0->0 0->0 0->0 0->0 0->0 0->0 0->0 0->0 0->0 0->0 0->0 0->0 0->0 0->0 0->0 0->0 0->0 0->0 0->0 
0->0 0->0 0->0 0->0 0->0 0->0 0->0 0->0 0->0 0->0 0->0 0->0 0->0 0->0 0->0 0->0 0->0 0->0 0->0 0->0 0->0 0->0 0->0 0->0 0->0 0->0 0->0 0->0 0->0 0->0 0->0 0->0 0->0 0->0 0->0 0->0 
0->0 0->0 0->0 93->0 97->0 88->0 113->0 127->0 107->0 87->0 100->0 98->0 0->0 0->0 0->0 0->0 0->0 0->0 0->0 0->0 0->0 0->0 0->0 0->0 0->0 0->0 0->0 0->0 0->0 0->0 0->0 0->0 0->0 0->0 0->0 0->0 
0->0 0->0 0->0 108->0 115->0 117->0 132->0 130->0 78->0 171->0 181->0 165->0 0->0 0->0 0->0 0->0 0->0 0->0 0->0 0->0 0->0 0->0 0->0 0->0 0->0 0->0 0->0 0->0 0->0 0->0 0->0 0->0 0->0 0->0 0->0 0->0 
0->0 0->0 0->0 100->0 85->0 154->0 104->0 71->0 173->0 105->0 68->0 167->0 0->0 0->0 0->0 0->0 0->0 0->0 0->0 0->0 0->0 0->0 0->0 0->0 0->0 0->0 0->0 0->0 0->0 0->0 0->0 0->0 0->0 0->0 0->0 0->0 
0->0 0->0 0->0 0->0 0->0 0->0 0->0 0->0 0->0 0->0 0->0 0->0 0->0 0->0 0->0 0->0 0->0 0->0 0->0 0->0 0->0 0->0 0->0 0->0 0->0 0->0 0->0 0->0 0->0 0->0 0->0 0->0 0->0 0->0 0->0 0->0 
0->0 0->0 0->0 0->0 0->0 0->0 93->0 97->0 88->0 113->0 127->0 107->0 87->0 100->0 98->0 0->0 0->0 0->0 0->0 0->0 0->0 0->0 0->0 0->0 0->0 0->0 0->0 0->0 0->0 0->0 0->0 0->0 0->0 0->0 0->0 0->0 
0->0 0->0 0->0 0->0 0->0 0->0 108->0 115->0 117->0 132->0 130->0 78->0 171->0 181->0 165->0 0->0 0->0 0->0 0->0 0->0 0->0 0->0 0->0 0->0 0->0 0->0 0->0 0->0 0->0 0->0 0->0 0->0 0->0 0->0 0->0 0->0 
0->0 0->0 0->0 0->0 0->0 0->0 100->0 85->0 154->0 104->0 71->0 173->0 105->0 68->0 167->0 0->0 0->0 0->0 0->0 0->0 0->0 0->0 0->0 0->0 0->0 0->0 0->0 0->0 0->0 0->0 0->0 0->0 0->0 0->0 0->0 0->0 
0->0 0->0 0->0 0->0 0->0 0->0 0->0 0->0 0->0 0->0 0->0 0->0 0->0 0->0 0->0 0->0 0->0 0->0 0->0 0->0 0->0 0->0 0->0 0->0 0->0 0->0 0->0 0->0 0->0 0->0 0->0 0->0 0->0 0->0 0->0 0->0 
0->0 0->0 0->0 0->0 0->0 0->0 0->0 0->0 0->0 93->0 97->0 88->0 113->0 127->0 107->0 87->0 100->0 98->0 0->0 0->0 0->0 0->0 0->0 0->0 0->0 0->0 0->0 0->0 0->0 0->0 0->0 0->0 0->0 0->0 0->0 0->0 
0->0 0->0 0->0 0->0 0->0 0->0 0->0 0->0 0->0 108->0 115->0 117->0 132->0 130->0 78->0 171->0 181->0 165->0 0->0 0->0 0->0 0->0 0->0 0->0 0->0 0->0 0->0 0->0 0->0 0->0 0->0 0->0 0->0 0->0 0->0 0->0 
0->0 0->0 0->0 0->0 0->0 0->0 0->0 0->0 0->0 100->0 85->0 154->0 104->0 71->0 173->0 105->0 68->0 167->0 0->0 0->0 0->0 0->0 0->0 0->0 0->0 0->0 0->0 0->0 0->0 0->0 0->0 0->0 0->0 0->0 0->0 0->0 
0->0 0->0 0->0 0->0 0->0 0->0 0->0 0->0 0->0 0->0 0->0 0->0 0->0 0->0 0->0 0->0 0->0 0->0 0->0 0->0 0->0 0->0 0->0 0->0 0->0 0->0 0->0 0->0 0->0 0->0 0->0 0->0 0->0 0->0 0->0 0->0 
0->0 0->0 0->0 0->0 0->0 0->0 0->0 0->0 0->0 0->0 0->0 0->0 93->0 97->0 88->0 113->0 127->0 107->0 87->0 100->0 98->0 0->0 0->0 0->0 0->0 0->0 0->0 0->0 0->0 0->0 0->0 0->0 0->0 0->0 0->0 0->0 
0->0 0->0 0->0 0->0 0->0 0->0 0->0 0->0 0->0 0->0 0->0 0->0 108->0 115->0 117->0 132->0 130->0 78->0 171->0 181->0 165->0 0->0 0->0 0->0 0->0 0->0 0->0 0->0 0->0 0->0 0->0 0->0 0->0 0->0 0->0 0->0 
0->0 0->0 0->0 0->0 0->0 0->0 0->0 0->0 0->0 0->0 0->0 0->0 100->0 85->0 154->0 104->0 71->0 173->0 105->0 68->0 167->0 0->0 0->0 0->0 0->0 0->0 0->0 0->0 0->0 0->0 0->0 0->0 0->0 0->0 0->0 0->0 
0->0 0->0 0->0 0->0 0->0 0->0 0->0 0->0 0->0 0->0 0->0 0->0 0->0 0->0 0->0 0->0 0->0 0->0 0->0 0->0 0->0 0->0 0->0 0->0 0->0 0->0 0->0 0->0 0->0 0->0 0->0 0->0 0->0 0->0 0->0 0->0 
0->0 0->0 0->0 0->0 0->0 0->0 0->0 0->0 0->0 0->0 0->0 0->0 0->0 0->0 0->0 93->0 97->0 88->0 113->0 127->0 107->0 87->0 100->0 98->0 0->0 0->0 0->0 0->0 0->0 0->0 0->0 0->0 0->0 0->0 0->0 0->0 
0->0 0->0 0->0 0->0 0->0 0->0 0->0 0->0 0->0 0->0 0->0 0->0 0->0 0->0 0->0 108->0 115->0 117->0 132->0 130->0 78->0 171->0 181->0 165->0 0->0 0->0 0->0 0->0 0->0 0->0 0->0 0->0 0->0 0->0 0->0 0->0 
0->0 0->0 0->0 0->0 0->0 0->0 0->0 0->0 0->0 0->0 0->0 0->0 0->0 0->0 0->0 100->0 85->0 154->0 104->0 71->0 173->0 105->0 68->0 167->0 0->0 0->0 0->0 0->0 0->0 0->0 0->0 0->0 0->0 0->0 0->0 0->0 
0->0 0->0 0->0 0->0 0->0 0->0 0->0 0->0 0->0 0->0 0->0 0->0 0->0 0->0 0->0 0->0 0->0 0->0 0->0 0->0 0->0 0->0 0->0 0->0 0->0 0->0 0->0 0->0 0->0 0->0 0->0 0->0 0->0 0->0 0->0 0->0 
0->0 0->0 0->0 0->0 0->0 0->0 0->0 0->0 0->0 0->0 0->0 0->0 0->0 0->0 0->0 0->0 0->0 0->0 93->0 97->0 88->0 113->0 127->0 107->0 87->0 100->0 98->0 0->0 0->0 0->0 0->0 0->0 0->0 0->0 0->0 0->0 
0->0 0->0 0->0 0->0 0->0 0->0 0->0 0->0 0->0 0->0 0->0 0->0 0->0 0->0 0->0 0->0 0->0 0->0 108->0 115->0 117->0 132->0 130->0 78->0 171->0 181->0 165->0 0->0 0->0 0->0 0->0 0->0 0->0 0->0 0->0 0->0 
0->0 0->0 0->0 0->0 0->0 0->0 0->0 0->0 0->0 0->0 0->0 0->0 0->0 0->0 0->0 0->0 0->0 0->0 100->0 85->0 154->0 104->0 71->0 173->0 105->0 68->0 167->0 0->0 0->0 0->0 0->0 0->0 0->0 0->0 0->0 0->0 
0->0 0->0 0->0 0->0 0->0 0->0 0->0 0->0 0->0 0->0 0->0 0->0 0->0 0->0 0->0 0->0 0->0 0->0 0->0 0->0 0->0 0->0 0->0 0->0 0->0 0->0 0->0 0->0 0->0 0->0 0->0 0->0 0->0 0->0 0->0 0->0 
0->0 0->0 0->0 0->0 0->0 0->0 0->0 0->0 0->0 0->0 0->0 0->0 0->0 0->0 0->0 0->0 0->0 0->0 0->0 0->0 0->0 93->0 97->0 88->0 113->0 127->0 107->0 87->0 100->0 98->0 0->0 0->0 0->0 0->0 0->0 0->0 
0->0 0->0 0->0 0->0 0->0 0->0 0->0 0->0 0->0 0->0 0->0 0->0 0->0 0->0 0->0 0->0 0->0 0->0 0->0 0->0 0->0 108->0 115->0 117->0 132->0 130->0 78->0 171->0 181->0 165->0 0->0 0->0 0->0 0->0 0->0 0->0 
0->0 0->0 0->0 0->0 0->0 0->0 0->0 0->0 0->0 0->0 0->0 0->0 0->0 0->0 0->0 0->0 0->0 0->0 0->0 0->0 0->0 100->0 85->0 154->0 104->0 71->0 173->0 105->0 68->0 167->0 0->0 0->0 0->0 0->0 0->0 0->0 
0->0 0->0 0->0 0->0 0->0 0->0 0->0 0->0 0->0 0->0 0->0 0->0 0->0 0->0 0->0 0->0 0->0 0->0 0->0 0->0 0->0 0->0 0->0 0->0 0->0 0->0 0->0 0->0 0->0 0->0 0->0 0->0 0->0 0->0 0->0 0->0 

93->0 97->0 88->0 113->0 127->0 107->0 87->0 100->0 98->0 0->0 0->0 0->0 0->0 0->0 0->0 0->0 0->0 0->0 0->0 0->0 0->0 0->0 0->0 0->0 0->0 0->0 0->0 0->0 0->0 0->0 0->0 0->0 0->0 0->0 0->0 0->0 
108->0 115->0 117->0 132->0 130->0 78->0 171->0 181->0 165->0 0->0 0->0 0->0 0->0 0->0 0->0 0->0 0->0 0->0 0->0 0->0 0->0 0->0 0->0 0->0 0->0 0->0 0->0 0->0 0->0 0->0 0->0 0->0 0->0 0->0 0->0 0->0 
100->0 85->0 154->0 104->0 71->0 173->0 105->0 68->0 167->0 0->0 0->0 0->0 0->0 0->0 0->0 0->0 0->0 0->0 0->0 0->0 0->0 0->0 0->0 0->0 0->0 0->0 0->0 0->0 0->0 0->0 0->0 0->0 0->0 0->0 0->0 0->0 
0->0 0->0 0->0 0->0 0->0 0->0 0->0 0->0 0->0 0->0 0->0 0->0 0->0 0->0 0->0 0->0 0->0 0->0 0->0 0->0 0->0 0->0 0->0 0->0 0->0 0->0 0->0 0->0 0->0 0->0 0->0 0->0 0->0 0->0 0->0 0->0 
0->0 0->0 0->0 93->0 97->0 88->0 113->0 127->0 107->0 87->0 100->0 98->0 0->0 0->0 0->0 0->0 0->0 0->0 0->0 0->0 0->0 0->0 0->0 0->0 0->0 0->0 0->0 0->0 0->0 0->0 0->0 0->0 0->0 0->0 0->0 0->0 
0->0 0->0 0->0 108->0 115->0 117->0 132->0 130->0 78->0 171->0 181->0 165->0 0->0 0->0 0->0 0->0 0->0 0->0 0->0 0->0 0->0 0->0 0->0 0->0 0->0 0->0 0->0 0->0 0->0 0->0 0->0 0->0 0->0 0->0 0->0 0->0 
0->0 0->0 0->0 100->0 85->0 154->0 104->0 71->0 173->0 105->0 68->0 167->0 0->0 0->0 0->0 0->0 0->0 0->0 0->0 0->0 0->0 0->0 0->0 0->0 0->0 0->0 0->0 0->0 0->0 0->0 0->0 0->0 0->0 0->0 0->0 0->0 
0->0 0->0 0->0 0->0 0->0 0->0 0->0 0->0 0->0 0->0 0->0 0->0 0->0 0->0 0->0 0->0 0->0 0->0 0->0 0->0 0->0 0->0 0->0 0->0 0->0 0->0 0->0 0->0 0->0 0->0 0->0 0->0 0->0 0->0 0->0 0->0 
0->0 0->0 0->0 0->0 0->0 0->0 93->0 97->0 88->0 113->0 127->0 107->0 87->0 100->0 98->0 0->0 0->0 0->0 0->0 0->0 0->0 0->0 0->0 0->0 0->0 0->0 0->0 0->0 0->0 0->0 0->0 0->0 0->0 0->0 0->0 0->0 
0->0 0->0 0->0 0->0 0->0 0->0 108->0 115->0 117->0 132->0 130->0 78->0 171->0 181->0 165->0 0->0 0->0 0->0 0->0 0->0 0->0 0->0 0->0 0->0 0->0 0->0 0->0 0->0 0->0 0->0 0->0 0->0 0->0 0->0 0->0 0->0 
0->0 0->0 0->0 0->0 0->0 0->0 100->0 85->0 154->0 104->0 71->0 173->0 105->0 68->0 167->0 0->0 0->0 0->0 0->0 0->0 0->0 0->0 0->0 0->0 0->0 0->0 0->0 0->0 0->0 0->0 0->0 0->0 0->0 0->0 0->0 0->0 
0->0 0->0 0->0 0->0 0->0 0->0 0->0 0->0 0->0 0->0 0->0 0->0 0->0 0->0 0->0 0->0 0->0 0->0 0->0 0->0 0->0 0->0 0->0 0->0 0->0 0->0 0->0 0->0 0->0 0->0 0->0 0->0 0->0 0->0 0->0 0->0 
0->0 0->0 0->0 0->0 0->0 0->0 0->0 0->0 0->0 93->0 97->0 88->0 113->0 127->0 107->0 87->0 100->0 98->0 0->0 0->0 0->0 0->0 0->0 0->0 0->0 0->0 0->0 0->0 0->0 0->0 0->0 0->0 0->0 0->0 0->0 0->0 
0->0 0->0 0->0 0->0 0->0 0->0 0->0 0->0 0->0 108->0 115->0 117->0 132->0 130->0 78->0 171->0 181->0 165->0 0->0 0->0 0->0 0->0 0->0 0->0 0->0 0->0 0->0 0->0 0->0 0->0 0->0 0->0 0->0 0->0 0->0 0->0 
0->0 0->0 0->0 0->0 0->0 0->0 0->0 0->0 0->0 100->0 85->0 154->0 104->0 71->0 173->0 105->0 68->0 167->0 0->0 0->0 0->0 0->0 0->0 0->0 0->0 0->0 0->0 0->0 0->0 0->0 0->0 0->0 0->0 0->0 0->0 0->0 
0->0 0->0 0->0 0->0 0->0 0->0 0->0 0->0 0->0 0->0 0->0 0->0 0->0 0->0 0->0 0->0 0->0 0->0 0->0 0->0 0->0 0->0 0->0 0->0 0->0 0->0 0->0 0->0 0->0 0->0 0->0 0->0 0->0 0->0 0->0 0->0 
0->0 0->0 0->0 0->0 0->0 0->0 0->0 0->0 0->0 0->0 0->0 0->0 93->0 97->0 88->0 113->0 127->0 107->0 87->0 100->0 98->0 0->0 0->0 0->0 0->0 0->0 0->0 0->0 0->0 0->0 0->0 0->0 0->0 0->0 0->0 0->0 
0->0 0->0 0->0 0->0 0->0 0->0 0->0 0->0 0->0 0->0 0->0 0->0 108->0 115->0 117->0 132->0 130->0 78->0 171->0 181->0 165->0 0->0 0->0 0->0 0->0 0->0 0->0 0->0 0->0 0->0 0->0 0->0 0->0 0->0 0->0 0->0 
0->0 0->0 0->0 0->0 0->0 0->0 0->0 0->0 0->0 0->0 0->0 0->0 100->0 85->0 154->0 104->0 71->0 173->0 105->0 68->0 167->0 0->0 0->0 0->0 0->0 0->0 0->0 0->0 0->0 0->0 0->0 0->0 0->0 0->0 0->0 0->0 
0->0 0->0 0->0 0->0 0->0 0->0 0->0 0->0 0->0 0->0 0->0 0->0 0->0 0->0 0->0 0->0 0->0 0->0 0->0 0->0 0->0 0->0 0->0 0->0 0->0 0->0 0->0 0->0 0->0 0->0 0->0 0->0 0->0 0->0 0->0 0->0 
0->0 0->0 0->0 0->0 0->0 0->0 0->0 0->0 0->0 0->0 0->0 0->0 0->0 0->0 0->0 93->0 97->0 88->0 113->0 127->0 107->0 87->0 100->0 98->0 0->0 0->0 0->0 0->0 0->0 0->0 0->0 0->0 0->0 0->0 0->0 0->0 
0->0 0->0 0->0 0->0 0->0 0->0 0->0 0->0 0->0 0->0 0->0 0->0 0->0 0->0 0->0 108->0 115->0 117->0 132->0 130->0 78->0 171->0 181->0 165->0 0->0 0->0 0->0 0->0 0->0 0->0 0->0 0->0 0->0 0->0 0->0 0->0 
0->0 0->0 0->0 0->0 0->0 0->0 0->0 0->0 0->0 0->0 0->0 0->0 0->0 0->0 0->0 100->0 85->0 154->0 104->0 71->0 173->0 105->0 68->0 167->0 0->0 0->0 0->0 0->0 0->0 0->0 0->0 0->0 0->0 0->0 0->0 0->0 
0->0 0->0 0->0 0->0 0->0 0->0 0->0 0->0 0->0 0->0 0->0 0->0 0->0 0->0 0->0 0->0 0->0 0->0 0->0 0->0 0->0 0->0 0->0 0->0 0->0 0->0 0->0 0->0 0->0 0->0 0->0 0->0 0->0 0->0 0->0 0->0 
0->0 0->0 0->0 0->0 0->0 0->0 0->0 0->0 0->0 0->0 0->0 0->0 0->0 0->0 0->0 0->0 0->0 0->0 93->0 97->0 88->0 113->0 127->0 107->0 87->0 100->0 98->0 0->0 0->0 0->0 0->0 0->0 0->0 0->0 0->0 0->0 
0->0 0->0 0->0 0->0 0->0 0->0 0->0 0->0 0->0 0->0 0->0 0->0 0->0 0->0 0->0 0->0 0->0 0->0 108->0 115->0 117->0 132->0 130->0 78->0 171->0 181->0 165->0 0->0 0->0 0->0 0->0 0->0 0->0 0->0 0->0 0->0 
0->0 0->0 0->0 0->0 0->0 0->0 0->0 0->0 0->0 0->0 0->0 0->0 0->0 0->0 0->0 0->0 0->0 0->0 100->0 85->0 154->0 104->0 71->0 173->0 105->0 68->0 167->0 0->0 0->0 0->0 0->0 0->0 0->0 0->0 0->0 0->0 
0->0 0->0 0->0 0->0 0->0 0->0 0->0 0->0 0->0 0->0 0->0 0->0 0->0 0->0 0->0 0->0 0->0 0->0 0->0 0->0 0->0 0->0 0->0 0->0 0->0 0->0 0->0 0->0 0->0 0->0 0->0 0->0 0->0 0->0 0->0 0->0 
0->0 0->0 0->0 0->0 0->0 0->0 0->0 0->0 0->0 0->0 0->0 0->0 0->0 0->0 0->0 0->0 0->0 0->0 0->0 0->0 0->0 93->0 97->0 88->0 113->0 127->0 107->0 87->0 100->0 98->0 0->0 0->0 0->0 0->0 0->0 0->0 
0->0 0->0 0->0 0->0 0->0 0->0 0->0 0->0 0->0 0->0 0->0 0->0 0->0 0->0 0->0 0->0 0->0 0->0 0->0 0->0 0->0 108->0 115->0 117->0 132->0 130->0 78->0 171->0 181->0 165->0 0->0 0->0 0->0 0->0 0->0 0->0 
0->0 0->0 0->0 0->0 0->0 0->0 0->0 0->0 0->0 0->0 0->0 0->0 0->0 0->0 0->0 0->0 0->0 0->0 0->0 0->0 0->0 100->0 85->0 154->0 104->0 71->0 173->0 105->0 68->0 167->0 0->0 0->0 0->0 0->0 0->0 0->0 
0->0 0->0 0->0 0->0 0->0 0->0 0->0 0->0 0->0 0->0 0->0 0->0 0->0 0->0 0->0 0->0 0->0 0->0 0->0 0->0 0->0 0->0 0->0 0->0 0->0 0->0 0->0 0->0 0->0 0->0 0->0 0->0 0->0 0->0 0->0 0->0 

93->0 97->0 88->0 113->0 127->0 107->0 87->0 100->0 98->0 0->0 0->0 0->0 0->0 0->0 0->0 0->0 0->0 0->0 0->0 0->0 0->0 0->0 0->0 0->0 0->0 0->0 0->0 0->0 0->0 0->0 0->0 0->0 0->0 0->0 0->0 0->0 
108->0 115->0 117->0 132->0 130->0 78->0 171->0 181->0 165->0 0->0 0->0 0->0 0->0 0->0 0->0 0->0 0->0 0->0 0->0 0->0 0->0 0->0 0->0 0->0 0->0 0->0 0->0 0->0 0->0 0->0 0->0 0->0 0->0 0->0 0->0 0->0 
100->0 85->0 154->0 104->0 71->0 173->0 105->0 68->0 167->0 0->0 0->0 0->0 0->0 0->0 0->0 0->0 0->0 0->0 0->0 0->0 0->0 0->0 0->0 0->0 0->0 0->0 0->0 0->0 0->0 0->0 0->0 0->0 0->0 0->0 0->0 0->0 
0->0 0->0 0->0 0->0 0->0 0->0 0->0 0->0 0->0 0->0 0->0 0->0 0->0 0->0 0->0 0->0 0->0 0->0 0->0 0->0 0->0 0->0 0->0 0->0 0->0 0->0 0->0 0->0 0->0 0->0 0->0 0->0 0->0 0->0 0->0 0->0 
0->0 0->0 0->0 93->0 97->0 88->0 113->0 127->0 107->0 87->0 100->0 98->0 0->0 0->0 0->0 0->0 0->0 0->0 0->0 0->0 0->0 0->0 0->0 0->0 0->0 0->0 0->0 0->0 0->0 0->0 0->0 0->0 0->0 0->0 0->0 0->0 
0->0 0->0 0->0 108->0 115->0 117->0 132->0 130->0 78->0 171->0 181->0 165->0 0->0 0->0 0->0 0->0 0->0 0->0 0->0 0->0 0->0 0->0 0->0 0->0 0->0 0->0 0->0 0->0 0->0 0->0 0->0 0->0 0->0 0->0 0->0 0->0 
0->0 0->0 0->0 100->0 85->0 154->0 104->0 71->0 173->0 105->0 68->0 167->0 0->0 0->0 0->0 0->0 0->0 0->0 0->0 0->0 0->0 0->0 0->0 0->0 0->0 0->0 0->0 0->0 0->0 0->0 0->0 0->0 0->0 0->0 0->0 0->0 
0->0 0->0 0->0 0->0 0->0 0->0 0->0 0->0 0->0 0->0 0->0 0->0 0->0 0->0 0->0 0->0 0->0 0->0 0->0 0->0 0->0 0->0 0->0 0->0 0->0 0->0 0->0 0->0 0->0 0->0 0->0 0->0 0->0 0->0 0->0 0->0 
0->0 0->0 0->0 0->0 0->0 0->0 93->0 97->0 88->0 113->0 127->0 107->0 87->0 100->0 98->0 0->0 0->0 0->0 0->0 0->0 0->0 0->0 0->0 0->0 0->0 0->0 0->0 0->0 0->0 0->0 0->0 0->0 0->0 0->0 0->0 0->0 
0->0 0->0 0->0 0->0 0->0 0->0 108->0 115->0 117->0 132->0 130->0 78->0 171->0 181->0 165->0 0->0 0->0 0->0 0->0 0->0 0->0 0->0 0->0 0->0 0->0 0->0 0->0 0->0 0->0 0->0 0->0 0->0 0->0 0->0 0->0 0->0 
0->0 0->0 0->0 0->0 0->0 0->0 100->0 85->0 154->0 104->0 71->0 173->0 105->0 68->0 167->0 0->0 0->0 0->0 0->0 0->0 0->0 0->0 0->0 0->0 0->0 0->0 0->0 0->0 0->0 0->0 0->0 0->0 0->0 0->0 0->0 0->0 
0->0 0->0 0->0 0->0 0->0 0->0 0->0 0->0 0->0 0->0 0->0 0->0 0->0 0->0 0->0 0->0 0->0 0->0 0->0 0->0 0->0 0->0 0->0 0->0 0->0 0->0 0->0 0->0 0->0 0->0 0->0 0->0 0->0 0->0 0->0 0->0 
0->0 0->0 0->0 0->0 0->0 0->0 0->0 0->0 0->0 93->0 97->0 88->0 113->0 127->0 107->0 87->0 100->0 98->0 0->0 0->0 0->0 0->0 0->0 0->0 0->0 0->0 0->0 0->0 0->0 0->0 0->0 0->0 0->0 0->0 0->0 0->0 
0->0 0->0 0->0 0->0 0->0 0->0 0->0 0->0 0->0 108->0 115->0 117->0 132->0 130->0 78->0 171->0 181->0 165->0 0->0 0->0 0->0 0->0 0->0 0->0 0->0 0->0 0->0 0->0 0->0 0->0 0->0 0->0 0->0 0->0 0->0 0->0 
0->0 0->0 0->0 0->0 0->0 0->0 0->0 0->0 0->0 100->0 85->0 154->0 104->0 71->0 173->0 105->0 68->0 167->0 0->0 0->0 0->0 0->0 0->0 0->0 0->0 0->0 0->0 0->0 0->0 0->0 0->0 0->0 0->0 0->0 0->0 0->0 
0->0 0->0 0->0 0->0 0->0 0->0 0->0 0->0 0->0 0->0 0->0 0->0 0->0 0->0 0->0 0->0 0->0 0->0 0->0 0->0 0->0 0->0 0->0 0->0 0->0 0->0 0->0 0->0 0->0 0->0 0->0 0->0 0->0 0->0 0->0 0->0 
0->0 0->0 0->0 0->0 0->0 0->0 0->0 0->0 0->0 0->0 0->0 0->0 93->0 97->0 88->0 113->0 127->0 107->0 87->0 100->0 98->0 0->0 0->0 0->0 0->0 0->0 0->0 0->0 0->0 0->0 0->0 0->0 0->0 0->0 0->0 0->0 
0->0 0->0 0->0 0->0 0->0 0->0 0->0 0->0 0->0 0->0 0->0 0->0 108->0 115->0 117->0 132->0 130->0 78->0 171->0 181->0 165->0 0->0 0->0 0->0 0->0 0->0 0->0 0->0 0->0 0->0 0->0 0->0 0->0 0->0 0->0 0->0 
0->0 0->0 0->0 0->0 0->0 0->0 0->0 0->0 0->0 0->0 0->0 0->0 100->0 85->0 154->0 104->0 71->0 173->0 105->0 68->0 167->0 0->0 0->0 0->0 0->0 0->0 0->0 0->0 0->0 0->0 0->0 0->0 0->0 0->0 0->0 0->0 
0->0 0->0 0->0 0->0 0->0 0->0 0->0 0->0 0->0 0->0 0->0 0->0 0->0 0->0 0->0 0->0 0->0 0->0 0->0 0->0 0->0 0->0 0->0 0->0 0->0 0->0 0->0 0->0 0->0 0->0 0->0 0->0 0->0 0->0 0->0 0->0 
0->0 0->0 0->0 0->0 0->0 0->0 0->0 0->0 0->0 0->0 0->0 0->0 0->0 0->0 0->0 93->0 97->0 88->0 113->0 127->0 107->0 87->0 100->0 98->0 0->0 0->0 0->0 0->0 0->0 0->0 0->0 0->0 0->0 0->0 0->0 0->0 
0->0 0->0 0->0 0->0 0->0 0->0 0->0 0->0 0->0 0->0 0->0 0->0 0->0 0->0 0->0 108->0 115->0 117->0 132->0 130->0 78->0 171->0 181->0 165->0 0->0 0->0 0->0 0->0 0->0 0->0 0->0 0->0 0->0 0->0 0->0 0->0 
0->0 0->0 0->0 0->0 0->0 0->0 0->0 0->0 0->0 0->0 0->0 0->0 0->0 0->0 0->0 100->0 85->0 154->0 104->0 71->0 173->0 105->0 68->0 167->0 0->0 0->0 0->0 0->0 0->0 0->0 0->0 0->0 0->0 0->0 0->0 0->0 
0->0 0->0 0->0 0->0 0->0 0->0 0->0 0->0 0->0 0->0 0->0 0->0 0->0 0->0 0->0 0->0 0->0 0->0 0->0 0->0 0->0 0->0 0->0 0->0 0->0 0->0 0->0 0->0 0->0 0->0 0->0 0->0 0->0 0->0 0->0 0->0 
0->0 0->0 0->0 0->0 0->0 0->0 0->0 0->0 0->0 0->0 0->0 0->0 0->0 0->0 0->0 0->0 0->0 0->0 93->0 97->0 88->0 113->0 127->0 107->0 87->0 100->0 98->0 0->0 0->0 0->0 0->0 0->0 0->0 0->0 0->0 0->0 
0->0 0->0 0->0 0->0 0->0 0->0 0->0 0->0 0->0 0->0 0->0 0->0 0->0 0->0 0->0 0->0 0->0 0->0 108->0 115->0 117->0 132->0 130->0 78->0 171->0 181->0 165->0 0->0 0->0 0->0 0->0 0->0 0->0 0->0 0->0 0->0 
0->0 0->0 0->0 0->0 0->0 0->0 0->0 0->0 0->0 0->0 0->0 0->0 0->0 0->0 0->0 0->0 0->0 0->0 100->0 85->0 154->0 104->0 71->0 173->0 105->0 68->0 167->0 0->0 0->0 0->0 0->0 0->0 0->0 0->0 0->0 0->0 
0->0 0->0 0->0 0->0 0->0 0->0 0->0 0->0 0->0 0->0 0->0 0->0 0->0 0->0 0->0 0->0 0->0 0->0 0->0 0->0 0->0 0->0 0->0 0->0 0->0 0->0 0->0 0->0 0->0 0->0 0->0 0->0 0->0 0->0 0->0 0->0 
0->0 0->0 0->0 0->0 0->0 0->0 0->0 0->0 0->0 0->0 0->0 0->0 0->0 0->0 0->0 0->0 0->0 0->0 0->0 0->0 0->0 93->0 97->0 88->0 113->0 127->0 107->0 87->0 100->0 98->0 0->0 0->0 0->0 0->0 0->0 0->0 
0->0 0->0 0->0 0->0 0->0 0->0 0->0 0->0 0->0 0->0 0->0 0->0 0->0 0->0 0->0 0->0 0->0 0->0 0->0 0->0 0->0 108->0 115->0 117->0 132->0 130->0 78->0 171->0 181->0 165->0 0->0 0->0 0->0 0->0 0->0 0->0 
0->0 0->0 0->0 0->0 0->0 0->0 0->0 0->0 0->0 0->0 0->0 0->0 0->0 0->0 0->0 0->0 0->0 0->0 0->0 0->0 0->0 100->0 85->0 154->0 104->0 71->0 173->0 105->0 68->0 167->0 0->0 0->0 0->0 0->0 0->0 0->0 
0->0 0->0 0->0 0->0 0->0 0->0 0->0 0->0 0->0 0->0 0->0 0->0 0->0 0->0 0->0 0->0 0->0 0->0 0->0 0->0 0->0 0->0 0->0 0->0 0->0 0->0 0->0 0->0 0->0 0->0 0->0 0->0 0->0 0->0 0->0 0->0 

93->0 97->0 88->0 113->0 127->0 107->0 87->0 100->0 98->0 0->0 0->0 0->0 0->0 0->0 0->0 0->0 0->0 0->0 0->0 0->0 0->0 0->0 0->0 0->0 0->0 0->0 0->0 0->0 0->0 0->0 0->0 0->0 0->0 0->0 0->0 0->0 
108->0 115->0 117->0 132->0 130->0 78->0 171->0 181->0 165->0 0->0 0->0 0->0 0->0 0->0 0->0 0->0 0->0 0->0 0->0 0->0 0->0 0->0 0->0 0->0 0->0 0->0 0->0 0->0 0->0 0->0 0->0 0->0 0->0 0->0 0->0 0->0 
100->0 85->0 154->0 104->0 71->0 173->0 105->0 68->0 167->0 0->0 0->0 0->0 0->0 0->0 0->0 0->0 0->0 0->0 0->0 0->0 0->0 0->0 0->0 0->0 0->0 0->0 0->0 0->0 0->0 0->0 0->0 0->0 0->0 0->0 0->0 0->0 
0->0 0->0 0->0 0->0 0->0 0->0 0->0 0->0 0->0 0->0 0->0 0->0 0->0 0->0 0->0 0->0 0->0 0->0 0->0 0->0 0->0 0->0 0->0 0->0 0->0 0->0 0->0 0->0 0->0 0->0 0->0 0->0 0->0 0->0 0->0 0->0 
0->0 0->0 0->0 93->0 97->0 88->0 113->0 127->0 107->0 87->0 100->0 98->0 0->0 0->0 0->0 0->0 0->0 0->0 0->0 0->0 0->0 0->0 0->0 0->0 0->0 0->0 0->0 0->0 0->0 0->0 0->0 0->0 0->0 0->0 0->0 0->0 
0->0 0->0 0->0 108->0 115->0 117->0 132->0 130->0 78->0 171->0 181->0 165->0 0->0 0->0 0->0 0->0 0->0 0->0 0->0 0->0 0->0 0->0 0->0 0->0 0->0 0->0 0->0 0->0 0->0 0->0 0->0 0->0 0->0 0->0 0->0 0->0 
0->0 0->0 0->0 100->0 85->0 154->0 104->0 71->0 173->0 105->0 68->0 167->0 0->0 0->0 0->0 0->0 0->0 0->0 0->0 0->0 0->0 0->0 0->0 0->0 0->0 0->0 0->0 0->0 0->0 0->0 0->0 0->0 0->0 0->0 0->0 0->0 
0->0 0->0 0->0 0->0 0->0 0->0 0->0 0->0 0->0 0->0 0->0 0->0 0->0 0->0 0->0 0->0 0->0 0->0 0->0 0->0 0->0 0->0 0->0 0->0 0->0 0->0 0->0 0->0 0->0 0->0 0->0 0->0 0->0 0->0 0->0 0->0 
0->0 0->0 0->0 0->0 0->0 0->0 93->0 97->0 88->0 113->0 127->0 107->0 87->0 100->0 98->0 0->0 0->0 0->0 0->0 0->0 0->0 0->0 0->0 0->0 0->0 0->0 0->0 0->0 0->0 0->0 0->0 0->0 0->0 0->0 0->0 0->0 
0->0 0->0 0->0 0->0 0->0 0->0 108->0 115->0 117->0 132->0 130->0 78->0 171->0 181->0 165->0 0->0 0->0 0->0 0->0 0->0 0->0 0->0 0->0 0->0 0->0 0->0 0->0 0->0 0->0 0->0 0->0 0->0 0->0 0->0 0->0 0->0 
0->0 0->0 0->0 0->0 0->0 0->0 100->0 85->0 154->0 104->0 71->0 173->0 105->0 68->0 167->0 0->0 0->0 0->0 0->0 0->0 0->0 0->0 0->0 0->0 0->0 0->0 0->0 0->0 0->0 0->0 0->0 0->0 0->0 0->0 0->0 0->0 
0->0 0->0 0->0 0->0 0->0 0->0 0->0 0->0 0->0 0->0 0->0 0->0 0->0 0->0 0->0 0->0 0->0 0->0 0->0 0->0 0->0 0->0 0->0 0->0 0->0 0->0 0->0 0->0 0->0 0->0 0->0 0->0 0->0 0->0 0->0 0->0 
0->0 0->0 0->0 0->0 0->0 0->0 0->0 0->0 0->0 93->0 97->0 88->0 113->0 127->0 107->0 87->0 100->0 98->0 0->0 0->0 0->0 0->0 0->0 0->0 0->0 0->0 0->0 0->0 0->0 0->0 0->0 0->0 0->0 0->0 0->0 0->0 
0->0 0->0 0->0 0->0 0->0 0->0 0->0 0->0 0->0 108->0 115->0 117->0 132->0 130->0 78->0 171->0 181->0 165->0 0->0 0->0 0->0 0->0 0->0 0->0 0->0 0->0 0->0 0->0 0->0 0->0 0->0 0->0 0->0 0->0 0->0 0->0 
0->0 0->0 0->0 0->0 0->0 0->0 0->0 0->0 0->0 100->0 85->0 154->0 104->0 71->0 173->0 105->0 68->0 167->0 0->0 0->0 0->0 0->0 0->0 0->0 0->0 0->0 0->0 0->0 0->0 0->0 0->0 0->0 0->0 0->0 0->0 0->0 
0->0 0->0 0->0 0->0 0->0 0->0 0->0 0->0 0->0 0->0 0->0 0->0 0->0 0->0 0->0 0->0 0->0 0->0 0->0 0->0 0->0 0->0 0->0 0->0 0->0 0->0 0->0 0->0 0->0 0->0 0->0 0->0 0->0 0->0 0->0 0->0 
0->0 0->0 0->0 0->0 0->0 0->0 0->0 0->0 0->0 0->0 0->0 0->0 93->0 97->0 88->0 113->0 127->0 107->0 87->0 100->0 98->0 0->0 0->0 0->0 0->0 0->0 0->0 0->0 0->0 0->0 0->0 0->0 0->0 0->0 0->0 0->0 
0->0 0->0 0->0 0->0 0->0 0->0 0->0 0->0 0->0 0->0 0->0 0->0 108->0 115->0 117->0 132->0 130->0 78->0 171->0 181->0 165->0 0->0 0->0 0->0 0->0 0->0 0->0 0->0 0->0 0->0 0->0 0->0 0->0 0->0 0->0 0->0 
0->0 0->0 0->0 0->0 0->0 0->0 0->0 0->0 0->0 0->0 0->0 0->0 100->0 85->0 154->0 104->0 71->0 173->0 105->0 68->0 167->0 0->0 0->0 0->0 0->0 0->0 0->0 0->0 0->0 0->0 0->0 0->0 0->0 0->0 0->0 0->0 
0->0 0->0 0->0 0->0 0->0 0->0 0->0 0->0 0->0 0->0 0->0 0->0 0->0 0->0 0->0 0->0 0->0 0->0 0->0 0->0 0->0 0->0 0->0 0->0 0->0 0->0 0->0 0->0 0->0 0->0 0->0 0->0 0->0 0->0 0->0 0->0 
0->0 0->0 0->0 0->0 0->0 0->0 0->0 0->0 0->0 0->0 0->0 0->0 0->0 0->0 0->0 93->0 97->0 88->0 113->0 127->0 107->0 87->0 100->0 98->0 0->0 0->0 0->0 0->0 0->0 0->0 0->0 0->0 0->0 0->0 0->0 0->0 
0->0 0->0 0->0 0->0 0->0 0->0 0->0 0->0 0->0 0->0 0->0 0->0 0->0 0->0 0->0 108->0 115->0 117->0 132->0 130->0 78->0 171->0 181->0 165->0 0->0 0->0 0->0 0->0 0->0 0->0 0->0 0->0 0->0 0->0 0->0 0->0 
0->0 0->0 0->0 0->0 0->0 0->0 0->0 0->0 0->0 0->0 0->0 0->0 0->0 0->0 0->0 100->0 85->0 154->0 104->0 71->0 173->0 105->0 68->0 167->0 0->0 0->0 0->0 0->0 0->0 0->0 0->0 0->0 0->0 0->0 0->0 0->0 
0->0 0->0 0->0 0->0 0->0 0->0 0->0 0->0 0->0 0->0 0->0 0->0 0->0 0->0 0->0 0->0 0->0 0->0 0->0 0->0 0->0 0->0 0->0 0->0 0->0 0->0 0->0 0->0 0->0 0->0 0->0 0->0 0->0 0->0 0->0 0->0 
0->0 0->0 0->0 0->0 0->0 0->0 0->0 0->0 0->0 0->0 0->0 0->0 0->0 0->0 0->0 0->0 0->0 0->0 93->0 97->0 88->0 113->0 127->0 107->0 87->0 100->0 98->0 0->0 0->0 0->0 0->0 0->0 0->0 0->0 0->0 0->0 
0->0 0->0 0->0 0->0 0->0 0->0 0->0 0->0 0->0 0->0 0->0 0->0 0->0 0->0 0->0 0->0 0->0 0->0 108->0 115->0 117->0 132->0 130->0 78->0 171->0 181->0 165->0 0->0 0->0 0->0 0->0 0->0 0->0 0->0 0->0 0->0 
0->0 0->0 0->0 0->0 0->0 0->0 0->0 0->0 0->0 0->0 0->0 0->0 0->0 0->0 0->0 0->0 0->0 0->0 100->0 85->0 154->0 104->0 71->0 173->0 105->0 68->0 167->0 0->0 0->0 0->0 0->0 0->0 0->0 0->0 0->0 0->0 
0->0 0->0 0->0 0->0 0->0 0->0 0->0 0->0 0->0 0->0 0->0 0->0 0->0 0->0 0->0 0->0 0->0 0->0 0->0 0->0 0->0 0->0 0->0 0->0 0->0 0->0 0->0 0->0 0->0 0->0 0->0 0->0 0->0 0->0 0->0 0->0 
0->0 0->0 0->0 0->0 0->0 0->0 0->0 0->0 0->0 0->0 0->0 0->0 0->0 0->0 0->0 0->0 0->0 0->0 0->0 0->0 0->0 93->0 97->0 88->0 113->0 127->0 107->0 87->0 100->0 98->0 0->0 0->0 0->0 0->0 0->0 0->0 
0->0 0->0 0->0 0->0 0->0 0->0 0->0 0->0 0->0 0->0 0->0 0->0 0->0 0->0 0->0 0->0 0->0 0->0 0->0 0->0 0->0 108->0 115->0 117->0 132->0 130->0 78->0 171->0 181->0 165->0 0->0 0->0 0->0 0->0 0->0 0->0 
0->0 0->0 0->0 0->0 0->0 0->0 0->0 0->0 0->0 0->0 0->0 0->0 0->0 0->0 0->0 0->0 0->0 0->0 0->0 0->0 0->0 100->0 85->0 154->0 104->0 71->0 173->0 105->0 68->0 167->0 0->0 0->0 0->0 0->0 0->0 0->0 
0->0 0->0 0->0 0->0 0->0 0->0 0->0 0->0 0->0 0->0 0->0 0->0 0->0 0->0 0->0 0->0 0->0 0->0 0->0 0->0 0->0 0->0 0->0 0->0 0->0 0->0 0->0 0->0 0->0 0->0 0->0 0->0 0->0 0->0 0->0 0->0 

93->0 97->0 88->0 113->0 127->0 107->0 87->0 100->0 98->0 0->0 0->0 0->0 0->0 0->0 0->0 0->0 0->0 0->0 0->0 0->0 0->0 0->0 0->0 0->0 0->0 0->0 0->0 0->0 0->0 0->0 0->0 0->0 0->0 0->0 0->0 0->0 
108->0 115->0 117->0 132->0 130->0 78->0 171->0 181->0 165->0 0->0 0->0 0->0 0->0 0->0 0->0 0->0 0->0 0->0 0->0 0->0 0->0 0->0 0->0 0->0 0->0 0->0 0->0 0->0 0->0 0->0 0->0 0->0 0->0 0->0 0->0 0->0 
100->0 85->0 154->0 104->0 71->0 173->0 105->0 68->0 167->0 0->0 0->0 0->0 0->0 0->0 0->0 0->0 0->0 0->0 0->0 0->0 0->0 0->0 0->0 0->0 0->0 0->0 0->0 0->0 0->0 0->0 0->0 0->0 0->0 0->0 0->0 0->0 
0->0 0->0 0->0 0->0 0->0 0->0 0->0 0->0 0->0 0->0 0->0 0->0 0->0 0->0 0->0 0->0 0->0 0->0 0->0 0->0 0->0 0->0 0->0 0->0 0->0 0->0 0->0 0->0 0->0 0->0 0->0 0->0 0->0 0->0 0->0 0->0 
0->0 0->0 0->0 93->0 97->0 88->0 113->0 127->0 107->0 87->0 100->0 98->0 0->0 0->0 0->0 0->0 0->0 0->0 0->0 0->0 0->0 0->0 0->0 0->0 0->0 0->0 0->0 0->0 0->0 0->0 0->0 0->0 0->0 0->0 0->0 0->0 
0->0 0->0 0->0 108->0 115->0 117->0 132->0 130->0 78->0 171->0 181->0 165->0 0->0 0->0 0->0 0->0 0->0 0->0 0->0 0->0 0->0 0->0 0->0 0->0 0->0 0->0 0->0 0->0 0->0 0->0 0->0 0->0 0->0 0->0 0->0 0->0 
0->0 0->0 0->0 100->0 85->0 154->0 104->0 71->0 173->0 105->0 68->0 167->0 0->0 0->0 0->0 0->0 0->0 0->0 0->0 0->0 0->0 0->0 0->0 0->0 0->0 0->0 0->0 0->0 0->0 0->0 0->0 0->0 0->0 0->0 0->0 0->0 
0->0 0->0 0->0 0->0 0->0 0->0 0->0 0->0 0->0 0->0 0->0 0->0 0->0 0->0 0->0 0->0 0->0 0->0 0->0 0->0 0->0 0->0 0->0 0->0 0->0 0->0 0->0 0->0 0->0 0->0 0->0 0->0 0->0 0->0 0->0 0->0 
0->0 0->0 0->0 0->0 0->0 0->0 93->0 97->0 88->0 113->0 127->0 107->0 87->0 100->0 98->0 0->0 0->0 0->0 0->0 0->0 0->0 0->0 0->0 0->0 0->0 0->0 0->0 0->0 0->0 0->0 0->0 0->0 0->0 0->0 0->0 0->0 
0->0 0->0 0->0 0->0 0->0 0->0 108->0 115->0 117->0 132->0 130->0 78->0 171->0 181->0 165->0 0->0 0->0 0->0 0->0 0->0 0->0 0->0 0->0 0->0 0->0 0->0 0->0 0->0 0->0 0->0 0->0 0->0 0->0 0->0 0->0 0->0 
0->0 0->0 0->0 0->0 0->0 0->0 100->0 85->0 154->0 104->0 71->0 173->0 105->0 68->0 167->0 0->0 0->0 0->0 0->0 0->0 0->0 0->0 0->0 0->0 0->0 0->0 0->0 0->0 0->0 0->0 0->0 0->0 0->0 0->0 0->0 0->0 
0->0 0->0 0->0 0->0 0->0 0->0 0->0 0->0 0->0 0->0 0->0 0->0 0->0 0->0 0->0 0->0 0->0 0->0 0->0 0->0 0->0 0->0 0->0 0->0 0->0 0->0 0->0 0->0 0->0 0->0 0->0 0->0 0->0 0->0 0->0 0->0 
0->0 0->0 0->0 0->0 0->0 0->0 0->0 0->0 0->0 93->0 97->0 88->0 113->0 127->0 107->0 87->0 100->0 98->0 0->0 0->0 0->0 0->0 0->0 0->0 0->0 0->0 0->0 0->0 0->0 0->0 0->0 0->0 0->0 0->0 0->0 0->0 
0->0 0->0 0->0 0->0 0->0 0->0 0->0 0->0 0->0 108->0 115->0 117->0 132->0 130->0 78->0 171->0 181->0 165->0 0->0 0->0 0->0 0->0 0->0 0->0 0->0 0->0 0->0 0->0 0->0 0->0 0->0 0->0 0->0 0->0 0->0 0->0 
0->0 0->0 0->0 0->0 0->0 0->0 0->0 0->0 0->0 100->0 85->0 154->0 104->0 71->0 173->0 105->0 68->0 167->0 0->0 0->0 0->0 0->0 0->0 0->0 0->0 0->0 0->0 0->0 0->0 0->0 0->0 0->0 0->0 0->0 0->0 0->0 
0->0 0->0 0->0 0->0 0->0 0->0 0->0 0->0 0->0 0->0 0->0 0->0 0->0 0->0 0->0 0->0 0->0 0->0 0->0 0->0 0->0 0->0 0->0 0->0 0->0 0->0 0->0 0->0 0->0 0->0 0->0 0->0 0->0 0->0 0->0 0->0 
0->0 0->0 0->0 0->0 0->0 0->0 0->0 0->0 0->0 0->0 0->0 0->0 93->0 97->0 88->0 113->0 127->0 107->0 87->0 100->0 98->0 0->0 0->0 0->0 0->0 0->0 0->0 0->0 0->0 0->0 0->0 0->0 0->0 0->0 0->0 0->0 
0->0 0->0 0->0 0->0 0->0 0->0 0->0 0->0 0->0 0->0 0->0 0->0 108->0 115->0 117->0 132->0 130->0 78->0 171->0 181->0 165->0 0->0 0->0 0->0 0->0 0->0 0->0 0->0 0->0 0->0 0->0 0->0 0->0 0->0 0->0 0->0 
0->0 0->0 0->0 0->0 0->0 0->0 0->0 0->0 0->0 0->0 0->0 0->0 100->0 85->0 154->0 104->0 71->0 173->0 105->0 68->0 167->0 0->0 0->0 0->0 0->0 0->0 0->0 0->0 0->0 0->0 0->0 0->0 0->0 0->0 0->0 0->0 
0->0 0->0 0->0 0->0 0->0 0->0 0->0 0->0 0->0 0->0 0->0 0->0 0->0 0->0 0->0 0->0 0->0 0->0 0->0 0->0 0->0 0->0 0->0 0->0 0->0 0->0 0->0 0->0 0->0 0->0 0->0 0->0 0->0 0->0 0->0 0->0 
0->0 0->0 0->0 0->0 0->0 0->0 0->0 0->0 0->0 0->0 0->0 0->0 0->0 0->0 0->0 93->0 97->0 88->0 113->0 127->0 107->0 87->0 100->0 98->0 0->0 0->0 0->0 0->0 0->0 0->0 0->0 0->0 0->0 0->0 0->0 0->0 
0->0 0->0 0->0 0->0 0->0 0->0 0->0 0->0 0->0 0->0 0->0 0->0 0->0 0->0 0->0 108->0 115->0 117->0 132->0 130->0 78->0 171->0 181->0 165->0 0->0 0->0 0->0 0->0 0->0 0->0 0->0 0->0 0->0 0->0 0->0 0->0 
0->0 0->0 0->0 0->0 0->0 0->0 0->0 0->0 0->0 0->0 0->0 0->0 0->0 0->0 0->0 100->0 85->0 154->0 104->0 71->0 173->0 105->0 68->0 167->0 0->0 0->0 0->0 0->0 0->0 0->0 0->0 0->0 0->0 0->0 0->0 0->0 
0->0 0->0 0->0 0->0 0->0 0->0 0->0 0->0 0->0 0->0 0->0 0->0 0->0 0->0 0->0 0->0 0->0 0->0 0->0 0->0 0->0 0->0 0->0 0->0 0->0 0->0 0->0 0->0 0->0 0->0 0->0 0->0 0->0 0->0 0->0 0->0 
0->0 0->0 0->0 0->0 0->0 0->0 0->0 0->0 0->0 0->0 0->0 0->0 0->0 0->0 0->0 0->0 0->0 0->0 93->0 97->0 88->0 113->0 127->0 107->0 87->0 100->0 98->0 0->0 0->0 0->0 0->0 0->0 0->0 0->0 0->0 0->0 
0->0 0->0 0->0 0->0 0->0 0->0 0->0 0->0 0->0 0->0 0->0 0->0 0->0 0->0 0->0 0->0 0->0 0->0 108->0 115->0 117->0 132->0 130->0 78->0 171->0 181->0 165->0 0->0 0->0 0->0 0->0 0->0 0->0 0->0 0->0 0->0 
0->0 0->0 0->0 0->0 0->0 0->0 0->0 0->0 0->0 0->0 0->0 0->0 0->0 0->0 0->0 0->0 0->0 0->0 100->0 85->0 154->0 104->0 71->0 173->0 105->0 68->0 167->0 0->0 0->0 0->0 0->0 0->0 0->0 0->0 0->0 0->0 
0->0 0->0 0->0 0->0 0->0 0->0 0->0 0->0 0->0 0->0 0->0 0->0 0->0 0->0 0->0 0->0 0->0 0->0 0->0 0->0 0->0 0->0 0->0 0->0 0->0 0->0 0->0 0->0 0->0 0->0 0->0 0->0 0->0 0->0 0->0 0->0 
0->0 0->0 0->0 0->0 0->0 0->0 0->0 0->0 0->0 0->0 0->0 0->0 0->0 0->0 0->0 0->0 0->0 0->0 0->0 0->0 0->0 93->0 97->0 88->0 113->0 127->0 107->0 87->0 100->0 98->0 0->0 0->0 0->0 0->0 0->0 0->0 
0->0 0->0 0->0 0->0 0->0 0->0 0->0 0->0 0->0 0->0 0->0 0->0 0->0 0->0 0->0 0->0 0->0 0->0 0->0 0->0 0->0 108->0 115->0 117->0 132->0 130->0 78->0 171->0 181->0 165->0 0->0 0->0 0->0 0->0 0->0 0->0 
0->0 0->0 0->0 0->0 0->0 0->0 0->0 0->0 0->0 0->0 0->0 0->0 0->0 0->0 0->0 0->0 0->0 0->0 0->0 0->0 0->0 100->0 85->0 154->0 104->0 71->0 173->0 105->0 68->0 167->0 0->0 0->0 0->0 0->0 0->0 0->0 
0->0 0->0 0->0 0->0 0->0 0->0 0->0 0->0 0->0 0->0 0->0 0->0 0->0 0->0 0->0 0->0 0->0 0->0 0->0 0->0 0->0 0->0 0->0 0->0 0->0 0->0 0->0 0->0 0->0 0->0 0->0 0->0 0->0 0->0 0->0 0->0 


@@@@@@@@@@@@@Convimage: 112
pool_layer->input_width: 28
leftover_number: 4
weights_number: 8
done!
done!
done!
save image!!
outputS2_list generated!!freeConvLayer!
freePoolLayer!
temp_input_size col: 14
temp_input_size rows: 14
temp_input_size col: 12
temp_input_size rows: 12
[+] CNN setup finished!
below is weights map
input_2nd_size.columns: 14
input_2nd_size.rows: 14
inputs_mapping_Conv!!!!
temp_input_size.column:14
temp_input_size.rows:14
scaling:2
base_index_x:3
@@
@@
!!!
@@
@@
!!!
@@
@@
!!!
@@
@@
!!!
@@
@@
!!!
@@
@@
!!!
@@
@@
!!!
@@
@@
!!!
@@
@@
!!!
@@
@@
!!!
@@
@@
!!!
@@
@@
!!!
scal: 0
index_VMM_input: 1
@@
@@
!!!
@@
@@
!!!
@@
@@
!!!
@@
@@
!!!
@@
@@
!!!
@@
@@
!!!
@@
@@
!!!
@@
@@
!!!
@@
@@
!!!
@@
@@
!!!
@@
@@
!!!
@@
@@
!!!
scal: 1
index_VMM_input: 1

count_x: 0

count_y: 36
@@@@finish mapping
writing weights!

78->0 67->0 74->0 68->0 71->0 66->0 71->0 109->0 71->0 98->0 82->0 100->0 157->0 131->0 147->0 130->0 145->0 67->0 0->0 0->0 0->0 0->0 0->0 0->0 0->0 0->0 0->0 0->0 0->0 0->0 0->0 0->0 0->0 0->0 0->0 0->0 
140->0 167->0 99->0 130->0 130->0 129->0 88->0 135->0 80->0 67->0 159->0 150->0 131->0 90->0 158->0 78->0 175->0 138->0 0->0 0->0 0->0 0->0 0->0 0->0 0->0 0->0 0->0 0->0 0->0 0->0 0->0 0->0 0->0 0->0 0->0 0->0 
80->0 141->0 151->0 145->0 155->0 74->0 86->0 70->0 96->0 149->0 151->0 144->0 150->0 77->0 89->0 65->0 71->0 150->0 0->0 0->0 0->0 0->0 0->0 0->0 0->0 0->0 0->0 0->0 0->0 0->0 0->0 0->0 0->0 0->0 0->0 0->0 
160->0 99->0 70->0 109->0 81->0 117->0 164->0 138->0 172->0 66->0 170->0 66->0 99->0 67->0 99->0 133->0 70->0 146->0 0->0 0->0 0->0 0->0 0->0 0->0 0->0 0->0 0->0 0->0 0->0 0->0 0->0 0->0 0->0 0->0 0->0 0->0 
93->0 92->0 82->0 75->0 92->0 90->0 148->0 81->0 130->0 76->0 133->0 82->0 156->0 136->0 148->0 136->0 159->0 153->0 0->0 0->0 0->0 0->0 0->0 0->0 0->0 0->0 0->0 0->0 0->0 0->0 0->0 0->0 0->0 0->0 0->0 0->0 
144->0 72->0 160->0 78->0 161->0 65->0 84->0 81->0 77->0 78->0 70->0 79->0 72->0 113->0 70->0 118->0 70->0 105->0 0->0 0->0 0->0 0->0 0->0 0->0 0->0 0->0 0->0 0->0 0->0 0->0 0->0 0->0 0->0 0->0 0->0 0->0 
160->0 147->0 70->0 154->0 96->0 146->0 156->0 141->0 77->0 160->0 84->0 160->0 152->0 138->0 69->0 154->0 72->0 151->0 0->0 0->0 0->0 0->0 0->0 0->0 0->0 0->0 0->0 0->0 0->0 0->0 0->0 0->0 0->0 0->0 0->0 0->0 
147->0 134->0 91->0 156->0 75->0 140->0 139->0 161->0 86->0 161->0 130->0 151->0 141->0 153->0 86->0 143->0 149->0 146->0 0->0 0->0 0->0 0->0 0->0 0->0 0->0 0->0 0->0 0->0 0->0 0->0 0->0 0->0 0->0 0->0 0->0 0->0 
0->0 0->0 0->0 0->0 0->0 0->0 78->0 67->0 74->0 68->0 71->0 66->0 71->0 109->0 71->0 98->0 82->0 100->0 157->0 131->0 147->0 130->0 145->0 67->0 0->0 0->0 0->0 0->0 0->0 0->0 0->0 0->0 0->0 0->0 0->0 0->0 
0->0 0->0 0->0 0->0 0->0 0->0 140->0 167->0 99->0 130->0 130->0 129->0 88->0 135->0 80->0 67->0 159->0 150->0 131->0 90->0 158->0 78->0 175->0 138->0 0->0 0->0 0->0 0->0 0->0 0->0 0->0 0->0 0->0 0->0 0->0 0->0 
0->0 0->0 0->0 0->0 0->0 0->0 80->0 141->0 151->0 145->0 155->0 74->0 86->0 70->0 96->0 149->0 151->0 144->0 150->0 77->0 89->0 65->0 71->0 150->0 0->0 0->0 0->0 0->0 0->0 0->0 0->0 0->0 0->0 0->0 0->0 0->0 
0->0 0->0 0->0 0->0 0->0 0->0 160->0 99->0 70->0 109->0 81->0 117->0 164->0 138->0 172->0 66->0 170->0 66->0 99->0 67->0 99->0 133->0 70->0 146->0 0->0 0->0 0->0 0->0 0->0 0->0 0->0 0->0 0->0 0->0 0->0 0->0 
0->0 0->0 0->0 0->0 0->0 0->0 93->0 92->0 82->0 75->0 92->0 90->0 148->0 81->0 130->0 76->0 133->0 82->0 156->0 136->0 148->0 136->0 159->0 153->0 0->0 0->0 0->0 0->0 0->0 0->0 0->0 0->0 0->0 0->0 0->0 0->0 
0->0 0->0 0->0 0->0 0->0 0->0 144->0 72->0 160->0 78->0 161->0 65->0 84->0 81->0 77->0 78->0 70->0 79->0 72->0 113->0 70->0 118->0 70->0 105->0 0->0 0->0 0->0 0->0 0->0 0->0 0->0 0->0 0->0 0->0 0->0 0->0 
0->0 0->0 0->0 0->0 0->0 0->0 160->0 147->0 70->0 154->0 96->0 146->0 156->0 141->0 77->0 160->0 84->0 160->0 152->0 138->0 69->0 154->0 72->0 151->0 0->0 0->0 0->0 0->0 0->0 0->0 0->0 0->0 0->0 0->0 0->0 0->0 
0->0 0->0 0->0 0->0 0->0 0->0 147->0 134->0 91->0 156->0 75->0 140->0 139->0 161->0 86->0 161->0 130->0 151->0 141->0 153->0 86->0 143->0 149->0 146->0 0->0 0->0 0->0 0->0 0->0 0->0 0->0 0->0 0->0 0->0 0->0 0->0 
0->0 0->0 0->0 0->0 0->0 0->0 0->0 0->0 0->0 0->0 0->0 0->0 78->0 67->0 74->0 68->0 71->0 66->0 71->0 109->0 71->0 98->0 82->0 100->0 157->0 131->0 147->0 130->0 145->0 67->0 0->0 0->0 0->0 0->0 0->0 0->0 
0->0 0->0 0->0 0->0 0->0 0->0 0->0 0->0 0->0 0->0 0->0 0->0 140->0 167->0 99->0 130->0 130->0 129->0 88->0 135->0 80->0 67->0 159->0 150->0 131->0 90->0 158->0 78->0 175->0 138->0 0->0 0->0 0->0 0->0 0->0 0->0 
0->0 0->0 0->0 0->0 0->0 0->0 0->0 0->0 0->0 0->0 0->0 0->0 80->0 141->0 151->0 145->0 155->0 74->0 86->0 70->0 96->0 149->0 151->0 144->0 150->0 77->0 89->0 65->0 71->0 150->0 0->0 0->0 0->0 0->0 0->0 0->0 
0->0 0->0 0->0 0->0 0->0 0->0 0->0 0->0 0->0 0->0 0->0 0->0 160->0 99->0 70->0 109->0 81->0 117->0 164->0 138->0 172->0 66->0 170->0 66->0 99->0 67->0 99->0 133->0 70->0 146->0 0->0 0->0 0->0 0->0 0->0 0->0 
0->0 0->0 0->0 0->0 0->0 0->0 0->0 0->0 0->0 0->0 0->0 0->0 93->0 92->0 82->0 75->0 92->0 90->0 148->0 81->0 130->0 76->0 133->0 82->0 156->0 136->0 148->0 136->0 159->0 153->0 0->0 0->0 0->0 0->0 0->0 0->0 
0->0 0->0 0->0 0->0 0->0 0->0 0->0 0->0 0->0 0->0 0->0 0->0 144->0 72->0 160->0 78->0 161->0 65->0 84->0 81->0 77->0 78->0 70->0 79->0 72->0 113->0 70->0 118->0 70->0 105->0 0->0 0->0 0->0 0->0 0->0 0->0 
0->0 0->0 0->0 0->0 0->0 0->0 0->0 0->0 0->0 0->0 0->0 0->0 160->0 147->0 70->0 154->0 96->0 146->0 156->0 141->0 77->0 160->0 84->0 160->0 152->0 138->0 69->0 154->0 72->0 151->0 0->0 0->0 0->0 0->0 0->0 0->0 
0->0 0->0 0->0 0->0 0->0 0->0 0->0 0->0 0->0 0->0 0->0 0->0 147->0 134->0 91->0 156->0 75->0 140->0 139->0 161->0 86->0 161->0 130->0 151->0 141->0 153->0 86->0 143->0 149->0 146->0 0->0 0->0 0->0 0->0 0->0 0->0 
0->0 0->0 0->0 0->0 0->0 0->0 0->0 0->0 0->0 0->0 0->0 0->0 0->0 0->0 0->0 0->0 0->0 0->0 78->0 67->0 74->0 68->0 71->0 66->0 71->0 109->0 71->0 98->0 82->0 100->0 157->0 131->0 147->0 130->0 145->0 67->0 
0->0 0->0 0->0 0->0 0->0 0->0 0->0 0->0 0->0 0->0 0->0 0->0 0->0 0->0 0->0 0->0 0->0 0->0 140->0 167->0 99->0 130->0 130->0 129->0 88->0 135->0 80->0 67->0 159->0 150->0 131->0 90->0 158->0 78->0 175->0 138->0 
0->0 0->0 0->0 0->0 0->0 0->0 0->0 0->0 0->0 0->0 0->0 0->0 0->0 0->0 0->0 0->0 0->0 0->0 80->0 141->0 151->0 145->0 155->0 74->0 86->0 70->0 96->0 149->0 151->0 144->0 150->0 77->0 89->0 65->0 71->0 150->0 
0->0 0->0 0->0 0->0 0->0 0->0 0->0 0->0 0->0 0->0 0->0 0->0 0->0 0->0 0->0 0->0 0->0 0->0 160->0 99->0 70->0 109->0 81->0 117->0 164->0 138->0 172->0 66->0 170->0 66->0 99->0 67->0 99->0 133->0 70->0 146->0 
0->0 0->0 0->0 0->0 0->0 0->0 0->0 0->0 0->0 0->0 0->0 0->0 0->0 0->0 0->0 0->0 0->0 0->0 93->0 92->0 82->0 75->0 92->0 90->0 148->0 81->0 130->0 76->0 133->0 82->0 156->0 136->0 148->0 136->0 159->0 153->0 
0->0 0->0 0->0 0->0 0->0 0->0 0->0 0->0 0->0 0->0 0->0 0->0 0->0 0->0 0->0 0->0 0->0 0->0 144->0 72->0 160->0 78->0 161->0 65->0 84->0 81->0 77->0 78->0 70->0 79->0 72->0 113->0 70->0 118->0 70->0 105->0 
0->0 0->0 0->0 0->0 0->0 0->0 0->0 0->0 0->0 0->0 0->0 0->0 0->0 0->0 0->0 0->0 0->0 0->0 160->0 147->0 70->0 154->0 96->0 146->0 156->0 141->0 77->0 160->0 84->0 160->0 152->0 138->0 69->0 154->0 72->0 151->0 
0->0 0->0 0->0 0->0 0->0 0->0 0->0 0->0 0->0 0->0 0->0 0->0 0->0 0->0 0->0 0->0 0->0 0->0 147->0 134->0 91->0 156->0 75->0 140->0 139->0 161->0 86->0 161->0 130->0 151->0 141->0 153->0 86->0 143->0 149->0 146->0 

78->0 67->0 74->0 68->0 71->0 66->0 71->0 109->0 71->0 98->0 82->0 100->0 157->0 131->0 147->0 130->0 145->0 67->0 0->0 0->0 0->0 0->0 0->16 0->0 0->0 0->0 0->0 0->0 0->32 0->0 0->0 0->0 0->0 0->0 0->32 0->16 
140->0 167->0 99->0 130->0 130->0 129->0 88->0 135->0 80->0 67->0 159->0 150->0 131->0 90->0 158->0 78->0 175->0 138->0 0->0 0->0 0->0 0->0 0->16 0->0 0->0 0->0 0->0 0->0 0->32 0->0 0->0 0->0 0->0 0->0 0->32 0->16 
80->0 141->0 151->0 145->0 155->0 74->0 86->0 70->0 96->0 149->0 151->0 144->0 150->0 77->0 89->0 65->0 71->0 150->0 0->0 0->0 0->0 0->0 0->16 0->0 0->0 0->0 0->0 0->0 0->32 0->0 0->0 0->0 0->0 0->0 0->32 0->16 
160->0 99->0 70->0 109->0 81->0 117->0 164->0 138->0 172->0 66->0 170->0 66->0 99->0 67->0 99->0 133->0 70->0 146->0 0->0 0->0 0->0 0->0 0->16 0->0 0->0 0->0 0->0 0->0 0->32 0->0 0->0 0->0 0->0 0->0 0->32 0->16 
93->0 92->0 82->0 75->0 92->0 90->0 148->0 81->0 130->0 76->0 133->0 82->0 156->0 136->0 148->0 136->0 159->0 153->0 0->0 0->0 0->0 0->0 0->16 0->0 0->0 0->0 0->0 0->0 0->32 0->0 0->0 0->0 0->0 0->0 0->32 0->16 
144->0 72->0 160->0 78->0 161->0 65->0 84->0 81->0 77->0 78->0 70->0 79->0 72->0 113->0 70->0 118->0 70->0 105->0 0->0 0->0 0->0 0->0 0->16 0->0 0->0 0->0 0->0 0->0 0->32 0->0 0->0 0->0 0->0 0->0 0->32 0->16 
160->0 147->0 70->0 154->0 96->0 146->0 156->0 141->0 77->0 160->0 84->0 160->0 152->0 138->0 69->0 154->0 72->0 151->0 0->0 0->0 0->0 0->0 0->16 0->0 0->0 0->0 0->0 0->0 0->32 0->0 0->0 0->0 0->0 0->0 0->32 0->16 
147->0 134->0 91->0 156->0 75->0 140->0 139->0 161->0 86->0 161->0 130->0 151->0 141->0 153->0 86->0 143->0 149->0 146->0 0->0 0->0 0->0 0->0 0->16 0->0 0->0 0->0 0->0 0->0 0->32 0->0 0->0 0->0 0->0 0->0 0->32 0->16 
0->0 0->0 0->0 0->0 0->0 0->0 78->0 67->0 74->0 68->0 71->0 66->0 71->0 109->0 71->0 98->0 82->0 100->0 157->0 131->0 147->0 130->0 145->16 67->0 0->0 0->0 0->0 0->0 0->32 0->0 0->0 0->0 0->0 0->0 0->32 0->16 
0->0 0->0 0->0 0->0 0->0 0->0 140->0 167->0 99->0 130->0 130->0 129->0 88->0 135->0 80->0 67->0 159->0 150->0 131->0 90->0 158->0 78->0 175->16 138->0 0->0 0->0 0->0 0->0 0->32 0->0 0->0 0->0 0->0 0->0 0->32 0->16 
0->0 0->0 0->0 0->0 0->0 0->0 80->0 141->0 151->0 145->0 155->0 74->0 86->0 70->0 96->0 149->0 151->0 144->0 150->0 77->0 89->0 65->0 71->16 150->0 0->0 0->0 0->0 0->0 0->32 0->0 0->0 0->0 0->0 0->0 0->32 0->16 
0->0 0->0 0->0 0->0 0->0 0->0 160->0 99->0 70->0 109->0 81->0 117->0 164->0 138->0 172->0 66->0 170->0 66->0 99->0 67->0 99->0 133->0 70->16 146->0 0->0 0->0 0->0 0->0 0->32 0->0 0->0 0->0 0->0 0->0 0->32 0->16 
0->0 0->0 0->0 0->0 0->0 0->0 93->0 92->0 82->0 75->0 92->0 90->0 148->0 81->0 130->0 76->0 133->0 82->0 156->0 136->0 148->0 136->0 159->16 153->0 0->0 0->0 0->0 0->0 0->32 0->0 0->0 0->0 0->0 0->0 0->32 0->16 
0->0 0->0 0->0 0->0 0->0 0->0 144->0 72->0 160->0 78->0 161->0 65->0 84->0 81->0 77->0 78->0 70->0 79->0 72->0 113->0 70->0 118->0 70->16 105->0 0->0 0->0 0->0 0->0 0->32 0->0 0->0 0->0 0->0 0->0 0->32 0->16 
0->0 0->0 0->0 0->0 0->0 0->0 160->0 147->0 70->0 154->0 96->0 146->0 156->0 141->0 77->0 160->0 84->0 160->0 152->0 138->0 69->0 154->0 72->16 151->0 0->0 0->0 0->0 0->0 0->32 0->0 0->0 0->0 0->0 0->0 0->32 0->16 
0->0 0->0 0->0 0->0 0->0 0->0 147->0 134->0 91->0 156->0 75->0 140->0 139->0 161->0 86->0 161->0 130->0 151->0 141->0 153->0 86->0 143->0 149->16 146->0 0->0 0->0 0->0 0->0 0->32 0->0 0->0 0->0 0->0 0->0 0->32 0->16 
0->0 0->0 0->0 0->0 0->0 0->0 0->0 0->0 0->0 0->0 0->0 0->0 78->0 67->0 74->0 68->0 71->0 66->0 71->0 109->0 71->0 98->0 82->16 100->0 157->0 131->0 147->0 130->0 145->32 67->0 0->0 0->0 0->0 0->0 0->32 0->16 
0->0 0->0 0->0 0->0 0->0 0->0 0->0 0->0 0->0 0->0 0->0 0->0 140->0 167->0 99->0 130->0 130->0 129->0 88->0 135->0 80->0 67->0 159->16 150->0 131->0 90->0 158->0 78->0 175->32 138->0 0->0 0->0 0->0 0->0 0->32 0->16 
0->0 0->0 0->0 0->0 0->0 0->0 0->0 0->0 0->0 0->0 0->0 0->0 80->0 141->0 151->0 145->0 155->0 74->0 86->0 70->0 96->0 149->0 151->16 144->0 150->0 77->0 89->0 65->0 71->32 150->0 0->0 0->0 0->0 0->0 0->32 0->16 
0->0 0->0 0->0 0->0 0->0 0->0 0->0 0->0 0->0 0->0 0->0 0->0 160->0 99->0 70->0 109->0 81->0 117->0 164->0 138->0 172->0 66->0 170->16 66->0 99->0 67->0 99->0 133->0 70->32 146->0 0->0 0->0 0->0 0->0 0->32 0->16 
0->0 0->0 0->0 0->0 0->0 0->0 0->0 0->0 0->0 0->0 0->0 0->0 93->0 92->0 82->0 75->0 92->0 90->0 148->0 81->0 130->0 76->0 133->16 82->0 156->0 136->0 148->0 136->0 159->32 153->0 0->0 0->0 0->0 0->0 0->32 0->16 
0->0 0->0 0->0 0->0 0->0 0->0 0->0 0->0 0->0 0->0 0->0 0->0 144->0 72->0 160->0 78->0 161->0 65->0 84->0 81->0 77->0 78->0 70->16 79->0 72->0 113->0 70->0 118->0 70->32 105->0 0->0 0->0 0->0 0->0 0->32 0->16 
0->0 0->0 0->0 0->0 0->0 0->0 0->0 0->0 0->0 0->0 0->0 0->0 160->0 147->0 70->0 154->0 96->0 146->0 156->0 141->0 77->0 160->0 84->16 160->0 152->0 138->0 69->0 154->0 72->32 151->0 0->0 0->0 0->0 0->0 0->32 0->16 
0->0 0->0 0->0 0->0 0->0 0->0 0->0 0->0 0->0 0->0 0->0 0->0 147->0 134->0 91->0 156->0 75->0 140->0 139->0 161->0 86->0 161->0 130->16 151->0 141->0 153->0 86->0 143->0 149->32 146->0 0->0 0->0 0->0 0->0 0->32 0->16 
0->0 0->0 0->0 0->0 0->0 0->0 0->0 0->0 0->0 0->0 0->0 0->0 0->0 0->0 0->0 0->0 0->0 0->0 78->0 67->0 74->0 68->0 71->16 66->0 71->0 109->0 71->0 98->0 82->32 100->0 157->0 131->0 147->0 130->0 145->32 67->16 
0->0 0->0 0->0 0->0 0->0 0->0 0->0 0->0 0->0 0->0 0->0 0->0 0->0 0->0 0->0 0->0 0->0 0->0 140->0 167->0 99->0 130->0 130->16 129->0 88->0 135->0 80->0 67->0 159->32 150->0 131->0 90->0 158->0 78->0 175->32 138->16 
0->0 0->0 0->0 0->0 0->0 0->0 0->0 0->0 0->0 0->0 0->0 0->0 0->0 0->0 0->0 0->0 0->0 0->0 80->0 141->0 151->0 145->0 155->16 74->0 86->0 70->0 96->0 149->0 151->32 144->0 150->0 77->0 89->0 65->0 71->32 150->16 
0->0 0->0 0->0 0->0 0->0 0->0 0->0 0->0 0->0 0->0 0->0 0->0 0->0 0->0 0->0 0->0 0->0 0->0 160->0 99->0 70->0 109->0 81->16 117->0 164->0 138->0 172->0 66->0 170->32 66->0 99->0 67->0 99->0 133->0 70->32 146->16 
0->0 0->0 0->0 0->0 0->0 0->0 0->0 0->0 0->0 0->0 0->0 0->0 0->0 0->0 0->0 0->0 0->0 0->0 93->0 92->0 82->0 75->0 92->16 90->0 148->0 81->0 130->0 76->0 133->32 82->0 156->0 136->0 148->0 136->0 159->32 153->16 
0->0 0->0 0->0 0->0 0->0 0->0 0->0 0->0 0->0 0->0 0->0 0->0 0->0 0->0 0->0 0->0 0->0 0->0 144->0 72->0 160->0 78->0 161->16 65->0 84->0 81->0 77->0 78->0 70->32 79->0 72->0 113->0 70->0 118->0 70->32 105->16 
0->0 0->0 0->0 0->0 0->0 0->0 0->0 0->0 0->0 0->0 0->0 0->0 0->0 0->0 0->0 0->0 0->0 0->0 160->0 147->0 70->0 154->0 96->16 146->0 156->0 141->0 77->0 160->0 84->32 160->0 152->0 138->0 69->0 154->0 72->32 151->16 
0->0 0->0 0->0 0->0 0->0 0->0 0->0 0->0 0->0 0->0 0->0 0->0 0->0 0->0 0->0 0->0 0->0 0->0 147->0 134->0 91->0 156->0 75->16 140->0 139->0 161->0 86->0 161->0 130->32 151->0 141->0 153->0 86->0 143->0 149->32 146->16 

78->0 67->0 74->0 68->0 71->32 66->0 71->0 109->0 71->0 98->0 82->32 100->16 157->0 131->0 147->0 130->0 145->0 67->16 0->0 0->0 0->0 0->0 0->0 0->0 0->0 0->0 0->0 0->0 0->0 0->0 0->0 0->0 0->0 0->0 0->0 0->0 
140->0 167->0 99->0 130->0 130->32 129->0 88->0 135->0 80->0 67->0 159->32 150->16 131->0 90->0 158->0 78->0 175->0 138->16 0->0 0->0 0->0 0->0 0->0 0->0 0->0 0->0 0->0 0->0 0->0 0->0 0->0 0->0 0->0 0->0 0->0 0->0 
80->0 141->0 151->0 145->0 155->32 74->0 86->0 70->0 96->0 149->0 151->32 144->16 150->0 77->0 89->0 65->0 71->0 150->16 0->0 0->0 0->0 0->0 0->0 0->0 0->0 0->0 0->0 0->0 0->0 0->0 0->0 0->0 0->0 0->0 0->0 0->0 
160->0 99->0 70->0 109->0 81->32 117->0 164->0 138->0 172->0 66->0 170->32 66->16 99->0 67->0 99->0 133->0 70->0 146->16 0->0 0->0 0->0 0->0 0->0 0->0 0->0 0->0 0->0 0->0 0->0 0->0 0->0 0->0 0->0 0->0 0->0 0->0 
93->0 92->0 82->0 75->0 92->32 90->0 148->0 81->0 130->0 76->0 133->32 82->16 156->0 136->0 148->0 136->0 159->0 153->16 0->0 0->0 0->0 0->0 0->0 0->0 0->0 0->0 0->0 0->0 0->0 0->0 0->0 0->0 0->0 0->0 0->0 0->0 
144->0 72->0 160->0 78->0 161->32 65->0 84->0 81->0 77->0 78->0 70->32 79->16 72->0 113->0 70->0 118->0 70->0 105->16 0->0 0->0 0->0 0->0 0->0 0->0 0->0 0->0 0->0 0->0 0->0 0->0 0->0 0->0 0->0 0->0 0->0 0->0 
160->0 147->0 70->0 154->0 96->32 146->0 156->0 141->0 77->0 160->0 84->32 160->16 152->0 138->0 69->0 154->0 72->0 151->16 0->0 0->0 0->0 0->0 0->0 0->0 0->0 0->0 0->0 0->0 0->0 0->0 0->0 0->0 0->0 0->0 0->0 0->0 
147->0 134->0 91->0 156->0 75->32 140->0 139->0 161->0 86->0 161->0 130->32 151->16 141->0 153->0 86->0 143->0 149->0 146->16 0->0 0->0 0->0 0->0 0->0 0->0 0->0 0->0 0->0 0->0 0->0 0->0 0->0 0->0 0->0 0->0 0->0 0->0 
0->0 0->0 0->0 0->0 0->32 0->0 78->0 67->0 74->0 68->0 71->32 66->16 71->0 109->0 71->0 98->0 82->0 100->16 157->0 131->0 147->0 130->0 145->0 67->0 0->0 0->0 0->0 0->0 0->0 0->0 0->0 0->0 0->0 0->0 0->0 0->0 
0->0 0->0 0->0 0->0 0->32 0->0 140->0 167->0 99->0 130->0 130->32 129->16 88->0 135->0 80->0 67->0 159->0 150->16 131->0 90->0 158->0 78->0 175->0 138->0 0->0 0->0 0->0 0->0 0->0 0->0 0->0 0->0 0->0 0->0 0->0 0->0 
0->0 0->0 0->0 0->0 0->32 0->0 80->0 141->0 151->0 145->0 155->32 74->16 86->0 70->0 96->0 149->0 151->0 144->16 150->0 77->0 89->0 65->0 71->0 150->0 0->0 0->0 0->0 0->0 0->0 0->0 0->0 0->0 0->0 0->0 0->0 0->0 
0->0 0->0 0->0 0->0 0->32 0->0 160->0 99->0 70->0 109->0 81->32 117->16 164->0 138->0 172->0 66->0 170->0 66->16 99->0 67->0 99->0 133->0 70->0 146->0 0->0 0->0 0->0 0->0 0->0 0->0 0->0 0->0 0->0 0->0 0->0 0->0 
0->0 0->0 0->0 0->0 0->32 0->0 93->0 92->0 82->0 75->0 92->32 90->16 148->0 81->0 130->0 76->0 133->0 82->16 156->0 136->0 148->0 136->0 159->0 153->0 0->0 0->0 0->0 0->0 0->0 0->0 0->0 0->0 0->0 0->0 0->0 0->0 
0->0 0->0 0->0 0->0 0->32 0->0 144->0 72->0 160->0 78->0 161->32 65->16 84->0 81->0 77->0 78->0 70->0 79->16 72->0 113->0 70->0 118->0 70->0 105->0 0->0 0->0 0->0 0->0 0->0 0->0 0->0 0->0 0->0 0->0 0->0 0->0 
0->0 0->0 0->0 0->0 0->32 0->0 160->0 147->0 70->0 154->0 96->32 146->16 156->0 141->0 77->0 160->0 84->0 160->16 152->0 138->0 69->0 154->0 72->0 151->0 0->0 0->0 0->0 0->0 0->0 0->0 0->0 0->0 0->0 0->0 0->0 0->0 
0->0 0->0 0->0 0->0 0->32 0->0 147->0 134->0 91->0 156->0 75->32 140->16 139->0 161->0 86->0 161->0 130->0 151->16 141->0 153->0 86->0 143->0 149->0 146->0 0->0 0->0 0->0 0->0 0->0 0->0 0->0 0->0 0->0 0->0 0->0 0->0 
0->0 0->0 0->0 0->0 0->32 0->0 0->0 0->0 0->0 0->0 0->32 0->16 78->0 67->0 74->0 68->0 71->0 66->16 71->0 109->0 71->0 98->0 82->0 100->0 157->0 131->0 147->0 130->0 145->0 67->0 0->0 0->0 0->0 0->0 0->0 0->0 
0->0 0->0 0->0 0->0 0->32 0->0 0->0 0->0 0->0 0->0 0->32 0->16 140->0 167->0 99->0 130->0 130->0 129->16 88->0 135->0 80->0 67->0 159->0 150->0 131->0 90->0 158->0 78->0 175->0 138->0 0->0 0->0 0->0 0->0 0->0 0->0 
0->0 0->0 0->0 0->0 0->32 0->0 0->0 0->0 0->0 0->0 0->32 0->16 80->0 141->0 151->0 145->0 155->0 74->16 86->0 70->0 96->0 149->0 151->0 144->0 150->0 77->0 89->0 65->0 71->0 150->0 0->0 0->0 0->0 0->0 0->0 0->0 
0->0 0->0 0->0 0->0 0->32 0->0 0->0 0->0 0->0 0->0 0->32 0->16 160->0 99->0 70->0 109->0 81->0 117->16 164->0 138->0 172->0 66->0 170->0 66->0 99->0 67->0 99->0 133->0 70->0 146->0 0->0 0->0 0->0 0->0 0->0 0->0 
0->0 0->0 0->0 0->0 0->32 0->0 0->0 0->0 0->0 0->0 0->32 0->16 93->0 92->0 82->0 75->0 92->0 90->16 148->0 81->0 130->0 76->0 133->0 82->0 156->0 136->0 148->0 136->0 159->0 153->0 0->0 0->0 0->0 0->0 0->0 0->0 
0->0 0->0 0->0 0->0 0->32 0->0 0->0 0->0 0->0 0->0 0->32 0->16 144->0 72->0 160->0 78->0 161->0 65->16 84->0 81->0 77->0 78->0 70->0 79->0 72->0 113->0 70->0 118->0 70->0 105->0 0->0 0->0 0->0 0->0 0->0 0->0 
0->0 0->0 0->0 0->0 0->32 0->0 0->0 0->0 0->0 0->0 0->32 0->16 160->0 147->0 70->0 154->0 96->0 146->16 156->0 141->0 77->0 160->0 84->0 160->0 152->0 138->0 69->0 154->0 72->0 151->0 0->0 0->0 0->0 0->0 0->0 0->0 
0->0 0->0 0->0 0->0 0->32 0->0 0->0 0->0 0->0 0->0 0->32 0->16 147->0 134->0 91->0 156->0 75->0 140->16 139->0 161->0 86->0 161->0 130->0 151->0 141->0 153->0 86->0 143->0 149->0 146->0 0->0 0->0 0->0 0->0 0->0 0->0 
0->0 0->0 0->0 0->0 0->32 0->0 0->0 0->0 0->0 0->0 0->32 0->16 0->0 0->0 0->0 0->0 0->0 0->16 78->0 67->0 74->0 68->0 71->0 66->0 71->0 109->0 71->0 98->0 82->0 100->0 157->0 131->0 147->0 130->0 145->0 67->0 
0->0 0->0 0->0 0->0 0->32 0->0 0->0 0->0 0->0 0->0 0->32 0->16 0->0 0->0 0->0 0->0 0->0 0->16 140->0 167->0 99->0 130->0 130->0 129->0 88->0 135->0 80->0 67->0 159->0 150->0 131->0 90->0 158->0 78->0 175->0 138->0 
0->0 0->0 0->0 0->0 0->32 0->0 0->0 0->0 0->0 0->0 0->32 0->16 0->0 0->0 0->0 0->0 0->0 0->16 80->0 141->0 151->0 145->0 155->0 74->0 86->0 70->0 96->0 149->0 151->0 144->0 150->0 77->0 89->0 65->0 71->0 150->0 
0->0 0->0 0->0 0->0 0->32 0->0 0->0 0->0 0->0 0->0 0->32 0->16 0->0 0->0 0->0 0->0 0->0 0->16 160->0 99->0 70->0 109->0 81->0 117->0 164->0 138->0 172->0 66->0 170->0 66->0 99->0 67->0 99->0 133->0 70->0 146->0 
0->0 0->0 0->0 0->0 0->32 0->0 0->0 0->0 0->0 0->0 0->32 0->16 0->0 0->0 0->0 0->0 0->0 0->16 93->0 92->0 82->0 75->0 92->0 90->0 148->0 81->0 130->0 76->0 133->0 82->0 156->0 136->0 148->0 136->0 159->0 153->0 
0->0 0->0 0->0 0->0 0->32 0->0 0->0 0->0 0->0 0->0 0->32 0->16 0->0 0->0 0->0 0->0 0->0 0->16 144->0 72->0 160->0 78->0 161->0 65->0 84->0 81->0 77->0 78->0 70->0 79->0 72->0 113->0 70->0 118->0 70->0 105->0 
0->0 0->0 0->0 0->0 0->32 0->0 0->0 0->0 0->0 0->0 0->32 0->16 0->0 0->0 0->0 0->0 0->0 0->16 160->0 147->0 70->0 154->0 96->0 146->0 156->0 141->0 77->0 160->0 84->0 160->0 152->0 138->0 69->0 154->0 72->0 151->0 
0->0 0->0 0->0 0->0 0->32 0->0 0->0 0->0 0->0 0->0 0->32 0->16 0->0 0->0 0->0 0->0 0->0 0->16 147->0 134->0 91->0 156->0 75->0 140->0 139->0 161->0 86->0 161->0 130->0 151->0 141->0 153->0 86->0 143->0 149->0 146->0 

78->0 67->0 74->0 68->0 71->0 66->0 71->0 109->0 71->0 98->0 82->0 100->0 157->0 131->0 147->0 130->0 145->0 67->0 0->0 0->0 0->0 0->0 0->16 0->0 0->0 0->0 0->0 0->0 0->32 0->0 0->0 0->0 0->0 0->0 0->112 0->0 
140->0 167->0 99->0 130->0 130->0 129->0 88->0 135->0 80->0 67->0 159->0 150->0 131->0 90->0 158->0 78->0 175->0 138->0 0->0 0->0 0->0 0->0 0->16 0->0 0->0 0->0 0->0 0->0 0->32 0->0 0->0 0->0 0->0 0->0 0->112 0->0 
80->0 141->0 151->0 145->0 155->0 74->0 86->0 70->0 96->0 149->0 151->0 144->0 150->0 77->0 89->0 65->0 71->0 150->0 0->0 0->0 0->0 0->0 0->16 0->0 0->0 0->0 0->0 0->0 0->32 0->0 0->0 0->0 0->0 0->0 0->112 0->0 
160->0 99->0 70->0 109->0 81->0 117->0 164->0 138->0 172->0 66->0 170->0 66->0 99->0 67->0 99->0 133->0 70->0 146->0 0->0 0->0 0->0 0->0 0->16 0->0 0->0 0->0 0->0 0->0 0->32 0->0 0->0 0->0 0->0 0->0 0->112 0->0 
93->0 92->0 82->0 75->0 92->0 90->0 148->0 81->0 130->0 76->0 133->0 82->0 156->0 136->0 148->0 136->0 159->0 153->0 0->0 0->0 0->0 0->0 0->16 0->0 0->0 0->0 0->0 0->0 0->32 0->0 0->0 0->0 0->0 0->0 0->112 0->0 
144->0 72->0 160->0 78->0 161->0 65->0 84->0 81->0 77->0 78->0 70->0 79->0 72->0 113->0 70->0 118->0 70->0 105->0 0->0 0->0 0->0 0->0 0->16 0->0 0->0 0->0 0->0 0->0 0->32 0->0 0->0 0->0 0->0 0->0 0->112 0->0 
160->0 147->0 70->0 154->0 96->0 146->0 156->0 141->0 77->0 160->0 84->0 160->0 152->0 138->0 69->0 154->0 72->0 151->0 0->0 0->0 0->0 0->0 0->16 0->0 0->0 0->0 0->0 0->0 0->32 0->0 0->0 0->0 0->0 0->0 0->112 0->0 
147->0 134->0 91->0 156->0 75->0 140->0 139->0 161->0 86->0 161->0 130->0 151->0 141->0 153->0 86->0 143->0 149->0 146->0 0->0 0->0 0->0 0->0 0->16 0->0 0->0 0->0 0->0 0->0 0->32 0->0 0->0 0->0 0->0 0->0 0->112 0->0 
0->0 0->0 0->0 0->0 0->0 0->0 78->0 67->0 74->0 68->0 71->0 66->0 71->0 109->0 71->0 98->0 82->0 100->0 157->0 131->0 147->0 130->0 145->16 67->0 0->0 0->0 0->0 0->0 0->32 0->0 0->0 0->0 0->0 0->0 0->112 0->0 
0->0 0->0 0->0 0->0 0->0 0->0 140->0 167->0 99->0 130->0 130->0 129->0 88->0 135->0 80->0 67->0 159->0 150->0 131->0 90->0 158->0 78->0 175->16 138->0 0->0 0->0 0->0 0->0 0->32 0->0 0->0 0->0 0->0 0->0 0->112 0->0 
0->0 0->0 0->0 0->0 0->0 0->0 80->0 141->0 151->0 145->0 155->0 74->0 86->0 70->0 96->0 149->0 151->0 144->0 150->0 77->0 89->0 65->0 71->16 150->0 0->0 0->0 0->0 0->0 0->32 0->0 0->0 0->0 0->0 0->0 0->112 0->0 
0->0 0->0 0->0 0->0 0->0 0->0 160->0 99->0 70->0 109->0 81->0 117->0 164->0 138->0 172->0 66->0 170->0 66->0 99->0 67->0 99->0 133->0 70->16 146->0 0->0 0->0 0->0 0->0 0->32 0->0 0->0 0->0 0->0 0->0 0->112 0->0 
0->0 0->0 0->0 0->0 0->0 0->0 93->0 92->0 82->0 75->0 92->0 90->0 148->0 81->0 130->0 76->0 133->0 82->0 156->0 136->0 148->0 136->0 159->16 153->0 0->0 0->0 0->0 0->0 0->32 0->0 0->0 0->0 0->0 0->0 0->112 0->0 
0->0 0->0 0->0 0->0 0->0 0->0 144->0 72->0 160->0 78->0 161->0 65->0 84->0 81->0 77->0 78->0 70->0 79->0 72->0 113->0 70->0 118->0 70->16 105->0 0->0 0->0 0->0 0->0 0->32 0->0 0->0 0->0 0->0 0->0 0->112 0->0 
0->0 0->0 0->0 0->0 0->0 0->0 160->0 147->0 70->0 154->0 96->0 146->0 156->0 141->0 77->0 160->0 84->0 160->0 152->0 138->0 69->0 154->0 72->16 151->0 0->0 0->0 0->0 0->0 0->32 0->0 0->0 0->0 0->0 0->0 0->112 0->0 
0->0 0->0 0->0 0->0 0->0 0->0 147->0 134->0 91->0 156->0 75->0 140->0 139->0 161->0 86->0 161->0 130->0 151->0 141->0 153->0 86->0 143->0 149->16 146->0 0->0 0->0 0->0 0->0 0->32 0->0 0->0 0->0 0->0 0->0 0->112 0->0 
0->0 0->0 0->0 0->0 0->0 0->0 0->0 0->0 0->0 0->0 0->0 0->0 78->0 67->0 74->0 68->0 71->0 66->0 71->0 109->0 71->0 98->0 82->16 100->0 157->0 131->0 147->0 130->0 145->32 67->0 0->0 0->0 0->0 0->0 0->112 0->0 
0->0 0->0 0->0 0->0 0->0 0->0 0->0 0->0 0->0 0->0 0->0 0->0 140->0 167->0 99->0 130->0 130->0 129->0 88->0 135->0 80->0 67->0 159->16 150->0 131->0 90->0 158->0 78->0 175->32 138->0 0->0 0->0 0->0 0->0 0->112 0->0 
0->0 0->0 0->0 0->0 0->0 0->0 0->0 0->0 0->0 0->0 0->0 0->0 80->0 141->0 151->0 145->0 155->0 74->0 86->0 70->0 96->0 149->0 151->16 144->0 150->0 77->0 89->0 65->0 71->32 150->0 0->0 0->0 0->0 0->0 0->112 0->0 
0->0 0->0 0->0 0->0 0->0 0->0 0->0 0->0 0->0 0->0 0->0 0->0 160->0 99->0 70->0 109->0 81->0 117->0 164->0 138->0 172->0 66->0 170->16 66->0 99->0 67->0 99->0 133->0 70->32 146->0 0->0 0->0 0->0 0->0 0->112 0->0 
0->0 0->0 0->0 0->0 0->0 0->0 0->0 0->0 0->0 0->0 0->0 0->0 93->0 92->0 82->0 75->0 92->0 90->0 148->0 81->0 130->0 76->0 133->16 82->0 156->0 136->0 148->0 136->0 159->32 153->0 0->0 0->0 0->0 0->0 0->112 0->0 
0->0 0->0 0->0 0->0 0->0 0->0 0->0 0->0 0->0 0->0 0->0 0->0 144->0 72->0 160->0 78->0 161->0 65->0 84->0 81->0 77->0 78->0 70->16 79->0 72->0 113->0 70->0 118->0 70->32 105->0 0->0 0->0 0->0 0->0 0->112 0->0 
0->0 0->0 0->0 0->0 0->0 0->0 0->0 0->0 0->0 0->0 0->0 0->0 160->0 147->0 70->0 154->0 96->0 146->0 156->0 141->0 77->0 160->0 84->16 160->0 152->0 138->0 69->0 154->0 72->32 151->0 0->0 0->0 0->0 0->0 0->112 0->0 
0->0 0->0 0->0 0->0 0->0 0->0 0->0 0->0 0->0 0->0 0->0 0->0 147->0 134->0 91->0 156->0 75->0 140->0 139->0 161->0 86->0 161->0 130->16 151->0 141->0 153->0 86->0 143->0 149->32 146->0 0->0 0->0 0->0 0->0 0->112 0->0 
0->0 0->0 0->0 0->0 0->0 0->0 0->0 0->0 0->0 0->0 0->0 0->0 0->0 0->0 0->0 0->0 0->0 0->0 78->0 67->0 74->0 68->0 71->16 66->0 71->0 109->0 71->0 98->0 82->32 100->0 157->0 131->0 147->0 130->0 145->112 67->0 
0->0 0->0 0->0 0->0 0->0 0->0 0->0 0->0 0->0 0->0 0->0 0->0 0->0 0->0 0->0 0->0 0->0 0->0 140->0 167->0 99->0 130->0 130->16 129->0 88->0 135->0 80->0 67->0 159->32 150->0 131->0 90->0 158->0 78->0 175->112 138->0 
0->0 0->0 0->0 0->0 0->0 0->0 0->0 0->0 0->0 0->0 0->0 0->0 0->0 0->0 0->0 0->0 0->0 0->0 80->0 141->0 151->0 145->0 155->16 74->0 86->0 70->0 96->0 149->0 151->32 144->0 150->0 77->0 89->0 65->0 71->112 150->0 
0->0 0->0 0->0 0->0 0->0 0->0 0->0 0->0 0->0 0->0 0->0 0->0 0->0 0->0 0->0 0->0 0->0 0->0 160->0 99->0 70->0 109->0 81->16 117->0 164->0 138->0 172->0 66->0 170->32 66->0 99->0 67->0 99->0 133->0 70->112 146->0 
0->0 0->0 0->0 0->0 0->0 0->0 0->0 0->0 0->0 0->0 0->0 0->0 0->0 0->0 0->0 0->0 0->0 0->0 93->0 92->0 82->0 75->0 92->16 90->0 148->0 81->0 130->0 76->0 133->32 82->0 156->0 136->0 148->0 136->0 159->112 153->0 
0->0 0->0 0->0 0->0 0->0 0->0 0->0 0->0 0->0 0->0 0->0 0->0 0->0 0->0 0->0 0->0 0->0 0->0 144->0 72->0 160->0 78->0 161->16 65->0 84->0 81->0 77->0 78->0 70->32 79->0 72->0 113->0 70->0 118->0 70->112 105->0 
0->0 0->0 0->0 0->0 0->0 0->0 0->0 0->0 0->0 0->0 0->0 0->0 0->0 0->0 0->0 0->0 0->0 0->0 160->0 147->0 70->0 154->0 96->16 146->0 156->0 141->0 77->0 160->0 84->32 160->0 152->0 138->0 69->0 154->0 72->112 151->0 
0->0 0->0 0->0 0->0 0->0 0->0 0->0 0->0 0->0 0->0 0->0 0->0 0->0 0->0 0->0 0->0 0->0 0->0 147->0 134->0 91->0 156->0 75->16 140->0 139->0 161->0 86->0 161->0 130->32 151->0 141->0 153->0 86->0 143->0 149->112 146->0 

78->0 67->0 74->0 68->0 71->32 66->0 71->0 109->0 71->0 98->0 82->112 100->0 157->0 131->0 147->0 130->0 145->192 67->16 0->0 0->0 0->16 0->0 0->208 0->16 0->0 0->0 0->32 0->0 0->240 0->32 0->0 0->0 0->32 0->16 0->240 0->48 
140->0 167->0 99->0 130->0 130->32 129->0 88->0 135->0 80->0 67->0 159->112 150->0 131->0 90->0 158->0 78->0 175->192 138->16 0->0 0->0 0->16 0->0 0->208 0->16 0->0 0->0 0->32 0->0 0->240 0->32 0->0 0->0 0->32 0->16 0->240 0->48 
80->0 141->0 151->0 145->0 155->32 74->0 86->0 70->0 96->0 149->0 151->112 144->0 150->0 77->0 89->0 65->0 71->192 150->16 0->0 0->0 0->16 0->0 0->208 0->16 0->0 0->0 0->32 0->0 0->240 0->32 0->0 0->0 0->32 0->16 0->240 0->48 
160->0 99->0 70->0 109->0 81->32 117->0 164->0 138->0 172->0 66->0 170->112 66->0 99->0 67->0 99->0 133->0 70->192 146->16 0->0 0->0 0->16 0->0 0->208 0->16 0->0 0->0 0->32 0->0 0->240 0->32 0->0 0->0 0->32 0->16 0->240 0->48 
93->0 92->0 82->0 75->0 92->32 90->0 148->0 81->0 130->0 76->0 133->112 82->0 156->0 136->0 148->0 136->0 159->192 153->16 0->0 0->0 0->16 0->0 0->208 0->16 0->0 0->0 0->32 0->0 0->240 0->32 0->0 0->0 0->32 0->16 0->240 0->48 
144->0 72->0 160->0 78->0 161->32 65->0 84->0 81->0 77->0 78->0 70->112 79->0 72->0 113->0 70->0 118->0 70->192 105->16 0->0 0->0 0->16 0->0 0->208 0->16 0->0 0->0 0->32 0->0 0->240 0->32 0->0 0->0 0->32 0->16 0->240 0->48 
160->0 147->0 70->0 154->0 96->32 146->0 156->0 141->0 77->0 160->0 84->112 160->0 152->0 138->0 69->0 154->0 72->192 151->16 0->0 0->0 0->16 0->0 0->208 0->16 0->0 0->0 0->32 0->0 0->240 0->32 0->0 0->0 0->32 0->16 0->240 0->48 
147->0 134->0 91->0 156->0 75->32 140->0 139->0 161->0 86->0 161->0 130->112 151->0 141->0 153->0 86->0 143->0 149->192 146->16 0->0 0->0 0->16 0->0 0->208 0->16 0->0 0->0 0->32 0->0 0->240 0->32 0->0 0->0 0->32 0->16 0->240 0->48 
0->0 0->0 0->0 0->0 0->32 0->0 78->0 67->0 74->0 68->0 71->112 66->0 71->0 109->0 71->0 98->0 82->192 100->16 157->0 131->0 147->16 130->0 145->208 67->16 0->0 0->0 0->32 0->0 0->240 0->32 0->0 0->0 0->32 0->16 0->240 0->48 
0->0 0->0 0->0 0->0 0->32 0->0 140->0 167->0 99->0 130->0 130->112 129->0 88->0 135->0 80->0 67->0 159->192 150->16 131->0 90->0 158->16 78->0 175->208 138->16 0->0 0->0 0->32 0->0 0->240 0->32 0->0 0->0 0->32 0->16 0->240 0->48 
0->0 0->0 0->0 0->0 0->32 0->0 80->0 141->0 151->0 145->0 155->112 74->0 86->0 70->0 96->0 149->0 151->192 144->16 150->0 77->0 89->16 65->0 71->208 150->16 0->0 0->0 0->32 0->0 0->240 0->32 0->0 0->0 0->32 0->16 0->240 0->48 
0->0 0->0 0->0 0->0 0->32 0->0 160->0 99->0 70->0 109->0 81->112 117->0 164->0 138->0 172->0 66->0 170->192 66->16 99->0 67->0 99->16 133->0 70->208 146->16 0->0 0->0 0->32 0->0 0->240 0->32 0->0 0->0 0->32 0->16 0->240 0->48 
0->0 0->0 0->0 0->0 0->32 0->0 93->0 92->0 82->0 75->0 92->112 90->0 148->0 81->0 130->0 76->0 133->192 82->16 156->0 136->0 148->16 136->0 159->208 153->16 0->0 0->0 0->32 0->0 0->240 0->32 0->0 0->0 0->32 0->16 0->240 0->48 
0->0 0->0 0->0 0->0 0->32 0->0 144->0 72->0 160->0 78->0 161->112 65->0 84->0 81->0 77->0 78->0 70->192 79->16 72->0 113->0 70->16 118->0 70->208 105->16 0->0 0->0 0->32 0->0 0->240 0->32 0->0 0->0 0->32 0->16 0->240 0->48 
0->0 0->0 0->0 0->0 0->32 0->0 160->0 147->0 70->0 154->0 96->112 146->0 156->0 141->0 77->0 160->0 84->192 160->16 152->0 138->0 69->16 154->0 72->208 151->16 0->0 0->0 0->32 0->0 0->240 0->32 0->0 0->0 0->32 0->16 0->240 0->48 
0->0 0->0 0->0 0->0 0->32 0->0 147->0 134->0 91->0 156->0 75->112 140->0 139->0 161->0 86->0 161->0 130->192 151->16 141->0 153->0 86->16 143->0 149->208 146->16 0->0 0->0 0->32 0->0 0->240 0->32 0->0 0->0 0->32 0->16 0->240 0->48 
0->0 0->0 0->0 0->0 0->32 0->0 0->0 0->0 0->0 0->0 0->112 0->0 78->0 67->0 74->0 68->0 71->192 66->16 71->0 109->0 71->16 98->0 82->208 100->16 157->0 131->0 147->32 130->0 145->240 67->32 0->0 0->0 0->32 0->16 0->240 0->48 
0->0 0->0 0->0 0->0 0->32 0->0 0->0 0->0 0->0 0->0 0->112 0->0 140->0 167->0 99->0 130->0 130->192 129->16 88->0 135->0 80->16 67->0 159->208 150->16 131->0 90->0 158->32 78->0 175->240 138->32 0->0 0->0 0->32 0->16 0->240 0->48 
0->0 0->0 0->0 0->0 0->32 0->0 0->0 0->0 0->0 0->0 0->112 0->0 80->0 141->0 151->0 145->0 155->192 74->16 86->0 70->0 96->16 149->0 151->208 144->16 150->0 77->0 89->32 65->0 71->240 150->32 0->0 0->0 0->32 0->16 0->240 0->48 
0->0 0->0 0->0 0->0 0->32 0->0 0->0 0->0 0->0 0->0 0->112 0->0 160->0 99->0 70->0 109->0 81->192 117->16 164->0 138->0 172->16 66->0 170->208 66->16 99->0 67->0 99->32 133->0 70->240 146->32 0->0 0->0 0->32 0->16 0->240 0->48 
0->0 0->0 0->0 0->0 0->32 0->0 0->0 0->0 0->0 0->0 0->112 0->0 93->0 92->0 82->0 75->0 92->192 90->16 148->0 81->0 130->16 76->0 133->208 82->16 156->0 136->0 148->32 136->0 159->240 153->32 0->0 0->0 0->32 0->16 0->240 0->48 
0->0 0->0 0->0 0->0 0->32 0->0 0->0 0->0 0->0 0->0 0->112 0->0 144->0 72->0 160->0 78->0 161->192 65->16 84->0 81->0 77->16 78->0 70->208 79->16 72->0 113->0 70->32 118->0 70->240 105->32 0->0 0->0 0->32 0->16 0->240 0->48 
0->0 0->0 0->0 0->0 0->32 0->0 0->0 0->0 0->0 0->0 0->112 0->0 160->0 147->0 70->0 154->0 96->192 146->16 156->0 141->0 77->16 160->0 84->208 160->16 152->0 138->0 69->32 154->0 72->240 151->32 0->0 0->0 0->32 0->16 0->240 0->48 
0->0 0->0 0->0 0->0 0->32 0->0 0->0 0->0 0->0 0->0 0->112 0->0 147->0 134->0 91->0 156->0 75->192 140->16 139->0 161->0 86->16 161->0 130->208 151->16 141->0 153->0 86->32 143->0 149->240 146->32 0->0 0->0 0->32 0->16 0->240 0->48 
0->0 0->0 0->0 0->0 0->32 0->0 0->0 0->0 0->0 0->0 0->112 0->0 0->0 0->0 0->0 0->0 0->192 0->16 78->0 67->0 74->16 68->0 71->208 66->16 71->0 109->0 71->32 98->0 82->240 100->32 157->0 131->0 147->32 130->16 145->240 67->48 
0->0 0->0 0->0 0->0 0->32 0->0 0->0 0->0 0->0 0->0 0->112 0->0 0->0 0->0 0->0 0->0 0->192 0->16 140->0 167->0 99->16 130->0 130->208 129->16 88->0 135->0 80->32 67->0 159->240 150->32 131->0 90->0 158->32 78->16 175->240 138->48 
0->0 0->0 0->0 0->0 0->32 0->0 0->0 0->0 0->0 0->0 0->112 0->0 0->0 0->0 0->0 0->0 0->192 0->16 80->0 141->0 151->16 145->0 155->208 74->16 86->0 70->0 96->32 149->0 151->240 144->32 150->0 77->0 89->32 65->16 71->240 150->48 
0->0 0->0 0->0 0->0 0->32 0->0 0->0 0->0 0->0 0->0 0->112 0->0 0->0 0->0 0->0 0->0 0->192 0->16 160->0 99->0 70->16 109->0 81->208 117->16 164->0 138->0 172->32 66->0 170->240 66->32 99->0 67->0 99->32 133->16 70->240 146->48 
0->0 0->0 0->0 0->0 0->32 0->0 0->0 0->0 0->0 0->0 0->112 0->0 0->0 0->0 0->0 0->0 0->192 0->16 93->0 92->0 82->16 75->0 92->208 90->16 148->0 81->0 130->32 76->0 133->240 82->32 156->0 136->0 148->32 136->16 159->240 153->48 
0->0 0->0 0->0 0->0 0->32 0->0 0->0 0->0 0->0 0->0 0->112 0->0 0->0 0->0 0->0 0->0 0->192 0->16 144->0 72->0 160->16 78->0 161->208 65->16 84->0 81->0 77->32 78->0 70->240 79->32 72->0 113->0 70->32 118->16 70->240 105->48 
0->0 0->0 0->0 0->0 0->32 0->0 0->0 0->0 0->0 0->0 0->112 0->0 0->0 0->0 0->0 0->0 0->192 0->16 160->0 147->0 70->16 154->0 96->208 146->16 156->0 141->0 77->32 160->0 84->240 160->32 152->0 138->0 69->32 154->16 72->240 151->48 
0->0 0->0 0->0 0->0 0->32 0->0 0->0 0->0 0->0 0->0 0->112 0->0 0->0 0->0 0->0 0->0 0->192 0->16 147->0 134->0 91->16 156->0 75->208 140->16 139->0 161->0 86->32 161->0 130->240 151->32 141->0 153->0 86->32 143->16 149->240 146->48 

78->0 67->0 74->32 68->0 71->240 66->32 71->0 109->0 71->32 98->16 82->240 100->48 157->0 131->0 147->0 130->16 145->208 67->48 0->0 0->0 0->0 0->0 0->112 0->96 0->0 0->0 0->0 0->0 0->0 0->0 0->0 0->0 0->0 0->0 0->0 0->0 
140->0 167->0 99->32 130->0 130->240 129->32 88->0 135->0 80->32 67->16 159->240 150->48 131->0 90->0 158->0 78->16 175->208 138->48 0->0 0->0 0->0 0->0 0->112 0->96 0->0 0->0 0->0 0->0 0->0 0->0 0->0 0->0 0->0 0->0 0->0 0->0 
80->0 141->0 151->32 145->0 155->240 74->32 86->0 70->0 96->32 149->16 151->240 144->48 150->0 77->0 89->0 65->16 71->208 150->48 0->0 0->0 0->0 0->0 0->112 0->96 0->0 0->0 0->0 0->0 0->0 0->0 0->0 0->0 0->0 0->0 0->0 0->0 
160->0 99->0 70->32 109->0 81->240 117->32 164->0 138->0 172->32 66->16 170->240 66->48 99->0 67->0 99->0 133->16 70->208 146->48 0->0 0->0 0->0 0->0 0->112 0->96 0->0 0->0 0->0 0->0 0->0 0->0 0->0 0->0 0->0 0->0 0->0 0->0 
93->0 92->0 82->32 75->0 92->240 90->32 148->0 81->0 130->32 76->16 133->240 82->48 156->0 136->0 148->0 136->16 159->208 153->48 0->0 0->0 0->0 0->0 0->112 0->96 0->0 0->0 0->0 0->0 0->0 0->0 0->0 0->0 0->0 0->0 0->0 0->0 
144->0 72->0 160->32 78->0 161->240 65->32 84->0 81->0 77->32 78->16 70->240 79->48 72->0 113->0 70->0 118->16 70->208 105->48 0->0 0->0 0->0 0->0 0->112 0->96 0->0 0->0 0->0 0->0 0->0 0->0 0->0 0->0 0->0 0->0 0->0 0->0 
160->0 147->0 70->32 154->0 96->240 146->32 156->0 141->0 77->32 160->16 84->240 160->48 152->0 138->0 69->0 154->16 72->208 151->48 0->0 0->0 0->0 0->0 0->112 0->96 0->0 0->0 0->0 0->0 0->0 0->0 0->0 0->0 0->0 0->0 0->0 0->0 
147->0 134->0 91->32 156->0 75->240 140->32 139->0 161->0 86->32 161->16 130->240 151->48 141->0 153->0 86->0 143->16 149->208 146->48 0->0 0->0 0->0 0->0 0->112 0->96 0->0 0->0 0->0 0->0 0->0 0->0 0->0 0->0 0->0 0->0 0->0 0->0 
0->0 0->0 0->32 0->0 0->240 0->32 78->0 67->0 74->32 68->16 71->240 66->48 71->0 109->0 71->0 98->16 82->208 100->48 157->0 131->0 147->0 130->0 145->112 67->96 0->0 0->0 0->0 0->0 0->0 0->0 0->0 0->0 0->0 0->0 0->0 0->0 
0->0 0->0 0->32 0->0 0->240 0->32 140->0 167->0 99->32 130->16 130->240 129->48 88->0 135->0 80->0 67->16 159->208 150->48 131->0 90->0 158->0 78->0 175->112 138->96 0->0 0->0 0->0 0->0 0->0 0->0 0->0 0->0 0->0 0->0 0->0 0->0 
0->0 0->0 0->32 0->0 0->240 0->32 80->0 141->0 151->32 145->16 155->240 74->48 86->0 70->0 96->0 149->16 151->208 144->48 150->0 77->0 89->0 65->0 71->112 150->96 0->0 0->0 0->0 0->0 0->0 0->0 0->0 0->0 0->0 0->0 0->0 0->0 
0->0 0->0 0->32 0->0 0->240 0->32 160->0 99->0 70->32 109->16 81->240 117->48 164->0 138->0 172->0 66->16 170->208 66->48 99->0 67->0 99->0 133->0 70->112 146->96 0->0 0->0 0->0 0->0 0->0 0->0 0->0 0->0 0->0 0->0 0->0 0->0 
0->0 0->0 0->32 0->0 0->240 0->32 93->0 92->0 82->32 75->16 92->240 90->48 148->0 81->0 130->0 76->16 133->208 82->48 156->0 136->0 148->0 136->0 159->112 153->96 0->0 0->0 0->0 0->0 0->0 0->0 0->0 0->0 0->0 0->0 0->0 0->0 
0->0 0->0 0->32 0->0 0->240 0->32 144->0 72->0 160->32 78->16 161->240 65->48 84->0 81->0 77->0 78->16 70->208 79->48 72->0 113->0 70->0 118->0 70->112 105->96 0->0 0->0 0->0 0->0 0->0 0->0 0->0 0->0 0->0 0->0 0->0 0->0 
0->0 0->0 0->32 0->0 0->240 0->32 160->0 147->0 70->32 154->16 96->240 146->48 156->0 141->0 77->0 160->16 84->208 160->48 152->0 138->0 69->0 154->0 72->112 151->96 0->0 0->0 0->0 0->0 0->0 0->0 0->0 0->0 0->0 0->0 0->0 0->0 
0->0 0->0 0->32 0->0 0->240 0->32 147->0 134->0 91->32 156->16 75->240 140->48 139->0 161->0 86->0 161->16 130->208 151->48 141->0 153->0 86->0 143->0 149->112 146->96 0->0 0->0 0->0 0->0 0->0 0->0 0->0 0->0 0->0 0->0 0->0 0->0 
0->0 0->0 0->32 0->0 0->240 0->32 0->0 0->0 0->32 0->16 0->240 0->48 78->0 67->0 74->0 68->16 71->208 66->48 71->0 109->0 71->0 98->0 82->112 100->96 157->0 131->0 147->0 130->0 145->0 67->0 0->0 0->0 0->0 0->0 0->0 0->0 
0->0 0->0 0->32 0->0 0->240 0->32 0->0 0->0 0->32 0->16 0->240 0->48 140->0 167->0 99->0 130->16 130->208 129->48 88->0 135->0 80->0 67->0 159->112 150->96 131->0 90->0 158->0 78->0 175->0 138->0 0->0 0->0 0->0 0->0 0->0 0->0 
0->0 0->0 0->32 0->0 0->240 0->32 0->0 0->0 0->32 0->16 0->240 0->48 80->0 141->0 151->0 145->16 155->208 74->48 86->0 70->0 96->0 149->0 151->112 144->96 150->0 77->0 89->0 65->0 71->0 150->0 0->0 0->0 0->0 0->0 0->0 0->0 
0->0 0->0 0->32 0->0 0->240 0->32 0->0 0->0 0->32 0->16 0->240 0->48 160->0 99->0 70->0 109->16 81->208 117->48 164->0 138->0 172->0 66->0 170->112 66->96 99->0 67->0 99->0 133->0 70->0 146->0 0->0 0->0 0->0 0->0 0->0 0->0 
0->0 0->0 0->32 0->0 0->240 0->32 0->0 0->0 0->32 0->16 0->240 0->48 93->0 92->0 82->0 75->16 92->208 90->48 148->0 81->0 130->0 76->0 133->112 82->96 156->0 136->0 148->0 136->0 159->0 153->0 0->0 0->0 0->0 0->0 0->0 0->0 
0->0 0->0 0->32 0->0 0->240 0->32 0->0 0->0 0->32 0->16 0->240 0->48 144->0 72->0 160->0 78->16 161->208 65->48 84->0 81->0 77->0 78->0 70->112 79->96 72->0 113->0 70->0 118->0 70->0 105->0 0->0 0->0 0->0 0->0 0->0 0->0 
0->0 0->0 0->32 0->0 0->240 0->32 0->0 0->0 0->32 0->16 0->240 0->48 160->0 147->0 70->0 154->16 96->208 146->48 156->0 141->0 77->0 160->0 84->112 160->96 152->0 138->0 69->0 154->0 72->0 151->0 0->0 0->0 0->0 0->0 0->0 0->0 
0->0 0->0 0->32 0->0 0->240 0->32 0->0 0->0 0->32 0->16 0->240 0->48 147->0 134->0 91->0 156->16 75->208 140->48 139->0 161->0 86->0 161->0 130->112 151->96 141->0 153->0 86->0 143->0 149->0 146->0 0->0 0->0 0->0 0->0 0->0 0->0 
0->0 0->0 0->32 0->0 0->240 0->32 0->0 0->0 0->32 0->16 0->240 0->48 0->0 0->0 0->0 0->16 0->208 0->48 78->0 67->0 74->0 68->0 71->112 66->96 71->0 109->0 71->0 98->0 82->0 100->0 157->0 131->0 147->0 130->0 145->0 67->0 
0->0 0->0 0->32 0->0 0->240 0->32 0->0 0->0 0->32 0->16 0->240 0->48 0->0 0->0 0->0 0->16 0->208 0->48 140->0 167->0 99->0 130->0 130->112 129->96 88->0 135->0 80->0 67->0 159->0 150->0 131->0 90->0 158->0 78->0 175->0 138->0 
0->0 0->0 0->32 0->0 0->240 0->32 0->0 0->0 0->32 0->16 0->240 0->48 0->0 0->0 0->0 0->16 0->208 0->48 80->0 141->0 151->0 145->0 155->112 74->96 86->0 70->0 96->0 149->0 151->0 144->0 150->0 77->0 89->0 65->0 71->0 150->0 
0->0 0->0 0->32 0->0 0->240 0->32 0->0 0->0 0->32 0->16 0->240 0->48 0->0 0->0 0->0 0->16 0->208 0->48 160->0 99->0 70->0 109->0 81->112 117->96 164->0 138->0 172->0 66->0 170->0 66->0 99->0 67->0 99->0 133->0 70->0 146->0 
0->0 0->0 0->32 0->0 0->240 0->32 0->0 0->0 0->32 0->16 0->240 0->48 0->0 0->0 0->0 0->16 0->208 0->48 93->0 92->0 82->0 75->0 92->112 90->96 148->0 81->0 130->0 76->0 133->0 82->0 156->0 136->0 148->0 136->0 159->0 153->0 
0->0 0->0 0->32 0->0 0->240 0->32 0->0 0->0 0->32 0->16 0->240 0->48 0->0 0->0 0->0 0->16 0->208 0->48 144->0 72->0 160->0 78->0 161->112 65->96 84->0 81->0 77->0 78->0 70->0 79->0 72->0 113->0 70->0 118->0 70->0 105->0 
0->0 0->0 0->32 0->0 0->240 0->32 0->0 0->0 0->32 0->16 0->240 0->48 0->0 0->0 0->0 0->16 0->208 0->48 160->0 147->0 70->0 154->0 96->112 146->96 156->0 141->0 77->0 160->0 84->0 160->0 152->0 138->0 69->0 154->0 72->0 151->0 
0->0 0->0 0->32 0->0 0->240 0->32 0->0 0->0 0->32 0->16 0->240 0->48 0->0 0->0 0->0 0->16 0->208 0->48 147->0 134->0 91->0 156->0 75->112 140->96 139->0 161->0 86->0 161->0 130->0 151->0 141->0 153->0 86->0 143->0 149->0 146->0 

78->0 67->0 74->0 68->0 71->0 66->0 71->0 109->0 71->0 98->0 82->0 100->0 157->0 131->0 147->0 130->0 145->80 67->0 0->0 0->0 0->16 0->0 0->224 0->0 0->0 0->0 0->32 0->0 0->240 0->32 0->0 0->0 0->112 0->0 0->224 0->16 
140->0 167->0 99->0 130->0 130->0 129->0 88->0 135->0 80->0 67->0 159->0 150->0 131->0 90->0 158->0 78->0 175->80 138->0 0->0 0->0 0->16 0->0 0->224 0->0 0->0 0->0 0->32 0->0 0->240 0->32 0->0 0->0 0->112 0->0 0->224 0->16 
80->0 141->0 151->0 145->0 155->0 74->0 86->0 70->0 96->0 149->0 151->0 144->0 150->0 77->0 89->0 65->0 71->80 150->0 0->0 0->0 0->16 0->0 0->224 0->0 0->0 0->0 0->32 0->0 0->240 0->32 0->0 0->0 0->112 0->0 0->224 0->16 
160->0 99->0 70->0 109->0 81->0 117->0 164->0 138->0 172->0 66->0 170->0 66->0 99->0 67->0 99->0 133->0 70->80 146->0 0->0 0->0 0->16 0->0 0->224 0->0 0->0 0->0 0->32 0->0 0->240 0->32 0->0 0->0 0->112 0->0 0->224 0->16 
93->0 92->0 82->0 75->0 92->0 90->0 148->0 81->0 130->0 76->0 133->0 82->0 156->0 136->0 148->0 136->0 159->80 153->0 0->0 0->0 0->16 0->0 0->224 0->0 0->0 0->0 0->32 0->0 0->240 0->32 0->0 0->0 0->112 0->0 0->224 0->16 
144->0 72->0 160->0 78->0 161->0 65->0 84->0 81->0 77->0 78->0 70->0 79->0 72->0 113->0 70->0 118->0 70->80 105->0 0->0 0->0 0->16 0->0 0->224 0->0 0->0 0->0 0->32 0->0 0->240 0->32 0->0 0->0 0->112 0->0 0->224 0->16 
160->0 147->0 70->0 154->0 96->0 146->0 156->0 141->0 77->0 160->0 84->0 160->0 152->0 138->0 69->0 154->0 72->80 151->0 0->0 0->0 0->16 0->0 0->224 0->0 0->0 0->0 0->32 0->0 0->240 0->32 0->0 0->0 0->112 0->0 0->224 0->16 
147->0 134->0 91->0 156->0 75->0 140->0 139->0 161->0 86->0 161->0 130->0 151->0 141->0 153->0 86->0 143->0 149->80 146->0 0->0 0->0 0->16 0->0 0->224 0->0 0->0 0->0 0->32 0->0 0->240 0->32 0->0 0->0 0->112 0->0 0->224 0->16 
0->0 0->0 0->0 0->0 0->0 0->0 78->0 67->0 74->0 68->0 71->0 66->0 71->0 109->0 71->0 98->0 82->80 100->0 157->0 131->0 147->16 130->0 145->224 67->0 0->0 0->0 0->32 0->0 0->240 0->32 0->0 0->0 0->112 0->0 0->224 0->16 
0->0 0->0 0->0 0->0 0->0 0->0 140->0 167->0 99->0 130->0 130->0 129->0 88->0 135->0 80->0 67->0 159->80 150->0 131->0 90->0 158->16 78->0 175->224 138->0 0->0 0->0 0->32 0->0 0->240 0->32 0->0 0->0 0->112 0->0 0->224 0->16 
0->0 0->0 0->0 0->0 0->0 0->0 80->0 141->0 151->0 145->0 155->0 74->0 86->0 70->0 96->0 149->0 151->80 144->0 150->0 77->0 89->16 65->0 71->224 150->0 0->0 0->0 0->32 0->0 0->240 0->32 0->0 0->0 0->112 0->0 0->224 0->16 
0->0 0->0 0->0 0->0 0->0 0->0 160->0 99->0 70->0 109->0 81->0 117->0 164->0 138->0 172->0 66->0 170->80 66->0 99->0 67->0 99->16 133->0 70->224 146->0 0->0 0->0 0->32 0->0 0->240 0->32 0->0 0->0 0->112 0->0 0->224 0->16 
0->0 0->0 0->0 0->0 0->0 0->0 93->0 92->0 82->0 75->0 92->0 90->0 148->0 81->0 130->0 76->0 133->80 82->0 156->0 136->0 148->16 136->0 159->224 153->0 0->0 0->0 0->32 0->0 0->240 0->32 0->0 0->0 0->112 0->0 0->224 0->16 
0->0 0->0 0->0 0->0 0->0 0->0 144->0 72->0 160->0 78->0 161->0 65->0 84->0 81->0 77->0 78->0 70->80 79->0 72->0 113->0 70->16 118->0 70->224 105->0 0->0 0->0 0->32 0->0 0->240 0->32 0->0 0->0 0->112 0->0 0->224 0->16 
0->0 0->0 0->0 0->0 0->0 0->0 160->0 147->0 70->0 154->0 96->0 146->0 156->0 141->0 77->0 160->0 84->80 160->0 152->0 138->0 69->16 154->0 72->224 151->0 0->0 0->0 0->32 0->0 0->240 0->32 0->0 0->0 0->112 0->0 0->224 0->16 
0->0 0->0 0->0 0->0 0->0 0->0 147->0 134->0 91->0 156->0 75->0 140->0 139->0 161->0 86->0 161->0 130->80 151->0 141->0 153->0 86->16 143->0 149->224 146->0 0->0 0->0 0->32 0->0 0->240 0->32 0->0 0->0 0->112 0->0 0->224 0->16 
0->0 0->0 0->0 0->0 0->0 0->0 0->0 0->0 0->0 0->0 0->0 0->0 78->0 67->0 74->0 68->0 71->80 66->0 71->0 109->0 71->16 98->0 82->224 100->0 157->0 131->0 147->32 130->0 145->240 67->32 0->0 0->0 0->112 0->0 0->224 0->16 
0->0 0->0 0->0 0->0 0->0 0->0 0->0 0->0 0->0 0->0 0->0 0->0 140->0 167->0 99->0 130->0 130->80 129->0 88->0 135->0 80->16 67->0 159->224 150->0 131->0 90->0 158->32 78->0 175->240 138->32 0->0 0->0 0->112 0->0 0->224 0->16 
0->0 0->0 0->0 0->0 0->0 0->0 0->0 0->0 0->0 0->0 0->0 0->0 80->0 141->0 151->0 145->0 155->80 74->0 86->0 70->0 96->16 149->0 151->224 144->0 150->0 77->0 89->32 65->0 71->240 150->32 0->0 0->0 0->112 0->0 0->224 0->16 
0->0 0->0 0->0 0->0 0->0 0->0 0->0 0->0 0->0 0->0 0->0 0->0 160->0 99->0 70->0 109->0 81->80 117->0 164->0 138->0 172->16 66->0 170->224 66->0 99->0 67->0 99->32 133->0 70->240 146->32 0->0 0->0 0->112 0->0 0->224 0->16 
0->0 0->0 0->0 0->0 0->0 0->0 0->0 0->0 0->0 0->0 0->0 0->0 93->0 92->0 82->0 75->0 92->80 90->0 148->0 81->0 130->16 76->0 133->224 82->0 156->0 136->0 148->32 136->0 159->240 153->32 0->0 0->0 0->112 0->0 0->224 0->16 
0->0 0->0 0->0 0->0 0->0 0->0 0->0 0->0 0->0 0->0 0->0 0->0 144->0 72->0 160->0 78->0 161->80 65->0 84->0 81->0 77->16 78->0 70->224 79->0 72->0 113->0 70->32 118->0 70->240 105->32 0->0 0->0 0->112 0->0 0->224 0->16 
0->0 0->0 0->0 0->0 0->0 0->0 0->0 0->0 0->0 0->0 0->0 0->0 160->0 147->0 70->0 154->0 96->80 146->0 156->0 141->0 77->16 160->0 84->224 160->0 152->0 138->0 69->32 154->0 72->240 151->32 0->0 0->0 0->112 0->0 0->224 0->16 
0->0 0->0 0->0 0->0 0->0 0->0 0->0 0->0 0->0 0->0 0->0 0->0 147->0 134->0 91->0 156->0 75->80 140->0 139->0 161->0 86->16 161->0 130->224 151->0 141->0 153->0 86->32 143->0 149->240 146->32 0->0 0->0 0->112 0->0 0->224 0->16 
0->0 0->0 0->0 0->0 0->0 0->0 0->0 0->0 0->0 0->0 0->0 0->0 0->0 0->0 0->0 0->0 0->80 0->0 78->0 67->0 74->16 68->0 71->224 66->0 71->0 109->0 71->32 98->0 82->240 100->32 157->0 131->0 147->112 130->0 145->224 67->16 
0->0 0->0 0->0 0->0 0->0 0->0 0->0 0->0 0->0 0->0 0->0 0->0 0->0 0->0 0->0 0->0 0->80 0->0 140->0 167->0 99->16 130->0 130->224 129->0 88->0 135->0 80->32 67->0 159->240 150->32 131->0 90->0 158->112 78->0 175->224 138->16 
0->0 0->0 0->0 0->0 0->0 0->0 0->0 0->0 0->0 0->0 0->0 0->0 0->0 0->0 0->0 0->0 0->80 0->0 80->0 141->0 151->16 145->0 155->224 74->0 86->0 70->0 96->32 149->0 151->240 144->32 150->0 77->0 89->112 65->0 71->224 150->16 
0->0 0->0 0->0 0->0 0->0 0->0 0->0 0->0 0->0 0->0 0->0 0->0 0->0 0->0 0->0 0->0 0->80 0->0 160->0 99->0 70->16 109->0 81->224 117->0 164->0 138->0 172->32 66->0 170->240 66->32 99->0 67->0 99->112 133->0 70->224 146->16 
0->0 0->0 0->0 0->0 0->0 0->0 0->0 0->0 0->0 0->0 0->0 0->0 0->0 0->0 0->0 0->0 0->80 0->0 93->0 92->0 82->16 75->0 92->224 90->0 148->0 81->0 130->32 76->0 133->240 82->32 156->0 136->0 148->112 136->0 159->224 153->16 
0->0 0->0 0->0 0->0 0->0 0->0 0->0 0->0 0->0 0->0 0->0 0->0 0->0 0->0 0->0 0->0 0->80 0->0 144->0 72->0 160->16 78->0 161->224 65->0 84->0 81->0 77->32 78->0 70->240 79->32 72->0 113->0 70->112 118->0 70->224 105->16 
0->0 0->0 0->0 0->0 0->0 0->0 0->0 0->0 0->0 0->0 0->0 0->0 0->0 0->0 0->0 0->0 0->80 0->0 160->0 147->0 70->16 154->0 96->224 146->0 156->0 141->0 77->32 160->0 84->240 160->32 152->0 138->0 69->112 154->0 72->224 151->16 
0->0 0->0 0->0 0->0 0->0 0->0 0->0 0->0 0->0 0->0 0->0 0->0 0->0 0->0 0->0 0->0 0->80 0->0 147->0 134->0 91->16 156->0 75->224 140->0 139->0 161->0 86->32 161->0 130->240 151->32 141->0 153->0 86->112 143->0 149->224 146->16 

78->0 67->0 74->32 68->0 71->240 66->32 71->0 109->0 71->112 98->0 82->224 100->16 157->0 131->0 147->192 130->16 145->224 67->32 0->16 0->0 0->208 0->16 0->192 0->16 0->32 0->0 0->240 0->32 0->192 0->0 0->32 0->16 0->240 0->48 0->192 0->0 
140->0 167->0 99->32 130->0 130->240 129->32 88->0 135->0 80->112 67->0 159->224 150->16 131->0 90->0 158->192 78->16 175->224 138->32 0->16 0->0 0->208 0->16 0->192 0->16 0->32 0->0 0->240 0->32 0->192 0->0 0->32 0->16 0->240 0->48 0->192 0->0 
80->0 141->0 151->32 145->0 155->240 74->32 86->0 70->0 96->112 149->0 151->224 144->16 150->0 77->0 89->192 65->16 71->224 150->32 0->16 0->0 0->208 0->16 0->192 0->16 0->32 0->0 0->240 0->32 0->192 0->0 0->32 0->16 0->240 0->48 0->192 0->0 
160->0 99->0 70->32 109->0 81->240 117->32 164->0 138->0 172->112 66->0 170->224 66->16 99->0 67->0 99->192 133->16 70->224 146->32 0->16 0->0 0->208 0->16 0->192 0->16 0->32 0->0 0->240 0->32 0->192 0->0 0->32 0->16 0->240 0->48 0->192 0->0 
93->0 92->0 82->32 75->0 92->240 90->32 148->0 81->0 130->112 76->0 133->224 82->16 156->0 136->0 148->192 136->16 159->224 153->32 0->16 0->0 0->208 0->16 0->192 0->16 0->32 0->0 0->240 0->32 0->192 0->0 0->32 0->16 0->240 0->48 0->192 0->0 
144->0 72->0 160->32 78->0 161->240 65->32 84->0 81->0 77->112 78->0 70->224 79->16 72->0 113->0 70->192 118->16 70->224 105->32 0->16 0->0 0->208 0->16 0->192 0->16 0->32 0->0 0->240 0->32 0->192 0->0 0->32 0->16 0->240 0->48 0->192 0->0 
160->0 147->0 70->32 154->0 96->240 146->32 156->0 141->0 77->112 160->0 84->224 160->16 152->0 138->0 69->192 154->16 72->224 151->32 0->16 0->0 0->208 0->16 0->192 0->16 0->32 0->0 0->240 0->32 0->192 0->0 0->32 0->16 0->240 0->48 0->192 0->0 
147->0 134->0 91->32 156->0 75->240 140->32 139->0 161->0 86->112 161->0 130->224 151->16 141->0 153->0 86->192 143->16 149->224 146->32 0->16 0->0 0->208 0->16 0->192 0->16 0->32 0->0 0->240 0->32 0->192 0->0 0->32 0->16 0->240 0->48 0->192 0->0 
0->0 0->0 0->32 0->0 0->240 0->32 78->0 67->0 74->112 68->0 71->224 66->16 71->0 109->0 71->192 98->16 82->224 100->32 157->16 131->0 147->208 130->16 145->192 67->16 0->32 0->0 0->240 0->32 0->192 0->0 0->32 0->16 0->240 0->48 0->192 0->0 
0->0 0->0 0->32 0->0 0->240 0->32 140->0 167->0 99->112 130->0 130->224 129->16 88->0 135->0 80->192 67->16 159->224 150->32 131->16 90->0 158->208 78->16 175->192 138->16 0->32 0->0 0->240 0->32 0->192 0->0 0->32 0->16 0->240 0->48 0->192 0->0 
0->0 0->0 0->32 0->0 0->240 0->32 80->0 141->0 151->112 145->0 155->224 74->16 86->0 70->0 96->192 149->16 151->224 144->32 150->16 77->0 89->208 65->16 71->192 150->16 0->32 0->0 0->240 0->32 0->192 0->0 0->32 0->16 0->240 0->48 0->192 0->0 
0->0 0->0 0->32 0->0 0->240 0->32 160->0 99->0 70->112 109->0 81->224 117->16 164->0 138->0 172->192 66->16 170->224 66->32 99->16 67->0 99->208 133->16 70->192 146->16 0->32 0->0 0->240 0->32 0->192 0->0 0->32 0->16 0->240 0->48 0->192 0->0 
0->0 0->0 0->32 0->0 0->240 0->32 93->0 92->0 82->112 75->0 92->224 90->16 148->0 81->0 130->192 76->16 133->224 82->32 156->16 136->0 148->208 136->16 159->192 153->16 0->32 0->0 0->240 0->32 0->192 0->0 0->32 0->16 0->240 0->48 0->192 0->0 
0->0 0->0 0->32 0->0 0->240 0->32 144->0 72->0 160->112 78->0 161->224 65->16 84->0 81->0 77->192 78->16 70->224 79->32 72->16 113->0 70->208 118->16 70->192 105->16 0->32 0->0 0->240 0->32 0->192 0->0 0->32 0->16 0->240 0->48 0->192 0->0 
0->0 0->0 0->32 0->0 0->240 0->32 160->0 147->0 70->112 154->0 96->224 146->16 156->0 141->0 77->192 160->16 84->224 160->32 152->16 138->0 69->208 154->16 72->192 151->16 0->32 0->0 0->240 0->32 0->192 0->0 0->32 0->16 0->240 0->48 0->192 0->0 
0->0 0->0 0->32 0->0 0->240 0->32 147->0 134->0 91->112 156->0 75->224 140->16 139->0 161->0 86->192 161->16 130->224 151->32 141->16 153->0 86->208 143->16 149->192 146->16 0->32 0->0 0->240 0->32 0->192 0->0 0->32 0->16 0->240 0->48 0->192 0->0 
0->0 0->0 0->32 0->0 0->240 0->32 0->0 0->0 0->112 0->0 0->224 0->16 78->0 67->0 74->192 68->16 71->224 66->32 71->16 109->0 71->208 98->16 82->192 100->16 157->32 131->0 147->240 130->32 145->192 67->0 0->32 0->16 0->240 0->48 0->192 0->0 
0->0 0->0 0->32 0->0 0->240 0->32 0->0 0->0 0->112 0->0 0->224 0->16 140->0 167->0 99->192 130->16 130->224 129->32 88->16 135->0 80->208 67->16 159->192 150->16 131->32 90->0 158->240 78->32 175->192 138->0 0->32 0->16 0->240 0->48 0->192 0->0 
0->0 0->0 0->32 0->0 0->240 0->32 0->0 0->0 0->112 0->0 0->224 0->16 80->0 141->0 151->192 145->16 155->224 74->32 86->16 70->0 96->208 149->16 151->192 144->16 150->32 77->0 89->240 65->32 71->192 150->0 0->32 0->16 0->240 0->48 0->192 0->0 
0->0 0->0 0->32 0->0 0->240 0->32 0->0 0->0 0->112 0->0 0->224 0->16 160->0 99->0 70->192 109->16 81->224 117->32 164->16 138->0 172->208 66->16 170->192 66->16 99->32 67->0 99->240 133->32 70->192 146->0 0->32 0->16 0->240 0->48 0->192 0->0 
0->0 0->0 0->32 0->0 0->240 0->32 0->0 0->0 0->112 0->0 0->224 0->16 93->0 92->0 82->192 75->16 92->224 90->32 148->16 81->0 130->208 76->16 133->192 82->16 156->32 136->0 148->240 136->32 159->192 153->0 0->32 0->16 0->240 0->48 0->192 0->0 
0->0 0->0 0->32 0->0 0->240 0->32 0->0 0->0 0->112 0->0 0->224 0->16 144->0 72->0 160->192 78->16 161->224 65->32 84->16 81->0 77->208 78->16 70->192 79->16 72->32 113->0 70->240 118->32 70->192 105->0 0->32 0->16 0->240 0->48 0->192 0->0 
0->0 0->0 0->32 0->0 0->240 0->32 0->0 0->0 0->112 0->0 0->224 0->16 160->0 147->0 70->192 154->16 96->224 146->32 156->16 141->0 77->208 160->16 84->192 160->16 152->32 138->0 69->240 154->32 72->192 151->0 0->32 0->16 0->240 0->48 0->192 0->0 
0->0 0->0 0->32 0->0 0->240 0->32 0->0 0->0 0->112 0->0 0->224 0->16 147->0 134->0 91->192 156->16 75->224 140->32 139->16 161->0 86->208 161->16 130->192 151->16 141->32 153->0 86->240 143->32 149->192 146->0 0->32 0->16 0->240 0->48 0->192 0->0 
0->0 0->0 0->32 0->0 0->240 0->32 0->0 0->0 0->112 0->0 0->224 0->16 0->0 0->0 0->192 0->16 0->224 0->32 78->16 67->0 74->208 68->16 71->192 66->16 71->32 109->0 71->240 98->32 82->192 100->0 157->32 131->16 147->240 130->48 145->192 67->0 
0->0 0->0 0->32 0->0 0->240 0->32 0->0 0->0 0->112 0->0 0->224 0->16 0->0 0->0 0->192 0->16 0->224 0->32 140->16 167->0 99->208 130->16 130->192 129->16 88->32 135->0 80->240 67->32 159->192 150->0 131->32 90->16 158->240 78->48 175->192 138->0 
0->0 0->0 0->32 0->0 0->240 0->32 0->0 0->0 0->112 0->0 0->224 0->16 0->0 0->0 0->192 0->16 0->224 0->32 80->16 141->0 151->208 145->16 155->192 74->16 86->32 70->0 96->240 149->32 151->192 144->0 150->32 77->16 89->240 65->48 71->192 150->0 
0->0 0->0 0->32 0->0 0->240 0->32 0->0 0->0 0->112 0->0 0->224 0->16 0->0 0->0 0->192 0->16 0->224 0->32 160->16 99->0 70->208 109->16 81->192 117->16 164->32 138->0 172->240 66->32 170->192 66->0 99->32 67->16 99->240 133->48 70->192 146->0 
0->0 0->0 0->32 0->0 0->240 0->32 0->0 0->0 0->112 0->0 0->224 0->16 0->0 0->0 0->192 0->16 0->224 0->32 93->16 92->0 82->208 75->16 92->192 90->16 148->32 81->0 130->240 76->32 133->192 82->0 156->32 136->16 148->240 136->48 159->192 153->0 
0->0 0->0 0->32 0->0 0->240 0->32 0->0 0->0 0->112 0->0 0->224 0->16 0->0 0->0 0->192 0->16 0->224 0->32 144->16 72->0 160->208 78->16 161->192 65->16 84->32 81->0 77->240 78->32 70->192 79->0 72->32 113->16 70->240 118->48 70->192 105->0 
0->0 0->0 0->32 0->0 0->240 0->32 0->0 0->0 0->112 0->0 0->224 0->16 0->0 0->0 0->192 0->16 0->224 0->32 160->16 147->0 70->208 154->16 96->192 146->16 156->32 141->0 77->240 160->32 84->192 160->0 152->32 138->16 69->240 154->48 72->192 151->0 
0->0 0->0 0->32 0->0 0->240 0->32 0->0 0->0 0->112 0->0 0->224 0->16 0->0 0->0 0->192 0->16 0->224 0->32 147->16 134->0 91->208 156->16 75->192 140->16 139->32 161->0 86->240 161->32 130->192 151->0 141->32 153->16 86->240 143->48 149->192 146->0 

78->32 67->0 74->240 68->32 71->192 66->0 71->32 109->16 71->240 98->48 82->192 100->0 157->0 131->16 147->208 130->48 145->255 67->0 0->0 0->0 0->112 0->96 0->255 0->144 0->0 0->0 0->0 0->0 0->48 0->96 0->0 0->0 0->0 0->0 0->0 0->0 
140->32 167->0 99->240 130->32 130->192 129->0 88->32 135->16 80->240 67->48 159->192 150->0 131->0 90->16 158->208 78->48 175->255 138->0 0->0 0->0 0->112 0->96 0->255 0->144 0->0 0->0 0->0 0->0 0->48 0->96 0->0 0->0 0->0 0->0 0->0 0->0 
80->32 141->0 151->240 145->32 155->192 74->0 86->32 70->16 96->240 149->48 151->192 144->0 150->0 77->16 89->208 65->48 71->255 150->0 0->0 0->0 0->112 0->96 0->255 0->144 0->0 0->0 0->0 0->0 0->48 0->96 0->0 0->0 0->0 0->0 0->0 0->0 
160->32 99->0 70->240 109->32 81->192 117->0 164->32 138->16 172->240 66->48 170->192 66->0 99->0 67->16 99->208 133->48 70->255 146->0 0->0 0->0 0->112 0->96 0->255 0->144 0->0 0->0 0->0 0->0 0->48 0->96 0->0 0->0 0->0 0->0 0->0 0->0 
93->32 92->0 82->240 75->32 92->192 90->0 148->32 81->16 130->240 76->48 133->192 82->0 156->0 136->16 148->208 136->48 159->255 153->0 0->0 0->0 0->112 0->96 0->255 0->144 0->0 0->0 0->0 0->0 0->48 0->96 0->0 0->0 0->0 0->0 0->0 0->0 
144->32 72->0 160->240 78->32 161->192 65->0 84->32 81->16 77->240 78->48 70->192 79->0 72->0 113->16 70->208 118->48 70->255 105->0 0->0 0->0 0->112 0->96 0->255 0->144 0->0 0->0 0->0 0->0 0->48 0->96 0->0 0->0 0->0 0->0 0->0 0->0 
160->32 147->0 70->240 154->32 96->192 146->0 156->32 141->16 77->240 160->48 84->192 160->0 152->0 138->16 69->208 154->48 72->255 151->0 0->0 0->0 0->112 0->96 0->255 0->144 0->0 0->0 0->0 0->0 0->48 0->96 0->0 0->0 0->0 0->0 0->0 0->0 
147->32 134->0 91->240 156->32 75->192 140->0 139->32 161->16 86->240 161->48 130->192 151->0 141->0 153->16 86->208 143->48 149->255 146->0 0->0 0->0 0->112 0->96 0->255 0->144 0->0 0->0 0->0 0->0 0->48 0->96 0->0 0->0 0->0 0->0 0->0 0->0 
0->32 0->0 0->240 0->32 0->192 0->0 78->32 67->16 74->240 68->48 71->192 66->0 71->0 109->16 71->208 98->48 82->255 100->0 157->0 131->0 147->112 130->96 145->255 67->144 0->0 0->0 0->0 0->0 0->48 0->96 0->0 0->0 0->0 0->0 0->0 0->0 
0->32 0->0 0->240 0->32 0->192 0->0 140->32 167->16 99->240 130->48 130->192 129->0 88->0 135->16 80->208 67->48 159->255 150->0 131->0 90->0 158->112 78->96 175->255 138->144 0->0 0->0 0->0 0->0 0->48 0->96 0->0 0->0 0->0 0->0 0->0 0->0 
0->32 0->0 0->240 0->32 0->192 0->0 80->32 141->16 151->240 145->48 155->192 74->0 86->0 70->16 96->208 149->48 151->255 144->0 150->0 77->0 89->112 65->96 71->255 150->144 0->0 0->0 0->0 0->0 0->48 0->96 0->0 0->0 0->0 0->0 0->0 0->0 
0->32 0->0 0->240 0->32 0->192 0->0 160->32 99->16 70->240 109->48 81->192 117->0 164->0 138->16 172->208 66->48 170->255 66->0 99->0 67->0 99->112 133->96 70->255 146->144 0->0 0->0 0->0 0->0 0->48 0->96 0->0 0->0 0->0 0->0 0->0 0->0 
0->32 0->0 0->240 0->32 0->192 0->0 93->32 92->16 82->240 75->48 92->192 90->0 148->0 81->16 130->208 76->48 133->255 82->0 156->0 136->0 148->112 136->96 159->255 153->144 0->0 0->0 0->0 0->0 0->48 0->96 0->0 0->0 0->0 0->0 0->0 0->0 
0->32 0->0 0->240 0->32 0->192 0->0 144->32 72->16 160->240 78->48 161->192 65->0 84->0 81->16 77->208 78->48 70->255 79->0 72->0 113->0 70->112 118->96 70->255 105->144 0->0 0->0 0->0 0->0 0->48 0->96 0->0 0->0 0->0 0->0 0->0 0->0 
0->32 0->0 0->240 0->32 0->192 0->0 160->32 147->16 70->240 154->48 96->192 146->0 156->0 141->16 77->208 160->48 84->255 160->0 152->0 138->0 69->112 154->96 72->255 151->144 0->0 0->0 0->0 0->0 0->48 0->96 0->0 0->0 0->0 0->0 0->0 0->0 
0->32 0->0 0->240 0->32 0->192 0->0 147->32 134->16 91->240 156->48 75->192 140->0 139->0 161->16 86->208 161->48 130->255 151->0 141->0 153->0 86->112 143->96 149->255 146->144 0->0 0->0 0->0 0->0 0->48 0->96 0->0 0->0 0->0 0->0 0->0 0->0 
0->32 0->0 0->240 0->32 0->192 0->0 0->32 0->16 0->240 0->48 0->192 0->0 78->0 67->16 74->208 68->48 71->255 66->0 71->0 109->0 71->112 98->96 82->255 100->144 157->0 131->0 147->0 130->0 145->48 67->96 0->0 0->0 0->0 0->0 0->0 0->0 
0->32 0->0 0->240 0->32 0->192 0->0 0->32 0->16 0->240 0->48 0->192 0->0 140->0 167->16 99->208 130->48 130->255 129->0 88->0 135->0 80->112 67->96 159->255 150->144 131->0 90->0 158->0 78->0 175->48 138->96 0->0 0->0 0->0 0->0 0->0 0->0 
0->32 0->0 0->240 0->32 0->192 0->0 0->32 0->16 0->240 0->48 0->192 0->0 80->0 141->16 151->208 145->48 155->255 74->0 86->0 70->0 96->112 149->96 151->255 144->144 150->0 77->0 89->0 65->0 71->48 150->96 0->0 0->0 0->0 0->0 0->0 0->0 
0->32 0->0 0->240 0->32 0->192 0->0 0->32 0->16 0->240 0->48 0->192 0->0 160->0 99->16 70->208 109->48 81->255 117->0 164->0 138->0 172->112 66->96 170->255 66->144 99->0 67->0 99->0 133->0 70->48 146->96 0->0 0->0 0->0 0->0 0->0 0->0 
0->32 0->0 0->240 0->32 0->192 0->0 0->32 0->16 0->240 0->48 0->192 0->0 93->0 92->16 82->208 75->48 92->255 90->0 148->0 81->0 130->112 76->96 133->255 82->144 156->0 136->0 148->0 136->0 159->48 153->96 0->0 0->0 0->0 0->0 0->0 0->0 
0->32 0->0 0->240 0->32 0->192 0->0 0->32 0->16 0->240 0->48 0->192 0->0 144->0 72->16 160->208 78->48 161->255 65->0 84->0 81->0 77->112 78->96 70->255 79->144 72->0 113->0 70->0 118->0 70->48 105->96 0->0 0->0 0->0 0->0 0->0 0->0 
0->32 0->0 0->240 0->32 0->192 0->0 0->32 0->16 0->240 0->48 0->192 0->0 160->0 147->16 70->208 154->48 96->255 146->0 156->0 141->0 77->112 160->96 84->255 160->144 152->0 138->0 69->0 154->0 72->48 151->96 0->0 0->0 0->0 0->0 0->0 0->0 
0->32 0->0 0->240 0->32 0->192 0->0 0->32 0->16 0->240 0->48 0->192 0->0 147->0 134->16 91->208 156->48 75->255 140->0 139->0 161->0 86->112 161->96 130->255 151->144 141->0 153->0 86->0 143->0 149->48 146->96 0->0 0->0 0->0 0->0 0->0 0->0 
0->32 0->0 0->240 0->32 0->192 0->0 0->32 0->16 0->240 0->48 0->192 0->0 0->0 0->16 0->208 0->48 0->255 0->0 78->0 67->0 74->112 68->96 71->255 66->144 71->0 109->0 71->0 98->0 82->48 100->96 157->0 131->0 147->0 130->0 145->0 67->0 
0->32 0->0 0->240 0->32 0->192 0->0 0->32 0->16 0->240 0->48 0->192 0->0 0->0 0->16 0->208 0->48 0->255 0->0 140->0 167->0 99->112 130->96 130->255 129->144 88->0 135->0 80->0 67->0 159->48 150->96 131->0 90->0 158->0 78->0 175->0 138->0 
0->32 0->0 0->240 0->32 0->192 0->0 0->32 0->16 0->240 0->48 0->192 0->0 0->0 0->16 0->208 0->48 0->255 0->0 80->0 141->0 151->112 145->96 155->255 74->144 86->0 70->0 96->0 149->0 151->48 144->96 150->0 77->0 89->0 65->0 71->0 150->0 
0->32 0->0 0->240 0->32 0->192 0->0 0->32 0->16 0->240 0->48 0->192 0->0 0->0 0->16 0->208 0->48 0->255 0->0 160->0 99->0 70->112 109->96 81->255 117->144 164->0 138->0 172->0 66->0 170->48 66->96 99->0 67->0 99->0 133->0 70->0 146->0 
0->32 0->0 0->240 0->32 0->192 0->0 0->32 0->16 0->240 0->48 0->192 0->0 0->0 0->16 0->208 0->48 0->255 0->0 93->0 92->0 82->112 75->96 92->255 90->144 148->0 81->0 130->0 76->0 133->48 82->96 156->0 136->0 148->0 136->0 159->0 153->0 
0->32 0->0 0->240 0->32 0->192 0->0 0->32 0->16 0->240 0->48 0->192 0->0 0->0 0->16 0->208 0->48 0->255 0->0 144->0 72->0 160->112 78->96 161->255 65->144 84->0 81->0 77->0 78->0 70->48 79->96 72->0 113->0 70->0 118->0 70->0 105->0 
0->32 0->0 0->240 0->32 0->192 0->0 0->32 0->16 0->240 0->48 0->192 0->0 0->0 0->16 0->208 0->48 0->255 0->0 160->0 147->0 70->112 154->96 96->255 146->144 156->0 141->0 77->0 160->0 84->48 160->96 152->0 138->0 69->0 154->0 72->0 151->0 
0->32 0->0 0->240 0->32 0->192 0->0 0->32 0->16 0->240 0->48 0->192 0->0 0->0 0->16 0->208 0->48 0->255 0->0 147->0 134->0 91->112 156->96 75->255 140->144 139->0 161->0 86->0 161->0 130->48 151->96 141->0 153->0 86->0 143->0 149->0 146->0 

78->0 67->0 74->0 68->0 71->0 66->0 71->0 109->0 71->0 98->0 82->0 100->0 157->0 131->0 147->80 130->0 145->224 67->0 0->16 0->0 0->224 0->0 0->255 0->80 0->32 0->0 0->240 0->32 0->255 0->64 0->112 0->0 0->224 0->16 0->144 0->32 
140->0 167->0 99->0 130->0 130->0 129->0 88->0 135->0 80->0 67->0 159->0 150->0 131->0 90->0 158->80 78->0 175->224 138->0 0->16 0->0 0->224 0->0 0->255 0->80 0->32 0->0 0->240 0->32 0->255 0->64 0->112 0->0 0->224 0->16 0->144 0->32 
80->0 141->0 151->0 145->0 155->0 74->0 86->0 70->0 96->0 149->0 151->0 144->0 150->0 77->0 89->80 65->0 71->224 150->0 0->16 0->0 0->224 0->0 0->255 0->80 0->32 0->0 0->240 0->32 0->255 0->64 0->112 0->0 0->224 0->16 0->144 0->32 
160->0 99->0 70->0 109->0 81->0 117->0 164->0 138->0 172->0 66->0 170->0 66->0 99->0 67->0 99->80 133->0 70->224 146->0 0->16 0->0 0->224 0->0 0->255 0->80 0->32 0->0 0->240 0->32 0->255 0->64 0->112 0->0 0->224 0->16 0->144 0->32 
93->0 92->0 82->0 75->0 92->0 90->0 148->0 81->0 130->0 76->0 133->0 82->0 156->0 136->0 148->80 136->0 159->224 153->0 0->16 0->0 0->224 0->0 0->255 0->80 0->32 0->0 0->240 0->32 0->255 0->64 0->112 0->0 0->224 0->16 0->144 0->32 
144->0 72->0 160->0 78->0 161->0 65->0 84->0 81->0 77->0 78->0 70->0 79->0 72->0 113->0 70->80 118->0 70->224 105->0 0->16 0->0 0->224 0->0 0->255 0->80 0->32 0->0 0->240 0->32 0->255 0->64 0->112 0->0 0->224 0->16 0->144 0->32 
160->0 147->0 70->0 154->0 96->0 146->0 156->0 141->0 77->0 160->0 84->0 160->0 152->0 138->0 69->80 154->0 72->224 151->0 0->16 0->0 0->224 0->0 0->255 0->80 0->32 0->0 0->240 0->32 0->255 0->64 0->112 0->0 0->224 0->16 0->144 0->32 
147->0 134->0 91->0 156->0 75->0 140->0 139->0 161->0 86->0 161->0 130->0 151->0 141->0 153->0 86->80 143->0 149->224 146->0 0->16 0->0 0->224 0->0 0->255 0->80 0->32 0->0 0->240 0->32 0->255 0->64 0->112 0->0 0->224 0->16 0->144 0->32 
0->0 0->0 0->0 0->0 0->0 0->0 78->0 67->0 74->0 68->0 71->0 66->0 71->0 109->0 71->80 98->0 82->224 100->0 157->16 131->0 147->224 130->0 145->255 67->80 0->32 0->0 0->240 0->32 0->255 0->64 0->112 0->0 0->224 0->16 0->144 0->32 
0->0 0->0 0->0 0->0 0->0 0->0 140->0 167->0 99->0 130->0 130->0 129->0 88->0 135->0 80->80 67->0 159->224 150->0 131->16 90->0 158->224 78->0 175->255 138->80 0->32 0->0 0->240 0->32 0->255 0->64 0->112 0->0 0->224 0->16 0->144 0->32 
0->0 0->0 0->0 0->0 0->0 0->0 80->0 141->0 151->0 145->0 155->0 74->0 86->0 70->0 96->80 149->0 151->224 144->0 150->16 77->0 89->224 65->0 71->255 150->80 0->32 0->0 0->240 0->32 0->255 0->64 0->112 0->0 0->224 0->16 0->144 0->32 
0->0 0->0 0->0 0->0 0->0 0->0 160->0 99->0 70->0 109->0 81->0 117->0 164->0 138->0 172->80 66->0 170->224 66->0 99->16 67->0 99->224 133->0 70->255 146->80 0->32 0->0 0->240 0->32 0->255 0->64 0->112 0->0 0->224 0->16 0->144 0->32 
0->0 0->0 0->0 0->0 0->0 0->0 93->0 92->0 82->0 75->0 92->0 90->0 148->0 81->0 130->80 76->0 133->224 82->0 156->16 136->0 148->224 136->0 159->255 153->80 0->32 0->0 0->240 0->32 0->255 0->64 0->112 0->0 0->224 0->16 0->144 0->32 
0->0 0->0 0->0 0->0 0->0 0->0 144->0 72->0 160->0 78->0 161->0 65->0 84->0 81->0 77->80 78->0 70->224 79->0 72->16 113->0 70->224 118->0 70->255 105->80 0->32 0->0 0->240 0->32 0->255 0->64 0->112 0->0 0->224 0->16 0->144 0->32 
0->0 0->0 0->0 0->0 0->0 0->0 160->0 147->0 70->0 154->0 96->0 146->0 156->0 141->0 77->80 160->0 84->224 160->0 152->16 138->0 69->224 154->0 72->255 151->80 0->32 0->0 0->240 0->32 0->255 0->64 0->112 0->0 0->224 0->16 0->144 0->32 
0->0 0->0 0->0 0->0 0->0 0->0 147->0 134->0 91->0 156->0 75->0 140->0 139->0 161->0 86->80 161->0 130->224 151->0 141->16 153->0 86->224 143->0 149->255 146->80 0->32 0->0 0->240 0->32 0->255 0->64 0->112 0->0 0->224 0->16 0->144 0->32 
0->0 0->0 0->0 0->0 0->0 0->0 0->0 0->0 0->0 0->0 0->0 0->0 78->0 67->0 74->80 68->0 71->224 66->0 71->16 109->0 71->224 98->0 82->255 100->80 157->32 131->0 147->240 130->32 145->255 67->64 0->112 0->0 0->224 0->16 0->144 0->32 
0->0 0->0 0->0 0->0 0->0 0->0 0->0 0->0 0->0 0->0 0->0 0->0 140->0 167->0 99->80 130->0 130->224 129->0 88->16 135->0 80->224 67->0 159->255 150->80 131->32 90->0 158->240 78->32 175->255 138->64 0->112 0->0 0->224 0->16 0->144 0->32 
0->0 0->0 0->0 0->0 0->0 0->0 0->0 0->0 0->0 0->0 0->0 0->0 80->0 141->0 151->80 145->0 155->224 74->0 86->16 70->0 96->224 149->0 151->255 144->80 150->32 77->0 89->240 65->32 71->255 150->64 0->112 0->0 0->224 0->16 0->144 0->32 
0->0 0->0 0->0 0->0 0->0 0->0 0->0 0->0 0->0 0->0 0->0 0->0 160->0 99->0 70->80 109->0 81->224 117->0 164->16 138->0 172->224 66->0 170->255 66->80 99->32 67->0 99->240 133->32 70->255 146->64 0->112 0->0 0->224 0->16 0->144 0->32 
0->0 0->0 0->0 0->0 0->0 0->0 0->0 0->0 0->0 0->0 0->0 0->0 93->0 92->0 82->80 75->0 92->224 90->0 148->16 81->0 130->224 76->0 133->255 82->80 156->32 136->0 148->240 136->32 159->255 153->64 0->112 0->0 0->224 0->16 0->144 0->32 
0->0 0->0 0->0 0->0 0->0 0->0 0->0 0->0 0->0 0->0 0->0 0->0 144->0 72->0 160->80 78->0 161->224 65->0 84->16 81->0 77->224 78->0 70->255 79->80 72->32 113->0 70->240 118->32 70->255 105->64 0->112 0->0 0->224 0->16 0->144 0->32 
0->0 0->0 0->0 0->0 0->0 0->0 0->0 0->0 0->0 0->0 0->0 0->0 160->0 147->0 70->80 154->0 96->224 146->0 156->16 141->0 77->224 160->0 84->255 160->80 152->32 138->0 69->240 154->32 72->255 151->64 0->112 0->0 0->224 0->16 0->144 0->32 
0->0 0->0 0->0 0->0 0->0 0->0 0->0 0->0 0->0 0->0 0->0 0->0 147->0 134->0 91->80 156->0 75->224 140->0 139->16 161->0 86->224 161->0 130->255 151->80 141->32 153->0 86->240 143->32 149->255 146->64 0->112 0->0 0->224 0->16 0->144 0->32 
0->0 0->0 0->0 0->0 0->0 0->0 0->0 0->0 0->0 0->0 0->0 0->0 0->0 0->0 0->80 0->0 0->224 0->0 78->16 67->0 74->224 68->0 71->255 66->80 71->32 109->0 71->240 98->32 82->255 100->64 157->112 131->0 147->224 130->16 145->144 67->32 
0->0 0->0 0->0 0->0 0->0 0->0 0->0 0->0 0->0 0->0 0->0 0->0 0->0 0->0 0->80 0->0 0->224 0->0 140->16 167->0 99->224 130->0 130->255 129->80 88->32 135->0 80->240 67->32 159->255 150->64 131->112 90->0 158->224 78->16 175->144 138->32 
0->0 0->0 0->0 0->0 0->0 0->0 0->0 0->0 0->0 0->0 0->0 0->0 0->0 0->0 0->80 0->0 0->224 0->0 80->16 141->0 151->224 145->0 155->255 74->80 86->32 70->0 96->240 149->32 151->255 144->64 150->112 77->0 89->224 65->16 71->144 150->32 
0->0 0->0 0->0 0->0 0->0 0->0 0->0 0->0 0->0 0->0 0->0 0->0 0->0 0->0 0->80 0->0 0->224 0->0 160->16 99->0 70->224 109->0 81->255 117->80 164->32 138->0 172->240 66->32 170->255 66->64 99->112 67->0 99->224 133->16 70->144 146->32 
0->0 0->0 0->0 0->0 0->0 0->0 0->0 0->0 0->0 0->0 0->0 0->0 0->0 0->0 0->80 0->0 0->224 0->0 93->16 92->0 82->224 75->0 92->255 90->80 148->32 81->0 130->240 76->32 133->255 82->64 156->112 136->0 148->224 136->16 159->144 153->32 
0->0 0->0 0->0 0->0 0->0 0->0 0->0 0->0 0->0 0->0 0->0 0->0 0->0 0->0 0->80 0->0 0->224 0->0 144->16 72->0 160->224 78->0 161->255 65->80 84->32 81->0 77->240 78->32 70->255 79->64 72->112 113->0 70->224 118->16 70->144 105->32 
0->0 0->0 0->0 0->0 0->0 0->0 0->0 0->0 0->0 0->0 0->0 0->0 0->0 0->0 0->80 0->0 0->224 0->0 160->16 147->0 70->224 154->0 96->255 146->80 156->32 141->0 77->240 160->32 84->255 160->64 152->112 138->0 69->224 154->16 72->144 151->32 
0->0 0->0 0->0 0->0 0->0 0->0 0->0 0->0 0->0 0->0 0->0 0->0 0->0 0->0 0->80 0->0 0->224 0->0 147->16 134->0 91->224 156->0 75->255 140->80 139->32 161->0 86->240 161->32 130->255 151->64 141->112 153->0 86->224 143->16 149->144 146->32 

78->32 67->0 74->240 68->32 71->255 66->64 71->112 109->0 71->224 98->16 82->144 100->32 157->192 131->16 147->224 130->32 145->64 67->32 0->208 0->16 0->192 0->16 0->0 0->0 0->240 0->32 0->192 0->0 0->0 0->0 0->240 0->48 0->192 0->0 0->0 0->0 
140->32 167->0 99->240 130->32 130->255 129->64 88->112 135->0 80->224 67->16 159->144 150->32 131->192 90->16 158->224 78->32 175->64 138->32 0->208 0->16 0->192 0->16 0->0 0->0 0->240 0->32 0->192 0->0 0->0 0->0 0->240 0->48 0->192 0->0 0->0 0->0 
80->32 141->0 151->240 145->32 155->255 74->64 86->112 70->0 96->224 149->16 151->144 144->32 150->192 77->16 89->224 65->32 71->64 150->32 0->208 0->16 0->192 0->16 0->0 0->0 0->240 0->32 0->192 0->0 0->0 0->0 0->240 0->48 0->192 0->0 0->0 0->0 
160->32 99->0 70->240 109->32 81->255 117->64 164->112 138->0 172->224 66->16 170->144 66->32 99->192 67->16 99->224 133->32 70->64 146->32 0->208 0->16 0->192 0->16 0->0 0->0 0->240 0->32 0->192 0->0 0->0 0->0 0->240 0->48 0->192 0->0 0->0 0->0 
93->32 92->0 82->240 75->32 92->255 90->64 148->112 81->0 130->224 76->16 133->144 82->32 156->192 136->16 148->224 136->32 159->64 153->32 0->208 0->16 0->192 0->16 0->0 0->0 0->240 0->32 0->192 0->0 0->0 0->0 0->240 0->48 0->192 0->0 0->0 0->0 
144->32 72->0 160->240 78->32 161->255 65->64 84->112 81->0 77->224 78->16 70->144 79->32 72->192 113->16 70->224 118->32 70->64 105->32 0->208 0->16 0->192 0->16 0->0 0->0 0->240 0->32 0->192 0->0 0->0 0->0 0->240 0->48 0->192 0->0 0->0 0->0 
160->32 147->0 70->240 154->32 96->255 146->64 156->112 141->0 77->224 160->16 84->144 160->32 152->192 138->16 69->224 154->32 72->64 151->32 0->208 0->16 0->192 0->16 0->0 0->0 0->240 0->32 0->192 0->0 0->0 0->0 0->240 0->48 0->192 0->0 0->0 0->0 
147->32 134->0 91->240 156->32 75->255 140->64 139->112 161->0 86->224 161->16 130->144 151->32 141->192 153->16 86->224 143->32 149->64 146->32 0->208 0->16 0->192 0->16 0->0 0->0 0->240 0->32 0->192 0->0 0->0 0->0 0->240 0->48 0->192 0->0 0->0 0->0 
0->32 0->0 0->240 0->32 0->255 0->64 78->112 67->0 74->224 68->16 71->144 66->32 71->192 109->16 71->224 98->32 82->64 100->32 157->208 131->16 147->192 130->16 145->0 67->0 0->240 0->32 0->192 0->0 0->0 0->0 0->240 0->48 0->192 0->0 0->0 0->0 
0->32 0->0 0->240 0->32 0->255 0->64 140->112 167->0 99->224 130->16 130->144 129->32 88->192 135->16 80->224 67->32 159->64 150->32 131->208 90->16 158->192 78->16 175->0 138->0 0->240 0->32 0->192 0->0 0->0 0->0 0->240 0->48 0->192 0->0 0->0 0->0 
0->32 0->0 0->240 0->32 0->255 0->64 80->112 141->0 151->224 145->16 155->144 74->32 86->192 70->16 96->224 149->32 151->64 144->32 150->208 77->16 89->192 65->16 71->0 150->0 0->240 0->32 0->192 0->0 0->0 0->0 0->240 0->48 0->192 0->0 0->0 0->0 
0->32 0->0 0->240 0->32 0->255 0->64 160->112 99->0 70->224 109->16 81->144 117->32 164->192 138->16 172->224 66->32 170->64 66->32 99->208 67->16 99->192 133->16 70->0 146->0 0->240 0->32 0->192 0->0 0->0 0->0 0->240 0->48 0->192 0->0 0->0 0->0 
0->32 0->0 0->240 0->32 0->255 0->64 93->112 92->0 82->224 75->16 92->144 90->32 148->192 81->16 130->224 76->32 133->64 82->32 156->208 136->16 148->192 136->16 159->0 153->0 0->240 0->32 0->192 0->0 0->0 0->0 0->240 0->48 0->192 0->0 0->0 0->0 
0->32 0->0 0->240 0->32 0->255 0->64 144->112 72->0 160->224 78->16 161->144 65->32 84->192 81->16 77->224 78->32 70->64 79->32 72->208 113->16 70->192 118->16 70->0 105->0 0->240 0->32 0->192 0->0 0->0 0->0 0->240 0->48 0->192 0->0 0->0 0->0 
0->32 0->0 0->240 0->32 0->255 0->64 160->112 147->0 70->224 154->16 96->144 146->32 156->192 141->16 77->224 160->32 84->64 160->32 152->208 138->16 69->192 154->16 72->0 151->0 0->240 0->32 0->192 0->0 0->0 0->0 0->240 0->48 0->192 0->0 0->0 0->0 
0->32 0->0 0->240 0->32 0->255 0->64 147->112 134->0 91->224 156->16 75->144 140->32 139->192 161->16 86->224 161->32 130->64 151->32 141->208 153->16 86->192 143->16 149->0 146->0 0->240 0->32 0->192 0->0 0->0 0->0 0->240 0->48 0->192 0->0 0->0 0->0 
0->32 0->0 0->240 0->32 0->255 0->64 0->112 0->0 0->224 0->16 0->144 0->32 78->192 67->16 74->224 68->32 71->64 66->32 71->208 109->16 71->192 98->16 82->0 100->0 157->240 131->32 147->192 130->0 145->0 67->0 0->240 0->48 0->192 0->0 0->0 0->0 
0->32 0->0 0->240 0->32 0->255 0->64 0->112 0->0 0->224 0->16 0->144 0->32 140->192 167->16 99->224 130->32 130->64 129->32 88->208 135->16 80->192 67->16 159->0 150->0 131->240 90->32 158->192 78->0 175->0 138->0 0->240 0->48 0->192 0->0 0->0 0->0 
0->32 0->0 0->240 0->32 0->255 0->64 0->112 0->0 0->224 0->16 0->144 0->32 80->192 141->16 151->224 145->32 155->64 74->32 86->208 70->16 96->192 149->16 151->0 144->0 150->240 77->32 89->192 65->0 71->0 150->0 0->240 0->48 0->192 0->0 0->0 0->0 
0->32 0->0 0->240 0->32 0->255 0->64 0->112 0->0 0->224 0->16 0->144 0->32 160->192 99->16 70->224 109->32 81->64 117->32 164->208 138->16 172->192 66->16 170->0 66->0 99->240 67->32 99->192 133->0 70->0 146->0 0->240 0->48 0->192 0->0 0->0 0->0 
0->32 0->0 0->240 0->32 0->255 0->64 0->112 0->0 0->224 0->16 0->144 0->32 93->192 92->16 82->224 75->32 92->64 90->32 148->208 81->16 130->192 76->16 133->0 82->0 156->240 136->32 148->192 136->0 159->0 153->0 0->240 0->48 0->192 0->0 0->0 0->0 
0->32 0->0 0->240 0->32 0->255 0->64 0->112 0->0 0->224 0->16 0->144 0->32 144->192 72->16 160->224 78->32 161->64 65->32 84->208 81->16 77->192 78->16 70->0 79->0 72->240 113->32 70->192 118->0 70->0 105->0 0->240 0->48 0->192 0->0 0->0 0->0 
0->32 0->0 0->240 0->32 0->255 0->64 0->112 0->0 0->224 0->16 0->144 0->32 160->192 147->16 70->224 154->32 96->64 146->32 156->208 141->16 77->192 160->16 84->0 160->0 152->240 138->32 69->192 154->0 72->0 151->0 0->240 0->48 0->192 0->0 0->0 0->0 
0->32 0->0 0->240 0->32 0->255 0->64 0->112 0->0 0->224 0->16 0->144 0->32 147->192 134->16 91->224 156->32 75->64 140->32 139->208 161->16 86->192 161->16 130->0 151->0 141->240 153->32 86->192 143->0 149->0 146->0 0->240 0->48 0->192 0->0 0->0 0->0 
0->32 0->0 0->240 0->32 0->255 0->64 0->112 0->0 0->224 0->16 0->144 0->32 0->192 0->16 0->224 0->32 0->64 0->32 78->208 67->16 74->192 68->16 71->0 66->0 71->240 109->32 71->192 98->0 82->0 100->0 157->240 131->48 147->192 130->0 145->0 67->0 
0->32 0->0 0->240 0->32 0->255 0->64 0->112 0->0 0->224 0->16 0->144 0->32 0->192 0->16 0->224 0->32 0->64 0->32 140->208 167->16 99->192 130->16 130->0 129->0 88->240 135->32 80->192 67->0 159->0 150->0 131->240 90->48 158->192 78->0 175->0 138->0 
0->32 0->0 0->240 0->32 0->255 0->64 0->112 0->0 0->224 0->16 0->144 0->32 0->192 0->16 0->224 0->32 0->64 0->32 80->208 141->16 151->192 145->16 155->0 74->0 86->240 70->32 96->192 149->0 151->0 144->0 150->240 77->48 89->192 65->0 71->0 150->0 
0->32 0->0 0->240 0->32 0->255 0->64 0->112 0->0 0->224 0->16 0->144 0->32 0->192 0->16 0->224 0->32 0->64 0->32 160->208 99->16 70->192 109->16 81->0 117->0 164->240 138->32 172->192 66->0 170->0 66->0 99->240 67->48 99->192 133->0 70->0 146->0 
0->32 0->0 0->240 0->32 0->255 0->64 0->112 0->0 0->224 0->16 0->144 0->32 0->192 0->16 0->224 0->32 0->64 0->32 93->208 92->16 82->192 75->16 92->0 90->0 148->240 81->32 130->192 76->0 133->0 82->0 156->240 136->48 148->192 136->0 159->0 153->0 
0->32 0->0 0->240 0->32 0->255 0->64 0->112 0->0 0->224 0->16 0->144 0->32 0->192 0->16 0->224 0->32 0->64 0->32 144->208 72->16 160->192 78->16 161->0 65->0 84->240 81->32 77->192 78->0 70->0 79->0 72->240 113->48 70->192 118->0 70->0 105->0 
0->32 0->0 0->240 0->32 0->255 0->64 0->112 0->0 0->224 0->16 0->144 0->32 0->192 0->16 0->224 0->32 0->64 0->32 160->208 147->16 70->192 154->16 96->0 146->0 156->240 141->32 77->192 160->0 84->0 160->0 152->240 138->48 69->192 154->0 72->0 151->0 
0->32 0->0 0->240 0->32 0->255 0->64 0->112 0->0 0->224 0->16 0->144 0->32 0->192 0->16 0->224 0->32 0->64 0->32 147->208 134->16 91->192 156->16 75->0 140->0 139->240 161->32 86->192 161->0 130->0 151->0 141->240 153->48 86->192 143->0 149->0 146->0 

78->240 67->32 74->192 68->0 71->0 66->0 71->240 109->48 71->192 98->0 82->0 100->0 157->208 131->48 147->255 130->0 145->208 67->0 0->112 0->96 0->255 0->144 0->255 0->144 0->0 0->0 0->48 0->96 0->80 0->144 0->0 0->0 0->0 0->0 0->0 0->0 
140->240 167->32 99->192 130->0 130->0 129->0 88->240 135->48 80->192 67->0 159->0 150->0 131->208 90->48 158->255 78->0 175->208 138->0 0->112 0->96 0->255 0->144 0->255 0->144 0->0 0->0 0->48 0->96 0->80 0->144 0->0 0->0 0->0 0->0 0->0 0->0 
80->240 141->32 151->192 145->0 155->0 74->0 86->240 70->48 96->192 149->0 151->0 144->0 150->208 77->48 89->255 65->0 71->208 150->0 0->112 0->96 0->255 0->144 0->255 0->144 0->0 0->0 0->48 0->96 0->80 0->144 0->0 0->0 0->0 0->0 0->0 0->0 
160->240 99->32 70->192 109->0 81->0 117->0 164->240 138->48 172->192 66->0 170->0 66->0 99->208 67->48 99->255 133->0 70->208 146->0 0->112 0->96 0->255 0->144 0->255 0->144 0->0 0->0 0->48 0->96 0->80 0->144 0->0 0->0 0->0 0->0 0->0 0->0 
93->240 92->32 82->192 75->0 92->0 90->0 148->240 81->48 130->192 76->0 133->0 82->0 156->208 136->48 148->255 136->0 159->208 153->0 0->112 0->96 0->255 0->144 0->255 0->144 0->0 0->0 0->48 0->96 0->80 0->144 0->0 0->0 0->0 0->0 0->0 0->0 
144->240 72->32 160->192 78->0 161->0 65->0 84->240 81->48 77->192 78->0 70->0 79->0 72->208 113->48 70->255 118->0 70->208 105->0 0->112 0->96 0->255 0->144 0->255 0->144 0->0 0->0 0->48 0->96 0->80 0->144 0->0 0->0 0->0 0->0 0->0 0->0 
160->240 147->32 70->192 154->0 96->0 146->0 156->240 141->48 77->192 160->0 84->0 160->0 152->208 138->48 69->255 154->0 72->208 151->0 0->112 0->96 0->255 0->144 0->255 0->144 0->0 0->0 0->48 0->96 0->80 0->144 0->0 0->0 0->0 0->0 0->0 0->0 
147->240 134->32 91->192 156->0 75->0 140->0 139->240 161->48 86->192 161->0 130->0 151->0 141->208 153->48 86->255 143->0 149->208 146->0 0->112 0->96 0->255 0->144 0->255 0->144 0->0 0->0 0->48 0->96 0->80 0->144 0->0 0->0 0->0 0->0 0->0 0->0 
0->240 0->32 0->192 0->0 0->0 0->0 78->240 67->48 74->192 68->0 71->0 66->0 71->208 109->48 71->255 98->0 82->208 100->0 157->112 131->96 147->255 130->144 145->255 67->144 0->0 0->0 0->48 0->96 0->80 0->144 0->0 0->0 0->0 0->0 0->0 0->0 
0->240 0->32 0->192 0->0 0->0 0->0 140->240 167->48 99->192 130->0 130->0 129->0 88->208 135->48 80->255 67->0 159->208 150->0 131->112 90->96 158->255 78->144 175->255 138->144 0->0 0->0 0->48 0->96 0->80 0->144 0->0 0->0 0->0 0->0 0->0 0->0 
0->240 0->32 0->192 0->0 0->0 0->0 80->240 141->48 151->192 145->0 155->0 74->0 86->208 70->48 96->255 149->0 151->208 144->0 150->112 77->96 89->255 65->144 71->255 150->144 0->0 0->0 0->48 0->96 0->80 0->144 0->0 0->0 0->0 0->0 0->0 0->0 
0->240 0->32 0->192 0->0 0->0 0->0 160->240 99->48 70->192 109->0 81->0 117->0 164->208 138->48 172->255 66->0 170->208 66->0 99->112 67->96 99->255 133->144 70->255 146->144 0->0 0->0 0->48 0->96 0->80 0->144 0->0 0->0 0->0 0->0 0->0 0->0 
0->240 0->32 0->192 0->0 0->0 0->0 93->240 92->48 82->192 75->0 92->0 90->0 148->208 81->48 130->255 76->0 133->208 82->0 156->112 136->96 148->255 136->144 159->255 153->144 0->0 0->0 0->48 0->96 0->80 0->144 0->0 0->0 0->0 0->0 0->0 0->0 
0->240 0->32 0->192 0->0 0->0 0->0 144->240 72->48 160->192 78->0 161->0 65->0 84->208 81->48 77->255 78->0 70->208 79->0 72->112 113->96 70->255 118->144 70->255 105->144 0->0 0->0 0->48 0->96 0->80 0->144 0->0 0->0 0->0 0->0 0->0 0->0 
0->240 0->32 0->192 0->0 0->0 0->0 160->240 147->48 70->192 154->0 96->0 146->0 156->208 141->48 77->255 160->0 84->208 160->0 152->112 138->96 69->255 154->144 72->255 151->144 0->0 0->0 0->48 0->96 0->80 0->144 0->0 0->0 0->0 0->0 0->0 0->0 
0->240 0->32 0->192 0->0 0->0 0->0 147->240 134->48 91->192 156->0 75->0 140->0 139->208 161->48 86->255 161->0 130->208 151->0 141->112 153->96 86->255 143->144 149->255 146->144 0->0 0->0 0->48 0->96 0->80 0->144 0->0 0->0 0->0 0->0 0->0 0->0 
0->240 0->32 0->192 0->0 0->0 0->0 0->240 0->48 0->192 0->0 0->0 0->0 78->208 67->48 74->255 68->0 71->208 66->0 71->112 109->96 71->255 98->144 82->255 100->144 157->0 131->0 147->48 130->96 145->80 67->144 0->0 0->0 0->0 0->0 0->0 0->0 
0->240 0->32 0->192 0->0 0->0 0->0 0->240 0->48 0->192 0->0 0->0 0->0 140->208 167->48 99->255 130->0 130->208 129->0 88->112 135->96 80->255 67->144 159->255 150->144 131->0 90->0 158->48 78->96 175->80 138->144 0->0 0->0 0->0 0->0 0->0 0->0 
0->240 0->32 0->192 0->0 0->0 0->0 0->240 0->48 0->192 0->0 0->0 0->0 80->208 141->48 151->255 145->0 155->208 74->0 86->112 70->96 96->255 149->144 151->255 144->144 150->0 77->0 89->48 65->96 71->80 150->144 0->0 0->0 0->0 0->0 0->0 0->0 
0->240 0->32 0->192 0->0 0->0 0->0 0->240 0->48 0->192 0->0 0->0 0->0 160->208 99->48 70->255 109->0 81->208 117->0 164->112 138->96 172->255 66->144 170->255 66->144 99->0 67->0 99->48 133->96 70->80 146->144 0->0 0->0 0->0 0->0 0->0 0->0 
0->240 0->32 0->192 0->0 0->0 0->0 0->240 0->48 0->192 0->0 0->0 0->0 93->208 92->48 82->255 75->0 92->208 90->0 148->112 81->96 130->255 76->144 133->255 82->144 156->0 136->0 148->48 136->96 159->80 153->144 0->0 0->0 0->0 0->0 0->0 0->0 
0->240 0->32 0->192 0->0 0->0 0->0 0->240 0->48 0->192 0->0 0->0 0->0 144->208 72->48 160->255 78->0 161->208 65->0 84->112 81->96 77->255 78->144 70->255 79->144 72->0 113->0 70->48 118->96 70->80 105->144 0->0 0->0 0->0 0->0 0->0 0->0 
0->240 0->32 0->192 0->0 0->0 0->0 0->240 0->48 0->192 0->0 0->0 0->0 160->208 147->48 70->255 154->0 96->208 146->0 156->112 141->96 77->255 160->144 84->255 160->144 152->0 138->0 69->48 154->96 72->80 151->144 0->0 0->0 0->0 0->0 0->0 0->0 
0->240 0->32 0->192 0->0 0->0 0->0 0->240 0->48 0->192 0->0 0->0 0->0 147->208 134->48 91->255 156->0 75->208 140->0 139->112 161->96 86->255 161->144 130->255 151->144 141->0 153->0 86->48 143->96 149->80 146->144 0->0 0->0 0->0 0->0 0->0 0->0 
0->240 0->32 0->192 0->0 0->0 0->0 0->240 0->48 0->192 0->0 0->0 0->0 0->208 0->48 0->255 0->0 0->208 0->0 78->112 67->96 74->255 68->144 71->255 66->144 71->0 109->0 71->48 98->96 82->80 100->144 157->0 131->0 147->0 130->0 145->0 67->0 
0->240 0->32 0->192 0->0 0->0 0->0 0->240 0->48 0->192 0->0 0->0 0->0 0->208 0->48 0->255 0->0 0->208 0->0 140->112 167->96 99->255 130->144 130->255 129->144 88->0 135->0 80->48 67->96 159->80 150->144 131->0 90->0 158->0 78->0 175->0 138->0 
0->240 0->32 0->192 0->0 0->0 0->0 0->240 0->48 0->192 0->0 0->0 0->0 0->208 0->48 0->255 0->0 0->208 0->0 80->112 141->96 151->255 145->144 155->255 74->144 86->0 70->0 96->48 149->96 151->80 144->144 150->0 77->0 89->0 65->0 71->0 150->0 
0->240 0->32 0->192 0->0 0->0 0->0 0->240 0->48 0->192 0->0 0->0 0->0 0->208 0->48 0->255 0->0 0->208 0->0 160->112 99->96 70->255 109->144 81->255 117->144 164->0 138->0 172->48 66->96 170->80 66->144 99->0 67->0 99->0 133->0 70->0 146->0 
0->240 0->32 0->192 0->0 0->0 0->0 0->240 0->48 0->192 0->0 0->0 0->0 0->208 0->48 0->255 0->0 0->208 0->0 93->112 92->96 82->255 75->144 92->255 90->144 148->0 81->0 130->48 76->96 133->80 82->144 156->0 136->0 148->0 136->0 159->0 153->0 
0->240 0->32 0->192 0->0 0->0 0->0 0->240 0->48 0->192 0->0 0->0 0->0 0->208 0->48 0->255 0->0 0->208 0->0 144->112 72->96 160->255 78->144 161->255 65->144 84->0 81->0 77->48 78->96 70->80 79->144 72->0 113->0 70->0 118->0 70->0 105->0 
0->240 0->32 0->192 0->0 0->0 0->0 0->240 0->48 0->192 0->0 0->0 0->0 0->208 0->48 0->255 0->0 0->208 0->0 160->112 147->96 70->255 154->144 96->255 146->144 156->0 141->0 77->48 160->96 84->80 160->144 152->0 138->0 69->0 154->0 72->0 151->0 
0->240 0->32 0->192 0->0 0->0 0->0 0->240 0->48 0->192 0->0 0->0 0->0 0->208 0->48 0->255 0->0 0->208 0->0 147->112 134->96 91->255 156->144 75->255 140->144 139->0 161->0 86->48 161->96 130->80 151->144 141->0 153->0 86->0 143->0 149->0 146->0 

78->0 67->0 74->0 68->0 71->0 66->0 71->0 109->0 71->0 98->0 82->16 100->0 157->80 131->0 147->224 130->0 145->240 67->0 0->224 0->0 0->255 0->80 0->255 0->128 0->240 0->32 0->255 0->64 0->48 0->48 0->224 0->16 0->144 0->32 0->0 0->0 
140->0 167->0 99->0 130->0 130->0 129->0 88->0 135->0 80->0 67->0 159->16 150->0 131->80 90->0 158->224 78->0 175->240 138->0 0->224 0->0 0->255 0->80 0->255 0->128 0->240 0->32 0->255 0->64 0->48 0->48 0->224 0->16 0->144 0->32 0->0 0->0 
80->0 141->0 151->0 145->0 155->0 74->0 86->0 70->0 96->0 149->0 151->16 144->0 150->80 77->0 89->224 65->0 71->240 150->0 0->224 0->0 0->255 0->80 0->255 0->128 0->240 0->32 0->255 0->64 0->48 0->48 0->224 0->16 0->144 0->32 0->0 0->0 
160->0 99->0 70->0 109->0 81->0 117->0 164->0 138->0 172->0 66->0 170->16 66->0 99->80 67->0 99->224 133->0 70->240 146->0 0->224 0->0 0->255 0->80 0->255 0->128 0->240 0->32 0->255 0->64 0->48 0->48 0->224 0->16 0->144 0->32 0->0 0->0 
93->0 92->0 82->0 75->0 92->0 90->0 148->0 81->0 130->0 76->0 133->16 82->0 156->80 136->0 148->224 136->0 159->240 153->0 0->224 0->0 0->255 0->80 0->255 0->128 0->240 0->32 0->255 0->64 0->48 0->48 0->224 0->16 0->144 0->32 0->0 0->0 
144->0 72->0 160->0 78->0 161->0 65->0 84->0 81->0 77->0 78->0 70->16 79->0 72->80 113->0 70->224 118->0 70->240 105->0 0->224 0->0 0->255 0->80 0->255 0->128 0->240 0->32 0->255 0->64 0->48 0->48 0->224 0->16 0->144 0->32 0->0 0->0 
160->0 147->0 70->0 154->0 96->0 146->0 156->0 141->0 77->0 160->0 84->16 160->0 152->80 138->0 69->224 154->0 72->240 151->0 0->224 0->0 0->255 0->80 0->255 0->128 0->240 0->32 0->255 0->64 0->48 0->48 0->224 0->16 0->144 0->32 0->0 0->0 
147->0 134->0 91->0 156->0 75->0 140->0 139->0 161->0 86->0 161->0 130->16 151->0 141->80 153->0 86->224 143->0 149->240 146->0 0->224 0->0 0->255 0->80 0->255 0->128 0->240 0->32 0->255 0->64 0->48 0->48 0->224 0->16 0->144 0->32 0->0 0->0 
0->0 0->0 0->0 0->0 0->0 0->0 78->0 67->0 74->0 68->0 71->16 66->0 71->80 109->0 71->224 98->0 82->240 100->0 157->224 131->0 147->255 130->80 145->255 67->128 0->240 0->32 0->255 0->64 0->48 0->48 0->224 0->16 0->144 0->32 0->0 0->0 
0->0 0->0 0->0 0->0 0->0 0->0 140->0 167->0 99->0 130->0 130->16 129->0 88->80 135->0 80->224 67->0 159->240 150->0 131->224 90->0 158->255 78->80 175->255 138->128 0->240 0->32 0->255 0->64 0->48 0->48 0->224 0->16 0->144 0->32 0->0 0->0 
0->0 0->0 0->0 0->0 0->0 0->0 80->0 141->0 151->0 145->0 155->16 74->0 86->80 70->0 96->224 149->0 151->240 144->0 150->224 77->0 89->255 65->80 71->255 150->128 0->240 0->32 0->255 0->64 0->48 0->48 0->224 0->16 0->144 0->32 0->0 0->0 
0->0 0->0 0->0 0->0 0->0 0->0 160->0 99->0 70->0 109->0 81->16 117->0 164->80 138->0 172->224 66->0 170->240 66->0 99->224 67->0 99->255 133->80 70->255 146->128 0->240 0->32 0->255 0->64 0->48 0->48 0->224 0->16 0->144 0->32 0->0 0->0 
0->0 0->0 0->0 0->0 0->0 0->0 93->0 92->0 82->0 75->0 92->16 90->0 148->80 81->0 130->224 76->0 133->240 82->0 156->224 136->0 148->255 136->80 159->255 153->128 0->240 0->32 0->255 0->64 0->48 0->48 0->224 0->16 0->144 0->32 0->0 0->0 
0->0 0->0 0->0 0->0 0->0 0->0 144->0 72->0 160->0 78->0 161->16 65->0 84->80 81->0 77->224 78->0 70->240 79->0 72->224 113->0 70->255 118->80 70->255 105->128 0->240 0->32 0->255 0->64 0->48 0->48 0->224 0->16 0->144 0->32 0->0 0->0 
0->0 0->0 0->0 0->0 0->0 0->0 160->0 147->0 70->0 154->0 96->16 146->0 156->80 141->0 77->224 160->0 84->240 160->0 152->224 138->0 69->255 154->80 72->255 151->128 0->240 0->32 0->255 0->64 0->48 0->48 0->224 0->16 0->144 0->32 0->0 0->0 
0->0 0->0 0->0 0->0 0->0 0->0 147->0 134->0 91->0 156->0 75->16 140->0 139->80 161->0 86->224 161->0 130->240 151->0 141->224 153->0 86->255 143->80 149->255 146->128 0->240 0->32 0->255 0->64 0->48 0->48 0->224 0->16 0->144 0->32 0->0 0->0 
0->0 0->0 0->0 0->0 0->0 0->0 0->0 0->0 0->0 0->0 0->16 0->0 78->80 67->0 74->224 68->0 71->240 66->0 71->224 109->0 71->255 98->80 82->255 100->128 157->240 131->32 147->255 130->64 145->48 67->48 0->224 0->16 0->144 0->32 0->0 0->0 
0->0 0->0 0->0 0->0 0->0 0->0 0->0 0->0 0->0 0->0 0->16 0->0 140->80 167->0 99->224 130->0 130->240 129->0 88->224 135->0 80->255 67->80 159->255 150->128 131->240 90->32 158->255 78->64 175->48 138->48 0->224 0->16 0->144 0->32 0->0 0->0 
0->0 0->0 0->0 0->0 0->0 0->0 0->0 0->0 0->0 0->0 0->16 0->0 80->80 141->0 151->224 145->0 155->240 74->0 86->224 70->0 96->255 149->80 151->255 144->128 150->240 77->32 89->255 65->64 71->48 150->48 0->224 0->16 0->144 0->32 0->0 0->0 
0->0 0->0 0->0 0->0 0->0 0->0 0->0 0->0 0->0 0->0 0->16 0->0 160->80 99->0 70->224 109->0 81->240 117->0 164->224 138->0 172->255 66->80 170->255 66->128 99->240 67->32 99->255 133->64 70->48 146->48 0->224 0->16 0->144 0->32 0->0 0->0 
0->0 0->0 0->0 0->0 0->0 0->0 0->0 0->0 0->0 0->0 0->16 0->0 93->80 92->0 82->224 75->0 92->240 90->0 148->224 81->0 130->255 76->80 133->255 82->128 156->240 136->32 148->255 136->64 159->48 153->48 0->224 0->16 0->144 0->32 0->0 0->0 
0->0 0->0 0->0 0->0 0->0 0->0 0->0 0->0 0->0 0->0 0->16 0->0 144->80 72->0 160->224 78->0 161->240 65->0 84->224 81->0 77->255 78->80 70->255 79->128 72->240 113->32 70->255 118->64 70->48 105->48 0->224 0->16 0->144 0->32 0->0 0->0 
0->0 0->0 0->0 0->0 0->0 0->0 0->0 0->0 0->0 0->0 0->16 0->0 160->80 147->0 70->224 154->0 96->240 146->0 156->224 141->0 77->255 160->80 84->255 160->128 152->240 138->32 69->255 154->64 72->48 151->48 0->224 0->16 0->144 0->32 0->0 0->0 
0->0 0->0 0->0 0->0 0->0 0->0 0->0 0->0 0->0 0->0 0->16 0->0 147->80 134->0 91->224 156->0 75->240 140->0 139->224 161->0 86->255 161->80 130->255 151->128 141->240 153->32 86->255 143->64 149->48 146->48 0->224 0->16 0->144 0->32 0->0 0->0 
0->0 0->0 0->0 0->0 0->0 0->0 0->0 0->0 0->0 0->0 0->16 0->0 0->80 0->0 0->224 0->0 0->240 0->0 78->224 67->0 74->255 68->80 71->255 66->128 71->240 109->32 71->255 98->64 82->48 100->48 157->224 131->16 147->144 130->32 145->0 67->0 
0->0 0->0 0->0 0->0 0->0 0->0 0->0 0->0 0->0 0->0 0->16 0->0 0->80 0->0 0->224 0->0 0->240 0->0 140->224 167->0 99->255 130->80 130->255 129->128 88->240 135->32 80->255 67->64 159->48 150->48 131->224 90->16 158->144 78->32 175->0 138->0 
0->0 0->0 0->0 0->0 0->0 0->0 0->0 0->0 0->0 0->0 0->16 0->0 0->80 0->0 0->224 0->0 0->240 0->0 80->224 141->0 151->255 145->80 155->255 74->128 86->240 70->32 96->255 149->64 151->48 144->48 150->224 77->16 89->144 65->32 71->0 150->0 
0->0 0->0 0->0 0->0 0->0 0->0 0->0 0->0 0->0 0->0 0->16 0->0 0->80 0->0 0->224 0->0 0->240 0->0 160->224 99->0 70->255 109->80 81->255 117->128 164->240 138->32 172->255 66->64 170->48 66->48 99->224 67->16 99->144 133->32 70->0 146->0 
0->0 0->0 0->0 0->0 0->0 0->0 0->0 0->0 0->0 0->0 0->16 0->0 0->80 0->0 0->224 0->0 0->240 0->0 93->224 92->0 82->255 75->80 92->255 90->128 148->240 81->32 130->255 76->64 133->48 82->48 156->224 136->16 148->144 136->32 159->0 153->0 
0->0 0->0 0->0 0->0 0->0 0->0 0->0 0->0 0->0 0->0 0->16 0->0 0->80 0->0 0->224 0->0 0->240 0->0 144->224 72->0 160->255 78->80 161->255 65->128 84->240 81->32 77->255 78->64 70->48 79->48 72->224 113->16 70->144 118->32 70->0 105->0 
0->0 0->0 0->0 0->0 0->0 0->0 0->0 0->0 0->0 0->0 0->16 0->0 0->80 0->0 0->224 0->0 0->240 0->0 160->224 147->0 70->255 154->80 96->255 146->128 156->240 141->32 77->255 160->64 84->48 160->48 152->224 138->16 69->144 154->32 72->0 151->0 
0->0 0->0 0->0 0->0 0->0 0->0 0->0 0->0 0->0 0->0 0->16 0->0 0->80 0->0 0->224 0->0 0->240 0->0 147->224 134->0 91->255 156->80 75->255 140->128 139->240 161->32 86->255 161->64 130->48 151->48 141->224 153->16 86->144 143->32 149->0 146->0 

78->240 67->32 74->255 68->64 71->48 66->48 71->224 109->16 71->144 98->32 82->0 100->0 157->224 131->32 147->64 130->32 145->0 67->0 0->192 0->16 0->0 0->0 0->0 0->0 0->192 0->0 0->0 0->0 0->0 0->0 0->192 0->0 0->0 0->0 0->0 0->0 
140->240 167->32 99->255 130->64 130->48 129->48 88->224 135->16 80->144 67->32 159->0 150->0 131->224 90->32 158->64 78->32 175->0 138->0 0->192 0->16 0->0 0->0 0->0 0->0 0->192 0->0 0->0 0->0 0->0 0->0 0->192 0->0 0->0 0->0 0->0 0->0 
80->240 141->32 151->255 145->64 155->48 74->48 86->224 70->16 96->144 149->32 151->0 144->0 150->224 77->32 89->64 65->32 71->0 150->0 0->192 0->16 0->0 0->0 0->0 0->0 0->192 0->0 0->0 0->0 0->0 0->0 0->192 0->0 0->0 0->0 0->0 0->0 
160->240 99->32 70->255 109->64 81->48 117->48 164->224 138->16 172->144 66->32 170->0 66->0 99->224 67->32 99->64 133->32 70->0 146->0 0->192 0->16 0->0 0->0 0->0 0->0 0->192 0->0 0->0 0->0 0->0 0->0 0->192 0->0 0->0 0->0 0->0 0->0 
93->240 92->32 82->255 75->64 92->48 90->48 148->224 81->16 130->144 76->32 133->0 82->0 156->224 136->32 148->64 136->32 159->0 153->0 0->192 0->16 0->0 0->0 0->0 0->0 0->192 0->0 0->0 0->0 0->0 0->0 0->192 0->0 0->0 0->0 0->0 0->0 
144->240 72->32 160->255 78->64 161->48 65->48 84->224 81->16 77->144 78->32 70->0 79->0 72->224 113->32 70->64 118->32 70->0 105->0 0->192 0->16 0->0 0->0 0->0 0->0 0->192 0->0 0->0 0->0 0->0 0->0 0->192 0->0 0->0 0->0 0->0 0->0 
160->240 147->32 70->255 154->64 96->48 146->48 156->224 141->16 77->144 160->32 84->0 160->0 152->224 138->32 69->64 154->32 72->0 151->0 0->192 0->16 0->0 0->0 0->0 0->0 0->192 0->0 0->0 0->0 0->0 0->0 0->192 0->0 0->0 0->0 0->0 0->0 
147->240 134->32 91->255 156->64 75->48 140->48 139->224 161->16 86->144 161->32 130->0 151->0 141->224 153->32 86->64 143->32 149->0 146->0 0->192 0->16 0->0 0->0 0->0 0->0 0->192 0->0 0->0 0->0 0->0 0->0 0->192 0->0 0->0 0->0 0->0 0->0 
0->240 0->32 0->255 0->64 0->48 0->48 78->224 67->16 74->144 68->32 71->0 66->0 71->224 109->32 71->64 98->32 82->0 100->0 157->192 131->16 147->0 130->0 145->0 67->0 0->192 0->0 0->0 0->0 0->0 0->0 0->192 0->0 0->0 0->0 0->0 0->0 
0->240 0->32 0->255 0->64 0->48 0->48 140->224 167->16 99->144 130->32 130->0 129->0 88->224 135->32 80->64 67->32 159->0 150->0 131->192 90->16 158->0 78->0 175->0 138->0 0->192 0->0 0->0 0->0 0->0 0->0 0->192 0->0 0->0 0->0 0->0 0->0 
0->240 0->32 0->255 0->64 0->48 0->48 80->224 141->16 151->144 145->32 155->0 74->0 86->224 70->32 96->64 149->32 151->0 144->0 150->192 77->16 89->0 65->0 71->0 150->0 0->192 0->0 0->0 0->0 0->0 0->0 0->192 0->0 0->0 0->0 0->0 0->0 
0->240 0->32 0->255 0->64 0->48 0->48 160->224 99->16 70->144 109->32 81->0 117->0 164->224 138->32 172->64 66->32 170->0 66->0 99->192 67->16 99->0 133->0 70->0 146->0 0->192 0->0 0->0 0->0 0->0 0->0 0->192 0->0 0->0 0->0 0->0 0->0 
0->240 0->32 0->255 0->64 0->48 0->48 93->224 92->16 82->144 75->32 92->0 90->0 148->224 81->32 130->64 76->32 133->0 82->0 156->192 136->16 148->0 136->0 159->0 153->0 0->192 0->0 0->0 0->0 0->0 0->0 0->192 0->0 0->0 0->0 0->0 0->0 
0->240 0->32 0->255 0->64 0->48 0->48 144->224 72->16 160->144 78->32 161->0 65->0 84->224 81->32 77->64 78->32 70->0 79->0 72->192 113->16 70->0 118->0 70->0 105->0 0->192 0->0 0->0 0->0 0->0 0->0 0->192 0->0 0->0 0->0 0->0 0->0 
0->240 0->32 0->255 0->64 0->48 0->48 160->224 147->16 70->144 154->32 96->0 146->0 156->224 141->32 77->64 160->32 84->0 160->0 152->192 138->16 69->0 154->0 72->0 151->0 0->192 0->0 0->0 0->0 0->0 0->0 0->192 0->0 0->0 0->0 0->0 0->0 
0->240 0->32 0->255 0->64 0->48 0->48 147->224 134->16 91->144 156->32 75->0 140->0 139->224 161->32 86->64 161->32 130->0 151->0 141->192 153->16 86->0 143->0 149->0 146->0 0->192 0->0 0->0 0->0 0->0 0->0 0->192 0->0 0->0 0->0 0->0 0->0 
0->240 0->32 0->255 0->64 0->48 0->48 0->224 0->16 0->144 0->32 0->0 0->0 78->224 67->32 74->64 68->32 71->0 66->0 71->192 109->16 71->0 98->0 82->0 100->0 157->192 131->0 147->0 130->0 145->0 67->0 0->192 0->0 0->0 0->0 0->0 0->0 
0->240 0->32 0->255 0->64 0->48 0->48 0->224 0->16 0->144 0->32 0->0 0->0 140->224 167->32 99->64 130->32 130->0 129->0 88->192 135->16 80->0 67->0 159->0 150->0 131->192 90->0 158->0 78->0 175->0 138->0 0->192 0->0 0->0 0->0 0->0 0->0 
0->240 0->32 0->255 0->64 0->48 0->48 0->224 0->16 0->144 0->32 0->0 0->0 80->224 141->32 151->64 145->32 155->0 74->0 86->192 70->16 96->0 149->0 151->0 144->0 150->192 77->0 89->0 65->0 71->0 150->0 0->192 0->0 0->0 0->0 0->0 0->0 
0->240 0->32 0->255 0->64 0->48 0->48 0->224 0->16 0->144 0->32 0->0 0->0 160->224 99->32 70->64 109->32 81->0 117->0 164->192 138->16 172->0 66->0 170->0 66->0 99->192 67->0 99->0 133->0 70->0 146->0 0->192 0->0 0->0 0->0 0->0 0->0 
0->240 0->32 0->255 0->64 0->48 0->48 0->224 0->16 0->144 0->32 0->0 0->0 93->224 92->32 82->64 75->32 92->0 90->0 148->192 81->16 130->0 76->0 133->0 82->0 156->192 136->0 148->0 136->0 159->0 153->0 0->192 0->0 0->0 0->0 0->0 0->0 
0->240 0->32 0->255 0->64 0->48 0->48 0->224 0->16 0->144 0->32 0->0 0->0 144->224 72->32 160->64 78->32 161->0 65->0 84->192 81->16 77->0 78->0 70->0 79->0 72->192 113->0 70->0 118->0 70->0 105->0 0->192 0->0 0->0 0->0 0->0 0->0 
0->240 0->32 0->255 0->64 0->48 0->48 0->224 0->16 0->144 0->32 0->0 0->0 160->224 147->32 70->64 154->32 96->0 146->0 156->192 141->16 77->0 160->0 84->0 160->0 152->192 138->0 69->0 154->0 72->0 151->0 0->192 0->0 0->0 0->0 0->0 0->0 
0->240 0->32 0->255 0->64 0->48 0->48 0->224 0->16 0->144 0->32 0->0 0->0 147->224 134->32 91->64 156->32 75->0 140->0 139->192 161->16 86->0 161->0 130->0 151->0 141->192 153->0 86->0 143->0 149->0 146->0 0->192 0->0 0->0 0->0 0->0 0->0 
0->240 0->32 0->255 0->64 0->48 0->48 0->224 0->16 0->144 0->32 0->0 0->0 0->224 0->32 0->64 0->32 0->0 0->0 78->192 67->16 74->0 68->0 71->0 66->0 71->192 109->0 71->0 98->0 82->0 100->0 157->192 131->0 147->0 130->0 145->0 67->0 
0->240 0->32 0->255 0->64 0->48 0->48 0->224 0->16 0->144 0->32 0->0 0->0 0->224 0->32 0->64 0->32 0->0 0->0 140->192 167->16 99->0 130->0 130->0 129->0 88->192 135->0 80->0 67->0 159->0 150->0 131->192 90->0 158->0 78->0 175->0 138->0 
0->240 0->32 0->255 0->64 0->48 0->48 0->224 0->16 0->144 0->32 0->0 0->0 0->224 0->32 0->64 0->32 0->0 0->0 80->192 141->16 151->0 145->0 155->0 74->0 86->192 70->0 96->0 149->0 151->0 144->0 150->192 77->0 89->0 65->0 71->0 150->0 
0->240 0->32 0->255 0->64 0->48 0->48 0->224 0->16 0->144 0->32 0->0 0->0 0->224 0->32 0->64 0->32 0->0 0->0 160->192 99->16 70->0 109->0 81->0 117->0 164->192 138->0 172->0 66->0 170->0 66->0 99->192 67->0 99->0 133->0 70->0 146->0 
0->240 0->32 0->255 0->64 0->48 0->48 0->224 0->16 0->144 0->32 0->0 0->0 0->224 0->32 0->64 0->32 0->0 0->0 93->192 92->16 82->0 75->0 92->0 90->0 148->192 81->0 130->0 76->0 133->0 82->0 156->192 136->0 148->0 136->0 159->0 153->0 
0->240 0->32 0->255 0->64 0->48 0->48 0->224 0->16 0->144 0->32 0->0 0->0 0->224 0->32 0->64 0->32 0->0 0->0 144->192 72->16 160->0 78->0 161->0 65->0 84->192 81->0 77->0 78->0 70->0 79->0 72->192 113->0 70->0 118->0 70->0 105->0 
0->240 0->32 0->255 0->64 0->48 0->48 0->224 0->16 0->144 0->32 0->0 0->0 0->224 0->32 0->64 0->32 0->0 0->0 160->192 147->16 70->0 154->0 96->0 146->0 156->192 141->0 77->0 160->0 84->0 160->0 152->192 138->0 69->0 154->0 72->0 151->0 
0->240 0->32 0->255 0->64 0->48 0->48 0->224 0->16 0->144 0->32 0->0 0->0 0->224 0->32 0->64 0->32 0->0 0->0 147->192 134->16 91->0 156->0 75->0 140->0 139->192 161->0 86->0 161->0 130->0 151->0 141->192 153->0 86->0 143->0 149->0 146->0 

78->192 67->0 74->0 68->0 71->0 66->0 71->192 109->0 71->0 98->0 82->0 100->0 157->255 131->0 147->208 130->0 145->192 67->0 0->255 0->144 0->255 0->144 0->255 0->144 0->48 0->96 0->80 0->144 0->80 0->144 0->0 0->0 0->0 0->0 0->0 0->0 
140->192 167->0 99->0 130->0 130->0 129->0 88->192 135->0 80->0 67->0 159->0 150->0 131->255 90->0 158->208 78->0 175->192 138->0 0->255 0->144 0->255 0->144 0->255 0->144 0->48 0->96 0->80 0->144 0->80 0->144 0->0 0->0 0->0 0->0 0->0 0->0 
80->192 141->0 151->0 145->0 155->0 74->0 86->192 70->0 96->0 149->0 151->0 144->0 150->255 77->0 89->208 65->0 71->192 150->0 0->255 0->144 0->255 0->144 0->255 0->144 0->48 0->96 0->80 0->144 0->80 0->144 0->0 0->0 0->0 0->0 0->0 0->0 
160->192 99->0 70->0 109->0 81->0 117->0 164->192 138->0 172->0 66->0 170->0 66->0 99->255 67->0 99->208 133->0 70->192 146->0 0->255 0->144 0->255 0->144 0->255 0->144 0->48 0->96 0->80 0->144 0->80 0->144 0->0 0->0 0->0 0->0 0->0 0->0 
93->192 92->0 82->0 75->0 92->0 90->0 148->192 81->0 130->0 76->0 133->0 82->0 156->255 136->0 148->208 136->0 159->192 153->0 0->255 0->144 0->255 0->144 0->255 0->144 0->48 0->96 0->80 0->144 0->80 0->144 0->0 0->0 0->0 0->0 0->0 0->0 
144->192 72->0 160->0 78->0 161->0 65->0 84->192 81->0 77->0 78->0 70->0 79->0 72->255 113->0 70->208 118->0 70->192 105->0 0->255 0->144 0->255 0->144 0->255 0->144 0->48 0->96 0->80 0->144 0->80 0->144 0->0 0->0 0->0 0->0 0->0 0->0 
160->192 147->0 70->0 154->0 96->0 146->0 156->192 141->0 77->0 160->0 84->0 160->0 152->255 138->0 69->208 154->0 72->192 151->0 0->255 0->144 0->255 0->144 0->255 0->144 0->48 0->96 0->80 0->144 0->80 0->144 0->0 0->0 0->0 0->0 0->0 0->0 
147->192 134->0 91->0 156->0 75->0 140->0 139->192 161->0 86->0 161->0 130->0 151->0 141->255 153->0 86->208 143->0 149->192 146->0 0->255 0->144 0->255 0->144 0->255 0->144 0->48 0->96 0->80 0->144 0->80 0->144 0->0 0->0 0->0 0->0 0->0 0->0 
0->192 0->0 0->0 0->0 0->0 0->0 78->192 67->0 74->0 68->0 71->0 66->0 71->255 109->0 71->208 98->0 82->192 100->0 157->255 131->144 147->255 130->144 145->255 67->144 0->48 0->96 0->80 0->144 0->80 0->144 0->0 0->0 0->0 0->0 0->0 0->0 
0->192 0->0 0->0 0->0 0->0 0->0 140->192 167->0 99->0 130->0 130->0 129->0 88->255 135->0 80->208 67->0 159->192 150->0 131->255 90->144 158->255 78->144 175->255 138->144 0->48 0->96 0->80 0->144 0->80 0->144 0->0 0->0 0->0 0->0 0->0 0->0 
0->192 0->0 0->0 0->0 0->0 0->0 80->192 141->0 151->0 145->0 155->0 74->0 86->255 70->0 96->208 149->0 151->192 144->0 150->255 77->144 89->255 65->144 71->255 150->144 0->48 0->96 0->80 0->144 0->80 0->144 0->0 0->0 0->0 0->0 0->0 0->0 
0->192 0->0 0->0 0->0 0->0 0->0 160->192 99->0 70->0 109->0 81->0 117->0 164->255 138->0 172->208 66->0 170->192 66->0 99->255 67->144 99->255 133->144 70->255 146->144 0->48 0->96 0->80 0->144 0->80 0->144 0->0 0->0 0->0 0->0 0->0 0->0 
0->192 0->0 0->0 0->0 0->0 0->0 93->192 92->0 82->0 75->0 92->0 90->0 148->255 81->0 130->208 76->0 133->192 82->0 156->255 136->144 148->255 136->144 159->255 153->144 0->48 0->96 0->80 0->144 0->80 0->144 0->0 0->0 0->0 0->0 0->0 0->0 
0->192 0->0 0->0 0->0 0->0 0->0 144->192 72->0 160->0 78->0 161->0 65->0 84->255 81->0 77->208 78->0 70->192 79->0 72->255 113->144 70->255 118->144 70->255 105->144 0->48 0->96 0->80 0->144 0->80 0->144 0->0 0->0 0->0 0->0 0->0 0->0 
0->192 0->0 0->0 0->0 0->0 0->0 160->192 147->0 70->0 154->0 96->0 146->0 156->255 141->0 77->208 160->0 84->192 160->0 152->255 138->144 69->255 154->144 72->255 151->144 0->48 0->96 0->80 0->144 0->80 0->144 0->0 0->0 0->0 0->0 0->0 0->0 
0->192 0->0 0->0 0->0 0->0 0->0 147->192 134->0 91->0 156->0 75->0 140->0 139->255 161->0 86->208 161->0 130->192 151->0 141->255 153->144 86->255 143->144 149->255 146->144 0->48 0->96 0->80 0->144 0->80 0->144 0->0 0->0 0->0 0->0 0->0 0->0 
0->192 0->0 0->0 0->0 0->0 0->0 0->192 0->0 0->0 0->0 0->0 0->0 78->255 67->0 74->208 68->0 71->192 66->0 71->255 109->144 71->255 98->144 82->255 100->144 157->48 131->96 147->80 130->144 145->80 67->144 0->0 0->0 0->0 0->0 0->0 0->0 
0->192 0->0 0->0 0->0 0->0 0->0 0->192 0->0 0->0 0->0 0->0 0->0 140->255 167->0 99->208 130->0 130->192 129->0 88->255 135->144 80->255 67->144 159->255 150->144 131->48 90->96 158->80 78->144 175->80 138->144 0->0 0->0 0->0 0->0 0->0 0->0 
0->192 0->0 0->0 0->0 0->0 0->0 0->192 0->0 0->0 0->0 0->0 0->0 80->255 141->0 151->208 145->0 155->192 74->0 86->255 70->144 96->255 149->144 151->255 144->144 150->48 77->96 89->80 65->144 71->80 150->144 0->0 0->0 0->0 0->0 0->0 0->0 
0->192 0->0 0->0 0->0 0->0 0->0 0->192 0->0 0->0 0->0 0->0 0->0 160->255 99->0 70->208 109->0 81->192 117->0 164->255 138->144 172->255 66->144 170->255 66->144 99->48 67->96 99->80 133->144 70->80 146->144 0->0 0->0 0->0 0->0 0->0 0->0 
0->192 0->0 0->0 0->0 0->0 0->0 0->192 0->0 0->0 0->0 0->0 0->0 93->255 92->0 82->208 75->0 92->192 90->0 148->255 81->144 130->255 76->144 133->255 82->144 156->48 136->96 148->80 136->144 159->80 153->144 0->0 0->0 0->0 0->0 0->0 0->0 
0->192 0->0 0->0 0->0 0->0 0->0 0->192 0->0 0->0 0->0 0->0 0->0 144->255 72->0 160->208 78->0 161->192 65->0 84->255 81->144 77->255 78->144 70->255 79->144 72->48 113->96 70->80 118->144 70->80 105->144 0->0 0->0 0->0 0->0 0->0 0->0 
0->192 0->0 0->0 0->0 0->0 0->0 0->192 0->0 0->0 0->0 0->0 0->0 160->255 147->0 70->208 154->0 96->192 146->0 156->255 141->144 77->255 160->144 84->255 160->144 152->48 138->96 69->80 154->144 72->80 151->144 0->0 0->0 0->0 0->0 0->0 0->0 
0->192 0->0 0->0 0->0 0->0 0->0 0->192 0->0 0->0 0->0 0->0 0->0 147->255 134->0 91->208 156->0 75->192 140->0 139->255 161->144 86->255 161->144 130->255 151->144 141->48 153->96 86->80 143->144 149->80 146->144 0->0 0->0 0->0 0->0 0->0 0->0 
0->192 0->0 0->0 0->0 0->0 0->0 0->192 0->0 0->0 0->0 0->0 0->0 0->255 0->0 0->208 0->0 0->192 0->0 78->255 67->144 74->255 68->144 71->255 66->144 71->48 109->96 71->80 98->144 82->80 100->144 157->0 131->0 147->0 130->0 145->0 67->0 
0->192 0->0 0->0 0->0 0->0 0->0 0->192 0->0 0->0 0->0 0->0 0->0 0->255 0->0 0->208 0->0 0->192 0->0 140->255 167->144 99->255 130->144 130->255 129->144 88->48 135->96 80->80 67->144 159->80 150->144 131->0 90->0 158->0 78->0 175->0 138->0 
0->192 0->0 0->0 0->0 0->0 0->0 0->192 0->0 0->0 0->0 0->0 0->0 0->255 0->0 0->208 0->0 0->192 0->0 80->255 141->144 151->255 145->144 155->255 74->144 86->48 70->96 96->80 149->144 151->80 144->144 150->0 77->0 89->0 65->0 71->0 150->0 
0->192 0->0 0->0 0->0 0->0 0->0 0->192 0->0 0->0 0->0 0->0 0->0 0->255 0->0 0->208 0->0 0->192 0->0 160->255 99->144 70->255 109->144 81->255 117->144 164->48 138->96 172->80 66->144 170->80 66->144 99->0 67->0 99->0 133->0 70->0 146->0 
0->192 0->0 0->0 0->0 0->0 0->0 0->192 0->0 0->0 0->0 0->0 0->0 0->255 0->0 0->208 0->0 0->192 0->0 93->255 92->144 82->255 75->144 92->255 90->144 148->48 81->96 130->80 76->144 133->80 82->144 156->0 136->0 148->0 136->0 159->0 153->0 
0->192 0->0 0->0 0->0 0->0 0->0 0->192 0->0 0->0 0->0 0->0 0->0 0->255 0->0 0->208 0->0 0->192 0->0 144->255 72->144 160->255 78->144 161->255 65->144 84->48 81->96 77->80 78->144 70->80 79->144 72->0 113->0 70->0 118->0 70->0 105->0 
0->192 0->0 0->0 0->0 0->0 0->0 0->192 0->0 0->0 0->0 0->0 0->0 0->255 0->0 0->208 0->0 0->192 0->0 160->255 147->144 70->255 154->144 96->255 146->144 156->48 141->96 77->80 160->144 84->80 160->144 152->0 138->0 69->0 154->0 72->0 151->0 
0->192 0->0 0->0 0->0 0->0 0->0 0->192 0->0 0->0 0->0 0->0 0->0 0->255 0->0 0->208 0->0 0->192 0->0 147->255 134->144 91->255 156->144 75->255 140->144 139->48 161->96 86->80 161->144 130->80 151->144 141->0 153->0 86->0 143->0 149->0 146->0 

78->0 67->0 74->0 68->0 71->0 66->0 71->0 109->0 71->16 98->0 82->48 100->0 157->224 131->0 147->240 130->0 145->255 67->0 0->255 0->80 0->255 0->128 0->208 0->144 0->255 0->64 0->48 0->48 0->0 0->0 0->144 0->32 0->0 0->0 0->0 0->0 
140->0 167->0 99->0 130->0 130->0 129->0 88->0 135->0 80->16 67->0 159->48 150->0 131->224 90->0 158->240 78->0 175->255 138->0 0->255 0->80 0->255 0->128 0->208 0->144 0->255 0->64 0->48 0->48 0->0 0->0 0->144 0->32 0->0 0->0 0->0 0->0 
80->0 141->0 151->0 145->0 155->0 74->0 86->0 70->0 96->16 149->0 151->48 144->0 150->224 77->0 89->240 65->0 71->255 150->0 0->255 0->80 0->255 0->128 0->208 0->144 0->255 0->64 0->48 0->48 0->0 0->0 0->144 0->32 0->0 0->0 0->0 0->0 
160->0 99->0 70->0 109->0 81->0 117->0 164->0 138->0 172->16 66->0 170->48 66->0 99->224 67->0 99->240 133->0 70->255 146->0 0->255 0->80 0->255 0->128 0->208 0->144 0->255 0->64 0->48 0->48 0->0 0->0 0->144 0->32 0->0 0->0 0->0 0->0 
93->0 92->0 82->0 75->0 92->0 90->0 148->0 81->0 130->16 76->0 133->48 82->0 156->224 136->0 148->240 136->0 159->255 153->0 0->255 0->80 0->255 0->128 0->208 0->144 0->255 0->64 0->48 0->48 0->0 0->0 0->144 0->32 0->0 0->0 0->0 0->0 
144->0 72->0 160->0 78->0 161->0 65->0 84->0 81->0 77->16 78->0 70->48 79->0 72->224 113->0 70->240 118->0 70->255 105->0 0->255 0->80 0->255 0->128 0->208 0->144 0->255 0->64 0->48 0->48 0->0 0->0 0->144 0->32 0->0 0->0 0->0 0->0 
160->0 147->0 70->0 154->0 96->0 146->0 156->0 141->0 77->16 160->0 84->48 160->0 152->224 138->0 69->240 154->0 72->255 151->0 0->255 0->80 0->255 0->128 0->208 0->144 0->255 0->64 0->48 0->48 0->0 0->0 0->144 0->32 0->0 0->0 0->0 0->0 
147->0 134->0 91->0 156->0 75->0 140->0 139->0 161->0 86->16 161->0 130->48 151->0 141->224 153->0 86->240 143->0 149->255 146->0 0->255 0->80 0->255 0->128 0->208 0->144 0->255 0->64 0->48 0->48 0->0 0->0 0->144 0->32 0->0 0->0 0->0 0->0 
0->0 0->0 0->0 0->0 0->0 0->0 78->0 67->0 74->16 68->0 71->48 66->0 71->224 109->0 71->240 98->0 82->255 100->0 157->255 131->80 147->255 130->128 145->208 67->144 0->255 0->64 0->48 0->48 0->0 0->0 0->144 0->32 0->0 0->0 0->0 0->0 
0->0 0->0 0->0 0->0 0->0 0->0 140->0 167->0 99->16 130->0 130->48 129->0 88->224 135->0 80->240 67->0 159->255 150->0 131->255 90->80 158->255 78->128 175->208 138->144 0->255 0->64 0->48 0->48 0->0 0->0 0->144 0->32 0->0 0->0 0->0 0->0 
0->0 0->0 0->0 0->0 0->0 0->0 80->0 141->0 151->16 145->0 155->48 74->0 86->224 70->0 96->240 149->0 151->255 144->0 150->255 77->80 89->255 65->128 71->208 150->144 0->255 0->64 0->48 0->48 0->0 0->0 0->144 0->32 0->0 0->0 0->0 0->0 
0->0 0->0 0->0 0->0 0->0 0->0 160->0 99->0 70->16 109->0 81->48 117->0 164->224 138->0 172->240 66->0 170->255 66->0 99->255 67->80 99->255 133->128 70->208 146->144 0->255 0->64 0->48 0->48 0->0 0->0 0->144 0->32 0->0 0->0 0->0 0->0 
0->0 0->0 0->0 0->0 0->0 0->0 93->0 92->0 82->16 75->0 92->48 90->0 148->224 81->0 130->240 76->0 133->255 82->0 156->255 136->80 148->255 136->128 159->208 153->144 0->255 0->64 0->48 0->48 0->0 0->0 0->144 0->32 0->0 0->0 0->0 0->0 
0->0 0->0 0->0 0->0 0->0 0->0 144->0 72->0 160->16 78->0 161->48 65->0 84->224 81->0 77->240 78->0 70->255 79->0 72->255 113->80 70->255 118->128 70->208 105->144 0->255 0->64 0->48 0->48 0->0 0->0 0->144 0->32 0->0 0->0 0->0 0->0 
0->0 0->0 0->0 0->0 0->0 0->0 160->0 147->0 70->16 154->0 96->48 146->0 156->224 141->0 77->240 160->0 84->255 160->0 152->255 138->80 69->255 154->128 72->208 151->144 0->255 0->64 0->48 0->48 0->0 0->0 0->144 0->32 0->0 0->0 0->0 0->0 
0->0 0->0 0->0 0->0 0->0 0->0 147->0 134->0 91->16 156->0 75->48 140->0 139->224 161->0 86->240 161->0 130->255 151->0 141->255 153->80 86->255 143->128 149->208 146->144 0->255 0->64 0->48 0->48 0->0 0->0 0->144 0->32 0->0 0->0 0->0 0->0 
0->0 0->0 0->0 0->0 0->0 0->0 0->0 0->0 0->16 0->0 0->48 0->0 78->224 67->0 74->240 68->0 71->255 66->0 71->255 109->80 71->255 98->128 82->208 100->144 157->255 131->64 147->48 130->48 145->0 67->0 0->144 0->32 0->0 0->0 0->0 0->0 
0->0 0->0 0->0 0->0 0->0 0->0 0->0 0->0 0->16 0->0 0->48 0->0 140->224 167->0 99->240 130->0 130->255 129->0 88->255 135->80 80->255 67->128 159->208 150->144 131->255 90->64 158->48 78->48 175->0 138->0 0->144 0->32 0->0 0->0 0->0 0->0 
0->0 0->0 0->0 0->0 0->0 0->0 0->0 0->0 0->16 0->0 0->48 0->0 80->224 141->0 151->240 145->0 155->255 74->0 86->255 70->80 96->255 149->128 151->208 144->144 150->255 77->64 89->48 65->48 71->0 150->0 0->144 0->32 0->0 0->0 0->0 0->0 
0->0 0->0 0->0 0->0 0->0 0->0 0->0 0->0 0->16 0->0 0->48 0->0 160->224 99->0 70->240 109->0 81->255 117->0 164->255 138->80 172->255 66->128 170->208 66->144 99->255 67->64 99->48 133->48 70->0 146->0 0->144 0->32 0->0 0->0 0->0 0->0 
0->0 0->0 0->0 0->0 0->0 0->0 0->0 0->0 0->16 0->0 0->48 0->0 93->224 92->0 82->240 75->0 92->255 90->0 148->255 81->80 130->255 76->128 133->208 82->144 156->255 136->64 148->48 136->48 159->0 153->0 0->144 0->32 0->0 0->0 0->0 0->0 
0->0 0->0 0->0 0->0 0->0 0->0 0->0 0->0 0->16 0->0 0->48 0->0 144->224 72->0 160->240 78->0 161->255 65->0 84->255 81->80 77->255 78->128 70->208 79->144 72->255 113->64 70->48 118->48 70->0 105->0 0->144 0->32 0->0 0->0 0->0 0->0 
0->0 0->0 0->0 0->0 0->0 0->0 0->0 0->0 0->16 0->0 0->48 0->0 160->224 147->0 70->240 154->0 96->255 146->0 156->255 141->80 77->255 160->128 84->208 160->144 152->255 138->64 69->48 154->48 72->0 151->0 0->144 0->32 0->0 0->0 0->0 0->0 
0->0 0->0 0->0 0->0 0->0 0->0 0->0 0->0 0->16 0->0 0->48 0->0 147->224 134->0 91->240 156->0 75->255 140->0 139->255 161->80 86->255 161->128 130->208 151->144 141->255 153->64 86->48 143->48 149->0 146->0 0->144 0->32 0->0 0->0 0->0 0->0 
0->0 0->0 0->0 0->0 0->0 0->0 0->0 0->0 0->16 0->0 0->48 0->0 0->224 0->0 0->240 0->0 0->255 0->0 78->255 67->80 74->255 68->128 71->208 66->144 71->255 109->64 71->48 98->48 82->0 100->0 157->144 131->32 147->0 130->0 145->0 67->0 
0->0 0->0 0->0 0->0 0->0 0->0 0->0 0->0 0->16 0->0 0->48 0->0 0->224 0->0 0->240 0->0 0->255 0->0 140->255 167->80 99->255 130->128 130->208 129->144 88->255 135->64 80->48 67->48 159->0 150->0 131->144 90->32 158->0 78->0 175->0 138->0 
0->0 0->0 0->0 0->0 0->0 0->0 0->0 0->0 0->16 0->0 0->48 0->0 0->224 0->0 0->240 0->0 0->255 0->0 80->255 141->80 151->255 145->128 155->208 74->144 86->255 70->64 96->48 149->48 151->0 144->0 150->144 77->32 89->0 65->0 71->0 150->0 
0->0 0->0 0->0 0->0 0->0 0->0 0->0 0->0 0->16 0->0 0->48 0->0 0->224 0->0 0->240 0->0 0->255 0->0 160->255 99->80 70->255 109->128 81->208 117->144 164->255 138->64 172->48 66->48 170->0 66->0 99->144 67->32 99->0 133->0 70->0 146->0 
0->0 0->0 0->0 0->0 0->0 0->0 0->0 0->0 0->16 0->0 0->48 0->0 0->224 0->0 0->240 0->0 0->255 0->0 93->255 92->80 82->255 75->128 92->208 90->144 148->255 81->64 130->48 76->48 133->0 82->0 156->144 136->32 148->0 136->0 159->0 153->0 
0->0 0->0 0->0 0->0 0->0 0->0 0->0 0->0 0->16 0->0 0->48 0->0 0->224 0->0 0->240 0->0 0->255 0->0 144->255 72->80 160->255 78->128 161->208 65->144 84->255 81->64 77->48 78->48 70->0 79->0 72->144 113->32 70->0 118->0 70->0 105->0 
0->0 0->0 0->0 0->0 0->0 0->0 0->0 0->0 0->16 0->0 0->48 0->0 0->224 0->0 0->240 0->0 0->255 0->0 160->255 147->80 70->255 154->128 96->208 146->144 156->255 141->64 77->48 160->48 84->0 160->0 152->144 138->32 69->0 154->0 72->0 151->0 
0->0 0->0 0->0 0->0 0->0 0->0 0->0 0->0 0->16 0->0 0->48 0->0 0->224 0->0 0->240 0->0 0->255 0->0 147->255 134->80 91->255 156->128 75->208 140->144 139->255 161->64 86->48 161->48 130->0 151->0 141->144 153->32 86->0 143->0 149->0 146->0 

78->255 67->64 74->48 68->48 71->0 66->0 71->144 109->32 71->0 98->0 82->0 100->0 157->64 131->32 147->0 130->0 145->0 67->0 0->0 0->0 0->0 0->0 0->0 0->0 0->0 0->0 0->0 0->0 0->0 0->0 0->0 0->0 0->0 0->0 0->16 0->0 
140->255 167->64 99->48 130->48 130->0 129->0 88->144 135->32 80->0 67->0 159->0 150->0 131->64 90->32 158->0 78->0 175->0 138->0 0->0 0->0 0->0 0->0 0->0 0->0 0->0 0->0 0->0 0->0 0->0 0->0 0->0 0->0 0->0 0->0 0->16 0->0 
80->255 141->64 151->48 145->48 155->0 74->0 86->144 70->32 96->0 149->0 151->0 144->0 150->64 77->32 89->0 65->0 71->0 150->0 0->0 0->0 0->0 0->0 0->0 0->0 0->0 0->0 0->0 0->0 0->0 0->0 0->0 0->0 0->0 0->0 0->16 0->0 
160->255 99->64 70->48 109->48 81->0 117->0 164->144 138->32 172->0 66->0 170->0 66->0 99->64 67->32 99->0 133->0 70->0 146->0 0->0 0->0 0->0 0->0 0->0 0->0 0->0 0->0 0->0 0->0 0->0 0->0 0->0 0->0 0->0 0->0 0->16 0->0 
93->255 92->64 82->48 75->48 92->0 90->0 148->144 81->32 130->0 76->0 133->0 82->0 156->64 136->32 148->0 136->0 159->0 153->0 0->0 0->0 0->0 0->0 0->0 0->0 0->0 0->0 0->0 0->0 0->0 0->0 0->0 0->0 0->0 0->0 0->16 0->0 
144->255 72->64 160->48 78->48 161->0 65->0 84->144 81->32 77->0 78->0 70->0 79->0 72->64 113->32 70->0 118->0 70->0 105->0 0->0 0->0 0->0 0->0 0->0 0->0 0->0 0->0 0->0 0->0 0->0 0->0 0->0 0->0 0->0 0->0 0->16 0->0 
160->255 147->64 70->48 154->48 96->0 146->0 156->144 141->32 77->0 160->0 84->0 160->0 152->64 138->32 69->0 154->0 72->0 151->0 0->0 0->0 0->0 0->0 0->0 0->0 0->0 0->0 0->0 0->0 0->0 0->0 0->0 0->0 0->0 0->0 0->16 0->0 
147->255 134->64 91->48 156->48 75->0 140->0 139->144 161->32 86->0 161->0 130->0 151->0 141->64 153->32 86->0 143->0 149->0 146->0 0->0 0->0 0->0 0->0 0->0 0->0 0->0 0->0 0->0 0->0 0->0 0->0 0->0 0->0 0->0 0->0 0->16 0->0 
0->255 0->64 0->48 0->48 0->0 0->0 78->144 67->32 74->0 68->0 71->0 66->0 71->64 109->32 71->0 98->0 82->0 100->0 157->0 131->0 147->0 130->0 145->0 67->0 0->0 0->0 0->0 0->0 0->0 0->0 0->0 0->0 0->0 0->0 0->16 0->0 
0->255 0->64 0->48 0->48 0->0 0->0 140->144 167->32 99->0 130->0 130->0 129->0 88->64 135->32 80->0 67->0 159->0 150->0 131->0 90->0 158->0 78->0 175->0 138->0 0->0 0->0 0->0 0->0 0->0 0->0 0->0 0->0 0->0 0->0 0->16 0->0 
0->255 0->64 0->48 0->48 0->0 0->0 80->144 141->32 151->0 145->0 155->0 74->0 86->64 70->32 96->0 149->0 151->0 144->0 150->0 77->0 89->0 65->0 71->0 150->0 0->0 0->0 0->0 0->0 0->0 0->0 0->0 0->0 0->0 0->0 0->16 0->0 
0->255 0->64 0->48 0->48 0->0 0->0 160->144 99->32 70->0 109->0 81->0 117->0 164->64 138->32 172->0 66->0 170->0 66->0 99->0 67->0 99->0 133->0 70->0 146->0 0->0 0->0 0->0 0->0 0->0 0->0 0->0 0->0 0->0 0->0 0->16 0->0 
0->255 0->64 0->48 0->48 0->0 0->0 93->144 92->32 82->0 75->0 92->0 90->0 148->64 81->32 130->0 76->0 133->0 82->0 156->0 136->0 148->0 136->0 159->0 153->0 0->0 0->0 0->0 0->0 0->0 0->0 0->0 0->0 0->0 0->0 0->16 0->0 
0->255 0->64 0->48 0->48 0->0 0->0 144->144 72->32 160->0 78->0 161->0 65->0 84->64 81->32 77->0 78->0 70->0 79->0 72->0 113->0 70->0 118->0 70->0 105->0 0->0 0->0 0->0 0->0 0->0 0->0 0->0 0->0 0->0 0->0 0->16 0->0 
0->255 0->64 0->48 0->48 0->0 0->0 160->144 147->32 70->0 154->0 96->0 146->0 156->64 141->32 77->0 160->0 84->0 160->0 152->0 138->0 69->0 154->0 72->0 151->0 0->0 0->0 0->0 0->0 0->0 0->0 0->0 0->0 0->0 0->0 0->16 0->0 
0->255 0->64 0->48 0->48 0->0 0->0 147->144 134->32 91->0 156->0 75->0 140->0 139->64 161->32 86->0 161->0 130->0 151->0 141->0 153->0 86->0 143->0 149->0 146->0 0->0 0->0 0->0 0->0 0->0 0->0 0->0 0->0 0->0 0->0 0->16 0->0 
0->255 0->64 0->48 0->48 0->0 0->0 0->144 0->32 0->0 0->0 0->0 0->0 78->64 67->32 74->0 68->0 71->0 66->0 71->0 109->0 71->0 98->0 82->0 100->0 157->0 131->0 147->0 130->0 145->0 67->0 0->0 0->0 0->0 0->0 0->16 0->0 
0->255 0->64 0->48 0->48 0->0 0->0 0->144 0->32 0->0 0->0 0->0 0->0 140->64 167->32 99->0 130->0 130->0 129->0 88->0 135->0 80->0 67->0 159->0 150->0 131->0 90->0 158->0 78->0 175->0 138->0 0->0 0->0 0->0 0->0 0->16 0->0 
0->255 0->64 0->48 0->48 0->0 0->0 0->144 0->32 0->0 0->0 0->0 0->0 80->64 141->32 151->0 145->0 155->0 74->0 86->0 70->0 96->0 149->0 151->0 144->0 150->0 77->0 89->0 65->0 71->0 150->0 0->0 0->0 0->0 0->0 0->16 0->0 
0->255 0->64 0->48 0->48 0->0 0->0 0->144 0->32 0->0 0->0 0->0 0->0 160->64 99->32 70->0 109->0 81->0 117->0 164->0 138->0 172->0 66->0 170->0 66->0 99->0 67->0 99->0 133->0 70->0 146->0 0->0 0->0 0->0 0->0 0->16 0->0 
0->255 0->64 0->48 0->48 0->0 0->0 0->144 0->32 0->0 0->0 0->0 0->0 93->64 92->32 82->0 75->0 92->0 90->0 148->0 81->0 130->0 76->0 133->0 82->0 156->0 136->0 148->0 136->0 159->0 153->0 0->0 0->0 0->0 0->0 0->16 0->0 
0->255 0->64 0->48 0->48 0->0 0->0 0->144 0->32 0->0 0->0 0->0 0->0 144->64 72->32 160->0 78->0 161->0 65->0 84->0 81->0 77->0 78->0 70->0 79->0 72->0 113->0 70->0 118->0 70->0 105->0 0->0 0->0 0->0 0->0 0->16 0->0 
0->255 0->64 0->48 0->48 0->0 0->0 0->144 0->32 0->0 0->0 0->0 0->0 160->64 147->32 70->0 154->0 96->0 146->0 156->0 141->0 77->0 160->0 84->0 160->0 152->0 138->0 69->0 154->0 72->0 151->0 0->0 0->0 0->0 0->0 0->16 0->0 
0->255 0->64 0->48 0->48 0->0 0->0 0->144 0->32 0->0 0->0 0->0 0->0 147->64 134->32 91->0 156->0 75->0 140->0 139->0 161->0 86->0 161->0 130->0 151->0 141->0 153->0 86->0 143->0 149->0 146->0 0->0 0->0 0->0 0->0 0->16 0->0 
0->255 0->64 0->48 0->48 0->0 0->0 0->144 0->32 0->0 0->0 0->0 0->0 0->64 0->32 0->0 0->0 0->0 0->0 78->0 67->0 74->0 68->0 71->0 66->0 71->0 109->0 71->0 98->0 82->0 100->0 157->0 131->0 147->0 130->0 145->16 67->0 
0->255 0->64 0->48 0->48 0->0 0->0 0->144 0->32 0->0 0->0 0->0 0->0 0->64 0->32 0->0 0->0 0->0 0->0 140->0 167->0 99->0 130->0 130->0 129->0 88->0 135->0 80->0 67->0 159->0 150->0 131->0 90->0 158->0 78->0 175->16 138->0 
0->255 0->64 0->48 0->48 0->0 0->0 0->144 0->32 0->0 0->0 0->0 0->0 0->64 0->32 0->0 0->0 0->0 0->0 80->0 141->0 151->0 145->0 155->0 74->0 86->0 70->0 96->0 149->0 151->0 144->0 150->0 77->0 89->0 65->0 71->16 150->0 
0->255 0->64 0->48 0->48 0->0 0->0 0->144 0->32 0->0 0->0 0->0 0->0 0->64 0->32 0->0 0->0 0->0 0->0 160->0 99->0 70->0 109->0 81->0 117->0 164->0 138->0 172->0 66->0 170->0 66->0 99->0 67->0 99->0 133->0 70->16 146->0 
0->255 0->64 0->48 0->48 0->0 0->0 0->144 0->32 0->0 0->0 0->0 0->0 0->64 0->32 0->0 0->0 0->0 0->0 93->0 92->0 82->0 75->0 92->0 90->0 148->0 81->0 130->0 76->0 133->0 82->0 156->0 136->0 148->0 136->0 159->16 153->0 
0->255 0->64 0->48 0->48 0->0 0->0 0->144 0->32 0->0 0->0 0->0 0->0 0->64 0->32 0->0 0->0 0->0 0->0 144->0 72->0 160->0 78->0 161->0 65->0 84->0 81->0 77->0 78->0 70->0 79->0 72->0 113->0 70->0 118->0 70->16 105->0 
0->255 0->64 0->48 0->48 0->0 0->0 0->144 0->32 0->0 0->0 0->0 0->0 0->64 0->32 0->0 0->0 0->0 0->0 160->0 147->0 70->0 154->0 96->0 146->0 156->0 141->0 77->0 160->0 84->0 160->0 152->0 138->0 69->0 154->0 72->16 151->0 
0->255 0->64 0->48 0->48 0->0 0->0 0->144 0->32 0->0 0->0 0->0 0->0 0->64 0->32 0->0 0->0 0->0 0->0 147->0 134->0 91->0 156->0 75->0 140->0 139->0 161->0 86->0 161->0 130->0 151->0 141->0 153->0 86->0 143->0 149->16 146->0 

78->0 67->0 74->0 68->0 71->0 66->0 71->0 109->0 71->0 98->0 82->16 100->0 157->208 131->0 147->192 130->0 145->240 67->0 0->255 0->144 0->255 0->144 0->255 0->144 0->80 0->144 0->80 0->144 0->64 0->128 0->0 0->0 0->0 0->0 0->0 0->0 
140->0 167->0 99->0 130->0 130->0 129->0 88->0 135->0 80->0 67->0 159->16 150->0 131->208 90->0 158->192 78->0 175->240 138->0 0->255 0->144 0->255 0->144 0->255 0->144 0->80 0->144 0->80 0->144 0->64 0->128 0->0 0->0 0->0 0->0 0->0 0->0 
80->0 141->0 151->0 145->0 155->0 74->0 86->0 70->0 96->0 149->0 151->16 144->0 150->208 77->0 89->192 65->0 71->240 150->0 0->255 0->144 0->255 0->144 0->255 0->144 0->80 0->144 0->80 0->144 0->64 0->128 0->0 0->0 0->0 0->0 0->0 0->0 
160->0 99->0 70->0 109->0 81->0 117->0 164->0 138->0 172->0 66->0 170->16 66->0 99->208 67->0 99->192 133->0 70->240 146->0 0->255 0->144 0->255 0->144 0->255 0->144 0->80 0->144 0->80 0->144 0->64 0->128 0->0 0->0 0->0 0->0 0->0 0->0 
93->0 92->0 82->0 75->0 92->0 90->0 148->0 81->0 130->0 76->0 133->16 82->0 156->208 136->0 148->192 136->0 159->240 153->0 0->255 0->144 0->255 0->144 0->255 0->144 0->80 0->144 0->80 0->144 0->64 0->128 0->0 0->0 0->0 0->0 0->0 0->0 
144->0 72->0 160->0 78->0 161->0 65->0 84->0 81->0 77->0 78->0 70->16 79->0 72->208 113->0 70->192 118->0 70->240 105->0 0->255 0->144 0->255 0->144 0->255 0->144 0->80 0->144 0->80 0->144 0->64 0->128 0->0 0->0 0->0 0->0 0->0 0->0 
160->0 147->0 70->0 154->0 96->0 146->0 156->0 141->0 77->0 160->0 84->16 160->0 152->208 138->0 69->192 154->0 72->240 151->0 0->255 0->144 0->255 0->144 0->255 0->144 0->80 0->144 0->80 0->144 0->64 0->128 0->0 0->0 0->0 0->0 0->0 0->0 
147->0 134->0 91->0 156->0 75->0 140->0 139->0 161->0 86->0 161->0 130->16 151->0 141->208 153->0 86->192 143->0 149->240 146->0 0->255 0->144 0->255 0->144 0->255 0->144 0->80 0->144 0->80 0->144 0->64 0->128 0->0 0->0 0->0 0->0 0->0 0->0 
0->0 0->0 0->0 0->0 0->0 0->0 78->0 67->0 74->0 68->0 71->16 66->0 71->208 109->0 71->192 98->0 82->240 100->0 157->255 131->144 147->255 130->144 145->255 67->144 0->80 0->144 0->80 0->144 0->64 0->128 0->0 0->0 0->0 0->0 0->0 0->0 
0->0 0->0 0->0 0->0 0->0 0->0 140->0 167->0 99->0 130->0 130->16 129->0 88->208 135->0 80->192 67->0 159->240 150->0 131->255 90->144 158->255 78->144 175->255 138->144 0->80 0->144 0->80 0->144 0->64 0->128 0->0 0->0 0->0 0->0 0->0 0->0 
0->0 0->0 0->0 0->0 0->0 0->0 80->0 141->0 151->0 145->0 155->16 74->0 86->208 70->0 96->192 149->0 151->240 144->0 150->255 77->144 89->255 65->144 71->255 150->144 0->80 0->144 0->80 0->144 0->64 0->128 0->0 0->0 0->0 0->0 0->0 0->0 
0->0 0->0 0->0 0->0 0->0 0->0 160->0 99->0 70->0 109->0 81->16 117->0 164->208 138->0 172->192 66->0 170->240 66->0 99->255 67->144 99->255 133->144 70->255 146->144 0->80 0->144 0->80 0->144 0->64 0->128 0->0 0->0 0->0 0->0 0->0 0->0 
0->0 0->0 0->0 0->0 0->0 0->0 93->0 92->0 82->0 75->0 92->16 90->0 148->208 81->0 130->192 76->0 133->240 82->0 156->255 136->144 148->255 136->144 159->255 153->144 0->80 0->144 0->80 0->144 0->64 0->128 0->0 0->0 0->0 0->0 0->0 0->0 
0->0 0->0 0->0 0->0 0->0 0->0 144->0 72->0 160->0 78->0 161->16 65->0 84->208 81->0 77->192 78->0 70->240 79->0 72->255 113->144 70->255 118->144 70->255 105->144 0->80 0->144 0->80 0->144 0->64 0->128 0->0 0->0 0->0 0->0 0->0 0->0 
0->0 0->0 0->0 0->0 0->0 0->0 160->0 147->0 70->0 154->0 96->16 146->0 156->208 141->0 77->192 160->0 84->240 160->0 152->255 138->144 69->255 154->144 72->255 151->144 0->80 0->144 0->80 0->144 0->64 0->128 0->0 0->0 0->0 0->0 0->0 0->0 
0->0 0->0 0->0 0->0 0->0 0->0 147->0 134->0 91->0 156->0 75->16 140->0 139->208 161->0 86->192 161->0 130->240 151->0 141->255 153->144 86->255 143->144 149->255 146->144 0->80 0->144 0->80 0->144 0->64 0->128 0->0 0->0 0->0 0->0 0->0 0->0 
0->0 0->0 0->0 0->0 0->0 0->0 0->0 0->0 0->0 0->0 0->16 0->0 78->208 67->0 74->192 68->0 71->240 66->0 71->255 109->144 71->255 98->144 82->255 100->144 157->80 131->144 147->80 130->144 145->64 67->128 0->0 0->0 0->0 0->0 0->0 0->0 
0->0 0->0 0->0 0->0 0->0 0->0 0->0 0->0 0->0 0->0 0->16 0->0 140->208 167->0 99->192 130->0 130->240 129->0 88->255 135->144 80->255 67->144 159->255 150->144 131->80 90->144 158->80 78->144 175->64 138->128 0->0 0->0 0->0 0->0 0->0 0->0 
0->0 0->0 0->0 0->0 0->0 0->0 0->0 0->0 0->0 0->0 0->16 0->0 80->208 141->0 151->192 145->0 155->240 74->0 86->255 70->144 96->255 149->144 151->255 144->144 150->80 77->144 89->80 65->144 71->64 150->128 0->0 0->0 0->0 0->0 0->0 0->0 
0->0 0->0 0->0 0->0 0->0 0->0 0->0 0->0 0->0 0->0 0->16 0->0 160->208 99->0 70->192 109->0 81->240 117->0 164->255 138->144 172->255 66->144 170->255 66->144 99->80 67->144 99->80 133->144 70->64 146->128 0->0 0->0 0->0 0->0 0->0 0->0 
0->0 0->0 0->0 0->0 0->0 0->0 0->0 0->0 0->0 0->0 0->16 0->0 93->208 92->0 82->192 75->0 92->240 90->0 148->255 81->144 130->255 76->144 133->255 82->144 156->80 136->144 148->80 136->144 159->64 153->128 0->0 0->0 0->0 0->0 0->0 0->0 
0->0 0->0 0->0 0->0 0->0 0->0 0->0 0->0 0->0 0->0 0->16 0->0 144->208 72->0 160->192 78->0 161->240 65->0 84->255 81->144 77->255 78->144 70->255 79->144 72->80 113->144 70->80 118->144 70->64 105->128 0->0 0->0 0->0 0->0 0->0 0->0 
0->0 0->0 0->0 0->0 0->0 0->0 0->0 0->0 0->0 0->0 0->16 0->0 160->208 147->0 70->192 154->0 96->240 146->0 156->255 141->144 77->255 160->144 84->255 160->144 152->80 138->144 69->80 154->144 72->64 151->128 0->0 0->0 0->0 0->0 0->0 0->0 
0->0 0->0 0->0 0->0 0->0 0->0 0->0 0->0 0->0 0->0 0->16 0->0 147->208 134->0 91->192 156->0 75->240 140->0 139->255 161->144 86->255 161->144 130->255 151->144 141->80 153->144 86->80 143->144 149->64 146->128 0->0 0->0 0->0 0->0 0->0 0->0 
0->0 0->0 0->0 0->0 0->0 0->0 0->0 0->0 0->0 0->0 0->16 0->0 0->208 0->0 0->192 0->0 0->240 0->0 78->255 67->144 74->255 68->144 71->255 66->144 71->80 109->144 71->80 98->144 82->64 100->128 157->0 131->0 147->0 130->0 145->0 67->0 
0->0 0->0 0->0 0->0 0->0 0->0 0->0 0->0 0->0 0->0 0->16 0->0 0->208 0->0 0->192 0->0 0->240 0->0 140->255 167->144 99->255 130->144 130->255 129->144 88->80 135->144 80->80 67->144 159->64 150->128 131->0 90->0 158->0 78->0 175->0 138->0 
0->0 0->0 0->0 0->0 0->0 0->0 0->0 0->0 0->0 0->0 0->16 0->0 0->208 0->0 0->192 0->0 0->240 0->0 80->255 141->144 151->255 145->144 155->255 74->144 86->80 70->144 96->80 149->144 151->64 144->128 150->0 77->0 89->0 65->0 71->0 150->0 
0->0 0->0 0->0 0->0 0->0 0->0 0->0 0->0 0->0 0->0 0->16 0->0 0->208 0->0 0->192 0->0 0->240 0->0 160->255 99->144 70->255 109->144 81->255 117->144 164->80 138->144 172->80 66->144 170->64 66->128 99->0 67->0 99->0 133->0 70->0 146->0 
0->0 0->0 0->0 0->0 0->0 0->0 0->0 0->0 0->0 0->0 0->16 0->0 0->208 0->0 0->192 0->0 0->240 0->0 93->255 92->144 82->255 75->144 92->255 90->144 148->80 81->144 130->80 76->144 133->64 82->128 156->0 136->0 148->0 136->0 159->0 153->0 
0->0 0->0 0->0 0->0 0->0 0->0 0->0 0->0 0->0 0->0 0->16 0->0 0->208 0->0 0->192 0->0 0->240 0->0 144->255 72->144 160->255 78->144 161->255 65->144 84->80 81->144 77->80 78->144 70->64 79->128 72->0 113->0 70->0 118->0 70->0 105->0 
0->0 0->0 0->0 0->0 0->0 0->0 0->0 0->0 0->0 0->0 0->16 0->0 0->208 0->0 0->192 0->0 0->240 0->0 160->255 147->144 70->255 154->144 96->255 146->144 156->80 141->144 77->80 160->144 84->64 160->128 152->0 138->0 69->0 154->0 72->0 151->0 
0->0 0->0 0->0 0->0 0->0 0->0 0->0 0->0 0->0 0->0 0->16 0->0 0->208 0->0 0->192 0->0 0->240 0->0 147->255 134->144 91->255 156->144 75->255 140->144 139->80 161->144 86->80 161->144 130->64 151->128 141->0 153->0 86->0 143->0 149->0 146->0 

78->0 67->0 74->0 68->0 71->0 66->0 71->16 109->0 71->48 98->0 82->48 100->0 157->240 131->0 147->255 130->0 145->255 67->0 0->255 0->128 0->208 0->144 0->224 0->144 0->48 0->48 0->0 0->0 0->16 0->16 0->0 0->0 0->0 0->0 0->0 0->0 
140->0 167->0 99->0 130->0 130->0 129->0 88->16 135->0 80->48 67->0 159->48 150->0 131->240 90->0 158->255 78->0 175->255 138->0 0->255 0->128 0->208 0->144 0->224 0->144 0->48 0->48 0->0 0->0 0->16 0->16 0->0 0->0 0->0 0->0 0->0 0->0 
80->0 141->0 151->0 145->0 155->0 74->0 86->16 70->0 96->48 149->0 151->48 144->0 150->240 77->0 89->255 65->0 71->255 150->0 0->255 0->128 0->208 0->144 0->224 0->144 0->48 0->48 0->0 0->0 0->16 0->16 0->0 0->0 0->0 0->0 0->0 0->0 
160->0 99->0 70->0 109->0 81->0 117->0 164->16 138->0 172->48 66->0 170->48 66->0 99->240 67->0 99->255 133->0 70->255 146->0 0->255 0->128 0->208 0->144 0->224 0->144 0->48 0->48 0->0 0->0 0->16 0->16 0->0 0->0 0->0 0->0 0->0 0->0 
93->0 92->0 82->0 75->0 92->0 90->0 148->16 81->0 130->48 76->0 133->48 82->0 156->240 136->0 148->255 136->0 159->255 153->0 0->255 0->128 0->208 0->144 0->224 0->144 0->48 0->48 0->0 0->0 0->16 0->16 0->0 0->0 0->0 0->0 0->0 0->0 
144->0 72->0 160->0 78->0 161->0 65->0 84->16 81->0 77->48 78->0 70->48 79->0 72->240 113->0 70->255 118->0 70->255 105->0 0->255 0->128 0->208 0->144 0->224 0->144 0->48 0->48 0->0 0->0 0->16 0->16 0->0 0->0 0->0 0->0 0->0 0->0 
160->0 147->0 70->0 154->0 96->0 146->0 156->16 141->0 77->48 160->0 84->48 160->0 152->240 138->0 69->255 154->0 72->255 151->0 0->255 0->128 0->208 0->144 0->224 0->144 0->48 0->48 0->0 0->0 0->16 0->16 0->0 0->0 0->0 0->0 0->0 0->0 
147->0 134->0 91->0 156->0 75->0 140->0 139->16 161->0 86->48 161->0 130->48 151->0 141->240 153->0 86->255 143->0 149->255 146->0 0->255 0->128 0->208 0->144 0->224 0->144 0->48 0->48 0->0 0->0 0->16 0->16 0->0 0->0 0->0 0->0 0->0 0->0 
0->0 0->0 0->0 0->0 0->0 0->0 78->16 67->0 74->48 68->0 71->48 66->0 71->240 109->0 71->255 98->0 82->255 100->0 157->255 131->128 147->208 130->144 145->224 67->144 0->48 0->48 0->0 0->0 0->16 0->16 0->0 0->0 0->0 0->0 0->0 0->0 
0->0 0->0 0->0 0->0 0->0 0->0 140->16 167->0 99->48 130->0 130->48 129->0 88->240 135->0 80->255 67->0 159->255 150->0 131->255 90->128 158->208 78->144 175->224 138->144 0->48 0->48 0->0 0->0 0->16 0->16 0->0 0->0 0->0 0->0 0->0 0->0 
0->0 0->0 0->0 0->0 0->0 0->0 80->16 141->0 151->48 145->0 155->48 74->0 86->240 70->0 96->255 149->0 151->255 144->0 150->255 77->128 89->208 65->144 71->224 150->144 0->48 0->48 0->0 0->0 0->16 0->16 0->0 0->0 0->0 0->0 0->0 0->0 
0->0 0->0 0->0 0->0 0->0 0->0 160->16 99->0 70->48 109->0 81->48 117->0 164->240 138->0 172->255 66->0 170->255 66->0 99->255 67->128 99->208 133->144 70->224 146->144 0->48 0->48 0->0 0->0 0->16 0->16 0->0 0->0 0->0 0->0 0->0 0->0 
0->0 0->0 0->0 0->0 0->0 0->0 93->16 92->0 82->48 75->0 92->48 90->0 148->240 81->0 130->255 76->0 133->255 82->0 156->255 136->128 148->208 136->144 159->224 153->144 0->48 0->48 0->0 0->0 0->16 0->16 0->0 0->0 0->0 0->0 0->0 0->0 
0->0 0->0 0->0 0->0 0->0 0->0 144->16 72->0 160->48 78->0 161->48 65->0 84->240 81->0 77->255 78->0 70->255 79->0 72->255 113->128 70->208 118->144 70->224 105->144 0->48 0->48 0->0 0->0 0->16 0->16 0->0 0->0 0->0 0->0 0->0 0->0 
0->0 0->0 0->0 0->0 0->0 0->0 160->16 147->0 70->48 154->0 96->48 146->0 156->240 141->0 77->255 160->0 84->255 160->0 152->255 138->128 69->208 154->144 72->224 151->144 0->48 0->48 0->0 0->0 0->16 0->16 0->0 0->0 0->0 0->0 0->0 0->0 
0->0 0->0 0->0 0->0 0->0 0->0 147->16 134->0 91->48 156->0 75->48 140->0 139->240 161->0 86->255 161->0 130->255 151->0 141->255 153->128 86->208 143->144 149->224 146->144 0->48 0->48 0->0 0->0 0->16 0->16 0->0 0->0 0->0 0->0 0->0 0->0 
0->0 0->0 0->0 0->0 0->0 0->0 0->16 0->0 0->48 0->0 0->48 0->0 78->240 67->0 74->255 68->0 71->255 66->0 71->255 109->128 71->208 98->144 82->224 100->144 157->48 131->48 147->0 130->0 145->16 67->16 0->0 0->0 0->0 0->0 0->0 0->0 
0->0 0->0 0->0 0->0 0->0 0->0 0->16 0->0 0->48 0->0 0->48 0->0 140->240 167->0 99->255 130->0 130->255 129->0 88->255 135->128 80->208 67->144 159->224 150->144 131->48 90->48 158->0 78->0 175->16 138->16 0->0 0->0 0->0 0->0 0->0 0->0 
0->0 0->0 0->0 0->0 0->0 0->0 0->16 0->0 0->48 0->0 0->48 0->0 80->240 141->0 151->255 145->0 155->255 74->0 86->255 70->128 96->208 149->144 151->224 144->144 150->48 77->48 89->0 65->0 71->16 150->16 0->0 0->0 0->0 0->0 0->0 0->0 
0->0 0->0 0->0 0->0 0->0 0->0 0->16 0->0 0->48 0->0 0->48 0->0 160->240 99->0 70->255 109->0 81->255 117->0 164->255 138->128 172->208 66->144 170->224 66->144 99->48 67->48 99->0 133->0 70->16 146->16 0->0 0->0 0->0 0->0 0->0 0->0 
0->0 0->0 0->0 0->0 0->0 0->0 0->16 0->0 0->48 0->0 0->48 0->0 93->240 92->0 82->255 75->0 92->255 90->0 148->255 81->128 130->208 76->144 133->224 82->144 156->48 136->48 148->0 136->0 159->16 153->16 0->0 0->0 0->0 0->0 0->0 0->0 
0->0 0->0 0->0 0->0 0->0 0->0 0->16 0->0 0->48 0->0 0->48 0->0 144->240 72->0 160->255 78->0 161->255 65->0 84->255 81->128 77->208 78->144 70->224 79->144 72->48 113->48 70->0 118->0 70->16 105->16 0->0 0->0 0->0 0->0 0->0 0->0 
0->0 0->0 0->0 0->0 0->0 0->0 0->16 0->0 0->48 0->0 0->48 0->0 160->240 147->0 70->255 154->0 96->255 146->0 156->255 141->128 77->208 160->144 84->224 160->144 152->48 138->48 69->0 154->0 72->16 151->16 0->0 0->0 0->0 0->0 0->0 0->0 
0->0 0->0 0->0 0->0 0->0 0->0 0->16 0->0 0->48 0->0 0->48 0->0 147->240 134->0 91->255 156->0 75->255 140->0 139->255 161->128 86->208 161->144 130->224 151->144 141->48 153->48 86->0 143->0 149->16 146->16 0->0 0->0 0->0 0->0 0->0 0->0 
0->0 0->0 0->0 0->0 0->0 0->0 0->16 0->0 0->48 0->0 0->48 0->0 0->240 0->0 0->255 0->0 0->255 0->0 78->255 67->128 74->208 68->144 71->224 66->144 71->48 109->48 71->0 98->0 82->16 100->16 157->0 131->0 147->0 130->0 145->0 67->0 
0->0 0->0 0->0 0->0 0->0 0->0 0->16 0->0 0->48 0->0 0->48 0->0 0->240 0->0 0->255 0->0 0->255 0->0 140->255 167->128 99->208 130->144 130->224 129->144 88->48 135->48 80->0 67->0 159->16 150->16 131->0 90->0 158->0 78->0 175->0 138->0 
0->0 0->0 0->0 0->0 0->0 0->0 0->16 0->0 0->48 0->0 0->48 0->0 0->240 0->0 0->255 0->0 0->255 0->0 80->255 141->128 151->208 145->144 155->224 74->144 86->48 70->48 96->0 149->0 151->16 144->16 150->0 77->0 89->0 65->0 71->0 150->0 
0->0 0->0 0->0 0->0 0->0 0->0 0->16 0->0 0->48 0->0 0->48 0->0 0->240 0->0 0->255 0->0 0->255 0->0 160->255 99->128 70->208 109->144 81->224 117->144 164->48 138->48 172->0 66->0 170->16 66->16 99->0 67->0 99->0 133->0 70->0 146->0 
0->0 0->0 0->0 0->0 0->0 0->0 0->16 0->0 0->48 0->0 0->48 0->0 0->240 0->0 0->255 0->0 0->255 0->0 93->255 92->128 82->208 75->144 92->224 90->144 148->48 81->48 130->0 76->0 133->16 82->16 156->0 136->0 148->0 136->0 159->0 153->0 
0->0 0->0 0->0 0->0 0->0 0->0 0->16 0->0 0->48 0->0 0->48 0->0 0->240 0->0 0->255 0->0 0->255 0->0 144->255 72->128 160->208 78->144 161->224 65->144 84->48 81->48 77->0 78->0 70->16 79->16 72->0 113->0 70->0 118->0 70->0 105->0 
0->0 0->0 0->0 0->0 0->0 0->0 0->16 0->0 0->48 0->0 0->48 0->0 0->240 0->0 0->255 0->0 0->255 0->0 160->255 147->128 70->208 154->144 96->224 146->144 156->48 141->48 77->0 160->0 84->16 160->16 152->0 138->0 69->0 154->0 72->0 151->0 
0->0 0->0 0->0 0->0 0->0 0->0 0->16 0->0 0->48 0->0 0->48 0->0 0->240 0->0 0->255 0->0 0->255 0->0 147->255 134->128 91->208 156->144 75->224 140->144 139->48 161->48 86->0 161->0 130->16 151->16 141->0 153->0 86->0 143->0 149->0 146->0 

78->48 67->48 74->0 68->0 71->16 66->16 71->0 109->0 71->0 98->0 82->0 100->0 157->0 131->0 147->0 130->0 145->0 67->0 0->0 0->0 0->0 0->0 0->0 0->0 0->0 0->0 0->0 0->0 0->0 0->0 0->0 0->0 0->16 0->0 0->112 0->0 
140->48 167->48 99->0 130->0 130->16 129->16 88->0 135->0 80->0 67->0 159->0 150->0 131->0 90->0 158->0 78->0 175->0 138->0 0->0 0->0 0->0 0->0 0->0 0->0 0->0 0->0 0->0 0->0 0->0 0->0 0->0 0->0 0->16 0->0 0->112 0->0 
80->48 141->48 151->0 145->0 155->16 74->16 86->0 70->0 96->0 149->0 151->0 144->0 150->0 77->0 89->0 65->0 71->0 150->0 0->0 0->0 0->0 0->0 0->0 0->0 0->0 0->0 0->0 0->0 0->0 0->0 0->0 0->0 0->16 0->0 0->112 0->0 
160->48 99->48 70->0 109->0 81->16 117->16 164->0 138->0 172->0 66->0 170->0 66->0 99->0 67->0 99->0 133->0 70->0 146->0 0->0 0->0 0->0 0->0 0->0 0->0 0->0 0->0 0->0 0->0 0->0 0->0 0->0 0->0 0->16 0->0 0->112 0->0 
93->48 92->48 82->0 75->0 92->16 90->16 148->0 81->0 130->0 76->0 133->0 82->0 156->0 136->0 148->0 136->0 159->0 153->0 0->0 0->0 0->0 0->0 0->0 0->0 0->0 0->0 0->0 0->0 0->0 0->0 0->0 0->0 0->16 0->0 0->112 0->0 
144->48 72->48 160->0 78->0 161->16 65->16 84->0 81->0 77->0 78->0 70->0 79->0 72->0 113->0 70->0 118->0 70->0 105->0 0->0 0->0 0->0 0->0 0->0 0->0 0->0 0->0 0->0 0->0 0->0 0->0 0->0 0->0 0->16 0->0 0->112 0->0 
160->48 147->48 70->0 154->0 96->16 146->16 156->0 141->0 77->0 160->0 84->0 160->0 152->0 138->0 69->0 154->0 72->0 151->0 0->0 0->0 0->0 0->0 0->0 0->0 0->0 0->0 0->0 0->0 0->0 0->0 0->0 0->0 0->16 0->0 0->112 0->0 
147->48 134->48 91->0 156->0 75->16 140->16 139->0 161->0 86->0 161->0 130->0 151->0 141->0 153->0 86->0 143->0 149->0 146->0 0->0 0->0 0->0 0->0 0->0 0->0 0->0 0->0 0->0 0->0 0->0 0->0 0->0 0->0 0->16 0->0 0->112 0->0 
0->48 0->48 0->0 0->0 0->16 0->16 78->0 67->0 74->0 68->0 71->0 66->0 71->0 109->0 71->0 98->0 82->0 100->0 157->0 131->0 147->0 130->0 145->0 67->0 0->0 0->0 0->0 0->0 0->0 0->0 0->0 0->0 0->16 0->0 0->112 0->0 
0->48 0->48 0->0 0->0 0->16 0->16 140->0 167->0 99->0 130->0 130->0 129->0 88->0 135->0 80->0 67->0 159->0 150->0 131->0 90->0 158->0 78->0 175->0 138->0 0->0 0->0 0->0 0->0 0->0 0->0 0->0 0->0 0->16 0->0 0->112 0->0 
0->48 0->48 0->0 0->0 0->16 0->16 80->0 141->0 151->0 145->0 155->0 74->0 86->0 70->0 96->0 149->0 151->0 144->0 150->0 77->0 89->0 65->0 71->0 150->0 0->0 0->0 0->0 0->0 0->0 0->0 0->0 0->0 0->16 0->0 0->112 0->0 
0->48 0->48 0->0 0->0 0->16 0->16 160->0 99->0 70->0 109->0 81->0 117->0 164->0 138->0 172->0 66->0 170->0 66->0 99->0 67->0 99->0 133->0 70->0 146->0 0->0 0->0 0->0 0->0 0->0 0->0 0->0 0->0 0->16 0->0 0->112 0->0 
0->48 0->48 0->0 0->0 0->16 0->16 93->0 92->0 82->0 75->0 92->0 90->0 148->0 81->0 130->0 76->0 133->0 82->0 156->0 136->0 148->0 136->0 159->0 153->0 0->0 0->0 0->0 0->0 0->0 0->0 0->0 0->0 0->16 0->0 0->112 0->0 
0->48 0->48 0->0 0->0 0->16 0->16 144->0 72->0 160->0 78->0 161->0 65->0 84->0 81->0 77->0 78->0 70->0 79->0 72->0 113->0 70->0 118->0 70->0 105->0 0->0 0->0 0->0 0->0 0->0 0->0 0->0 0->0 0->16 0->0 0->112 0->0 
0->48 0->48 0->0 0->0 0->16 0->16 160->0 147->0 70->0 154->0 96->0 146->0 156->0 141->0 77->0 160->0 84->0 160->0 152->0 138->0 69->0 154->0 72->0 151->0 0->0 0->0 0->0 0->0 0->0 0->0 0->0 0->0 0->16 0->0 0->112 0->0 
0->48 0->48 0->0 0->0 0->16 0->16 147->0 134->0 91->0 156->0 75->0 140->0 139->0 161->0 86->0 161->0 130->0 151->0 141->0 153->0 86->0 143->0 149->0 146->0 0->0 0->0 0->0 0->0 0->0 0->0 0->0 0->0 0->16 0->0 0->112 0->0 
0->48 0->48 0->0 0->0 0->16 0->16 0->0 0->0 0->0 0->0 0->0 0->0 78->0 67->0 74->0 68->0 71->0 66->0 71->0 109->0 71->0 98->0 82->0 100->0 157->0 131->0 147->0 130->0 145->0 67->0 0->0 0->0 0->16 0->0 0->112 0->0 
0->48 0->48 0->0 0->0 0->16 0->16 0->0 0->0 0->0 0->0 0->0 0->0 140->0 167->0 99->0 130->0 130->0 129->0 88->0 135->0 80->0 67->0 159->0 150->0 131->0 90->0 158->0 78->0 175->0 138->0 0->0 0->0 0->16 0->0 0->112 0->0 
0->48 0->48 0->0 0->0 0->16 0->16 0->0 0->0 0->0 0->0 0->0 0->0 80->0 141->0 151->0 145->0 155->0 74->0 86->0 70->0 96->0 149->0 151->0 144->0 150->0 77->0 89->0 65->0 71->0 150->0 0->0 0->0 0->16 0->0 0->112 0->0 
0->48 0->48 0->0 0->0 0->16 0->16 0->0 0->0 0->0 0->0 0->0 0->0 160->0 99->0 70->0 109->0 81->0 117->0 164->0 138->0 172->0 66->0 170->0 66->0 99->0 67->0 99->0 133->0 70->0 146->0 0->0 0->0 0->16 0->0 0->112 0->0 
0->48 0->48 0->0 0->0 0->16 0->16 0->0 0->0 0->0 0->0 0->0 0->0 93->0 92->0 82->0 75->0 92->0 90->0 148->0 81->0 130->0 76->0 133->0 82->0 156->0 136->0 148->0 136->0 159->0 153->0 0->0 0->0 0->16 0->0 0->112 0->0 
0->48 0->48 0->0 0->0 0->16 0->16 0->0 0->0 0->0 0->0 0->0 0->0 144->0 72->0 160->0 78->0 161->0 65->0 84->0 81->0 77->0 78->0 70->0 79->0 72->0 113->0 70->0 118->0 70->0 105->0 0->0 0->0 0->16 0->0 0->112 0->0 
0->48 0->48 0->0 0->0 0->16 0->16 0->0 0->0 0->0 0->0 0->0 0->0 160->0 147->0 70->0 154->0 96->0 146->0 156->0 141->0 77->0 160->0 84->0 160->0 152->0 138->0 69->0 154->0 72->0 151->0 0->0 0->0 0->16 0->0 0->112 0->0 
0->48 0->48 0->0 0->0 0->16 0->16 0->0 0->0 0->0 0->0 0->0 0->0 147->0 134->0 91->0 156->0 75->0 140->0 139->0 161->0 86->0 161->0 130->0 151->0 141->0 153->0 86->0 143->0 149->0 146->0 0->0 0->0 0->16 0->0 0->112 0->0 
0->48 0->48 0->0 0->0 0->16 0->16 0->0 0->0 0->0 0->0 0->0 0->0 0->0 0->0 0->0 0->0 0->0 0->0 78->0 67->0 74->0 68->0 71->0 66->0 71->0 109->0 71->0 98->0 82->0 100->0 157->0 131->0 147->16 130->0 145->112 67->0 
0->48 0->48 0->0 0->0 0->16 0->16 0->0 0->0 0->0 0->0 0->0 0->0 0->0 0->0 0->0 0->0 0->0 0->0 140->0 167->0 99->0 130->0 130->0 129->0 88->0 135->0 80->0 67->0 159->0 150->0 131->0 90->0 158->16 78->0 175->112 138->0 
0->48 0->48 0->0 0->0 0->16 0->16 0->0 0->0 0->0 0->0 0->0 0->0 0->0 0->0 0->0 0->0 0->0 0->0 80->0 141->0 151->0 145->0 155->0 74->0 86->0 70->0 96->0 149->0 151->0 144->0 150->0 77->0 89->16 65->0 71->112 150->0 
0->48 0->48 0->0 0->0 0->16 0->16 0->0 0->0 0->0 0->0 0->0 0->0 0->0 0->0 0->0 0->0 0->0 0->0 160->0 99->0 70->0 109->0 81->0 117->0 164->0 138->0 172->0 66->0 170->0 66->0 99->0 67->0 99->16 133->0 70->112 146->0 
0->48 0->48 0->0 0->0 0->16 0->16 0->0 0->0 0->0 0->0 0->0 0->0 0->0 0->0 0->0 0->0 0->0 0->0 93->0 92->0 82->0 75->0 92->0 90->0 148->0 81->0 130->0 76->0 133->0 82->0 156->0 136->0 148->16 136->0 159->112 153->0 
0->48 0->48 0->0 0->0 0->16 0->16 0->0 0->0 0->0 0->0 0->0 0->0 0->0 0->0 0->0 0->0 0->0 0->0 144->0 72->0 160->0 78->0 161->0 65->0 84->0 81->0 77->0 78->0 70->0 79->0 72->0 113->0 70->16 118->0 70->112 105->0 
0->48 0->48 0->0 0->0 0->16 0->16 0->0 0->0 0->0 0->0 0->0 0->0 0->0 0->0 0->0 0->0 0->0 0->0 160->0 147->0 70->0 154->0 96->0 146->0 156->0 141->0 77->0 160->0 84->0 160->0 152->0 138->0 69->16 154->0 72->112 151->0 
0->48 0->48 0->0 0->0 0->16 0->16 0->0 0->0 0->0 0->0 0->0 0->0 0->0 0->0 0->0 0->0 0->0 0->0 147->0 134->0 91->0 156->0 75->0 140->0 139->0 161->0 86->0 161->0 130->0 151->0 141->0 153->0 86->16 143->0 149->112 146->0 

78->0 67->0 74->0 68->0 71->0 66->0 71->0 109->0 71->16 98->0 82->112 100->0 157->192 131->0 147->240 130->0 145->255 67->16 0->255 0->144 0->255 0->144 0->255 0->128 0->80 0->144 0->64 0->128 0->32 0->48 0->0 0->0 0->0 0->0 0->0 0->0 
140->0 167->0 99->0 130->0 130->0 129->0 88->0 135->0 80->16 67->0 159->112 150->0 131->192 90->0 158->240 78->0 175->255 138->16 0->255 0->144 0->255 0->144 0->255 0->128 0->80 0->144 0->64 0->128 0->32 0->48 0->0 0->0 0->0 0->0 0->0 0->0 
80->0 141->0 151->0 145->0 155->0 74->0 86->0 70->0 96->16 149->0 151->112 144->0 150->192 77->0 89->240 65->0 71->255 150->16 0->255 0->144 0->255 0->144 0->255 0->128 0->80 0->144 0->64 0->128 0->32 0->48 0->0 0->0 0->0 0->0 0->0 0->0 
160->0 99->0 70->0 109->0 81->0 117->0 164->0 138->0 172->16 66->0 170->112 66->0 99->192 67->0 99->240 133->0 70->255 146->16 0->255 0->144 0->255 0->144 0->255 0->128 0->80 0->144 0->64 0->128 0->32 0->48 0->0 0->0 0->0 0->0 0->0 0->0 
93->0 92->0 82->0 75->0 92->0 90->0 148->0 81->0 130->16 76->0 133->112 82->0 156->192 136->0 148->240 136->0 159->255 153->16 0->255 0->144 0->255 0->144 0->255 0->128 0->80 0->144 0->64 0->128 0->32 0->48 0->0 0->0 0->0 0->0 0->0 0->0 
144->0 72->0 160->0 78->0 161->0 65->0 84->0 81->0 77->16 78->0 70->112 79->0 72->192 113->0 70->240 118->0 70->255 105->16 0->255 0->144 0->255 0->144 0->255 0->128 0->80 0->144 0->64 0->128 0->32 0->48 0->0 0->0 0->0 0->0 0->0 0->0 
160->0 147->0 70->0 154->0 96->0 146->0 156->0 141->0 77->16 160->0 84->112 160->0 152->192 138->0 69->240 154->0 72->255 151->16 0->255 0->144 0->255 0->144 0->255 0->128 0->80 0->144 0->64 0->128 0->32 0->48 0->0 0->0 0->0 0->0 0->0 0->0 
147->0 134->0 91->0 156->0 75->0 140->0 139->0 161->0 86->16 161->0 130->112 151->0 141->192 153->0 86->240 143->0 149->255 146->16 0->255 0->144 0->255 0->144 0->255 0->128 0->80 0->144 0->64 0->128 0->32 0->48 0->0 0->0 0->0 0->0 0->0 0->0 
0->0 0->0 0->0 0->0 0->0 0->0 78->0 67->0 74->16 68->0 71->112 66->0 71->192 109->0 71->240 98->0 82->255 100->16 157->255 131->144 147->255 130->144 145->255 67->128 0->80 0->144 0->64 0->128 0->32 0->48 0->0 0->0 0->0 0->0 0->0 0->0 
0->0 0->0 0->0 0->0 0->0 0->0 140->0 167->0 99->16 130->0 130->112 129->0 88->192 135->0 80->240 67->0 159->255 150->16 131->255 90->144 158->255 78->144 175->255 138->128 0->80 0->144 0->64 0->128 0->32 0->48 0->0 0->0 0->0 0->0 0->0 0->0 
0->0 0->0 0->0 0->0 0->0 0->0 80->0 141->0 151->16 145->0 155->112 74->0 86->192 70->0 96->240 149->0 151->255 144->16 150->255 77->144 89->255 65->144 71->255 150->128 0->80 0->144 0->64 0->128 0->32 0->48 0->0 0->0 0->0 0->0 0->0 0->0 
0->0 0->0 0->0 0->0 0->0 0->0 160->0 99->0 70->16 109->0 81->112 117->0 164->192 138->0 172->240 66->0 170->255 66->16 99->255 67->144 99->255 133->144 70->255 146->128 0->80 0->144 0->64 0->128 0->32 0->48 0->0 0->0 0->0 0->0 0->0 0->0 
0->0 0->0 0->0 0->0 0->0 0->0 93->0 92->0 82->16 75->0 92->112 90->0 148->192 81->0 130->240 76->0 133->255 82->16 156->255 136->144 148->255 136->144 159->255 153->128 0->80 0->144 0->64 0->128 0->32 0->48 0->0 0->0 0->0 0->0 0->0 0->0 
0->0 0->0 0->0 0->0 0->0 0->0 144->0 72->0 160->16 78->0 161->112 65->0 84->192 81->0 77->240 78->0 70->255 79->16 72->255 113->144 70->255 118->144 70->255 105->128 0->80 0->144 0->64 0->128 0->32 0->48 0->0 0->0 0->0 0->0 0->0 0->0 
0->0 0->0 0->0 0->0 0->0 0->0 160->0 147->0 70->16 154->0 96->112 146->0 156->192 141->0 77->240 160->0 84->255 160->16 152->255 138->144 69->255 154->144 72->255 151->128 0->80 0->144 0->64 0->128 0->32 0->48 0->0 0->0 0->0 0->0 0->0 0->0 
0->0 0->0 0->0 0->0 0->0 0->0 147->0 134->0 91->16 156->0 75->112 140->0 139->192 161->0 86->240 161->0 130->255 151->16 141->255 153->144 86->255 143->144 149->255 146->128 0->80 0->144 0->64 0->128 0->32 0->48 0->0 0->0 0->0 0->0 0->0 0->0 
0->0 0->0 0->0 0->0 0->0 0->0 0->0 0->0 0->16 0->0 0->112 0->0 78->192 67->0 74->240 68->0 71->255 66->16 71->255 109->144 71->255 98->144 82->255 100->128 157->80 131->144 147->64 130->128 145->32 67->48 0->0 0->0 0->0 0->0 0->0 0->0 
0->0 0->0 0->0 0->0 0->0 0->0 0->0 0->0 0->16 0->0 0->112 0->0 140->192 167->0 99->240 130->0 130->255 129->16 88->255 135->144 80->255 67->144 159->255 150->128 131->80 90->144 158->64 78->128 175->32 138->48 0->0 0->0 0->0 0->0 0->0 0->0 
0->0 0->0 0->0 0->0 0->0 0->0 0->0 0->0 0->16 0->0 0->112 0->0 80->192 141->0 151->240 145->0 155->255 74->16 86->255 70->144 96->255 149->144 151->255 144->128 150->80 77->144 89->64 65->128 71->32 150->48 0->0 0->0 0->0 0->0 0->0 0->0 
0->0 0->0 0->0 0->0 0->0 0->0 0->0 0->0 0->16 0->0 0->112 0->0 160->192 99->0 70->240 109->0 81->255 117->16 164->255 138->144 172->255 66->144 170->255 66->128 99->80 67->144 99->64 133->128 70->32 146->48 0->0 0->0 0->0 0->0 0->0 0->0 
0->0 0->0 0->0 0->0 0->0 0->0 0->0 0->0 0->16 0->0 0->112 0->0 93->192 92->0 82->240 75->0 92->255 90->16 148->255 81->144 130->255 76->144 133->255 82->128 156->80 136->144 148->64 136->128 159->32 153->48 0->0 0->0 0->0 0->0 0->0 0->0 
0->0 0->0 0->0 0->0 0->0 0->0 0->0 0->0 0->16 0->0 0->112 0->0 144->192 72->0 160->240 78->0 161->255 65->16 84->255 81->144 77->255 78->144 70->255 79->128 72->80 113->144 70->64 118->128 70->32 105->48 0->0 0->0 0->0 0->0 0->0 0->0 
0->0 0->0 0->0 0->0 0->0 0->0 0->0 0->0 0->16 0->0 0->112 0->0 160->192 147->0 70->240 154->0 96->255 146->16 156->255 141->144 77->255 160->144 84->255 160->128 152->80 138->144 69->64 154->128 72->32 151->48 0->0 0->0 0->0 0->0 0->0 0->0 
0->0 0->0 0->0 0->0 0->0 0->0 0->0 0->0 0->16 0->0 0->112 0->0 147->192 134->0 91->240 156->0 75->255 140->16 139->255 161->144 86->255 161->144 130->255 151->128 141->80 153->144 86->64 143->128 149->32 146->48 0->0 0->0 0->0 0->0 0->0 0->0 
0->0 0->0 0->0 0->0 0->0 0->0 0->0 0->0 0->16 0->0 0->112 0->0 0->192 0->0 0->240 0->0 0->255 0->16 78->255 67->144 74->255 68->144 71->255 66->128 71->80 109->144 71->64 98->128 82->32 100->48 157->0 131->0 147->0 130->0 145->0 67->0 
0->0 0->0 0->0 0->0 0->0 0->0 0->0 0->0 0->16 0->0 0->112 0->0 0->192 0->0 0->240 0->0 0->255 0->16 140->255 167->144 99->255 130->144 130->255 129->128 88->80 135->144 80->64 67->128 159->32 150->48 131->0 90->0 158->0 78->0 175->0 138->0 
0->0 0->0 0->0 0->0 0->0 0->0 0->0 0->0 0->16 0->0 0->112 0->0 0->192 0->0 0->240 0->0 0->255 0->16 80->255 141->144 151->255 145->144 155->255 74->128 86->80 70->144 96->64 149->128 151->32 144->48 150->0 77->0 89->0 65->0 71->0 150->0 
0->0 0->0 0->0 0->0 0->0 0->0 0->0 0->0 0->16 0->0 0->112 0->0 0->192 0->0 0->240 0->0 0->255 0->16 160->255 99->144 70->255 109->144 81->255 117->128 164->80 138->144 172->64 66->128 170->32 66->48 99->0 67->0 99->0 133->0 70->0 146->0 
0->0 0->0 0->0 0->0 0->0 0->0 0->0 0->0 0->16 0->0 0->112 0->0 0->192 0->0 0->240 0->0 0->255 0->16 93->255 92->144 82->255 75->144 92->255 90->128 148->80 81->144 130->64 76->128 133->32 82->48 156->0 136->0 148->0 136->0 159->0 153->0 
0->0 0->0 0->0 0->0 0->0 0->0 0->0 0->0 0->16 0->0 0->112 0->0 0->192 0->0 0->240 0->0 0->255 0->16 144->255 72->144 160->255 78->144 161->255 65->128 84->80 81->144 77->64 78->128 70->32 79->48 72->0 113->0 70->0 118->0 70->0 105->0 
0->0 0->0 0->0 0->0 0->0 0->0 0->0 0->0 0->16 0->0 0->112 0->0 0->192 0->0 0->240 0->0 0->255 0->16 160->255 147->144 70->255 154->144 96->255 146->128 156->80 141->144 77->64 160->128 84->32 160->48 152->0 138->0 69->0 154->0 72->0 151->0 
0->0 0->0 0->0 0->0 0->0 0->0 0->0 0->0 0->16 0->0 0->112 0->0 0->192 0->0 0->240 0->0 0->255 0->16 147->255 134->144 91->255 156->144 75->255 140->128 139->80 161->144 86->64 161->128 130->32 151->48 141->0 153->0 86->0 143->0 149->0 146->0 

78->0 67->0 74->0 68->0 71->0 66->0 71->48 109->0 71->48 98->0 82->16 100->0 157->255 131->0 147->255 130->0 145->255 67->0 0->208 0->144 0->224 0->144 0->255 0->128 0->0 0->0 0->16 0->16 0->176 0->96 0->0 0->0 0->0 0->0 0->48 0->32 
140->0 167->0 99->0 130->0 130->0 129->0 88->48 135->0 80->48 67->0 159->16 150->0 131->255 90->0 158->255 78->0 175->255 138->0 0->208 0->144 0->224 0->144 0->255 0->128 0->0 0->0 0->16 0->16 0->176 0->96 0->0 0->0 0->0 0->0 0->48 0->32 
80->0 141->0 151->0 145->0 155->0 74->0 86->48 70->0 96->48 149->0 151->16 144->0 150->255 77->0 89->255 65->0 71->255 150->0 0->208 0->144 0->224 0->144 0->255 0->128 0->0 0->0 0->16 0->16 0->176 0->96 0->0 0->0 0->0 0->0 0->48 0->32 
160->0 99->0 70->0 109->0 81->0 117->0 164->48 138->0 172->48 66->0 170->16 66->0 99->255 67->0 99->255 133->0 70->255 146->0 0->208 0->144 0->224 0->144 0->255 0->128 0->0 0->0 0->16 0->16 0->176 0->96 0->0 0->0 0->0 0->0 0->48 0->32 
93->0 92->0 82->0 75->0 92->0 90->0 148->48 81->0 130->48 76->0 133->16 82->0 156->255 136->0 148->255 136->0 159->255 153->0 0->208 0->144 0->224 0->144 0->255 0->128 0->0 0->0 0->16 0->16 0->176 0->96 0->0 0->0 0->0 0->0 0->48 0->32 
144->0 72->0 160->0 78->0 161->0 65->0 84->48 81->0 77->48 78->0 70->16 79->0 72->255 113->0 70->255 118->0 70->255 105->0 0->208 0->144 0->224 0->144 0->255 0->128 0->0 0->0 0->16 0->16 0->176 0->96 0->0 0->0 0->0 0->0 0->48 0->32 
160->0 147->0 70->0 154->0 96->0 146->0 156->48 141->0 77->48 160->0 84->16 160->0 152->255 138->0 69->255 154->0 72->255 151->0 0->208 0->144 0->224 0->144 0->255 0->128 0->0 0->0 0->16 0->16 0->176 0->96 0->0 0->0 0->0 0->0 0->48 0->32 
147->0 134->0 91->0 156->0 75->0 140->0 139->48 161->0 86->48 161->0 130->16 151->0 141->255 153->0 86->255 143->0 149->255 146->0 0->208 0->144 0->224 0->144 0->255 0->128 0->0 0->0 0->16 0->16 0->176 0->96 0->0 0->0 0->0 0->0 0->48 0->32 
0->0 0->0 0->0 0->0 0->0 0->0 78->48 67->0 74->48 68->0 71->16 66->0 71->255 109->0 71->255 98->0 82->255 100->0 157->208 131->144 147->224 130->144 145->255 67->128 0->0 0->0 0->16 0->16 0->176 0->96 0->0 0->0 0->0 0->0 0->48 0->32 
0->0 0->0 0->0 0->0 0->0 0->0 140->48 167->0 99->48 130->0 130->16 129->0 88->255 135->0 80->255 67->0 159->255 150->0 131->208 90->144 158->224 78->144 175->255 138->128 0->0 0->0 0->16 0->16 0->176 0->96 0->0 0->0 0->0 0->0 0->48 0->32 
0->0 0->0 0->0 0->0 0->0 0->0 80->48 141->0 151->48 145->0 155->16 74->0 86->255 70->0 96->255 149->0 151->255 144->0 150->208 77->144 89->224 65->144 71->255 150->128 0->0 0->0 0->16 0->16 0->176 0->96 0->0 0->0 0->0 0->0 0->48 0->32 
0->0 0->0 0->0 0->0 0->0 0->0 160->48 99->0 70->48 109->0 81->16 117->0 164->255 138->0 172->255 66->0 170->255 66->0 99->208 67->144 99->224 133->144 70->255 146->128 0->0 0->0 0->16 0->16 0->176 0->96 0->0 0->0 0->0 0->0 0->48 0->32 
0->0 0->0 0->0 0->0 0->0 0->0 93->48 92->0 82->48 75->0 92->16 90->0 148->255 81->0 130->255 76->0 133->255 82->0 156->208 136->144 148->224 136->144 159->255 153->128 0->0 0->0 0->16 0->16 0->176 0->96 0->0 0->0 0->0 0->0 0->48 0->32 
0->0 0->0 0->0 0->0 0->0 0->0 144->48 72->0 160->48 78->0 161->16 65->0 84->255 81->0 77->255 78->0 70->255 79->0 72->208 113->144 70->224 118->144 70->255 105->128 0->0 0->0 0->16 0->16 0->176 0->96 0->0 0->0 0->0 0->0 0->48 0->32 
0->0 0->0 0->0 0->0 0->0 0->0 160->48 147->0 70->48 154->0 96->16 146->0 156->255 141->0 77->255 160->0 84->255 160->0 152->208 138->144 69->224 154->144 72->255 151->128 0->0 0->0 0->16 0->16 0->176 0->96 0->0 0->0 0->0 0->0 0->48 0->32 
0->0 0->0 0->0 0->0 0->0 0->0 147->48 134->0 91->48 156->0 75->16 140->0 139->255 161->0 86->255 161->0 130->255 151->0 141->208 153->144 86->224 143->144 149->255 146->128 0->0 0->0 0->16 0->16 0->176 0->96 0->0 0->0 0->0 0->0 0->48 0->32 
0->0 0->0 0->0 0->0 0->0 0->0 0->48 0->0 0->48 0->0 0->16 0->0 78->255 67->0 74->255 68->0 71->255 66->0 71->208 109->144 71->224 98->144 82->255 100->128 157->0 131->0 147->16 130->16 145->176 67->96 0->0 0->0 0->0 0->0 0->48 0->32 
0->0 0->0 0->0 0->0 0->0 0->0 0->48 0->0 0->48 0->0 0->16 0->0 140->255 167->0 99->255 130->0 130->255 129->0 88->208 135->144 80->224 67->144 159->255 150->128 131->0 90->0 158->16 78->16 175->176 138->96 0->0 0->0 0->0 0->0 0->48 0->32 
0->0 0->0 0->0 0->0 0->0 0->0 0->48 0->0 0->48 0->0 0->16 0->0 80->255 141->0 151->255 145->0 155->255 74->0 86->208 70->144 96->224 149->144 151->255 144->128 150->0 77->0 89->16 65->16 71->176 150->96 0->0 0->0 0->0 0->0 0->48 0->32 
0->0 0->0 0->0 0->0 0->0 0->0 0->48 0->0 0->48 0->0 0->16 0->0 160->255 99->0 70->255 109->0 81->255 117->0 164->208 138->144 172->224 66->144 170->255 66->128 99->0 67->0 99->16 133->16 70->176 146->96 0->0 0->0 0->0 0->0 0->48 0->32 
0->0 0->0 0->0 0->0 0->0 0->0 0->48 0->0 0->48 0->0 0->16 0->0 93->255 92->0 82->255 75->0 92->255 90->0 148->208 81->144 130->224 76->144 133->255 82->128 156->0 136->0 148->16 136->16 159->176 153->96 0->0 0->0 0->0 0->0 0->48 0->32 
0->0 0->0 0->0 0->0 0->0 0->0 0->48 0->0 0->48 0->0 0->16 0->0 144->255 72->0 160->255 78->0 161->255 65->0 84->208 81->144 77->224 78->144 70->255 79->128 72->0 113->0 70->16 118->16 70->176 105->96 0->0 0->0 0->0 0->0 0->48 0->32 
0->0 0->0 0->0 0->0 0->0 0->0 0->48 0->0 0->48 0->0 0->16 0->0 160->255 147->0 70->255 154->0 96->255 146->0 156->208 141->144 77->224 160->144 84->255 160->128 152->0 138->0 69->16 154->16 72->176 151->96 0->0 0->0 0->0 0->0 0->48 0->32 
0->0 0->0 0->0 0->0 0->0 0->0 0->48 0->0 0->48 0->0 0->16 0->0 147->255 134->0 91->255 156->0 75->255 140->0 139->208 161->144 86->224 161->144 130->255 151->128 141->0 153->0 86->16 143->16 149->176 146->96 0->0 0->0 0->0 0->0 0->48 0->32 
0->0 0->0 0->0 0->0 0->0 0->0 0->48 0->0 0->48 0->0 0->16 0->0 0->255 0->0 0->255 0->0 0->255 0->0 78->208 67->144 74->224 68->144 71->255 66->128 71->0 109->0 71->16 98->16 82->176 100->96 157->0 131->0 147->0 130->0 145->48 67->32 
0->0 0->0 0->0 0->0 0->0 0->0 0->48 0->0 0->48 0->0 0->16 0->0 0->255 0->0 0->255 0->0 0->255 0->0 140->208 167->144 99->224 130->144 130->255 129->128 88->0 135->0 80->16 67->16 159->176 150->96 131->0 90->0 158->0 78->0 175->48 138->32 
0->0 0->0 0->0 0->0 0->0 0->0 0->48 0->0 0->48 0->0 0->16 0->0 0->255 0->0 0->255 0->0 0->255 0->0 80->208 141->144 151->224 145->144 155->255 74->128 86->0 70->0 96->16 149->16 151->176 144->96 150->0 77->0 89->0 65->0 71->48 150->32 
0->0 0->0 0->0 0->0 0->0 0->0 0->48 0->0 0->48 0->0 0->16 0->0 0->255 0->0 0->255 0->0 0->255 0->0 160->208 99->144 70->224 109->144 81->255 117->128 164->0 138->0 172->16 66->16 170->176 66->96 99->0 67->0 99->0 133->0 70->48 146->32 
0->0 0->0 0->0 0->0 0->0 0->0 0->48 0->0 0->48 0->0 0->16 0->0 0->255 0->0 0->255 0->0 0->255 0->0 93->208 92->144 82->224 75->144 92->255 90->128 148->0 81->0 130->16 76->16 133->176 82->96 156->0 136->0 148->0 136->0 159->48 153->32 
0->0 0->0 0->0 0->0 0->0 0->0 0->48 0->0 0->48 0->0 0->16 0->0 0->255 0->0 0->255 0->0 0->255 0->0 144->208 72->144 160->224 78->144 161->255 65->128 84->0 81->0 77->16 78->16 70->176 79->96 72->0 113->0 70->0 118->0 70->48 105->32 
0->0 0->0 0->0 0->0 0->0 0->0 0->48 0->0 0->48 0->0 0->16 0->0 0->255 0->0 0->255 0->0 0->255 0->0 160->208 147->144 70->224 154->144 96->255 146->128 156->0 141->0 77->16 160->16 84->176 160->96 152->0 138->0 69->0 154->0 72->48 151->32 
0->0 0->0 0->0 0->0 0->0 0->0 0->48 0->0 0->48 0->0 0->16 0->0 0->255 0->0 0->255 0->0 0->255 0->0 147->208 134->144 91->224 156->144 75->255 140->128 139->0 161->0 86->16 161->16 130->176 151->96 141->0 153->0 86->0 143->0 149->48 146->32 

78->0 67->0 74->16 68->16 71->176 66->96 71->0 109->0 71->0 98->0 82->48 100->32 157->0 131->0 147->0 130->0 145->32 67->0 0->0 0->0 0->0 0->0 0->32 0->0 0->0 0->0 0->0 0->0 0->128 0->0 0->16 0->0 0->112 0->0 0->240 0->0 
140->0 167->0 99->16 130->16 130->176 129->96 88->0 135->0 80->0 67->0 159->48 150->32 131->0 90->0 158->0 78->0 175->32 138->0 0->0 0->0 0->0 0->0 0->32 0->0 0->0 0->0 0->0 0->0 0->128 0->0 0->16 0->0 0->112 0->0 0->240 0->0 
80->0 141->0 151->16 145->16 155->176 74->96 86->0 70->0 96->0 149->0 151->48 144->32 150->0 77->0 89->0 65->0 71->32 150->0 0->0 0->0 0->0 0->0 0->32 0->0 0->0 0->0 0->0 0->0 0->128 0->0 0->16 0->0 0->112 0->0 0->240 0->0 
160->0 99->0 70->16 109->16 81->176 117->96 164->0 138->0 172->0 66->0 170->48 66->32 99->0 67->0 99->0 133->0 70->32 146->0 0->0 0->0 0->0 0->0 0->32 0->0 0->0 0->0 0->0 0->0 0->128 0->0 0->16 0->0 0->112 0->0 0->240 0->0 
93->0 92->0 82->16 75->16 92->176 90->96 148->0 81->0 130->0 76->0 133->48 82->32 156->0 136->0 148->0 136->0 159->32 153->0 0->0 0->0 0->0 0->0 0->32 0->0 0->0 0->0 0->0 0->0 0->128 0->0 0->16 0->0 0->112 0->0 0->240 0->0 
144->0 72->0 160->16 78->16 161->176 65->96 84->0 81->0 77->0 78->0 70->48 79->32 72->0 113->0 70->0 118->0 70->32 105->0 0->0 0->0 0->0 0->0 0->32 0->0 0->0 0->0 0->0 0->0 0->128 0->0 0->16 0->0 0->112 0->0 0->240 0->0 
160->0 147->0 70->16 154->16 96->176 146->96 156->0 141->0 77->0 160->0 84->48 160->32 152->0 138->0 69->0 154->0 72->32 151->0 0->0 0->0 0->0 0->0 0->32 0->0 0->0 0->0 0->0 0->0 0->128 0->0 0->16 0->0 0->112 0->0 0->240 0->0 
147->0 134->0 91->16 156->16 75->176 140->96 139->0 161->0 86->0 161->0 130->48 151->32 141->0 153->0 86->0 143->0 149->32 146->0 0->0 0->0 0->0 0->0 0->32 0->0 0->0 0->0 0->0 0->0 0->128 0->0 0->16 0->0 0->112 0->0 0->240 0->0 
0->0 0->0 0->16 0->16 0->176 0->96 78->0 67->0 74->0 68->0 71->48 66->32 71->0 109->0 71->0 98->0 82->32 100->0 157->0 131->0 147->0 130->0 145->32 67->0 0->0 0->0 0->0 0->0 0->128 0->0 0->16 0->0 0->112 0->0 0->240 0->0 
0->0 0->0 0->16 0->16 0->176 0->96 140->0 167->0 99->0 130->0 130->48 129->32 88->0 135->0 80->0 67->0 159->32 150->0 131->0 90->0 158->0 78->0 175->32 138->0 0->0 0->0 0->0 0->0 0->128 0->0 0->16 0->0 0->112 0->0 0->240 0->0 
0->0 0->0 0->16 0->16 0->176 0->96 80->0 141->0 151->0 145->0 155->48 74->32 86->0 70->0 96->0 149->0 151->32 144->0 150->0 77->0 89->0 65->0 71->32 150->0 0->0 0->0 0->0 0->0 0->128 0->0 0->16 0->0 0->112 0->0 0->240 0->0 
0->0 0->0 0->16 0->16 0->176 0->96 160->0 99->0 70->0 109->0 81->48 117->32 164->0 138->0 172->0 66->0 170->32 66->0 99->0 67->0 99->0 133->0 70->32 146->0 0->0 0->0 0->0 0->0 0->128 0->0 0->16 0->0 0->112 0->0 0->240 0->0 
0->0 0->0 0->16 0->16 0->176 0->96 93->0 92->0 82->0 75->0 92->48 90->32 148->0 81->0 130->0 76->0 133->32 82->0 156->0 136->0 148->0 136->0 159->32 153->0 0->0 0->0 0->0 0->0 0->128 0->0 0->16 0->0 0->112 0->0 0->240 0->0 
0->0 0->0 0->16 0->16 0->176 0->96 144->0 72->0 160->0 78->0 161->48 65->32 84->0 81->0 77->0 78->0 70->32 79->0 72->0 113->0 70->0 118->0 70->32 105->0 0->0 0->0 0->0 0->0 0->128 0->0 0->16 0->0 0->112 0->0 0->240 0->0 
0->0 0->0 0->16 0->16 0->176 0->96 160->0 147->0 70->0 154->0 96->48 146->32 156->0 141->0 77->0 160->0 84->32 160->0 152->0 138->0 69->0 154->0 72->32 151->0 0->0 0->0 0->0 0->0 0->128 0->0 0->16 0->0 0->112 0->0 0->240 0->0 
0->0 0->0 0->16 0->16 0->176 0->96 147->0 134->0 91->0 156->0 75->48 140->32 139->0 161->0 86->0 161->0 130->32 151->0 141->0 153->0 86->0 143->0 149->32 146->0 0->0 0->0 0->0 0->0 0->128 0->0 0->16 0->0 0->112 0->0 0->240 0->0 
0->0 0->0 0->16 0->16 0->176 0->96 0->0 0->0 0->0 0->0 0->48 0->32 78->0 67->0 74->0 68->0 71->32 66->0 71->0 109->0 71->0 98->0 82->32 100->0 157->0 131->0 147->0 130->0 145->128 67->0 0->16 0->0 0->112 0->0 0->240 0->0 
0->0 0->0 0->16 0->16 0->176 0->96 0->0 0->0 0->0 0->0 0->48 0->32 140->0 167->0 99->0 130->0 130->32 129->0 88->0 135->0 80->0 67->0 159->32 150->0 131->0 90->0 158->0 78->0 175->128 138->0 0->16 0->0 0->112 0->0 0->240 0->0 
0->0 0->0 0->16 0->16 0->176 0->96 0->0 0->0 0->0 0->0 0->48 0->32 80->0 141->0 151->0 145->0 155->32 74->0 86->0 70->0 96->0 149->0 151->32 144->0 150->0 77->0 89->0 65->0 71->128 150->0 0->16 0->0 0->112 0->0 0->240 0->0 
0->0 0->0 0->16 0->16 0->176 0->96 0->0 0->0 0->0 0->0 0->48 0->32 160->0 99->0 70->0 109->0 81->32 117->0 164->0 138->0 172->0 66->0 170->32 66->0 99->0 67->0 99->0 133->0 70->128 146->0 0->16 0->0 0->112 0->0 0->240 0->0 
0->0 0->0 0->16 0->16 0->176 0->96 0->0 0->0 0->0 0->0 0->48 0->32 93->0 92->0 82->0 75->0 92->32 90->0 148->0 81->0 130->0 76->0 133->32 82->0 156->0 136->0 148->0 136->0 159->128 153->0 0->16 0->0 0->112 0->0 0->240 0->0 
0->0 0->0 0->16 0->16 0->176 0->96 0->0 0->0 0->0 0->0 0->48 0->32 144->0 72->0 160->0 78->0 161->32 65->0 84->0 81->0 77->0 78->0 70->32 79->0 72->0 113->0 70->0 118->0 70->128 105->0 0->16 0->0 0->112 0->0 0->240 0->0 
0->0 0->0 0->16 0->16 0->176 0->96 0->0 0->0 0->0 0->0 0->48 0->32 160->0 147->0 70->0 154->0 96->32 146->0 156->0 141->0 77->0 160->0 84->32 160->0 152->0 138->0 69->0 154->0 72->128 151->0 0->16 0->0 0->112 0->0 0->240 0->0 
0->0 0->0 0->16 0->16 0->176 0->96 0->0 0->0 0->0 0->0 0->48 0->32 147->0 134->0 91->0 156->0 75->32 140->0 139->0 161->0 86->0 161->0 130->32 151->0 141->0 153->0 86->0 143->0 149->128 146->0 0->16 0->0 0->112 0->0 0->240 0->0 
0->0 0->0 0->16 0->16 0->176 0->96 0->0 0->0 0->0 0->0 0->48 0->32 0->0 0->0 0->0 0->0 0->32 0->0 78->0 67->0 74->0 68->0 71->32 66->0 71->0 109->0 71->0 98->0 82->128 100->0 157->16 131->0 147->112 130->0 145->240 67->0 
0->0 0->0 0->16 0->16 0->176 0->96 0->0 0->0 0->0 0->0 0->48 0->32 0->0 0->0 0->0 0->0 0->32 0->0 140->0 167->0 99->0 130->0 130->32 129->0 88->0 135->0 80->0 67->0 159->128 150->0 131->16 90->0 158->112 78->0 175->240 138->0 
0->0 0->0 0->16 0->16 0->176 0->96 0->0 0->0 0->0 0->0 0->48 0->32 0->0 0->0 0->0 0->0 0->32 0->0 80->0 141->0 151->0 145->0 155->32 74->0 86->0 70->0 96->0 149->0 151->128 144->0 150->16 77->0 89->112 65->0 71->240 150->0 
0->0 0->0 0->16 0->16 0->176 0->96 0->0 0->0 0->0 0->0 0->48 0->32 0->0 0->0 0->0 0->0 0->32 0->0 160->0 99->0 70->0 109->0 81->32 117->0 164->0 138->0 172->0 66->0 170->128 66->0 99->16 67->0 99->112 133->0 70->240 146->0 
0->0 0->0 0->16 0->16 0->176 0->96 0->0 0->0 0->0 0->0 0->48 0->32 0->0 0->0 0->0 0->0 0->32 0->0 93->0 92->0 82->0 75->0 92->32 90->0 148->0 81->0 130->0 76->0 133->128 82->0 156->16 136->0 148->112 136->0 159->240 153->0 
0->0 0->0 0->16 0->16 0->176 0->96 0->0 0->0 0->0 0->0 0->48 0->32 0->0 0->0 0->0 0->0 0->32 0->0 144->0 72->0 160->0 78->0 161->32 65->0 84->0 81->0 77->0 78->0 70->128 79->0 72->16 113->0 70->112 118->0 70->240 105->0 
0->0 0->0 0->16 0->16 0->176 0->96 0->0 0->0 0->0 0->0 0->48 0->32 0->0 0->0 0->0 0->0 0->32 0->0 160->0 147->0 70->0 154->0 96->32 146->0 156->0 141->0 77->0 160->0 84->128 160->0 152->16 138->0 69->112 154->0 72->240 151->0 
0->0 0->0 0->16 0->16 0->176 0->96 0->0 0->0 0->0 0->0 0->48 0->32 0->0 0->0 0->0 0->0 0->32 0->0 147->0 134->0 91->0 156->0 75->32 140->0 139->0 161->0 86->0 161->0 130->128 151->0 141->16 153->0 86->112 143->0 149->240 146->0 

78->0 67->0 74->0 68->0 71->128 66->0 71->16 109->0 71->112 98->0 82->240 100->0 157->240 131->0 147->255 130->16 145->255 67->80 0->255 0->144 0->255 0->128 0->144 0->112 0->64 0->128 0->32 0->48 0->0 0->0 0->0 0->0 0->0 0->0 0->0 0->0 
140->0 167->0 99->0 130->0 130->128 129->0 88->16 135->0 80->112 67->0 159->240 150->0 131->240 90->0 158->255 78->16 175->255 138->80 0->255 0->144 0->255 0->128 0->144 0->112 0->64 0->128 0->32 0->48 0->0 0->0 0->0 0->0 0->0 0->0 0->0 0->0 
80->0 141->0 151->0 145->0 155->128 74->0 86->16 70->0 96->112 149->0 151->240 144->0 150->240 77->0 89->255 65->16 71->255 150->80 0->255 0->144 0->255 0->128 0->144 0->112 0->64 0->128 0->32 0->48 0->0 0->0 0->0 0->0 0->0 0->0 0->0 0->0 
160->0 99->0 70->0 109->0 81->128 117->0 164->16 138->0 172->112 66->0 170->240 66->0 99->240 67->0 99->255 133->16 70->255 146->80 0->255 0->144 0->255 0->128 0->144 0->112 0->64 0->128 0->32 0->48 0->0 0->0 0->0 0->0 0->0 0->0 0->0 0->0 
93->0 92->0 82->0 75->0 92->128 90->0 148->16 81->0 130->112 76->0 133->240 82->0 156->240 136->0 148->255 136->16 159->255 153->80 0->255 0->144 0->255 0->128 0->144 0->112 0->64 0->128 0->32 0->48 0->0 0->0 0->0 0->0 0->0 0->0 0->0 0->0 
144->0 72->0 160->0 78->0 161->128 65->0 84->16 81->0 77->112 78->0 70->240 79->0 72->240 113->0 70->255 118->16 70->255 105->80 0->255 0->144 0->255 0->128 0->144 0->112 0->64 0->128 0->32 0->48 0->0 0->0 0->0 0->0 0->0 0->0 0->0 0->0 
160->0 147->0 70->0 154->0 96->128 146->0 156->16 141->0 77->112 160->0 84->240 160->0 152->240 138->0 69->255 154->16 72->255 151->80 0->255 0->144 0->255 0->128 0->144 0->112 0->64 0->128 0->32 0->48 0->0 0->0 0->0 0->0 0->0 0->0 0->0 0->0 
147->0 134->0 91->0 156->0 75->128 140->0 139->16 161->0 86->112 161->0 130->240 151->0 141->240 153->0 86->255 143->16 149->255 146->80 0->255 0->144 0->255 0->128 0->144 0->112 0->64 0->128 0->32 0->48 0->0 0->0 0->0 0->0 0->0 0->0 0->0 0->0 
0->0 0->0 0->0 0->0 0->128 0->0 78->16 67->0 74->112 68->0 71->240 66->0 71->240 109->0 71->255 98->16 82->255 100->80 157->255 131->144 147->255 130->128 145->144 67->112 0->64 0->128 0->32 0->48 0->0 0->0 0->0 0->0 0->0 0->0 0->0 0->0 
0->0 0->0 0->0 0->0 0->128 0->0 140->16 167->0 99->112 130->0 130->240 129->0 88->240 135->0 80->255 67->16 159->255 150->80 131->255 90->144 158->255 78->128 175->144 138->112 0->64 0->128 0->32 0->48 0->0 0->0 0->0 0->0 0->0 0->0 0->0 0->0 
0->0 0->0 0->0 0->0 0->128 0->0 80->16 141->0 151->112 145->0 155->240 74->0 86->240 70->0 96->255 149->16 151->255 144->80 150->255 77->144 89->255 65->128 71->144 150->112 0->64 0->128 0->32 0->48 0->0 0->0 0->0 0->0 0->0 0->0 0->0 0->0 
0->0 0->0 0->0 0->0 0->128 0->0 160->16 99->0 70->112 109->0 81->240 117->0 164->240 138->0 172->255 66->16 170->255 66->80 99->255 67->144 99->255 133->128 70->144 146->112 0->64 0->128 0->32 0->48 0->0 0->0 0->0 0->0 0->0 0->0 0->0 0->0 
0->0 0->0 0->0 0->0 0->128 0->0 93->16 92->0 82->112 75->0 92->240 90->0 148->240 81->0 130->255 76->16 133->255 82->80 156->255 136->144 148->255 136->128 159->144 153->112 0->64 0->128 0->32 0->48 0->0 0->0 0->0 0->0 0->0 0->0 0->0 0->0 
0->0 0->0 0->0 0->0 0->128 0->0 144->16 72->0 160->112 78->0 161->240 65->0 84->240 81->0 77->255 78->16 70->255 79->80 72->255 113->144 70->255 118->128 70->144 105->112 0->64 0->128 0->32 0->48 0->0 0->0 0->0 0->0 0->0 0->0 0->0 0->0 
0->0 0->0 0->0 0->0 0->128 0->0 160->16 147->0 70->112 154->0 96->240 146->0 156->240 141->0 77->255 160->16 84->255 160->80 152->255 138->144 69->255 154->128 72->144 151->112 0->64 0->128 0->32 0->48 0->0 0->0 0->0 0->0 0->0 0->0 0->0 0->0 
0->0 0->0 0->0 0->0 0->128 0->0 147->16 134->0 91->112 156->0 75->240 140->0 139->240 161->0 86->255 161->16 130->255 151->80 141->255 153->144 86->255 143->128 149->144 146->112 0->64 0->128 0->32 0->48 0->0 0->0 0->0 0->0 0->0 0->0 0->0 0->0 
0->0 0->0 0->0 0->0 0->128 0->0 0->16 0->0 0->112 0->0 0->240 0->0 78->240 67->0 74->255 68->16 71->255 66->80 71->255 109->144 71->255 98->128 82->144 100->112 157->64 131->128 147->32 130->48 145->0 67->0 0->0 0->0 0->0 0->0 0->0 0->0 
0->0 0->0 0->0 0->0 0->128 0->0 0->16 0->0 0->112 0->0 0->240 0->0 140->240 167->0 99->255 130->16 130->255 129->80 88->255 135->144 80->255 67->128 159->144 150->112 131->64 90->128 158->32 78->48 175->0 138->0 0->0 0->0 0->0 0->0 0->0 0->0 
0->0 0->0 0->0 0->0 0->128 0->0 0->16 0->0 0->112 0->0 0->240 0->0 80->240 141->0 151->255 145->16 155->255 74->80 86->255 70->144 96->255 149->128 151->144 144->112 150->64 77->128 89->32 65->48 71->0 150->0 0->0 0->0 0->0 0->0 0->0 0->0 
0->0 0->0 0->0 0->0 0->128 0->0 0->16 0->0 0->112 0->0 0->240 0->0 160->240 99->0 70->255 109->16 81->255 117->80 164->255 138->144 172->255 66->128 170->144 66->112 99->64 67->128 99->32 133->48 70->0 146->0 0->0 0->0 0->0 0->0 0->0 0->0 
0->0 0->0 0->0 0->0 0->128 0->0 0->16 0->0 0->112 0->0 0->240 0->0 93->240 92->0 82->255 75->16 92->255 90->80 148->255 81->144 130->255 76->128 133->144 82->112 156->64 136->128 148->32 136->48 159->0 153->0 0->0 0->0 0->0 0->0 0->0 0->0 
0->0 0->0 0->0 0->0 0->128 0->0 0->16 0->0 0->112 0->0 0->240 0->0 144->240 72->0 160->255 78->16 161->255 65->80 84->255 81->144 77->255 78->128 70->144 79->112 72->64 113->128 70->32 118->48 70->0 105->0 0->0 0->0 0->0 0->0 0->0 0->0 
0->0 0->0 0->0 0->0 0->128 0->0 0->16 0->0 0->112 0->0 0->240 0->0 160->240 147->0 70->255 154->16 96->255 146->80 156->255 141->144 77->255 160->128 84->144 160->112 152->64 138->128 69->32 154->48 72->0 151->0 0->0 0->0 0->0 0->0 0->0 0->0 
0->0 0->0 0->0 0->0 0->128 0->0 0->16 0->0 0->112 0->0 0->240 0->0 147->240 134->0 91->255 156->16 75->255 140->80 139->255 161->144 86->255 161->128 130->144 151->112 141->64 153->128 86->32 143->48 149->0 146->0 0->0 0->0 0->0 0->0 0->0 0->0 
0->0 0->0 0->0 0->0 0->128 0->0 0->16 0->0 0->112 0->0 0->240 0->0 0->240 0->0 0->255 0->16 0->255 0->80 78->255 67->144 74->255 68->128 71->144 66->112 71->64 109->128 71->32 98->48 82->0 100->0 157->0 131->0 147->0 130->0 145->0 67->0 
0->0 0->0 0->0 0->0 0->128 0->0 0->16 0->0 0->112 0->0 0->240 0->0 0->240 0->0 0->255 0->16 0->255 0->80 140->255 167->144 99->255 130->128 130->144 129->112 88->64 135->128 80->32 67->48 159->0 150->0 131->0 90->0 158->0 78->0 175->0 138->0 
0->0 0->0 0->0 0->0 0->128 0->0 0->16 0->0 0->112 0->0 0->240 0->0 0->240 0->0 0->255 0->16 0->255 0->80 80->255 141->144 151->255 145->128 155->144 74->112 86->64 70->128 96->32 149->48 151->0 144->0 150->0 77->0 89->0 65->0 71->0 150->0 
0->0 0->0 0->0 0->0 0->128 0->0 0->16 0->0 0->112 0->0 0->240 0->0 0->240 0->0 0->255 0->16 0->255 0->80 160->255 99->144 70->255 109->128 81->144 117->112 164->64 138->128 172->32 66->48 170->0 66->0 99->0 67->0 99->0 133->0 70->0 146->0 
0->0 0->0 0->0 0->0 0->128 0->0 0->16 0->0 0->112 0->0 0->240 0->0 0->240 0->0 0->255 0->16 0->255 0->80 93->255 92->144 82->255 75->128 92->144 90->112 148->64 81->128 130->32 76->48 133->0 82->0 156->0 136->0 148->0 136->0 159->0 153->0 
0->0 0->0 0->0 0->0 0->128 0->0 0->16 0->0 0->112 0->0 0->240 0->0 0->240 0->0 0->255 0->16 0->255 0->80 144->255 72->144 160->255 78->128 161->144 65->112 84->64 81->128 77->32 78->48 70->0 79->0 72->0 113->0 70->0 118->0 70->0 105->0 
0->0 0->0 0->0 0->0 0->128 0->0 0->16 0->0 0->112 0->0 0->240 0->0 0->240 0->0 0->255 0->16 0->255 0->80 160->255 147->144 70->255 154->128 96->144 146->112 156->64 141->128 77->32 160->48 84->0 160->0 152->0 138->0 69->0 154->0 72->0 151->0 
0->0 0->0 0->0 0->0 0->128 0->0 0->16 0->0 0->112 0->0 0->240 0->0 0->240 0->0 0->255 0->16 0->255 0->80 147->255 134->144 91->255 156->128 75->144 140->112 139->64 161->128 86->32 161->48 130->0 151->0 141->0 153->0 86->0 143->0 149->0 146->0 

78->0 67->0 74->0 68->0 71->0 66->0 71->48 109->0 71->16 98->0 82->0 100->0 157->255 131->0 147->255 130->0 145->128 67->0 0->224 0->144 0->255 0->128 0->255 0->0 0->16 0->16 0->176 0->96 0->255 0->64 0->0 0->0 0->48 0->32 0->255 0->48 
140->0 167->0 99->0 130->0 130->0 129->0 88->48 135->0 80->16 67->0 159->0 150->0 131->255 90->0 158->255 78->0 175->128 138->0 0->224 0->144 0->255 0->128 0->255 0->0 0->16 0->16 0->176 0->96 0->255 0->64 0->0 0->0 0->48 0->32 0->255 0->48 
80->0 141->0 151->0 145->0 155->0 74->0 86->48 70->0 96->16 149->0 151->0 144->0 150->255 77->0 89->255 65->0 71->128 150->0 0->224 0->144 0->255 0->128 0->255 0->0 0->16 0->16 0->176 0->96 0->255 0->64 0->0 0->0 0->48 0->32 0->255 0->48 
160->0 99->0 70->0 109->0 81->0 117->0 164->48 138->0 172->16 66->0 170->0 66->0 99->255 67->0 99->255 133->0 70->128 146->0 0->224 0->144 0->255 0->128 0->255 0->0 0->16 0->16 0->176 0->96 0->255 0->64 0->0 0->0 0->48 0->32 0->255 0->48 
93->0 92->0 82->0 75->0 92->0 90->0 148->48 81->0 130->16 76->0 133->0 82->0 156->255 136->0 148->255 136->0 159->128 153->0 0->224 0->144 0->255 0->128 0->255 0->0 0->16 0->16 0->176 0->96 0->255 0->64 0->0 0->0 0->48 0->32 0->255 0->48 
144->0 72->0 160->0 78->0 161->0 65->0 84->48 81->0 77->16 78->0 70->0 79->0 72->255 113->0 70->255 118->0 70->128 105->0 0->224 0->144 0->255 0->128 0->255 0->0 0->16 0->16 0->176 0->96 0->255 0->64 0->0 0->0 0->48 0->32 0->255 0->48 
160->0 147->0 70->0 154->0 96->0 146->0 156->48 141->0 77->16 160->0 84->0 160->0 152->255 138->0 69->255 154->0 72->128 151->0 0->224 0->144 0->255 0->128 0->255 0->0 0->16 0->16 0->176 0->96 0->255 0->64 0->0 0->0 0->48 0->32 0->255 0->48 
147->0 134->0 91->0 156->0 75->0 140->0 139->48 161->0 86->16 161->0 130->0 151->0 141->255 153->0 86->255 143->0 149->128 146->0 0->224 0->144 0->255 0->128 0->255 0->0 0->16 0->16 0->176 0->96 0->255 0->64 0->0 0->0 0->48 0->32 0->255 0->48 
0->0 0->0 0->0 0->0 0->0 0->0 78->48 67->0 74->16 68->0 71->0 66->0 71->255 109->0 71->255 98->0 82->128 100->0 157->224 131->144 147->255 130->128 145->255 67->0 0->16 0->16 0->176 0->96 0->255 0->64 0->0 0->0 0->48 0->32 0->255 0->48 
0->0 0->0 0->0 0->0 0->0 0->0 140->48 167->0 99->16 130->0 130->0 129->0 88->255 135->0 80->255 67->0 159->128 150->0 131->224 90->144 158->255 78->128 175->255 138->0 0->16 0->16 0->176 0->96 0->255 0->64 0->0 0->0 0->48 0->32 0->255 0->48 
0->0 0->0 0->0 0->0 0->0 0->0 80->48 141->0 151->16 145->0 155->0 74->0 86->255 70->0 96->255 149->0 151->128 144->0 150->224 77->144 89->255 65->128 71->255 150->0 0->16 0->16 0->176 0->96 0->255 0->64 0->0 0->0 0->48 0->32 0->255 0->48 
0->0 0->0 0->0 0->0 0->0 0->0 160->48 99->0 70->16 109->0 81->0 117->0 164->255 138->0 172->255 66->0 170->128 66->0 99->224 67->144 99->255 133->128 70->255 146->0 0->16 0->16 0->176 0->96 0->255 0->64 0->0 0->0 0->48 0->32 0->255 0->48 
0->0 0->0 0->0 0->0 0->0 0->0 93->48 92->0 82->16 75->0 92->0 90->0 148->255 81->0 130->255 76->0 133->128 82->0 156->224 136->144 148->255 136->128 159->255 153->0 0->16 0->16 0->176 0->96 0->255 0->64 0->0 0->0 0->48 0->32 0->255 0->48 
0->0 0->0 0->0 0->0 0->0 0->0 144->48 72->0 160->16 78->0 161->0 65->0 84->255 81->0 77->255 78->0 70->128 79->0 72->224 113->144 70->255 118->128 70->255 105->0 0->16 0->16 0->176 0->96 0->255 0->64 0->0 0->0 0->48 0->32 0->255 0->48 
0->0 0->0 0->0 0->0 0->0 0->0 160->48 147->0 70->16 154->0 96->0 146->0 156->255 141->0 77->255 160->0 84->128 160->0 152->224 138->144 69->255 154->128 72->255 151->0 0->16 0->16 0->176 0->96 0->255 0->64 0->0 0->0 0->48 0->32 0->255 0->48 
0->0 0->0 0->0 0->0 0->0 0->0 147->48 134->0 91->16 156->0 75->0 140->0 139->255 161->0 86->255 161->0 130->128 151->0 141->224 153->144 86->255 143->128 149->255 146->0 0->16 0->16 0->176 0->96 0->255 0->64 0->0 0->0 0->48 0->32 0->255 0->48 
0->0 0->0 0->0 0->0 0->0 0->0 0->48 0->0 0->16 0->0 0->0 0->0 78->255 67->0 74->255 68->0 71->128 66->0 71->224 109->144 71->255 98->128 82->255 100->0 157->16 131->16 147->176 130->96 145->255 67->64 0->0 0->0 0->48 0->32 0->255 0->48 
0->0 0->0 0->0 0->0 0->0 0->0 0->48 0->0 0->16 0->0 0->0 0->0 140->255 167->0 99->255 130->0 130->128 129->0 88->224 135->144 80->255 67->128 159->255 150->0 131->16 90->16 158->176 78->96 175->255 138->64 0->0 0->0 0->48 0->32 0->255 0->48 
0->0 0->0 0->0 0->0 0->0 0->0 0->48 0->0 0->16 0->0 0->0 0->0 80->255 141->0 151->255 145->0 155->128 74->0 86->224 70->144 96->255 149->128 151->255 144->0 150->16 77->16 89->176 65->96 71->255 150->64 0->0 0->0 0->48 0->32 0->255 0->48 
0->0 0->0 0->0 0->0 0->0 0->0 0->48 0->0 0->16 0->0 0->0 0->0 160->255 99->0 70->255 109->0 81->128 117->0 164->224 138->144 172->255 66->128 170->255 66->0 99->16 67->16 99->176 133->96 70->255 146->64 0->0 0->0 0->48 0->32 0->255 0->48 
0->0 0->0 0->0 0->0 0->0 0->0 0->48 0->0 0->16 0->0 0->0 0->0 93->255 92->0 82->255 75->0 92->128 90->0 148->224 81->144 130->255 76->128 133->255 82->0 156->16 136->16 148->176 136->96 159->255 153->64 0->0 0->0 0->48 0->32 0->255 0->48 
0->0 0->0 0->0 0->0 0->0 0->0 0->48 0->0 0->16 0->0 0->0 0->0 144->255 72->0 160->255 78->0 161->128 65->0 84->224 81->144 77->255 78->128 70->255 79->0 72->16 113->16 70->176 118->96 70->255 105->64 0->0 0->0 0->48 0->32 0->255 0->48 
0->0 0->0 0->0 0->0 0->0 0->0 0->48 0->0 0->16 0->0 0->0 0->0 160->255 147->0 70->255 154->0 96->128 146->0 156->224 141->144 77->255 160->128 84->255 160->0 152->16 138->16 69->176 154->96 72->255 151->64 0->0 0->0 0->48 0->32 0->255 0->48 
0->0 0->0 0->0 0->0 0->0 0->0 0->48 0->0 0->16 0->0 0->0 0->0 147->255 134->0 91->255 156->0 75->128 140->0 139->224 161->144 86->255 161->128 130->255 151->0 141->16 153->16 86->176 143->96 149->255 146->64 0->0 0->0 0->48 0->32 0->255 0->48 
0->0 0->0 0->0 0->0 0->0 0->0 0->48 0->0 0->16 0->0 0->0 0->0 0->255 0->0 0->255 0->0 0->128 0->0 78->224 67->144 74->255 68->128 71->255 66->0 71->16 109->16 71->176 98->96 82->255 100->64 157->0 131->0 147->48 130->32 145->255 67->48 
0->0 0->0 0->0 0->0 0->0 0->0 0->48 0->0 0->16 0->0 0->0 0->0 0->255 0->0 0->255 0->0 0->128 0->0 140->224 167->144 99->255 130->128 130->255 129->0 88->16 135->16 80->176 67->96 159->255 150->64 131->0 90->0 158->48 78->32 175->255 138->48 
0->0 0->0 0->0 0->0 0->0 0->0 0->48 0->0 0->16 0->0 0->0 0->0 0->255 0->0 0->255 0->0 0->128 0->0 80->224 141->144 151->255 145->128 155->255 74->0 86->16 70->16 96->176 149->96 151->255 144->64 150->0 77->0 89->48 65->32 71->255 150->48 
0->0 0->0 0->0 0->0 0->0 0->0 0->48 0->0 0->16 0->0 0->0 0->0 0->255 0->0 0->255 0->0 0->128 0->0 160->224 99->144 70->255 109->128 81->255 117->0 164->16 138->16 172->176 66->96 170->255 66->64 99->0 67->0 99->48 133->32 70->255 146->48 
0->0 0->0 0->0 0->0 0->0 0->0 0->48 0->0 0->16 0->0 0->0 0->0 0->255 0->0 0->255 0->0 0->128 0->0 93->224 92->144 82->255 75->128 92->255 90->0 148->16 81->16 130->176 76->96 133->255 82->64 156->0 136->0 148->48 136->32 159->255 153->48 
0->0 0->0 0->0 0->0 0->0 0->0 0->48 0->0 0->16 0->0 0->0 0->0 0->255 0->0 0->255 0->0 0->128 0->0 144->224 72->144 160->255 78->128 161->255 65->0 84->16 81->16 77->176 78->96 70->255 79->64 72->0 113->0 70->48 118->32 70->255 105->48 
0->0 0->0 0->0 0->0 0->0 0->0 0->48 0->0 0->16 0->0 0->0 0->0 0->255 0->0 0->255 0->0 0->128 0->0 160->224 147->144 70->255 154->128 96->255 146->0 156->16 141->16 77->176 160->96 84->255 160->64 152->0 138->0 69->48 154->32 72->255 151->48 
0->0 0->0 0->0 0->0 0->0 0->0 0->48 0->0 0->16 0->0 0->0 0->0 0->255 0->0 0->255 0->0 0->128 0->0 147->224 134->144 91->255 156->128 75->255 140->0 139->16 161->16 86->176 161->96 130->255 151->64 141->0 153->0 86->48 143->32 149->255 146->48 

78->16 67->16 74->176 68->96 71->255 66->64 71->0 109->0 71->48 98->32 82->255 100->48 157->0 131->0 147->32 130->0 145->240 67->32 0->0 0->0 0->32 0->0 0->255 0->32 0->0 0->0 0->128 0->0 0->255 0->32 0->112 0->0 0->240 0->0 0->240 0->64 
140->16 167->16 99->176 130->96 130->255 129->64 88->0 135->0 80->48 67->32 159->255 150->48 131->0 90->0 158->32 78->0 175->240 138->32 0->0 0->0 0->32 0->0 0->255 0->32 0->0 0->0 0->128 0->0 0->255 0->32 0->112 0->0 0->240 0->0 0->240 0->64 
80->16 141->16 151->176 145->96 155->255 74->64 86->0 70->0 96->48 149->32 151->255 144->48 150->0 77->0 89->32 65->0 71->240 150->32 0->0 0->0 0->32 0->0 0->255 0->32 0->0 0->0 0->128 0->0 0->255 0->32 0->112 0->0 0->240 0->0 0->240 0->64 
160->16 99->16 70->176 109->96 81->255 117->64 164->0 138->0 172->48 66->32 170->255 66->48 99->0 67->0 99->32 133->0 70->240 146->32 0->0 0->0 0->32 0->0 0->255 0->32 0->0 0->0 0->128 0->0 0->255 0->32 0->112 0->0 0->240 0->0 0->240 0->64 
93->16 92->16 82->176 75->96 92->255 90->64 148->0 81->0 130->48 76->32 133->255 82->48 156->0 136->0 148->32 136->0 159->240 153->32 0->0 0->0 0->32 0->0 0->255 0->32 0->0 0->0 0->128 0->0 0->255 0->32 0->112 0->0 0->240 0->0 0->240 0->64 
144->16 72->16 160->176 78->96 161->255 65->64 84->0 81->0 77->48 78->32 70->255 79->48 72->0 113->0 70->32 118->0 70->240 105->32 0->0 0->0 0->32 0->0 0->255 0->32 0->0 0->0 0->128 0->0 0->255 0->32 0->112 0->0 0->240 0->0 0->240 0->64 
160->16 147->16 70->176 154->96 96->255 146->64 156->0 141->0 77->48 160->32 84->255 160->48 152->0 138->0 69->32 154->0 72->240 151->32 0->0 0->0 0->32 0->0 0->255 0->32 0->0 0->0 0->128 0->0 0->255 0->32 0->112 0->0 0->240 0->0 0->240 0->64 
147->16 134->16 91->176 156->96 75->255 140->64 139->0 161->0 86->48 161->32 130->255 151->48 141->0 153->0 86->32 143->0 149->240 146->32 0->0 0->0 0->32 0->0 0->255 0->32 0->0 0->0 0->128 0->0 0->255 0->32 0->112 0->0 0->240 0->0 0->240 0->64 
0->16 0->16 0->176 0->96 0->255 0->64 78->0 67->0 74->48 68->32 71->255 66->48 71->0 109->0 71->32 98->0 82->240 100->32 157->0 131->0 147->32 130->0 145->255 67->32 0->0 0->0 0->128 0->0 0->255 0->32 0->112 0->0 0->240 0->0 0->240 0->64 
0->16 0->16 0->176 0->96 0->255 0->64 140->0 167->0 99->48 130->32 130->255 129->48 88->0 135->0 80->32 67->0 159->240 150->32 131->0 90->0 158->32 78->0 175->255 138->32 0->0 0->0 0->128 0->0 0->255 0->32 0->112 0->0 0->240 0->0 0->240 0->64 
0->16 0->16 0->176 0->96 0->255 0->64 80->0 141->0 151->48 145->32 155->255 74->48 86->0 70->0 96->32 149->0 151->240 144->32 150->0 77->0 89->32 65->0 71->255 150->32 0->0 0->0 0->128 0->0 0->255 0->32 0->112 0->0 0->240 0->0 0->240 0->64 
0->16 0->16 0->176 0->96 0->255 0->64 160->0 99->0 70->48 109->32 81->255 117->48 164->0 138->0 172->32 66->0 170->240 66->32 99->0 67->0 99->32 133->0 70->255 146->32 0->0 0->0 0->128 0->0 0->255 0->32 0->112 0->0 0->240 0->0 0->240 0->64 
0->16 0->16 0->176 0->96 0->255 0->64 93->0 92->0 82->48 75->32 92->255 90->48 148->0 81->0 130->32 76->0 133->240 82->32 156->0 136->0 148->32 136->0 159->255 153->32 0->0 0->0 0->128 0->0 0->255 0->32 0->112 0->0 0->240 0->0 0->240 0->64 
0->16 0->16 0->176 0->96 0->255 0->64 144->0 72->0 160->48 78->32 161->255 65->48 84->0 81->0 77->32 78->0 70->240 79->32 72->0 113->0 70->32 118->0 70->255 105->32 0->0 0->0 0->128 0->0 0->255 0->32 0->112 0->0 0->240 0->0 0->240 0->64 
0->16 0->16 0->176 0->96 0->255 0->64 160->0 147->0 70->48 154->32 96->255 146->48 156->0 141->0 77->32 160->0 84->240 160->32 152->0 138->0 69->32 154->0 72->255 151->32 0->0 0->0 0->128 0->0 0->255 0->32 0->112 0->0 0->240 0->0 0->240 0->64 
0->16 0->16 0->176 0->96 0->255 0->64 147->0 134->0 91->48 156->32 75->255 140->48 139->0 161->0 86->32 161->0 130->240 151->32 141->0 153->0 86->32 143->0 149->255 146->32 0->0 0->0 0->128 0->0 0->255 0->32 0->112 0->0 0->240 0->0 0->240 0->64 
0->16 0->16 0->176 0->96 0->255 0->64 0->0 0->0 0->48 0->32 0->255 0->48 78->0 67->0 74->32 68->0 71->240 66->32 71->0 109->0 71->32 98->0 82->255 100->32 157->0 131->0 147->128 130->0 145->255 67->32 0->112 0->0 0->240 0->0 0->240 0->64 
0->16 0->16 0->176 0->96 0->255 0->64 0->0 0->0 0->48 0->32 0->255 0->48 140->0 167->0 99->32 130->0 130->240 129->32 88->0 135->0 80->32 67->0 159->255 150->32 131->0 90->0 158->128 78->0 175->255 138->32 0->112 0->0 0->240 0->0 0->240 0->64 
0->16 0->16 0->176 0->96 0->255 0->64 0->0 0->0 0->48 0->32 0->255 0->48 80->0 141->0 151->32 145->0 155->240 74->32 86->0 70->0 96->32 149->0 151->255 144->32 150->0 77->0 89->128 65->0 71->255 150->32 0->112 0->0 0->240 0->0 0->240 0->64 
0->16 0->16 0->176 0->96 0->255 0->64 0->0 0->0 0->48 0->32 0->255 0->48 160->0 99->0 70->32 109->0 81->240 117->32 164->0 138->0 172->32 66->0 170->255 66->32 99->0 67->0 99->128 133->0 70->255 146->32 0->112 0->0 0->240 0->0 0->240 0->64 
0->16 0->16 0->176 0->96 0->255 0->64 0->0 0->0 0->48 0->32 0->255 0->48 93->0 92->0 82->32 75->0 92->240 90->32 148->0 81->0 130->32 76->0 133->255 82->32 156->0 136->0 148->128 136->0 159->255 153->32 0->112 0->0 0->240 0->0 0->240 0->64 
0->16 0->16 0->176 0->96 0->255 0->64 0->0 0->0 0->48 0->32 0->255 0->48 144->0 72->0 160->32 78->0 161->240 65->32 84->0 81->0 77->32 78->0 70->255 79->32 72->0 113->0 70->128 118->0 70->255 105->32 0->112 0->0 0->240 0->0 0->240 0->64 
0->16 0->16 0->176 0->96 0->255 0->64 0->0 0->0 0->48 0->32 0->255 0->48 160->0 147->0 70->32 154->0 96->240 146->32 156->0 141->0 77->32 160->0 84->255 160->32 152->0 138->0 69->128 154->0 72->255 151->32 0->112 0->0 0->240 0->0 0->240 0->64 
0->16 0->16 0->176 0->96 0->255 0->64 0->0 0->0 0->48 0->32 0->255 0->48 147->0 134->0 91->32 156->0 75->240 140->32 139->0 161->0 86->32 161->0 130->255 151->32 141->0 153->0 86->128 143->0 149->255 146->32 0->112 0->0 0->240 0->0 0->240 0->64 
0->16 0->16 0->176 0->96 0->255 0->64 0->0 0->0 0->48 0->32 0->255 0->48 0->0 0->0 0->32 0->0 0->240 0->32 78->0 67->0 74->32 68->0 71->255 66->32 71->0 109->0 71->128 98->0 82->255 100->32 157->112 131->0 147->240 130->0 145->240 67->64 
0->16 0->16 0->176 0->96 0->255 0->64 0->0 0->0 0->48 0->32 0->255 0->48 0->0 0->0 0->32 0->0 0->240 0->32 140->0 167->0 99->32 130->0 130->255 129->32 88->0 135->0 80->128 67->0 159->255 150->32 131->112 90->0 158->240 78->0 175->240 138->64 
0->16 0->16 0->176 0->96 0->255 0->64 0->0 0->0 0->48 0->32 0->255 0->48 0->0 0->0 0->32 0->0 0->240 0->32 80->0 141->0 151->32 145->0 155->255 74->32 86->0 70->0 96->128 149->0 151->255 144->32 150->112 77->0 89->240 65->0 71->240 150->64 
0->16 0->16 0->176 0->96 0->255 0->64 0->0 0->0 0->48 0->32 0->255 0->48 0->0 0->0 0->32 0->0 0->240 0->32 160->0 99->0 70->32 109->0 81->255 117->32 164->0 138->0 172->128 66->0 170->255 66->32 99->112 67->0 99->240 133->0 70->240 146->64 
0->16 0->16 0->176 0->96 0->255 0->64 0->0 0->0 0->48 0->32 0->255 0->48 0->0 0->0 0->32 0->0 0->240 0->32 93->0 92->0 82->32 75->0 92->255 90->32 148->0 81->0 130->128 76->0 133->255 82->32 156->112 136->0 148->240 136->0 159->240 153->64 
0->16 0->16 0->176 0->96 0->255 0->64 0->0 0->0 0->48 0->32 0->255 0->48 0->0 0->0 0->32 0->0 0->240 0->32 144->0 72->0 160->32 78->0 161->255 65->32 84->0 81->0 77->128 78->0 70->255 79->32 72->112 113->0 70->240 118->0 70->240 105->64 
0->16 0->16 0->176 0->96 0->255 0->64 0->0 0->0 0->48 0->32 0->255 0->48 0->0 0->0 0->32 0->0 0->240 0->32 160->0 147->0 70->32 154->0 96->255 146->32 156->0 141->0 77->128 160->0 84->255 160->32 152->112 138->0 69->240 154->0 72->240 151->64 
0->16 0->16 0->176 0->96 0->255 0->64 0->0 0->0 0->48 0->32 0->255 0->48 0->0 0->0 0->32 0->0 0->240 0->32 147->0 134->0 91->32 156->0 75->255 140->32 139->0 161->0 86->128 161->0 130->255 151->32 141->112 153->0 86->240 143->0 149->240 146->64 

78->0 67->0 74->128 68->0 71->255 66->32 71->112 109->0 71->240 98->0 82->240 100->64 157->255 131->16 147->255 130->80 145->144 67->64 0->255 0->128 0->144 0->112 0->16 0->32 0->32 0->48 0->0 0->0 0->0 0->0 0->0 0->0 0->0 0->0 0->0 0->0 
140->0 167->0 99->128 130->0 130->255 129->32 88->112 135->0 80->240 67->0 159->240 150->64 131->255 90->16 158->255 78->80 175->144 138->64 0->255 0->128 0->144 0->112 0->16 0->32 0->32 0->48 0->0 0->0 0->0 0->0 0->0 0->0 0->0 0->0 0->0 0->0 
80->0 141->0 151->128 145->0 155->255 74->32 86->112 70->0 96->240 149->0 151->240 144->64 150->255 77->16 89->255 65->80 71->144 150->64 0->255 0->128 0->144 0->112 0->16 0->32 0->32 0->48 0->0 0->0 0->0 0->0 0->0 0->0 0->0 0->0 0->0 0->0 
160->0 99->0 70->128 109->0 81->255 117->32 164->112 138->0 172->240 66->0 170->240 66->64 99->255 67->16 99->255 133->80 70->144 146->64 0->255 0->128 0->144 0->112 0->16 0->32 0->32 0->48 0->0 0->0 0->0 0->0 0->0 0->0 0->0 0->0 0->0 0->0 
93->0 92->0 82->128 75->0 92->255 90->32 148->112 81->0 130->240 76->0 133->240 82->64 156->255 136->16 148->255 136->80 159->144 153->64 0->255 0->128 0->144 0->112 0->16 0->32 0->32 0->48 0->0 0->0 0->0 0->0 0->0 0->0 0->0 0->0 0->0 0->0 
144->0 72->0 160->128 78->0 161->255 65->32 84->112 81->0 77->240 78->0 70->240 79->64 72->255 113->16 70->255 118->80 70->144 105->64 0->255 0->128 0->144 0->112 0->16 0->32 0->32 0->48 0->0 0->0 0->0 0->0 0->0 0->0 0->0 0->0 0->0 0->0 
160->0 147->0 70->128 154->0 96->255 146->32 156->112 141->0 77->240 160->0 84->240 160->64 152->255 138->16 69->255 154->80 72->144 151->64 0->255 0->128 0->144 0->112 0->16 0->32 0->32 0->48 0->0 0->0 0->0 0->0 0->0 0->0 0->0 0->0 0->0 0->0 
147->0 134->0 91->128 156->0 75->255 140->32 139->112 161->0 86->240 161->0 130->240 151->64 141->255 153->16 86->255 143->80 149->144 146->64 0->255 0->128 0->144 0->112 0->16 0->32 0->32 0->48 0->0 0->0 0->0 0->0 0->0 0->0 0->0 0->0 0->0 0->0 
0->0 0->0 0->128 0->0 0->255 0->32 78->112 67->0 74->240 68->0 71->240 66->64 71->255 109->16 71->255 98->80 82->144 100->64 157->255 131->128 147->144 130->112 145->16 67->32 0->32 0->48 0->0 0->0 0->0 0->0 0->0 0->0 0->0 0->0 0->0 0->0 
0->0 0->0 0->128 0->0 0->255 0->32 140->112 167->0 99->240 130->0 130->240 129->64 88->255 135->16 80->255 67->80 159->144 150->64 131->255 90->128 158->144 78->112 175->16 138->32 0->32 0->48 0->0 0->0 0->0 0->0 0->0 0->0 0->0 0->0 0->0 0->0 
0->0 0->0 0->128 0->0 0->255 0->32 80->112 141->0 151->240 145->0 155->240 74->64 86->255 70->16 96->255 149->80 151->144 144->64 150->255 77->128 89->144 65->112 71->16 150->32 0->32 0->48 0->0 0->0 0->0 0->0 0->0 0->0 0->0 0->0 0->0 0->0 
0->0 0->0 0->128 0->0 0->255 0->32 160->112 99->0 70->240 109->0 81->240 117->64 164->255 138->16 172->255 66->80 170->144 66->64 99->255 67->128 99->144 133->112 70->16 146->32 0->32 0->48 0->0 0->0 0->0 0->0 0->0 0->0 0->0 0->0 0->0 0->0 
0->0 0->0 0->128 0->0 0->255 0->32 93->112 92->0 82->240 75->0 92->240 90->64 148->255 81->16 130->255 76->80 133->144 82->64 156->255 136->128 148->144 136->112 159->16 153->32 0->32 0->48 0->0 0->0 0->0 0->0 0->0 0->0 0->0 0->0 0->0 0->0 
0->0 0->0 0->128 0->0 0->255 0->32 144->112 72->0 160->240 78->0 161->240 65->64 84->255 81->16 77->255 78->80 70->144 79->64 72->255 113->128 70->144 118->112 70->16 105->32 0->32 0->48 0->0 0->0 0->0 0->0 0->0 0->0 0->0 0->0 0->0 0->0 
0->0 0->0 0->128 0->0 0->255 0->32 160->112 147->0 70->240 154->0 96->240 146->64 156->255 141->16 77->255 160->80 84->144 160->64 152->255 138->128 69->144 154->112 72->16 151->32 0->32 0->48 0->0 0->0 0->0 0->0 0->0 0->0 0->0 0->0 0->0 0->0 
0->0 0->0 0->128 0->0 0->255 0->32 147->112 134->0 91->240 156->0 75->240 140->64 139->255 161->16 86->255 161->80 130->144 151->64 141->255 153->128 86->144 143->112 149->16 146->32 0->32 0->48 0->0 0->0 0->0 0->0 0->0 0->0 0->0 0->0 0->0 0->0 
0->0 0->0 0->128 0->0 0->255 0->32 0->112 0->0 0->240 0->0 0->240 0->64 78->255 67->16 74->255 68->80 71->144 66->64 71->255 109->128 71->144 98->112 82->16 100->32 157->32 131->48 147->0 130->0 145->0 67->0 0->0 0->0 0->0 0->0 0->0 0->0 
0->0 0->0 0->128 0->0 0->255 0->32 0->112 0->0 0->240 0->0 0->240 0->64 140->255 167->16 99->255 130->80 130->144 129->64 88->255 135->128 80->144 67->112 159->16 150->32 131->32 90->48 158->0 78->0 175->0 138->0 0->0 0->0 0->0 0->0 0->0 0->0 
0->0 0->0 0->128 0->0 0->255 0->32 0->112 0->0 0->240 0->0 0->240 0->64 80->255 141->16 151->255 145->80 155->144 74->64 86->255 70->128 96->144 149->112 151->16 144->32 150->32 77->48 89->0 65->0 71->0 150->0 0->0 0->0 0->0 0->0 0->0 0->0 
0->0 0->0 0->128 0->0 0->255 0->32 0->112 0->0 0->240 0->0 0->240 0->64 160->255 99->16 70->255 109->80 81->144 117->64 164->255 138->128 172->144 66->112 170->16 66->32 99->32 67->48 99->0 133->0 70->0 146->0 0->0 0->0 0->0 0->0 0->0 0->0 
0->0 0->0 0->128 0->0 0->255 0->32 0->112 0->0 0->240 0->0 0->240 0->64 93->255 92->16 82->255 75->80 92->144 90->64 148->255 81->128 130->144 76->112 133->16 82->32 156->32 136->48 148->0 136->0 159->0 153->0 0->0 0->0 0->0 0->0 0->0 0->0 
0->0 0->0 0->128 0->0 0->255 0->32 0->112 0->0 0->240 0->0 0->240 0->64 144->255 72->16 160->255 78->80 161->144 65->64 84->255 81->128 77->144 78->112 70->16 79->32 72->32 113->48 70->0 118->0 70->0 105->0 0->0 0->0 0->0 0->0 0->0 0->0 
0->0 0->0 0->128 0->0 0->255 0->32 0->112 0->0 0->240 0->0 0->240 0->64 160->255 147->16 70->255 154->80 96->144 146->64 156->255 141->128 77->144 160->112 84->16 160->32 152->32 138->48 69->0 154->0 72->0 151->0 0->0 0->0 0->0 0->0 0->0 0->0 
0->0 0->0 0->128 0->0 0->255 0->32 0->112 0->0 0->240 0->0 0->240 0->64 147->255 134->16 91->255 156->80 75->144 140->64 139->255 161->128 86->144 161->112 130->16 151->32 141->32 153->48 86->0 143->0 149->0 146->0 0->0 0->0 0->0 0->0 0->0 0->0 
0->0 0->0 0->128 0->0 0->255 0->32 0->112 0->0 0->240 0->0 0->240 0->64 0->255 0->16 0->255 0->80 0->144 0->64 78->255 67->128 74->144 68->112 71->16 66->32 71->32 109->48 71->0 98->0 82->0 100->0 157->0 131->0 147->0 130->0 145->0 67->0 
0->0 0->0 0->128 0->0 0->255 0->32 0->112 0->0 0->240 0->0 0->240 0->64 0->255 0->16 0->255 0->80 0->144 0->64 140->255 167->128 99->144 130->112 130->16 129->32 88->32 135->48 80->0 67->0 159->0 150->0 131->0 90->0 158->0 78->0 175->0 138->0 
0->0 0->0 0->128 0->0 0->255 0->32 0->112 0->0 0->240 0->0 0->240 0->64 0->255 0->16 0->255 0->80 0->144 0->64 80->255 141->128 151->144 145->112 155->16 74->32 86->32 70->48 96->0 149->0 151->0 144->0 150->0 77->0 89->0 65->0 71->0 150->0 
0->0 0->0 0->128 0->0 0->255 0->32 0->112 0->0 0->240 0->0 0->240 0->64 0->255 0->16 0->255 0->80 0->144 0->64 160->255 99->128 70->144 109->112 81->16 117->32 164->32 138->48 172->0 66->0 170->0 66->0 99->0 67->0 99->0 133->0 70->0 146->0 
0->0 0->0 0->128 0->0 0->255 0->32 0->112 0->0 0->240 0->0 0->240 0->64 0->255 0->16 0->255 0->80 0->144 0->64 93->255 92->128 82->144 75->112 92->16 90->32 148->32 81->48 130->0 76->0 133->0 82->0 156->0 136->0 148->0 136->0 159->0 153->0 
0->0 0->0 0->128 0->0 0->255 0->32 0->112 0->0 0->240 0->0 0->240 0->64 0->255 0->16 0->255 0->80 0->144 0->64 144->255 72->128 160->144 78->112 161->16 65->32 84->32 81->48 77->0 78->0 70->0 79->0 72->0 113->0 70->0 118->0 70->0 105->0 
0->0 0->0 0->128 0->0 0->255 0->32 0->112 0->0 0->240 0->0 0->240 0->64 0->255 0->16 0->255 0->80 0->144 0->64 160->255 147->128 70->144 154->112 96->16 146->32 156->32 141->48 77->0 160->0 84->0 160->0 152->0 138->0 69->0 154->0 72->0 151->0 
0->0 0->0 0->128 0->0 0->255 0->32 0->112 0->0 0->240 0->0 0->240 0->64 0->255 0->16 0->255 0->80 0->144 0->64 147->255 134->128 91->144 156->112 75->16 140->32 139->32 161->48 86->0 161->0 130->0 151->0 141->0 153->0 86->0 143->0 149->0 146->0 

78->0 67->0 74->0 68->0 71->0 66->0 71->16 109->0 71->0 98->0 82->0 100->0 157->255 131->0 147->128 130->0 145->0 67->0 0->255 0->128 0->255 0->0 0->64 0->0 0->176 0->96 0->255 0->64 0->176 0->0 0->48 0->32 0->255 0->48 0->208 0->0 
140->0 167->0 99->0 130->0 130->0 129->0 88->16 135->0 80->0 67->0 159->0 150->0 131->255 90->0 158->128 78->0 175->0 138->0 0->255 0->128 0->255 0->0 0->64 0->0 0->176 0->96 0->255 0->64 0->176 0->0 0->48 0->32 0->255 0->48 0->208 0->0 
80->0 141->0 151->0 145->0 155->0 74->0 86->16 70->0 96->0 149->0 151->0 144->0 150->255 77->0 89->128 65->0 71->0 150->0 0->255 0->128 0->255 0->0 0->64 0->0 0->176 0->96 0->255 0->64 0->176 0->0 0->48 0->32 0->255 0->48 0->208 0->0 
160->0 99->0 70->0 109->0 81->0 117->0 164->16 138->0 172->0 66->0 170->0 66->0 99->255 67->0 99->128 133->0 70->0 146->0 0->255 0->128 0->255 0->0 0->64 0->0 0->176 0->96 0->255 0->64 0->176 0->0 0->48 0->32 0->255 0->48 0->208 0->0 
93->0 92->0 82->0 75->0 92->0 90->0 148->16 81->0 130->0 76->0 133->0 82->0 156->255 136->0 148->128 136->0 159->0 153->0 0->255 0->128 0->255 0->0 0->64 0->0 0->176 0->96 0->255 0->64 0->176 0->0 0->48 0->32 0->255 0->48 0->208 0->0 
144->0 72->0 160->0 78->0 161->0 65->0 84->16 81->0 77->0 78->0 70->0 79->0 72->255 113->0 70->128 118->0 70->0 105->0 0->255 0->128 0->255 0->0 0->64 0->0 0->176 0->96 0->255 0->64 0->176 0->0 0->48 0->32 0->255 0->48 0->208 0->0 
160->0 147->0 70->0 154->0 96->0 146->0 156->16 141->0 77->0 160->0 84->0 160->0 152->255 138->0 69->128 154->0 72->0 151->0 0->255 0->128 0->255 0->0 0->64 0->0 0->176 0->96 0->255 0->64 0->176 0->0 0->48 0->32 0->255 0->48 0->208 0->0 
147->0 134->0 91->0 156->0 75->0 140->0 139->16 161->0 86->0 161->0 130->0 151->0 141->255 153->0 86->128 143->0 149->0 146->0 0->255 0->128 0->255 0->0 0->64 0->0 0->176 0->96 0->255 0->64 0->176 0->0 0->48 0->32 0->255 0->48 0->208 0->0 
0->0 0->0 0->0 0->0 0->0 0->0 78->16 67->0 74->0 68->0 71->0 66->0 71->255 109->0 71->128 98->0 82->0 100->0 157->255 131->128 147->255 130->0 145->64 67->0 0->176 0->96 0->255 0->64 0->176 0->0 0->48 0->32 0->255 0->48 0->208 0->0 
0->0 0->0 0->0 0->0 0->0 0->0 140->16 167->0 99->0 130->0 130->0 129->0 88->255 135->0 80->128 67->0 159->0 150->0 131->255 90->128 158->255 78->0 175->64 138->0 0->176 0->96 0->255 0->64 0->176 0->0 0->48 0->32 0->255 0->48 0->208 0->0 
0->0 0->0 0->0 0->0 0->0 0->0 80->16 141->0 151->0 145->0 155->0 74->0 86->255 70->0 96->128 149->0 151->0 144->0 150->255 77->128 89->255 65->0 71->64 150->0 0->176 0->96 0->255 0->64 0->176 0->0 0->48 0->32 0->255 0->48 0->208 0->0 
0->0 0->0 0->0 0->0 0->0 0->0 160->16 99->0 70->0 109->0 81->0 117->0 164->255 138->0 172->128 66->0 170->0 66->0 99->255 67->128 99->255 133->0 70->64 146->0 0->176 0->96 0->255 0->64 0->176 0->0 0->48 0->32 0->255 0->48 0->208 0->0 
0->0 0->0 0->0 0->0 0->0 0->0 93->16 92->0 82->0 75->0 92->0 90->0 148->255 81->0 130->128 76->0 133->0 82->0 156->255 136->128 148->255 136->0 159->64 153->0 0->176 0->96 0->255 0->64 0->176 0->0 0->48 0->32 0->255 0->48 0->208 0->0 
0->0 0->0 0->0 0->0 0->0 0->0 144->16 72->0 160->0 78->0 161->0 65->0 84->255 81->0 77->128 78->0 70->0 79->0 72->255 113->128 70->255 118->0 70->64 105->0 0->176 0->96 0->255 0->64 0->176 0->0 0->48 0->32 0->255 0->48 0->208 0->0 
0->0 0->0 0->0 0->0 0->0 0->0 160->16 147->0 70->0 154->0 96->0 146->0 156->255 141->0 77->128 160->0 84->0 160->0 152->255 138->128 69->255 154->0 72->64 151->0 0->176 0->96 0->255 0->64 0->176 0->0 0->48 0->32 0->255 0->48 0->208 0->0 
0->0 0->0 0->0 0->0 0->0 0->0 147->16 134->0 91->0 156->0 75->0 140->0 139->255 161->0 86->128 161->0 130->0 151->0 141->255 153->128 86->255 143->0 149->64 146->0 0->176 0->96 0->255 0->64 0->176 0->0 0->48 0->32 0->255 0->48 0->208 0->0 
0->0 0->0 0->0 0->0 0->0 0->0 0->16 0->0 0->0 0->0 0->0 0->0 78->255 67->0 74->128 68->0 71->0 66->0 71->255 109->128 71->255 98->0 82->64 100->0 157->176 131->96 147->255 130->64 145->176 67->0 0->48 0->32 0->255 0->48 0->208 0->0 
0->0 0->0 0->0 0->0 0->0 0->0 0->16 0->0 0->0 0->0 0->0 0->0 140->255 167->0 99->128 130->0 130->0 129->0 88->255 135->128 80->255 67->0 159->64 150->0 131->176 90->96 158->255 78->64 175->176 138->0 0->48 0->32 0->255 0->48 0->208 0->0 
0->0 0->0 0->0 0->0 0->0 0->0 0->16 0->0 0->0 0->0 0->0 0->0 80->255 141->0 151->128 145->0 155->0 74->0 86->255 70->128 96->255 149->0 151->64 144->0 150->176 77->96 89->255 65->64 71->176 150->0 0->48 0->32 0->255 0->48 0->208 0->0 
0->0 0->0 0->0 0->0 0->0 0->0 0->16 0->0 0->0 0->0 0->0 0->0 160->255 99->0 70->128 109->0 81->0 117->0 164->255 138->128 172->255 66->0 170->64 66->0 99->176 67->96 99->255 133->64 70->176 146->0 0->48 0->32 0->255 0->48 0->208 0->0 
0->0 0->0 0->0 0->0 0->0 0->0 0->16 0->0 0->0 0->0 0->0 0->0 93->255 92->0 82->128 75->0 92->0 90->0 148->255 81->128 130->255 76->0 133->64 82->0 156->176 136->96 148->255 136->64 159->176 153->0 0->48 0->32 0->255 0->48 0->208 0->0 
0->0 0->0 0->0 0->0 0->0 0->0 0->16 0->0 0->0 0->0 0->0 0->0 144->255 72->0 160->128 78->0 161->0 65->0 84->255 81->128 77->255 78->0 70->64 79->0 72->176 113->96 70->255 118->64 70->176 105->0 0->48 0->32 0->255 0->48 0->208 0->0 
0->0 0->0 0->0 0->0 0->0 0->0 0->16 0->0 0->0 0->0 0->0 0->0 160->255 147->0 70->128 154->0 96->0 146->0 156->255 141->128 77->255 160->0 84->64 160->0 152->176 138->96 69->255 154->64 72->176 151->0 0->48 0->32 0->255 0->48 0->208 0->0 
0->0 0->0 0->0 0->0 0->0 0->0 0->16 0->0 0->0 0->0 0->0 0->0 147->255 134->0 91->128 156->0 75->0 140->0 139->255 161->128 86->255 161->0 130->64 151->0 141->176 153->96 86->255 143->64 149->176 146->0 0->48 0->32 0->255 0->48 0->208 0->0 
0->0 0->0 0->0 0->0 0->0 0->0 0->16 0->0 0->0 0->0 0->0 0->0 0->255 0->0 0->128 0->0 0->0 0->0 78->255 67->128 74->255 68->0 71->64 66->0 71->176 109->96 71->255 98->64 82->176 100->0 157->48 131->32 147->255 130->48 145->208 67->0 
0->0 0->0 0->0 0->0 0->0 0->0 0->16 0->0 0->0 0->0 0->0 0->0 0->255 0->0 0->128 0->0 0->0 0->0 140->255 167->128 99->255 130->0 130->64 129->0 88->176 135->96 80->255 67->64 159->176 150->0 131->48 90->32 158->255 78->48 175->208 138->0 
0->0 0->0 0->0 0->0 0->0 0->0 0->16 0->0 0->0 0->0 0->0 0->0 0->255 0->0 0->128 0->0 0->0 0->0 80->255 141->128 151->255 145->0 155->64 74->0 86->176 70->96 96->255 149->64 151->176 144->0 150->48 77->32 89->255 65->48 71->208 150->0 
0->0 0->0 0->0 0->0 0->0 0->0 0->16 0->0 0->0 0->0 0->0 0->0 0->255 0->0 0->128 0->0 0->0 0->0 160->255 99->128 70->255 109->0 81->64 117->0 164->176 138->96 172->255 66->64 170->176 66->0 99->48 67->32 99->255 133->48 70->208 146->0 
0->0 0->0 0->0 0->0 0->0 0->0 0->16 0->0 0->0 0->0 0->0 0->0 0->255 0->0 0->128 0->0 0->0 0->0 93->255 92->128 82->255 75->0 92->64 90->0 148->176 81->96 130->255 76->64 133->176 82->0 156->48 136->32 148->255 136->48 159->208 153->0 
0->0 0->0 0->0 0->0 0->0 0->0 0->16 0->0 0->0 0->0 0->0 0->0 0->255 0->0 0->128 0->0 0->0 0->0 144->255 72->128 160->255 78->0 161->64 65->0 84->176 81->96 77->255 78->64 70->176 79->0 72->48 113->32 70->255 118->48 70->208 105->0 
0->0 0->0 0->0 0->0 0->0 0->0 0->16 0->0 0->0 0->0 0->0 0->0 0->255 0->0 0->128 0->0 0->0 0->0 160->255 147->128 70->255 154->0 96->64 146->0 156->176 141->96 77->255 160->64 84->176 160->0 152->48 138->32 69->255 154->48 72->208 151->0 
0->0 0->0 0->0 0->0 0->0 0->0 0->16 0->0 0->0 0->0 0->0 0->0 0->255 0->0 0->128 0->0 0->0 0->0 147->255 134->128 91->255 156->0 75->64 140->0 139->176 161->96 86->255 161->64 130->176 151->0 141->48 153->32 86->255 143->48 149->208 146->0 

78->176 67->96 74->255 68->64 71->176 66->0 71->48 109->32 71->255 98->48 82->208 100->0 157->32 131->0 147->240 130->32 145->208 67->0 0->32 0->0 0->255 0->32 0->208 0->0 0->128 0->0 0->255 0->32 0->192 0->48 0->240 0->0 0->240 0->64 0->80 0->48 
140->176 167->96 99->255 130->64 130->176 129->0 88->48 135->32 80->255 67->48 159->208 150->0 131->32 90->0 158->240 78->32 175->208 138->0 0->32 0->0 0->255 0->32 0->208 0->0 0->128 0->0 0->255 0->32 0->192 0->48 0->240 0->0 0->240 0->64 0->80 0->48 
80->176 141->96 151->255 145->64 155->176 74->0 86->48 70->32 96->255 149->48 151->208 144->0 150->32 77->0 89->240 65->32 71->208 150->0 0->32 0->0 0->255 0->32 0->208 0->0 0->128 0->0 0->255 0->32 0->192 0->48 0->240 0->0 0->240 0->64 0->80 0->48 
160->176 99->96 70->255 109->64 81->176 117->0 164->48 138->32 172->255 66->48 170->208 66->0 99->32 67->0 99->240 133->32 70->208 146->0 0->32 0->0 0->255 0->32 0->208 0->0 0->128 0->0 0->255 0->32 0->192 0->48 0->240 0->0 0->240 0->64 0->80 0->48 
93->176 92->96 82->255 75->64 92->176 90->0 148->48 81->32 130->255 76->48 133->208 82->0 156->32 136->0 148->240 136->32 159->208 153->0 0->32 0->0 0->255 0->32 0->208 0->0 0->128 0->0 0->255 0->32 0->192 0->48 0->240 0->0 0->240 0->64 0->80 0->48 
144->176 72->96 160->255 78->64 161->176 65->0 84->48 81->32 77->255 78->48 70->208 79->0 72->32 113->0 70->240 118->32 70->208 105->0 0->32 0->0 0->255 0->32 0->208 0->0 0->128 0->0 0->255 0->32 0->192 0->48 0->240 0->0 0->240 0->64 0->80 0->48 
160->176 147->96 70->255 154->64 96->176 146->0 156->48 141->32 77->255 160->48 84->208 160->0 152->32 138->0 69->240 154->32 72->208 151->0 0->32 0->0 0->255 0->32 0->208 0->0 0->128 0->0 0->255 0->32 0->192 0->48 0->240 0->0 0->240 0->64 0->80 0->48 
147->176 134->96 91->255 156->64 75->176 140->0 139->48 161->32 86->255 161->48 130->208 151->0 141->32 153->0 86->240 143->32 149->208 146->0 0->32 0->0 0->255 0->32 0->208 0->0 0->128 0->0 0->255 0->32 0->192 0->48 0->240 0->0 0->240 0->64 0->80 0->48 
0->176 0->96 0->255 0->64 0->176 0->0 78->48 67->32 74->255 68->48 71->208 66->0 71->32 109->0 71->240 98->32 82->208 100->0 157->32 131->0 147->255 130->32 145->208 67->0 0->128 0->0 0->255 0->32 0->192 0->48 0->240 0->0 0->240 0->64 0->80 0->48 
0->176 0->96 0->255 0->64 0->176 0->0 140->48 167->32 99->255 130->48 130->208 129->0 88->32 135->0 80->240 67->32 159->208 150->0 131->32 90->0 158->255 78->32 175->208 138->0 0->128 0->0 0->255 0->32 0->192 0->48 0->240 0->0 0->240 0->64 0->80 0->48 
0->176 0->96 0->255 0->64 0->176 0->0 80->48 141->32 151->255 145->48 155->208 74->0 86->32 70->0 96->240 149->32 151->208 144->0 150->32 77->0 89->255 65->32 71->208 150->0 0->128 0->0 0->255 0->32 0->192 0->48 0->240 0->0 0->240 0->64 0->80 0->48 
0->176 0->96 0->255 0->64 0->176 0->0 160->48 99->32 70->255 109->48 81->208 117->0 164->32 138->0 172->240 66->32 170->208 66->0 99->32 67->0 99->255 133->32 70->208 146->0 0->128 0->0 0->255 0->32 0->192 0->48 0->240 0->0 0->240 0->64 0->80 0->48 
0->176 0->96 0->255 0->64 0->176 0->0 93->48 92->32 82->255 75->48 92->208 90->0 148->32 81->0 130->240 76->32 133->208 82->0 156->32 136->0 148->255 136->32 159->208 153->0 0->128 0->0 0->255 0->32 0->192 0->48 0->240 0->0 0->240 0->64 0->80 0->48 
0->176 0->96 0->255 0->64 0->176 0->0 144->48 72->32 160->255 78->48 161->208 65->0 84->32 81->0 77->240 78->32 70->208 79->0 72->32 113->0 70->255 118->32 70->208 105->0 0->128 0->0 0->255 0->32 0->192 0->48 0->240 0->0 0->240 0->64 0->80 0->48 
0->176 0->96 0->255 0->64 0->176 0->0 160->48 147->32 70->255 154->48 96->208 146->0 156->32 141->0 77->240 160->32 84->208 160->0 152->32 138->0 69->255 154->32 72->208 151->0 0->128 0->0 0->255 0->32 0->192 0->48 0->240 0->0 0->240 0->64 0->80 0->48 
0->176 0->96 0->255 0->64 0->176 0->0 147->48 134->32 91->255 156->48 75->208 140->0 139->32 161->0 86->240 161->32 130->208 151->0 141->32 153->0 86->255 143->32 149->208 146->0 0->128 0->0 0->255 0->32 0->192 0->48 0->240 0->0 0->240 0->64 0->80 0->48 
0->176 0->96 0->255 0->64 0->176 0->0 0->48 0->32 0->255 0->48 0->208 0->0 78->32 67->0 74->240 68->32 71->208 66->0 71->32 109->0 71->255 98->32 82->208 100->0 157->128 131->0 147->255 130->32 145->192 67->48 0->240 0->0 0->240 0->64 0->80 0->48 
0->176 0->96 0->255 0->64 0->176 0->0 0->48 0->32 0->255 0->48 0->208 0->0 140->32 167->0 99->240 130->32 130->208 129->0 88->32 135->0 80->255 67->32 159->208 150->0 131->128 90->0 158->255 78->32 175->192 138->48 0->240 0->0 0->240 0->64 0->80 0->48 
0->176 0->96 0->255 0->64 0->176 0->0 0->48 0->32 0->255 0->48 0->208 0->0 80->32 141->0 151->240 145->32 155->208 74->0 86->32 70->0 96->255 149->32 151->208 144->0 150->128 77->0 89->255 65->32 71->192 150->48 0->240 0->0 0->240 0->64 0->80 0->48 
0->176 0->96 0->255 0->64 0->176 0->0 0->48 0->32 0->255 0->48 0->208 0->0 160->32 99->0 70->240 109->32 81->208 117->0 164->32 138->0 172->255 66->32 170->208 66->0 99->128 67->0 99->255 133->32 70->192 146->48 0->240 0->0 0->240 0->64 0->80 0->48 
0->176 0->96 0->255 0->64 0->176 0->0 0->48 0->32 0->255 0->48 0->208 0->0 93->32 92->0 82->240 75->32 92->208 90->0 148->32 81->0 130->255 76->32 133->208 82->0 156->128 136->0 148->255 136->32 159->192 153->48 0->240 0->0 0->240 0->64 0->80 0->48 
0->176 0->96 0->255 0->64 0->176 0->0 0->48 0->32 0->255 0->48 0->208 0->0 144->32 72->0 160->240 78->32 161->208 65->0 84->32 81->0 77->255 78->32 70->208 79->0 72->128 113->0 70->255 118->32 70->192 105->48 0->240 0->0 0->240 0->64 0->80 0->48 
0->176 0->96 0->255 0->64 0->176 0->0 0->48 0->32 0->255 0->48 0->208 0->0 160->32 147->0 70->240 154->32 96->208 146->0 156->32 141->0 77->255 160->32 84->208 160->0 152->128 138->0 69->255 154->32 72->192 151->48 0->240 0->0 0->240 0->64 0->80 0->48 
0->176 0->96 0->255 0->64 0->176 0->0 0->48 0->32 0->255 0->48 0->208 0->0 147->32 134->0 91->240 156->32 75->208 140->0 139->32 161->0 86->255 161->32 130->208 151->0 141->128 153->0 86->255 143->32 149->192 146->48 0->240 0->0 0->240 0->64 0->80 0->48 
0->176 0->96 0->255 0->64 0->176 0->0 0->48 0->32 0->255 0->48 0->208 0->0 0->32 0->0 0->240 0->32 0->208 0->0 78->32 67->0 74->255 68->32 71->208 66->0 71->128 109->0 71->255 98->32 82->192 100->48 157->240 131->0 147->240 130->64 145->80 67->48 
0->176 0->96 0->255 0->64 0->176 0->0 0->48 0->32 0->255 0->48 0->208 0->0 0->32 0->0 0->240 0->32 0->208 0->0 140->32 167->0 99->255 130->32 130->208 129->0 88->128 135->0 80->255 67->32 159->192 150->48 131->240 90->0 158->240 78->64 175->80 138->48 
0->176 0->96 0->255 0->64 0->176 0->0 0->48 0->32 0->255 0->48 0->208 0->0 0->32 0->0 0->240 0->32 0->208 0->0 80->32 141->0 151->255 145->32 155->208 74->0 86->128 70->0 96->255 149->32 151->192 144->48 150->240 77->0 89->240 65->64 71->80 150->48 
0->176 0->96 0->255 0->64 0->176 0->0 0->48 0->32 0->255 0->48 0->208 0->0 0->32 0->0 0->240 0->32 0->208 0->0 160->32 99->0 70->255 109->32 81->208 117->0 164->128 138->0 172->255 66->32 170->192 66->48 99->240 67->0 99->240 133->64 70->80 146->48 
0->176 0->96 0->255 0->64 0->176 0->0 0->48 0->32 0->255 0->48 0->208 0->0 0->32 0->0 0->240 0->32 0->208 0->0 93->32 92->0 82->255 75->32 92->208 90->0 148->128 81->0 130->255 76->32 133->192 82->48 156->240 136->0 148->240 136->64 159->80 153->48 
0->176 0->96 0->255 0->64 0->176 0->0 0->48 0->32 0->255 0->48 0->208 0->0 0->32 0->0 0->240 0->32 0->208 0->0 144->32 72->0 160->255 78->32 161->208 65->0 84->128 81->0 77->255 78->32 70->192 79->48 72->240 113->0 70->240 118->64 70->80 105->48 
0->176 0->96 0->255 0->64 0->176 0->0 0->48 0->32 0->255 0->48 0->208 0->0 0->32 0->0 0->240 0->32 0->208 0->0 160->32 147->0 70->255 154->32 96->208 146->0 156->128 141->0 77->255 160->32 84->192 160->48 152->240 138->0 69->240 154->64 72->80 151->48 
0->176 0->96 0->255 0->64 0->176 0->0 0->48 0->32 0->255 0->48 0->208 0->0 0->32 0->0 0->240 0->32 0->208 0->0 147->32 134->0 91->255 156->32 75->208 140->0 139->128 161->0 86->255 161->32 130->192 151->48 141->240 153->0 86->240 143->64 149->80 146->48 

78->128 67->0 74->255 68->32 71->192 66->48 71->240 109->0 71->240 98->64 82->80 100->48 157->255 131->80 147->144 130->64 145->0 67->0 0->144 0->112 0->16 0->32 0->0 0->0 0->0 0->0 0->0 0->0 0->0 0->0 0->0 0->0 0->0 0->0 0->0 0->0 
140->128 167->0 99->255 130->32 130->192 129->48 88->240 135->0 80->240 67->64 159->80 150->48 131->255 90->80 158->144 78->64 175->0 138->0 0->144 0->112 0->16 0->32 0->0 0->0 0->0 0->0 0->0 0->0 0->0 0->0 0->0 0->0 0->0 0->0 0->0 0->0 
80->128 141->0 151->255 145->32 155->192 74->48 86->240 70->0 96->240 149->64 151->80 144->48 150->255 77->80 89->144 65->64 71->0 150->0 0->144 0->112 0->16 0->32 0->0 0->0 0->0 0->0 0->0 0->0 0->0 0->0 0->0 0->0 0->0 0->0 0->0 0->0 
160->128 99->0 70->255 109->32 81->192 117->48 164->240 138->0 172->240 66->64 170->80 66->48 99->255 67->80 99->144 133->64 70->0 146->0 0->144 0->112 0->16 0->32 0->0 0->0 0->0 0->0 0->0 0->0 0->0 0->0 0->0 0->0 0->0 0->0 0->0 0->0 
93->128 92->0 82->255 75->32 92->192 90->48 148->240 81->0 130->240 76->64 133->80 82->48 156->255 136->80 148->144 136->64 159->0 153->0 0->144 0->112 0->16 0->32 0->0 0->0 0->0 0->0 0->0 0->0 0->0 0->0 0->0 0->0 0->0 0->0 0->0 0->0 
144->128 72->0 160->255 78->32 161->192 65->48 84->240 81->0 77->240 78->64 70->80 79->48 72->255 113->80 70->144 118->64 70->0 105->0 0->144 0->112 0->16 0->32 0->0 0->0 0->0 0->0 0->0 0->0 0->0 0->0 0->0 0->0 0->0 0->0 0->0 0->0 
160->128 147->0 70->255 154->32 96->192 146->48 156->240 141->0 77->240 160->64 84->80 160->48 152->255 138->80 69->144 154->64 72->0 151->0 0->144 0->112 0->16 0->32 0->0 0->0 0->0 0->0 0->0 0->0 0->0 0->0 0->0 0->0 0->0 0->0 0->0 0->0 
147->128 134->0 91->255 156->32 75->192 140->48 139->240 161->0 86->240 161->64 130->80 151->48 141->255 153->80 86->144 143->64 149->0 146->0 0->144 0->112 0->16 0->32 0->0 0->0 0->0 0->0 0->0 0->0 0->0 0->0 0->0 0->0 0->0 0->0 0->0 0->0 
0->128 0->0 0->255 0->32 0->192 0->48 78->240 67->0 74->240 68->64 71->80 66->48 71->255 109->80 71->144 98->64 82->0 100->0 157->144 131->112 147->16 130->32 145->0 67->0 0->0 0->0 0->0 0->0 0->0 0->0 0->0 0->0 0->0 0->0 0->0 0->0 
0->128 0->0 0->255 0->32 0->192 0->48 140->240 167->0 99->240 130->64 130->80 129->48 88->255 135->80 80->144 67->64 159->0 150->0 131->144 90->112 158->16 78->32 175->0 138->0 0->0 0->0 0->0 0->0 0->0 0->0 0->0 0->0 0->0 0->0 0->0 0->0 
0->128 0->0 0->255 0->32 0->192 0->48 80->240 141->0 151->240 145->64 155->80 74->48 86->255 70->80 96->144 149->64 151->0 144->0 150->144 77->112 89->16 65->32 71->0 150->0 0->0 0->0 0->0 0->0 0->0 0->0 0->0 0->0 0->0 0->0 0->0 0->0 
0->128 0->0 0->255 0->32 0->192 0->48 160->240 99->0 70->240 109->64 81->80 117->48 164->255 138->80 172->144 66->64 170->0 66->0 99->144 67->112 99->16 133->32 70->0 146->0 0->0 0->0 0->0 0->0 0->0 0->0 0->0 0->0 0->0 0->0 0->0 0->0 
0->128 0->0 0->255 0->32 0->192 0->48 93->240 92->0 82->240 75->64 92->80 90->48 148->255 81->80 130->144 76->64 133->0 82->0 156->144 136->112 148->16 136->32 159->0 153->0 0->0 0->0 0->0 0->0 0->0 0->0 0->0 0->0 0->0 0->0 0->0 0->0 
0->128 0->0 0->255 0->32 0->192 0->48 144->240 72->0 160->240 78->64 161->80 65->48 84->255 81->80 77->144 78->64 70->0 79->0 72->144 113->112 70->16 118->32 70->0 105->0 0->0 0->0 0->0 0->0 0->0 0->0 0->0 0->0 0->0 0->0 0->0 0->0 
0->128 0->0 0->255 0->32 0->192 0->48 160->240 147->0 70->240 154->64 96->80 146->48 156->255 141->80 77->144 160->64 84->0 160->0 152->144 138->112 69->16 154->32 72->0 151->0 0->0 0->0 0->0 0->0 0->0 0->0 0->0 0->0 0->0 0->0 0->0 0->0 
0->128 0->0 0->255 0->32 0->192 0->48 147->240 134->0 91->240 156->64 75->80 140->48 139->255 161->80 86->144 161->64 130->0 151->0 141->144 153->112 86->16 143->32 149->0 146->0 0->0 0->0 0->0 0->0 0->0 0->0 0->0 0->0 0->0 0->0 0->0 0->0 
0->128 0->0 0->255 0->32 0->192 0->48 0->240 0->0 0->240 0->64 0->80 0->48 78->255 67->80 74->144 68->64 71->0 66->0 71->144 109->112 71->16 98->32 82->0 100->0 157->0 131->0 147->0 130->0 145->0 67->0 0->0 0->0 0->0 0->0 0->0 0->0 
0->128 0->0 0->255 0->32 0->192 0->48 0->240 0->0 0->240 0->64 0->80 0->48 140->255 167->80 99->144 130->64 130->0 129->0 88->144 135->112 80->16 67->32 159->0 150->0 131->0 90->0 158->0 78->0 175->0 138->0 0->0 0->0 0->0 0->0 0->0 0->0 
0->128 0->0 0->255 0->32 0->192 0->48 0->240 0->0 0->240 0->64 0->80 0->48 80->255 141->80 151->144 145->64 155->0 74->0 86->144 70->112 96->16 149->32 151->0 144->0 150->0 77->0 89->0 65->0 71->0 150->0 0->0 0->0 0->0 0->0 0->0 0->0 
0->128 0->0 0->255 0->32 0->192 0->48 0->240 0->0 0->240 0->64 0->80 0->48 160->255 99->80 70->144 109->64 81->0 117->0 164->144 138->112 172->16 66->32 170->0 66->0 99->0 67->0 99->0 133->0 70->0 146->0 0->0 0->0 0->0 0->0 0->0 0->0 
0->128 0->0 0->255 0->32 0->192 0->48 0->240 0->0 0->240 0->64 0->80 0->48 93->255 92->80 82->144 75->64 92->0 90->0 148->144 81->112 130->16 76->32 133->0 82->0 156->0 136->0 148->0 136->0 159->0 153->0 0->0 0->0 0->0 0->0 0->0 0->0 
0->128 0->0 0->255 0->32 0->192 0->48 0->240 0->0 0->240 0->64 0->80 0->48 144->255 72->80 160->144 78->64 161->0 65->0 84->144 81->112 77->16 78->32 70->0 79->0 72->0 113->0 70->0 118->0 70->0 105->0 0->0 0->0 0->0 0->0 0->0 0->0 
0->128 0->0 0->255 0->32 0->192 0->48 0->240 0->0 0->240 0->64 0->80 0->48 160->255 147->80 70->144 154->64 96->0 146->0 156->144 141->112 77->16 160->32 84->0 160->0 152->0 138->0 69->0 154->0 72->0 151->0 0->0 0->0 0->0 0->0 0->0 0->0 
0->128 0->0 0->255 0->32 0->192 0->48 0->240 0->0 0->240 0->64 0->80 0->48 147->255 134->80 91->144 156->64 75->0 140->0 139->144 161->112 86->16 161->32 130->0 151->0 141->0 153->0 86->0 143->0 149->0 146->0 0->0 0->0 0->0 0->0 0->0 0->0 
0->128 0->0 0->255 0->32 0->192 0->48 0->240 0->0 0->240 0->64 0->80 0->48 0->255 0->80 0->144 0->64 0->0 0->0 78->144 67->112 74->16 68->32 71->0 66->0 71->0 109->0 71->0 98->0 82->0 100->0 157->0 131->0 147->0 130->0 145->0 67->0 
0->128 0->0 0->255 0->32 0->192 0->48 0->240 0->0 0->240 0->64 0->80 0->48 0->255 0->80 0->144 0->64 0->0 0->0 140->144 167->112 99->16 130->32 130->0 129->0 88->0 135->0 80->0 67->0 159->0 150->0 131->0 90->0 158->0 78->0 175->0 138->0 
0->128 0->0 0->255 0->32 0->192 0->48 0->240 0->0 0->240 0->64 0->80 0->48 0->255 0->80 0->144 0->64 0->0 0->0 80->144 141->112 151->16 145->32 155->0 74->0 86->0 70->0 96->0 149->0 151->0 144->0 150->0 77->0 89->0 65->0 71->0 150->0 
0->128 0->0 0->255 0->32 0->192 0->48 0->240 0->0 0->240 0->64 0->80 0->48 0->255 0->80 0->144 0->64 0->0 0->0 160->144 99->112 70->16 109->32 81->0 117->0 164->0 138->0 172->0 66->0 170->0 66->0 99->0 67->0 99->0 133->0 70->0 146->0 
0->128 0->0 0->255 0->32 0->192 0->48 0->240 0->0 0->240 0->64 0->80 0->48 0->255 0->80 0->144 0->64 0->0 0->0 93->144 92->112 82->16 75->32 92->0 90->0 148->0 81->0 130->0 76->0 133->0 82->0 156->0 136->0 148->0 136->0 159->0 153->0 
0->128 0->0 0->255 0->32 0->192 0->48 0->240 0->0 0->240 0->64 0->80 0->48 0->255 0->80 0->144 0->64 0->0 0->0 144->144 72->112 160->16 78->32 161->0 65->0 84->0 81->0 77->0 78->0 70->0 79->0 72->0 113->0 70->0 118->0 70->0 105->0 
0->128 0->0 0->255 0->32 0->192 0->48 0->240 0->0 0->240 0->64 0->80 0->48 0->255 0->80 0->144 0->64 0->0 0->0 160->144 147->112 70->16 154->32 96->0 146->0 156->0 141->0 77->0 160->0 84->0 160->0 152->0 138->0 69->0 154->0 72->0 151->0 
0->128 0->0 0->255 0->32 0->192 0->48 0->240 0->0 0->240 0->64 0->80 0->48 0->255 0->80 0->144 0->64 0->0 0->0 147->144 134->112 91->16 156->32 75->0 140->0 139->0 161->0 86->0 161->0 130->0 151->0 141->0 153->0 86->0 143->0 149->0 146->0 

78->0 67->0 74->0 68->0 71->0 66->0 71->0 109->0 71->0 98->0 82->0 100->0 157->128 131->0 147->0 130->0 145->0 67->0 0->255 0->0 0->64 0->0 0->0 0->0 0->255 0->64 0->176 0->0 0->0 0->0 0->255 0->48 0->208 0->0 0->0 0->0 
140->0 167->0 99->0 130->0 130->0 129->0 88->0 135->0 80->0 67->0 159->0 150->0 131->128 90->0 158->0 78->0 175->0 138->0 0->255 0->0 0->64 0->0 0->0 0->0 0->255 0->64 0->176 0->0 0->0 0->0 0->255 0->48 0->208 0->0 0->0 0->0 
80->0 141->0 151->0 145->0 155->0 74->0 86->0 70->0 96->0 149->0 151->0 144->0 150->128 77->0 89->0 65->0 71->0 150->0 0->255 0->0 0->64 0->0 0->0 0->0 0->255 0->64 0->176 0->0 0->0 0->0 0->255 0->48 0->208 0->0 0->0 0->0 
160->0 99->0 70->0 109->0 81->0 117->0 164->0 138->0 172->0 66->0 170->0 66->0 99->128 67->0 99->0 133->0 70->0 146->0 0->255 0->0 0->64 0->0 0->0 0->0 0->255 0->64 0->176 0->0 0->0 0->0 0->255 0->48 0->208 0->0 0->0 0->0 
93->0 92->0 82->0 75->0 92->0 90->0 148->0 81->0 130->0 76->0 133->0 82->0 156->128 136->0 148->0 136->0 159->0 153->0 0->255 0->0 0->64 0->0 0->0 0->0 0->255 0->64 0->176 0->0 0->0 0->0 0->255 0->48 0->208 0->0 0->0 0->0 
144->0 72->0 160->0 78->0 161->0 65->0 84->0 81->0 77->0 78->0 70->0 79->0 72->128 113->0 70->0 118->0 70->0 105->0 0->255 0->0 0->64 0->0 0->0 0->0 0->255 0->64 0->176 0->0 0->0 0->0 0->255 0->48 0->208 0->0 0->0 0->0 
160->0 147->0 70->0 154->0 96->0 146->0 156->0 141->0 77->0 160->0 84->0 160->0 152->128 138->0 69->0 154->0 72->0 151->0 0->255 0->0 0->64 0->0 0->0 0->0 0->255 0->64 0->176 0->0 0->0 0->0 0->255 0->48 0->208 0->0 0->0 0->0 
147->0 134->0 91->0 156->0 75->0 140->0 139->0 161->0 86->0 161->0 130->0 151->0 141->128 153->0 86->0 143->0 149->0 146->0 0->255 0->0 0->64 0->0 0->0 0->0 0->255 0->64 0->176 0->0 0->0 0->0 0->255 0->48 0->208 0->0 0->0 0->0 
0->0 0->0 0->0 0->0 0->0 0->0 78->0 67->0 74->0 68->0 71->0 66->0 71->128 109->0 71->0 98->0 82->0 100->0 157->255 131->0 147->64 130->0 145->0 67->0 0->255 0->64 0->176 0->0 0->0 0->0 0->255 0->48 0->208 0->0 0->0 0->0 
0->0 0->0 0->0 0->0 0->0 0->0 140->0 167->0 99->0 130->0 130->0 129->0 88->128 135->0 80->0 67->0 159->0 150->0 131->255 90->0 158->64 78->0 175->0 138->0 0->255 0->64 0->176 0->0 0->0 0->0 0->255 0->48 0->208 0->0 0->0 0->0 
0->0 0->0 0->0 0->0 0->0 0->0 80->0 141->0 151->0 145->0 155->0 74->0 86->128 70->0 96->0 149->0 151->0 144->0 150->255 77->0 89->64 65->0 71->0 150->0 0->255 0->64 0->176 0->0 0->0 0->0 0->255 0->48 0->208 0->0 0->0 0->0 
0->0 0->0 0->0 0->0 0->0 0->0 160->0 99->0 70->0 109->0 81->0 117->0 164->128 138->0 172->0 66->0 170->0 66->0 99->255 67->0 99->64 133->0 70->0 146->0 0->255 0->64 0->176 0->0 0->0 0->0 0->255 0->48 0->208 0->0 0->0 0->0 
0->0 0->0 0->0 0->0 0->0 0->0 93->0 92->0 82->0 75->0 92->0 90->0 148->128 81->0 130->0 76->0 133->0 82->0 156->255 136->0 148->64 136->0 159->0 153->0 0->255 0->64 0->176 0->0 0->0 0->0 0->255 0->48 0->208 0->0 0->0 0->0 
0->0 0->0 0->0 0->0 0->0 0->0 144->0 72->0 160->0 78->0 161->0 65->0 84->128 81->0 77->0 78->0 70->0 79->0 72->255 113->0 70->64 118->0 70->0 105->0 0->255 0->64 0->176 0->0 0->0 0->0 0->255 0->48 0->208 0->0 0->0 0->0 
0->0 0->0 0->0 0->0 0->0 0->0 160->0 147->0 70->0 154->0 96->0 146->0 156->128 141->0 77->0 160->0 84->0 160->0 152->255 138->0 69->64 154->0 72->0 151->0 0->255 0->64 0->176 0->0 0->0 0->0 0->255 0->48 0->208 0->0 0->0 0->0 
0->0 0->0 0->0 0->0 0->0 0->0 147->0 134->0 91->0 156->0 75->0 140->0 139->128 161->0 86->0 161->0 130->0 151->0 141->255 153->0 86->64 143->0 149->0 146->0 0->255 0->64 0->176 0->0 0->0 0->0 0->255 0->48 0->208 0->0 0->0 0->0 
0->0 0->0 0->0 0->0 0->0 0->0 0->0 0->0 0->0 0->0 0->0 0->0 78->128 67->0 74->0 68->0 71->0 66->0 71->255 109->0 71->64 98->0 82->0 100->0 157->255 131->64 147->176 130->0 145->0 67->0 0->255 0->48 0->208 0->0 0->0 0->0 
0->0 0->0 0->0 0->0 0->0 0->0 0->0 0->0 0->0 0->0 0->0 0->0 140->128 167->0 99->0 130->0 130->0 129->0 88->255 135->0 80->64 67->0 159->0 150->0 131->255 90->64 158->176 78->0 175->0 138->0 0->255 0->48 0->208 0->0 0->0 0->0 
0->0 0->0 0->0 0->0 0->0 0->0 0->0 0->0 0->0 0->0 0->0 0->0 80->128 141->0 151->0 145->0 155->0 74->0 86->255 70->0 96->64 149->0 151->0 144->0 150->255 77->64 89->176 65->0 71->0 150->0 0->255 0->48 0->208 0->0 0->0 0->0 
0->0 0->0 0->0 0->0 0->0 0->0 0->0 0->0 0->0 0->0 0->0 0->0 160->128 99->0 70->0 109->0 81->0 117->0 164->255 138->0 172->64 66->0 170->0 66->0 99->255 67->64 99->176 133->0 70->0 146->0 0->255 0->48 0->208 0->0 0->0 0->0 
0->0 0->0 0->0 0->0 0->0 0->0 0->0 0->0 0->0 0->0 0->0 0->0 93->128 92->0 82->0 75->0 92->0 90->0 148->255 81->0 130->64 76->0 133->0 82->0 156->255 136->64 148->176 136->0 159->0 153->0 0->255 0->48 0->208 0->0 0->0 0->0 
0->0 0->0 0->0 0->0 0->0 0->0 0->0 0->0 0->0 0->0 0->0 0->0 144->128 72->0 160->0 78->0 161->0 65->0 84->255 81->0 77->64 78->0 70->0 79->0 72->255 113->64 70->176 118->0 70->0 105->0 0->255 0->48 0->208 0->0 0->0 0->0 
0->0 0->0 0->0 0->0 0->0 0->0 0->0 0->0 0->0 0->0 0->0 0->0 160->128 147->0 70->0 154->0 96->0 146->0 156->255 141->0 77->64 160->0 84->0 160->0 152->255 138->64 69->176 154->0 72->0 151->0 0->255 0->48 0->208 0->0 0->0 0->0 
0->0 0->0 0->0 0->0 0->0 0->0 0->0 0->0 0->0 0->0 0->0 0->0 147->128 134->0 91->0 156->0 75->0 140->0 139->255 161->0 86->64 161->0 130->0 151->0 141->255 153->64 86->176 143->0 149->0 146->0 0->255 0->48 0->208 0->0 0->0 0->0 
0->0 0->0 0->0 0->0 0->0 0->0 0->0 0->0 0->0 0->0 0->0 0->0 0->128 0->0 0->0 0->0 0->0 0->0 78->255 67->0 74->64 68->0 71->0 66->0 71->255 109->64 71->176 98->0 82->0 100->0 157->255 131->48 147->208 130->0 145->0 67->0 
0->0 0->0 0->0 0->0 0->0 0->0 0->0 0->0 0->0 0->0 0->0 0->0 0->128 0->0 0->0 0->0 0->0 0->0 140->255 167->0 99->64 130->0 130->0 129->0 88->255 135->64 80->176 67->0 159->0 150->0 131->255 90->48 158->208 78->0 175->0 138->0 
0->0 0->0 0->0 0->0 0->0 0->0 0->0 0->0 0->0 0->0 0->0 0->0 0->128 0->0 0->0 0->0 0->0 0->0 80->255 141->0 151->64 145->0 155->0 74->0 86->255 70->64 96->176 149->0 151->0 144->0 150->255 77->48 89->208 65->0 71->0 150->0 
0->0 0->0 0->0 0->0 0->0 0->0 0->0 0->0 0->0 0->0 0->0 0->0 0->128 0->0 0->0 0->0 0->0 0->0 160->255 99->0 70->64 109->0 81->0 117->0 164->255 138->64 172->176 66->0 170->0 66->0 99->255 67->48 99->208 133->0 70->0 146->0 
0->0 0->0 0->0 0->0 0->0 0->0 0->0 0->0 0->0 0->0 0->0 0->0 0->128 0->0 0->0 0->0 0->0 0->0 93->255 92->0 82->64 75->0 92->0 90->0 148->255 81->64 130->176 76->0 133->0 82->0 156->255 136->48 148->208 136->0 159->0 153->0 
0->0 0->0 0->0 0->0 0->0 0->0 0->0 0->0 0->0 0->0 0->0 0->0 0->128 0->0 0->0 0->0 0->0 0->0 144->255 72->0 160->64 78->0 161->0 65->0 84->255 81->64 77->176 78->0 70->0 79->0 72->255 113->48 70->208 118->0 70->0 105->0 
0->0 0->0 0->0 0->0 0->0 0->0 0->0 0->0 0->0 0->0 0->0 0->0 0->128 0->0 0->0 0->0 0->0 0->0 160->255 147->0 70->64 154->0 96->0 146->0 156->255 141->64 77->176 160->0 84->0 160->0 152->255 138->48 69->208 154->0 72->0 151->0 
0->0 0->0 0->0 0->0 0->0 0->0 0->0 0->0 0->0 0->0 0->0 0->0 0->128 0->0 0->0 0->0 0->0 0->0 147->255 134->0 91->64 156->0 75->0 140->0 139->255 161->64 86->176 161->0 130->0 151->0 141->255 153->48 86->208 143->0 149->0 146->0 

78->255 67->64 74->176 68->0 71->0 66->0 71->255 109->48 71->208 98->0 82->0 100->0 157->240 131->32 147->208 130->0 145->0 67->0 0->255 0->32 0->208 0->0 0->0 0->0 0->255 0->32 0->192 0->48 0->0 0->0 0->240 0->64 0->80 0->48 0->0 0->0 
140->255 167->64 99->176 130->0 130->0 129->0 88->255 135->48 80->208 67->0 159->0 150->0 131->240 90->32 158->208 78->0 175->0 138->0 0->255 0->32 0->208 0->0 0->0 0->0 0->255 0->32 0->192 0->48 0->0 0->0 0->240 0->64 0->80 0->48 0->0 0->0 
80->255 141->64 151->176 145->0 155->0 74->0 86->255 70->48 96->208 149->0 151->0 144->0 150->240 77->32 89->208 65->0 71->0 150->0 0->255 0->32 0->208 0->0 0->0 0->0 0->255 0->32 0->192 0->48 0->0 0->0 0->240 0->64 0->80 0->48 0->0 0->0 
160->255 99->64 70->176 109->0 81->0 117->0 164->255 138->48 172->208 66->0 170->0 66->0 99->240 67->32 99->208 133->0 70->0 146->0 0->255 0->32 0->208 0->0 0->0 0->0 0->255 0->32 0->192 0->48 0->0 0->0 0->240 0->64 0->80 0->48 0->0 0->0 
93->255 92->64 82->176 75->0 92->0 90->0 148->255 81->48 130->208 76->0 133->0 82->0 156->240 136->32 148->208 136->0 159->0 153->0 0->255 0->32 0->208 0->0 0->0 0->0 0->255 0->32 0->192 0->48 0->0 0->0 0->240 0->64 0->80 0->48 0->0 0->0 
144->255 72->64 160->176 78->0 161->0 65->0 84->255 81->48 77->208 78->0 70->0 79->0 72->240 113->32 70->208 118->0 70->0 105->0 0->255 0->32 0->208 0->0 0->0 0->0 0->255 0->32 0->192 0->48 0->0 0->0 0->240 0->64 0->80 0->48 0->0 0->0 
160->255 147->64 70->176 154->0 96->0 146->0 156->255 141->48 77->208 160->0 84->0 160->0 152->240 138->32 69->208 154->0 72->0 151->0 0->255 0->32 0->208 0->0 0->0 0->0 0->255 0->32 0->192 0->48 0->0 0->0 0->240 0->64 0->80 0->48 0->0 0->0 
147->255 134->64 91->176 156->0 75->0 140->0 139->255 161->48 86->208 161->0 130->0 151->0 141->240 153->32 86->208 143->0 149->0 146->0 0->255 0->32 0->208 0->0 0->0 0->0 0->255 0->32 0->192 0->48 0->0 0->0 0->240 0->64 0->80 0->48 0->0 0->0 
0->255 0->64 0->176 0->0 0->0 0->0 78->255 67->48 74->208 68->0 71->0 66->0 71->240 109->32 71->208 98->0 82->0 100->0 157->255 131->32 147->208 130->0 145->0 67->0 0->255 0->32 0->192 0->48 0->0 0->0 0->240 0->64 0->80 0->48 0->0 0->0 
0->255 0->64 0->176 0->0 0->0 0->0 140->255 167->48 99->208 130->0 130->0 129->0 88->240 135->32 80->208 67->0 159->0 150->0 131->255 90->32 158->208 78->0 175->0 138->0 0->255 0->32 0->192 0->48 0->0 0->0 0->240 0->64 0->80 0->48 0->0 0->0 
0->255 0->64 0->176 0->0 0->0 0->0 80->255 141->48 151->208 145->0 155->0 74->0 86->240 70->32 96->208 149->0 151->0 144->0 150->255 77->32 89->208 65->0 71->0 150->0 0->255 0->32 0->192 0->48 0->0 0->0 0->240 0->64 0->80 0->48 0->0 0->0 
0->255 0->64 0->176 0->0 0->0 0->0 160->255 99->48 70->208 109->0 81->0 117->0 164->240 138->32 172->208 66->0 170->0 66->0 99->255 67->32 99->208 133->0 70->0 146->0 0->255 0->32 0->192 0->48 0->0 0->0 0->240 0->64 0->80 0->48 0->0 0->0 
0->255 0->64 0->176 0->0 0->0 0->0 93->255 92->48 82->208 75->0 92->0 90->0 148->240 81->32 130->208 76->0 133->0 82->0 156->255 136->32 148->208 136->0 159->0 153->0 0->255 0->32 0->192 0->48 0->0 0->0 0->240 0->64 0->80 0->48 0->0 0->0 
0->255 0->64 0->176 0->0 0->0 0->0 144->255 72->48 160->208 78->0 161->0 65->0 84->240 81->32 77->208 78->0 70->0 79->0 72->255 113->32 70->208 118->0 70->0 105->0 0->255 0->32 0->192 0->48 0->0 0->0 0->240 0->64 0->80 0->48 0->0 0->0 
0->255 0->64 0->176 0->0 0->0 0->0 160->255 147->48 70->208 154->0 96->0 146->0 156->240 141->32 77->208 160->0 84->0 160->0 152->255 138->32 69->208 154->0 72->0 151->0 0->255 0->32 0->192 0->48 0->0 0->0 0->240 0->64 0->80 0->48 0->0 0->0 
0->255 0->64 0->176 0->0 0->0 0->0 147->255 134->48 91->208 156->0 75->0 140->0 139->240 161->32 86->208 161->0 130->0 151->0 141->255 153->32 86->208 143->0 149->0 146->0 0->255 0->32 0->192 0->48 0->0 0->0 0->240 0->64 0->80 0->48 0->0 0->0 
0->255 0->64 0->176 0->0 0->0 0->0 0->255 0->48 0->208 0->0 0->0 0->0 78->240 67->32 74->208 68->0 71->0 66->0 71->255 109->32 71->208 98->0 82->0 100->0 157->255 131->32 147->192 130->48 145->0 67->0 0->240 0->64 0->80 0->48 0->0 0->0 
0->255 0->64 0->176 0->0 0->0 0->0 0->255 0->48 0->208 0->0 0->0 0->0 140->240 167->32 99->208 130->0 130->0 129->0 88->255 135->32 80->208 67->0 159->0 150->0 131->255 90->32 158->192 78->48 175->0 138->0 0->240 0->64 0->80 0->48 0->0 0->0 
0->255 0->64 0->176 0->0 0->0 0->0 0->255 0->48 0->208 0->0 0->0 0->0 80->240 141->32 151->208 145->0 155->0 74->0 86->255 70->32 96->208 149->0 151->0 144->0 150->255 77->32 89->192 65->48 71->0 150->0 0->240 0->64 0->80 0->48 0->0 0->0 
0->255 0->64 0->176 0->0 0->0 0->0 0->255 0->48 0->208 0->0 0->0 0->0 160->240 99->32 70->208 109->0 81->0 117->0 164->255 138->32 172->208 66->0 170->0 66->0 99->255 67->32 99->192 133->48 70->0 146->0 0->240 0->64 0->80 0->48 0->0 0->0 
0->255 0->64 0->176 0->0 0->0 0->0 0->255 0->48 0->208 0->0 0->0 0->0 93->240 92->32 82->208 75->0 92->0 90->0 148->255 81->32 130->208 76->0 133->0 82->0 156->255 136->32 148->192 136->48 159->0 153->0 0->240 0->64 0->80 0->48 0->0 0->0 
0->255 0->64 0->176 0->0 0->0 0->0 0->255 0->48 0->208 0->0 0->0 0->0 144->240 72->32 160->208 78->0 161->0 65->0 84->255 81->32 77->208 78->0 70->0 79->0 72->255 113->32 70->192 118->48 70->0 105->0 0->240 0->64 0->80 0->48 0->0 0->0 
0->255 0->64 0->176 0->0 0->0 0->0 0->255 0->48 0->208 0->0 0->0 0->0 160->240 147->32 70->208 154->0 96->0 146->0 156->255 141->32 77->208 160->0 84->0 160->0 152->255 138->32 69->192 154->48 72->0 151->0 0->240 0->64 0->80 0->48 0->0 0->0 
0->255 0->64 0->176 0->0 0->0 0->0 0->255 0->48 0->208 0->0 0->0 0->0 147->240 134->32 91->208 156->0 75->0 140->0 139->255 161->32 86->208 161->0 130->0 151->0 141->255 153->32 86->192 143->48 149->0 146->0 0->240 0->64 0->80 0->48 0->0 0->0 
0->255 0->64 0->176 0->0 0->0 0->0 0->255 0->48 0->208 0->0 0->0 0->0 0->240 0->32 0->208 0->0 0->0 0->0 78->255 67->32 74->208 68->0 71->0 66->0 71->255 109->32 71->192 98->48 82->0 100->0 157->240 131->64 147->80 130->48 145->0 67->0 
0->255 0->64 0->176 0->0 0->0 0->0 0->255 0->48 0->208 0->0 0->0 0->0 0->240 0->32 0->208 0->0 0->0 0->0 140->255 167->32 99->208 130->0 130->0 129->0 88->255 135->32 80->192 67->48 159->0 150->0 131->240 90->64 158->80 78->48 175->0 138->0 
0->255 0->64 0->176 0->0 0->0 0->0 0->255 0->48 0->208 0->0 0->0 0->0 0->240 0->32 0->208 0->0 0->0 0->0 80->255 141->32 151->208 145->0 155->0 74->0 86->255 70->32 96->192 149->48 151->0 144->0 150->240 77->64 89->80 65->48 71->0 150->0 
0->255 0->64 0->176 0->0 0->0 0->0 0->255 0->48 0->208 0->0 0->0 0->0 0->240 0->32 0->208 0->0 0->0 0->0 160->255 99->32 70->208 109->0 81->0 117->0 164->255 138->32 172->192 66->48 170->0 66->0 99->240 67->64 99->80 133->48 70->0 146->0 
0->255 0->64 0->176 0->0 0->0 0->0 0->255 0->48 0->208 0->0 0->0 0->0 0->240 0->32 0->208 0->0 0->0 0->0 93->255 92->32 82->208 75->0 92->0 90->0 148->255 81->32 130->192 76->48 133->0 82->0 156->240 136->64 148->80 136->48 159->0 153->0 
0->255 0->64 0->176 0->0 0->0 0->0 0->255 0->48 0->208 0->0 0->0 0->0 0->240 0->32 0->208 0->0 0->0 0->0 144->255 72->32 160->208 78->0 161->0 65->0 84->255 81->32 77->192 78->48 70->0 79->0 72->240 113->64 70->80 118->48 70->0 105->0 
0->255 0->64 0->176 0->0 0->0 0->0 0->255 0->48 0->208 0->0 0->0 0->0 0->240 0->32 0->208 0->0 0->0 0->0 160->255 147->32 70->208 154->0 96->0 146->0 156->255 141->32 77->192 160->48 84->0 160->0 152->240 138->64 69->80 154->48 72->0 151->0 
0->255 0->64 0->176 0->0 0->0 0->0 0->255 0->48 0->208 0->0 0->0 0->0 0->240 0->32 0->208 0->0 0->0 0->0 147->255 134->32 91->208 156->0 75->0 140->0 139->255 161->32 86->192 161->48 130->0 151->0 141->240 153->64 86->80 143->48 149->0 146->0 

78->255 67->32 74->192 68->48 71->0 66->0 71->240 109->64 71->80 98->48 82->0 100->0 157->144 131->64 147->0 130->0 145->0 67->0 0->16 0->32 0->0 0->0 0->0 0->0 0->0 0->0 0->0 0->0 0->0 0->0 0->0 0->0 0->0 0->0 0->0 0->0 
140->255 167->32 99->192 130->48 130->0 129->0 88->240 135->64 80->80 67->48 159->0 150->0 131->144 90->64 158->0 78->0 175->0 138->0 0->16 0->32 0->0 0->0 0->0 0->0 0->0 0->0 0->0 0->0 0->0 0->0 0->0 0->0 0->0 0->0 0->0 0->0 
80->255 141->32 151->192 145->48 155->0 74->0 86->240 70->64 96->80 149->48 151->0 144->0 150->144 77->64 89->0 65->0 71->0 150->0 0->16 0->32 0->0 0->0 0->0 0->0 0->0 0->0 0->0 0->0 0->0 0->0 0->0 0->0 0->0 0->0 0->0 0->0 
160->255 99->32 70->192 109->48 81->0 117->0 164->240 138->64 172->80 66->48 170->0 66->0 99->144 67->64 99->0 133->0 70->0 146->0 0->16 0->32 0->0 0->0 0->0 0->0 0->0 0->0 0->0 0->0 0->0 0->0 0->0 0->0 0->0 0->0 0->0 0->0 
93->255 92->32 82->192 75->48 92->0 90->0 148->240 81->64 130->80 76->48 133->0 82->0 156->144 136->64 148->0 136->0 159->0 153->0 0->16 0->32 0->0 0->0 0->0 0->0 0->0 0->0 0->0 0->0 0->0 0->0 0->0 0->0 0->0 0->0 0->0 0->0 
144->255 72->32 160->192 78->48 161->0 65->0 84->240 81->64 77->80 78->48 70->0 79->0 72->144 113->64 70->0 118->0 70->0 105->0 0->16 0->32 0->0 0->0 0->0 0->0 0->0 0->0 0->0 0->0 0->0 0->0 0->0 0->0 0->0 0->0 0->0 0->0 
160->255 147->32 70->192 154->48 96->0 146->0 156->240 141->64 77->80 160->48 84->0 160->0 152->144 138->64 69->0 154->0 72->0 151->0 0->16 0->32 0->0 0->0 0->0 0->0 0->0 0->0 0->0 0->0 0->0 0->0 0->0 0->0 0->0 0->0 0->0 0->0 
147->255 134->32 91->192 156->48 75->0 140->0 139->240 161->64 86->80 161->48 130->0 151->0 141->144 153->64 86->0 143->0 149->0 146->0 0->16 0->32 0->0 0->0 0->0 0->0 0->0 0->0 0->0 0->0 0->0 0->0 0->0 0->0 0->0 0->0 0->0 0->0 
0->255 0->32 0->192 0->48 0->0 0->0 78->240 67->64 74->80 68->48 71->0 66->0 71->144 109->64 71->0 98->0 82->0 100->0 157->16 131->32 147->0 130->0 145->0 67->0 0->0 0->0 0->0 0->0 0->0 0->0 0->0 0->0 0->0 0->0 0->0 0->0 
0->255 0->32 0->192 0->48 0->0 0->0 140->240 167->64 99->80 130->48 130->0 129->0 88->144 135->64 80->0 67->0 159->0 150->0 131->16 90->32 158->0 78->0 175->0 138->0 0->0 0->0 0->0 0->0 0->0 0->0 0->0 0->0 0->0 0->0 0->0 0->0 
0->255 0->32 0->192 0->48 0->0 0->0 80->240 141->64 151->80 145->48 155->0 74->0 86->144 70->64 96->0 149->0 151->0 144->0 150->16 77->32 89->0 65->0 71->0 150->0 0->0 0->0 0->0 0->0 0->0 0->0 0->0 0->0 0->0 0->0 0->0 0->0 
0->255 0->32 0->192 0->48 0->0 0->0 160->240 99->64 70->80 109->48 81->0 117->0 164->144 138->64 172->0 66->0 170->0 66->0 99->16 67->32 99->0 133->0 70->0 146->0 0->0 0->0 0->0 0->0 0->0 0->0 0->0 0->0 0->0 0->0 0->0 0->0 
0->255 0->32 0->192 0->48 0->0 0->0 93->240 92->64 82->80 75->48 92->0 90->0 148->144 81->64 130->0 76->0 133->0 82->0 156->16 136->32 148->0 136->0 159->0 153->0 0->0 0->0 0->0 0->0 0->0 0->0 0->0 0->0 0->0 0->0 0->0 0->0 
0->255 0->32 0->192 0->48 0->0 0->0 144->240 72->64 160->80 78->48 161->0 65->0 84->144 81->64 77->0 78->0 70->0 79->0 72->16 113->32 70->0 118->0 70->0 105->0 0->0 0->0 0->0 0->0 0->0 0->0 0->0 0->0 0->0 0->0 0->0 0->0 
0->255 0->32 0->192 0->48 0->0 0->0 160->240 147->64 70->80 154->48 96->0 146->0 156->144 141->64 77->0 160->0 84->0 160->0 152->16 138->32 69->0 154->0 72->0 151->0 0->0 0->0 0->0 0->0 0->0 0->0 0->0 0->0 0->0 0->0 0->0 0->0 
0->255 0->32 0->192 0->48 0->0 0->0 147->240 134->64 91->80 156->48 75->0 140->0 139->144 161->64 86->0 161->0 130->0 151->0 141->16 153->32 86->0 143->0 149->0 146->0 0->0 0->0 0->0 0->0 0->0 0->0 0->0 0->0 0->0 0->0 0->0 0->0 
0->255 0->32 0->192 0->48 0->0 0->0 0->240 0->64 0->80 0->48 0->0 0->0 78->144 67->64 74->0 68->0 71->0 66->0 71->16 109->32 71->0 98->0 82->0 100->0 157->0 131->0 147->0 130->0 145->0 67->0 0->0 0->0 0->0 0->0 0->0 0->0 
0->255 0->32 0->192 0->48 0->0 0->0 0->240 0->64 0->80 0->48 0->0 0->0 140->144 167->64 99->0 130->0 130->0 129->0 88->16 135->32 80->0 67->0 159->0 150->0 131->0 90->0 158->0 78->0 175->0 138->0 0->0 0->0 0->0 0->0 0->0 0->0 
0->255 0->32 0->192 0->48 0->0 0->0 0->240 0->64 0->80 0->48 0->0 0->0 80->144 141->64 151->0 145->0 155->0 74->0 86->16 70->32 96->0 149->0 151->0 144->0 150->0 77->0 89->0 65->0 71->0 150->0 0->0 0->0 0->0 0->0 0->0 0->0 
0->255 0->32 0->192 0->48 0->0 0->0 0->240 0->64 0->80 0->48 0->0 0->0 160->144 99->64 70->0 109->0 81->0 117->0 164->16 138->32 172->0 66->0 170->0 66->0 99->0 67->0 99->0 133->0 70->0 146->0 0->0 0->0 0->0 0->0 0->0 0->0 
0->255 0->32 0->192 0->48 0->0 0->0 0->240 0->64 0->80 0->48 0->0 0->0 93->144 92->64 82->0 75->0 92->0 90->0 148->16 81->32 130->0 76->0 133->0 82->0 156->0 136->0 148->0 136->0 159->0 153->0 0->0 0->0 0->0 0->0 0->0 0->0 
0->255 0->32 0->192 0->48 0->0 0->0 0->240 0->64 0->80 0->48 0->0 0->0 144->144 72->64 160->0 78->0 161->0 65->0 84->16 81->32 77->0 78->0 70->0 79->0 72->0 113->0 70->0 118->0 70->0 105->0 0->0 0->0 0->0 0->0 0->0 0->0 
0->255 0->32 0->192 0->48 0->0 0->0 0->240 0->64 0->80 0->48 0->0 0->0 160->144 147->64 70->0 154->0 96->0 146->0 156->16 141->32 77->0 160->0 84->0 160->0 152->0 138->0 69->0 154->0 72->0 151->0 0->0 0->0 0->0 0->0 0->0 0->0 
0->255 0->32 0->192 0->48 0->0 0->0 0->240 0->64 0->80 0->48 0->0 0->0 147->144 134->64 91->0 156->0 75->0 140->0 139->16 161->32 86->0 161->0 130->0 151->0 141->0 153->0 86->0 143->0 149->0 146->0 0->0 0->0 0->0 0->0 0->0 0->0 
0->255 0->32 0->192 0->48 0->0 0->0 0->240 0->64 0->80 0->48 0->0 0->0 0->144 0->64 0->0 0->0 0->0 0->0 78->16 67->32 74->0 68->0 71->0 66->0 71->0 109->0 71->0 98->0 82->0 100->0 157->0 131->0 147->0 130->0 145->0 67->0 
0->255 0->32 0->192 0->48 0->0 0->0 0->240 0->64 0->80 0->48 0->0 0->0 0->144 0->64 0->0 0->0 0->0 0->0 140->16 167->32 99->0 130->0 130->0 129->0 88->0 135->0 80->0 67->0 159->0 150->0 131->0 90->0 158->0 78->0 175->0 138->0 
0->255 0->32 0->192 0->48 0->0 0->0 0->240 0->64 0->80 0->48 0->0 0->0 0->144 0->64 0->0 0->0 0->0 0->0 80->16 141->32 151->0 145->0 155->0 74->0 86->0 70->0 96->0 149->0 151->0 144->0 150->0 77->0 89->0 65->0 71->0 150->0 
0->255 0->32 0->192 0->48 0->0 0->0 0->240 0->64 0->80 0->48 0->0 0->0 0->144 0->64 0->0 0->0 0->0 0->0 160->16 99->32 70->0 109->0 81->0 117->0 164->0 138->0 172->0 66->0 170->0 66->0 99->0 67->0 99->0 133->0 70->0 146->0 
0->255 0->32 0->192 0->48 0->0 0->0 0->240 0->64 0->80 0->48 0->0 0->0 0->144 0->64 0->0 0->0 0->0 0->0 93->16 92->32 82->0 75->0 92->0 90->0 148->0 81->0 130->0 76->0 133->0 82->0 156->0 136->0 148->0 136->0 159->0 153->0 
0->255 0->32 0->192 0->48 0->0 0->0 0->240 0->64 0->80 0->48 0->0 0->0 0->144 0->64 0->0 0->0 0->0 0->0 144->16 72->32 160->0 78->0 161->0 65->0 84->0 81->0 77->0 78->0 70->0 79->0 72->0 113->0 70->0 118->0 70->0 105->0 
0->255 0->32 0->192 0->48 0->0 0->0 0->240 0->64 0->80 0->48 0->0 0->0 0->144 0->64 0->0 0->0 0->0 0->0 160->16 147->32 70->0 154->0 96->0 146->0 156->0 141->0 77->0 160->0 84->0 160->0 152->0 138->0 69->0 154->0 72->0 151->0 
0->255 0->32 0->192 0->48 0->0 0->0 0->240 0->64 0->80 0->48 0->0 0->0 0->144 0->64 0->0 0->0 0->0 0->0 147->16 134->32 91->0 156->0 75->0 140->0 139->0 161->0 86->0 161->0 130->0 151->0 141->0 153->0 86->0 143->0 149->0 146->0 

78->0 67->0 74->0 68->0 71->0 66->0 71->0 109->0 71->0 98->0 82->0 100->0 157->0 131->0 147->0 130->0 145->0 67->0 0->64 0->0 0->0 0->0 0->0 0->0 0->176 0->0 0->0 0->0 0->0 0->0 0->208 0->0 0->0 0->0 0->0 0->0 
140->0 167->0 99->0 130->0 130->0 129->0 88->0 135->0 80->0 67->0 159->0 150->0 131->0 90->0 158->0 78->0 175->0 138->0 0->64 0->0 0->0 0->0 0->0 0->0 0->176 0->0 0->0 0->0 0->0 0->0 0->208 0->0 0->0 0->0 0->0 0->0 
80->0 141->0 151->0 145->0 155->0 74->0 86->0 70->0 96->0 149->0 151->0 144->0 150->0 77->0 89->0 65->0 71->0 150->0 0->64 0->0 0->0 0->0 0->0 0->0 0->176 0->0 0->0 0->0 0->0 0->0 0->208 0->0 0->0 0->0 0->0 0->0 
160->0 99->0 70->0 109->0 81->0 117->0 164->0 138->0 172->0 66->0 170->0 66->0 99->0 67->0 99->0 133->0 70->0 146->0 0->64 0->0 0->0 0->0 0->0 0->0 0->176 0->0 0->0 0->0 0->0 0->0 0->208 0->0 0->0 0->0 0->0 0->0 
93->0 92->0 82->0 75->0 92->0 90->0 148->0 81->0 130->0 76->0 133->0 82->0 156->0 136->0 148->0 136->0 159->0 153->0 0->64 0->0 0->0 0->0 0->0 0->0 0->176 0->0 0->0 0->0 0->0 0->0 0->208 0->0 0->0 0->0 0->0 0->0 
144->0 72->0 160->0 78->0 161->0 65->0 84->0 81->0 77->0 78->0 70->0 79->0 72->0 113->0 70->0 118->0 70->0 105->0 0->64 0->0 0->0 0->0 0->0 0->0 0->176 0->0 0->0 0->0 0->0 0->0 0->208 0->0 0->0 0->0 0->0 0->0 
160->0 147->0 70->0 154->0 96->0 146->0 156->0 141->0 77->0 160->0 84->0 160->0 152->0 138->0 69->0 154->0 72->0 151->0 0->64 0->0 0->0 0->0 0->0 0->0 0->176 0->0 0->0 0->0 0->0 0->0 0->208 0->0 0->0 0->0 0->0 0->0 
147->0 134->0 91->0 156->0 75->0 140->0 139->0 161->0 86->0 161->0 130->0 151->0 141->0 153->0 86->0 143->0 149->0 146->0 0->64 0->0 0->0 0->0 0->0 0->0 0->176 0->0 0->0 0->0 0->0 0->0 0->208 0->0 0->0 0->0 0->0 0->0 
0->0 0->0 0->0 0->0 0->0 0->0 78->0 67->0 74->0 68->0 71->0 66->0 71->0 109->0 71->0 98->0 82->0 100->0 157->64 131->0 147->0 130->0 145->0 67->0 0->176 0->0 0->0 0->0 0->0 0->0 0->208 0->0 0->0 0->0 0->0 0->0 
0->0 0->0 0->0 0->0 0->0 0->0 140->0 167->0 99->0 130->0 130->0 129->0 88->0 135->0 80->0 67->0 159->0 150->0 131->64 90->0 158->0 78->0 175->0 138->0 0->176 0->0 0->0 0->0 0->0 0->0 0->208 0->0 0->0 0->0 0->0 0->0 
0->0 0->0 0->0 0->0 0->0 0->0 80->0 141->0 151->0 145->0 155->0 74->0 86->0 70->0 96->0 149->0 151->0 144->0 150->64 77->0 89->0 65->0 71->0 150->0 0->176 0->0 0->0 0->0 0->0 0->0 0->208 0->0 0->0 0->0 0->0 0->0 
0->0 0->0 0->0 0->0 0->0 0->0 160->0 99->0 70->0 109->0 81->0 117->0 164->0 138->0 172->0 66->0 170->0 66->0 99->64 67->0 99->0 133->0 70->0 146->0 0->176 0->0 0->0 0->0 0->0 0->0 0->208 0->0 0->0 0->0 0->0 0->0 
0->0 0->0 0->0 0->0 0->0 0->0 93->0 92->0 82->0 75->0 92->0 90->0 148->0 81->0 130->0 76->0 133->0 82->0 156->64 136->0 148->0 136->0 159->0 153->0 0->176 0->0 0->0 0->0 0->0 0->0 0->208 0->0 0->0 0->0 0->0 0->0 
0->0 0->0 0->0 0->0 0->0 0->0 144->0 72->0 160->0 78->0 161->0 65->0 84->0 81->0 77->0 78->0 70->0 79->0 72->64 113->0 70->0 118->0 70->0 105->0 0->176 0->0 0->0 0->0 0->0 0->0 0->208 0->0 0->0 0->0 0->0 0->0 
0->0 0->0 0->0 0->0 0->0 0->0 160->0 147->0 70->0 154->0 96->0 146->0 156->0 141->0 77->0 160->0 84->0 160->0 152->64 138->0 69->0 154->0 72->0 151->0 0->176 0->0 0->0 0->0 0->0 0->0 0->208 0->0 0->0 0->0 0->0 0->0 
0->0 0->0 0->0 0->0 0->0 0->0 147->0 134->0 91->0 156->0 75->0 140->0 139->0 161->0 86->0 161->0 130->0 151->0 141->64 153->0 86->0 143->0 149->0 146->0 0->176 0->0 0->0 0->0 0->0 0->0 0->208 0->0 0->0 0->0 0->0 0->0 
0->0 0->0 0->0 0->0 0->0 0->0 0->0 0->0 0->0 0->0 0->0 0->0 78->0 67->0 74->0 68->0 71->0 66->0 71->64 109->0 71->0 98->0 82->0 100->0 157->176 131->0 147->0 130->0 145->0 67->0 0->208 0->0 0->0 0->0 0->0 0->0 
0->0 0->0 0->0 0->0 0->0 0->0 0->0 0->0 0->0 0->0 0->0 0->0 140->0 167->0 99->0 130->0 130->0 129->0 88->64 135->0 80->0 67->0 159->0 150->0 131->176 90->0 158->0 78->0 175->0 138->0 0->208 0->0 0->0 0->0 0->0 0->0 
0->0 0->0 0->0 0->0 0->0 0->0 0->0 0->0 0->0 0->0 0->0 0->0 80->0 141->0 151->0 145->0 155->0 74->0 86->64 70->0 96->0 149->0 151->0 144->0 150->176 77->0 89->0 65->0 71->0 150->0 0->208 0->0 0->0 0->0 0->0 0->0 
0->0 0->0 0->0 0->0 0->0 0->0 0->0 0->0 0->0 0->0 0->0 0->0 160->0 99->0 70->0 109->0 81->0 117->0 164->64 138->0 172->0 66->0 170->0 66->0 99->176 67->0 99->0 133->0 70->0 146->0 0->208 0->0 0->0 0->0 0->0 0->0 
0->0 0->0 0->0 0->0 0->0 0->0 0->0 0->0 0->0 0->0 0->0 0->0 93->0 92->0 82->0 75->0 92->0 90->0 148->64 81->0 130->0 76->0 133->0 82->0 156->176 136->0 148->0 136->0 159->0 153->0 0->208 0->0 0->0 0->0 0->0 0->0 
0->0 0->0 0->0 0->0 0->0 0->0 0->0 0->0 0->0 0->0 0->0 0->0 144->0 72->0 160->0 78->0 161->0 65->0 84->64 81->0 77->0 78->0 70->0 79->0 72->176 113->0 70->0 118->0 70->0 105->0 0->208 0->0 0->0 0->0 0->0 0->0 
0->0 0->0 0->0 0->0 0->0 0->0 0->0 0->0 0->0 0->0 0->0 0->0 160->0 147->0 70->0 154->0 96->0 146->0 156->64 141->0 77->0 160->0 84->0 160->0 152->176 138->0 69->0 154->0 72->0 151->0 0->208 0->0 0->0 0->0 0->0 0->0 
0->0 0->0 0->0 0->0 0->0 0->0 0->0 0->0 0->0 0->0 0->0 0->0 147->0 134->0 91->0 156->0 75->0 140->0 139->64 161->0 86->0 161->0 130->0 151->0 141->176 153->0 86->0 143->0 149->0 146->0 0->208 0->0 0->0 0->0 0->0 0->0 
0->0 0->0 0->0 0->0 0->0 0->0 0->0 0->0 0->0 0->0 0->0 0->0 0->0 0->0 0->0 0->0 0->0 0->0 78->64 67->0 74->0 68->0 71->0 66->0 71->176 109->0 71->0 98->0 82->0 100->0 157->208 131->0 147->0 130->0 145->0 67->0 
0->0 0->0 0->0 0->0 0->0 0->0 0->0 0->0 0->0 0->0 0->0 0->0 0->0 0->0 0->0 0->0 0->0 0->0 140->64 167->0 99->0 130->0 130->0 129->0 88->176 135->0 80->0 67->0 159->0 150->0 131->208 90->0 158->0 78->0 175->0 138->0 
0->0 0->0 0->0 0->0 0->0 0->0 0->0 0->0 0->0 0->0 0->0 0->0 0->0 0->0 0->0 0->0 0->0 0->0 80->64 141->0 151->0 145->0 155->0 74->0 86->176 70->0 96->0 149->0 151->0 144->0 150->208 77->0 89->0 65->0 71->0 150->0 
0->0 0->0 0->0 0->0 0->0 0->0 0->0 0->0 0->0 0->0 0->0 0->0 0->0 0->0 0->0 0->0 0->0 0->0 160->64 99->0 70->0 109->0 81->0 117->0 164->176 138->0 172->0 66->0 170->0 66->0 99->208 67->0 99->0 133->0 70->0 146->0 
0->0 0->0 0->0 0->0 0->0 0->0 0->0 0->0 0->0 0->0 0->0 0->0 0->0 0->0 0->0 0->0 0->0 0->0 93->64 92->0 82->0 75->0 92->0 90->0 148->176 81->0 130->0 76->0 133->0 82->0 156->208 136->0 148->0 136->0 159->0 153->0 
0->0 0->0 0->0 0->0 0->0 0->0 0->0 0->0 0->0 0->0 0->0 0->0 0->0 0->0 0->0 0->0 0->0 0->0 144->64 72->0 160->0 78->0 161->0 65->0 84->176 81->0 77->0 78->0 70->0 79->0 72->208 113->0 70->0 118->0 70->0 105->0 
0->0 0->0 0->0 0->0 0->0 0->0 0->0 0->0 0->0 0->0 0->0 0->0 0->0 0->0 0->0 0->0 0->0 0->0 160->64 147->0 70->0 154->0 96->0 146->0 156->176 141->0 77->0 160->0 84->0 160->0 152->208 138->0 69->0 154->0 72->0 151->0 
0->0 0->0 0->0 0->0 0->0 0->0 0->0 0->0 0->0 0->0 0->0 0->0 0->0 0->0 0->0 0->0 0->0 0->0 147->64 134->0 91->0 156->0 75->0 140->0 139->176 161->0 86->0 161->0 130->0 151->0 141->208 153->0 86->0 143->0 149->0 146->0 

78->176 67->0 74->0 68->0 71->0 66->0 71->208 109->0 71->0 98->0 82->0 100->0 157->208 131->0 147->0 130->0 145->0 67->0 0->208 0->0 0->0 0->0 0->0 0->0 0->192 0->48 0->0 0->0 0->0 0->0 0->80 0->48 0->0 0->0 0->0 0->0 
140->176 167->0 99->0 130->0 130->0 129->0 88->208 135->0 80->0 67->0 159->0 150->0 131->208 90->0 158->0 78->0 175->0 138->0 0->208 0->0 0->0 0->0 0->0 0->0 0->192 0->48 0->0 0->0 0->0 0->0 0->80 0->48 0->0 0->0 0->0 0->0 
80->176 141->0 151->0 145->0 155->0 74->0 86->208 70->0 96->0 149->0 151->0 144->0 150->208 77->0 89->0 65->0 71->0 150->0 0->208 0->0 0->0 0->0 0->0 0->0 0->192 0->48 0->0 0->0 0->0 0->0 0->80 0->48 0->0 0->0 0->0 0->0 
160->176 99->0 70->0 109->0 81->0 117->0 164->208 138->0 172->0 66->0 170->0 66->0 99->208 67->0 99->0 133->0 70->0 146->0 0->208 0->0 0->0 0->0 0->0 0->0 0->192 0->48 0->0 0->0 0->0 0->0 0->80 0->48 0->0 0->0 0->0 0->0 
93->176 92->0 82->0 75->0 92->0 90->0 148->208 81->0 130->0 76->0 133->0 82->0 156->208 136->0 148->0 136->0 159->0 153->0 0->208 0->0 0->0 0->0 0->0 0->0 0->192 0->48 0->0 0->0 0->0 0->0 0->80 0->48 0->0 0->0 0->0 0->0 
144->176 72->0 160->0 78->0 161->0 65->0 84->208 81->0 77->0 78->0 70->0 79->0 72->208 113->0 70->0 118->0 70->0 105->0 0->208 0->0 0->0 0->0 0->0 0->0 0->192 0->48 0->0 0->0 0->0 0->0 0->80 0->48 0->0 0->0 0->0 0->0 
160->176 147->0 70->0 154->0 96->0 146->0 156->208 141->0 77->0 160->0 84->0 160->0 152->208 138->0 69->0 154->0 72->0 151->0 0->208 0->0 0->0 0->0 0->0 0->0 0->192 0->48 0->0 0->0 0->0 0->0 0->80 0->48 0->0 0->0 0->0 0->0 
147->176 134->0 91->0 156->0 75->0 140->0 139->208 161->0 86->0 161->0 130->0 151->0 141->208 153->0 86->0 143->0 149->0 146->0 0->208 0->0 0->0 0->0 0->0 0->0 0->192 0->48 0->0 0->0 0->0 0->0 0->80 0->48 0->0 0->0 0->0 0->0 
0->176 0->0 0->0 0->0 0->0 0->0 78->208 67->0 74->0 68->0 71->0 66->0 71->208 109->0 71->0 98->0 82->0 100->0 157->208 131->0 147->0 130->0 145->0 67->0 0->192 0->48 0->0 0->0 0->0 0->0 0->80 0->48 0->0 0->0 0->0 0->0 
0->176 0->0 0->0 0->0 0->0 0->0 140->208 167->0 99->0 130->0 130->0 129->0 88->208 135->0 80->0 67->0 159->0 150->0 131->208 90->0 158->0 78->0 175->0 138->0 0->192 0->48 0->0 0->0 0->0 0->0 0->80 0->48 0->0 0->0 0->0 0->0 
0->176 0->0 0->0 0->0 0->0 0->0 80->208 141->0 151->0 145->0 155->0 74->0 86->208 70->0 96->0 149->0 151->0 144->0 150->208 77->0 89->0 65->0 71->0 150->0 0->192 0->48 0->0 0->0 0->0 0->0 0->80 0->48 0->0 0->0 0->0 0->0 
0->176 0->0 0->0 0->0 0->0 0->0 160->208 99->0 70->0 109->0 81->0 117->0 164->208 138->0 172->0 66->0 170->0 66->0 99->208 67->0 99->0 133->0 70->0 146->0 0->192 0->48 0->0 0->0 0->0 0->0 0->80 0->48 0->0 0->0 0->0 0->0 
0->176 0->0 0->0 0->0 0->0 0->0 93->208 92->0 82->0 75->0 92->0 90->0 148->208 81->0 130->0 76->0 133->0 82->0 156->208 136->0 148->0 136->0 159->0 153->0 0->192 0->48 0->0 0->0 0->0 0->0 0->80 0->48 0->0 0->0 0->0 0->0 
0->176 0->0 0->0 0->0 0->0 0->0 144->208 72->0 160->0 78->0 161->0 65->0 84->208 81->0 77->0 78->0 70->0 79->0 72->208 113->0 70->0 118->0 70->0 105->0 0->192 0->48 0->0 0->0 0->0 0->0 0->80 0->48 0->0 0->0 0->0 0->0 
0->176 0->0 0->0 0->0 0->0 0->0 160->208 147->0 70->0 154->0 96->0 146->0 156->208 141->0 77->0 160->0 84->0 160->0 152->208 138->0 69->0 154->0 72->0 151->0 0->192 0->48 0->0 0->0 0->0 0->0 0->80 0->48 0->0 0->0 0->0 0->0 
0->176 0->0 0->0 0->0 0->0 0->0 147->208 134->0 91->0 156->0 75->0 140->0 139->208 161->0 86->0 161->0 130->0 151->0 141->208 153->0 86->0 143->0 149->0 146->0 0->192 0->48 0->0 0->0 0->0 0->0 0->80 0->48 0->0 0->0 0->0 0->0 
0->176 0->0 0->0 0->0 0->0 0->0 0->208 0->0 0->0 0->0 0->0 0->0 78->208 67->0 74->0 68->0 71->0 66->0 71->208 109->0 71->0 98->0 82->0 100->0 157->192 131->48 147->0 130->0 145->0 67->0 0->80 0->48 0->0 0->0 0->0 0->0 
0->176 0->0 0->0 0->0 0->0 0->0 0->208 0->0 0->0 0->0 0->0 0->0 140->208 167->0 99->0 130->0 130->0 129->0 88->208 135->0 80->0 67->0 159->0 150->0 131->192 90->48 158->0 78->0 175->0 138->0 0->80 0->48 0->0 0->0 0->0 0->0 
0->176 0->0 0->0 0->0 0->0 0->0 0->208 0->0 0->0 0->0 0->0 0->0 80->208 141->0 151->0 145->0 155->0 74->0 86->208 70->0 96->0 149->0 151->0 144->0 150->192 77->48 89->0 65->0 71->0 150->0 0->80 0->48 0->0 0->0 0->0 0->0 
0->176 0->0 0->0 0->0 0->0 0->0 0->208 0->0 0->0 0->0 0->0 0->0 160->208 99->0 70->0 109->0 81->0 117->0 164->208 138->0 172->0 66->0 170->0 66->0 99->192 67->48 99->0 133->0 70->0 146->0 0->80 0->48 0->0 0->0 0->0 0->0 
0->176 0->0 0->0 0->0 0->0 0->0 0->208 0->0 0->0 0->0 0->0 0->0 93->208 92->0 82->0 75->0 92->0 90->0 148->208 81->0 130->0 76->0 133->0 82->0 156->192 136->48 148->0 136->0 159->0 153->0 0->80 0->48 0->0 0->0 0->0 0->0 
0->176 0->0 0->0 0->0 0->0 0->0 0->208 0->0 0->0 0->0 0->0 0->0 144->208 72->0 160->0 78->0 161->0 65->0 84->208 81->0 77->0 78->0 70->0 79->0 72->192 113->48 70->0 118->0 70->0 105->0 0->80 0->48 0->0 0->0 0->0 0->0 
0->176 0->0 0->0 0->0 0->0 0->0 0->208 0->0 0->0 0->0 0->0 0->0 160->208 147->0 70->0 154->0 96->0 146->0 156->208 141->0 77->0 160->0 84->0 160->0 152->192 138->48 69->0 154->0 72->0 151->0 0->80 0->48 0->0 0->0 0->0 0->0 
0->176 0->0 0->0 0->0 0->0 0->0 0->208 0->0 0->0 0->0 0->0 0->0 147->208 134->0 91->0 156->0 75->0 140->0 139->208 161->0 86->0 161->0 130->0 151->0 141->192 153->48 86->0 143->0 149->0 146->0 0->80 0->48 0->0 0->0 0->0 0->0 
0->176 0->0 0->0 0->0 0->0 0->0 0->208 0->0 0->0 0->0 0->0 0->0 0->208 0->0 0->0 0->0 0->0 0->0 78->208 67->0 74->0 68->0 71->0 66->0 71->192 109->48 71->0 98->0 82->0 100->0 157->80 131->48 147->0 130->0 145->0 67->0 
0->176 0->0 0->0 0->0 0->0 0->0 0->208 0->0 0->0 0->0 0->0 0->0 0->208 0->0 0->0 0->0 0->0 0->0 140->208 167->0 99->0 130->0 130->0 129->0 88->192 135->48 80->0 67->0 159->0 150->0 131->80 90->48 158->0 78->0 175->0 138->0 
0->176 0->0 0->0 0->0 0->0 0->0 0->208 0->0 0->0 0->0 0->0 0->0 0->208 0->0 0->0 0->0 0->0 0->0 80->208 141->0 151->0 145->0 155->0 74->0 86->192 70->48 96->0 149->0 151->0 144->0 150->80 77->48 89->0 65->0 71->0 150->0 
0->176 0->0 0->0 0->0 0->0 0->0 0->208 0->0 0->0 0->0 0->0 0->0 0->208 0->0 0->0 0->0 0->0 0->0 160->208 99->0 70->0 109->0 81->0 117->0 164->192 138->48 172->0 66->0 170->0 66->0 99->80 67->48 99->0 133->0 70->0 146->0 
0->176 0->0 0->0 0->0 0->0 0->0 0->208 0->0 0->0 0->0 0->0 0->0 0->208 0->0 0->0 0->0 0->0 0->0 93->208 92->0 82->0 75->0 92->0 90->0 148->192 81->48 130->0 76->0 133->0 82->0 156->80 136->48 148->0 136->0 159->0 153->0 
0->176 0->0 0->0 0->0 0->0 0->0 0->208 0->0 0->0 0->0 0->0 0->0 0->208 0->0 0->0 0->0 0->0 0->0 144->208 72->0 160->0 78->0 161->0 65->0 84->192 81->48 77->0 78->0 70->0 79->0 72->80 113->48 70->0 118->0 70->0 105->0 
0->176 0->0 0->0 0->0 0->0 0->0 0->208 0->0 0->0 0->0 0->0 0->0 0->208 0->0 0->0 0->0 0->0 0->0 160->208 147->0 70->0 154->0 96->0 146->0 156->192 141->48 77->0 160->0 84->0 160->0 152->80 138->48 69->0 154->0 72->0 151->0 
0->176 0->0 0->0 0->0 0->0 0->0 0->208 0->0 0->0 0->0 0->0 0->0 0->208 0->0 0->0 0->0 0->0 0->0 147->208 134->0 91->0 156->0 75->0 140->0 139->192 161->48 86->0 161->0 130->0 151->0 141->80 153->48 86->0 143->0 149->0 146->0 

78->192 67->48 74->0 68->0 71->0 66->0 71->80 109->48 71->0 98->0 82->0 100->0 157->0 131->0 147->0 130->0 145->0 67->0 0->0 0->0 0->0 0->0 0->0 0->0 0->0 0->0 0->0 0->0 0->0 0->0 0->0 0->0 0->0 0->0 0->0 0->0 
140->192 167->48 99->0 130->0 130->0 129->0 88->80 135->48 80->0 67->0 159->0 150->0 131->0 90->0 158->0 78->0 175->0 138->0 0->0 0->0 0->0 0->0 0->0 0->0 0->0 0->0 0->0 0->0 0->0 0->0 0->0 0->0 0->0 0->0 0->0 0->0 
80->192 141->48 151->0 145->0 155->0 74->0 86->80 70->48 96->0 149->0 151->0 144->0 150->0 77->0 89->0 65->0 71->0 150->0 0->0 0->0 0->0 0->0 0->0 0->0 0->0 0->0 0->0 0->0 0->0 0->0 0->0 0->0 0->0 0->0 0->0 0->0 
160->192 99->48 70->0 109->0 81->0 117->0 164->80 138->48 172->0 66->0 170->0 66->0 99->0 67->0 99->0 133->0 70->0 146->0 0->0 0->0 0->0 0->0 0->0 0->0 0->0 0->0 0->0 0->0 0->0 0->0 0->0 0->0 0->0 0->0 0->0 0->0 
93->192 92->48 82->0 75->0 92->0 90->0 148->80 81->48 130->0 76->0 133->0 82->0 156->0 136->0 148->0 136->0 159->0 153->0 0->0 0->0 0->0 0->0 0->0 0->0 0->0 0->0 0->0 0->0 0->0 0->0 0->0 0->0 0->0 0->0 0->0 0->0 
144->192 72->48 160->0 78->0 161->0 65->0 84->80 81->48 77->0 78->0 70->0 79->0 72->0 113->0 70->0 118->0 70->0 105->0 0->0 0->0 0->0 0->0 0->0 0->0 0->0 0->0 0->0 0->0 0->0 0->0 0->0 0->0 0->0 0->0 0->0 0->0 
160->192 147->48 70->0 154->0 96->0 146->0 156->80 141->48 77->0 160->0 84->0 160->0 152->0 138->0 69->0 154->0 72->0 151->0 0->0 0->0 0->0 0->0 0->0 0->0 0->0 0->0 0->0 0->0 0->0 0->0 0->0 0->0 0->0 0->0 0->0 0->0 
147->192 134->48 91->0 156->0 75->0 140->0 139->80 161->48 86->0 161->0 130->0 151->0 141->0 153->0 86->0 143->0 149->0 146->0 0->0 0->0 0->0 0->0 0->0 0->0 0->0 0->0 0->0 0->0 0->0 0->0 0->0 0->0 0->0 0->0 0->0 0->0 
0->192 0->48 0->0 0->0 0->0 0->0 78->80 67->48 74->0 68->0 71->0 66->0 71->0 109->0 71->0 98->0 82->0 100->0 157->0 131->0 147->0 130->0 145->0 67->0 0->0 0->0 0->0 0->0 0->0 0->0 0->0 0->0 0->0 0->0 0->0 0->0 
0->192 0->48 0->0 0->0 0->0 0->0 140->80 167->48 99->0 130->0 130->0 129->0 88->0 135->0 80->0 67->0 159->0 150->0 131->0 90->0 158->0 78->0 175->0 138->0 0->0 0->0 0->0 0->0 0->0 0->0 0->0 0->0 0->0 0->0 0->0 0->0 
0->192 0->48 0->0 0->0 0->0 0->0 80->80 141->48 151->0 145->0 155->0 74->0 86->0 70->0 96->0 149->0 151->0 144->0 150->0 77->0 89->0 65->0 71->0 150->0 0->0 0->0 0->0 0->0 0->0 0->0 0->0 0->0 0->0 0->0 0->0 0->0 
0->192 0->48 0->0 0->0 0->0 0->0 160->80 99->48 70->0 109->0 81->0 117->0 164->0 138->0 172->0 66->0 170->0 66->0 99->0 67->0 99->0 133->0 70->0 146->0 0->0 0->0 0->0 0->0 0->0 0->0 0->0 0->0 0->0 0->0 0->0 0->0 
0->192 0->48 0->0 0->0 0->0 0->0 93->80 92->48 82->0 75->0 92->0 90->0 148->0 81->0 130->0 76->0 133->0 82->0 156->0 136->0 148->0 136->0 159->0 153->0 0->0 0->0 0->0 0->0 0->0 0->0 0->0 0->0 0->0 0->0 0->0 0->0 
0->192 0->48 0->0 0->0 0->0 0->0 144->80 72->48 160->0 78->0 161->0 65->0 84->0 81->0 77->0 78->0 70->0 79->0 72->0 113->0 70->0 118->0 70->0 105->0 0->0 0->0 0->0 0->0 0->0 0->0 0->0 0->0 0->0 0->0 0->0 0->0 
0->192 0->48 0->0 0->0 0->0 0->0 160->80 147->48 70->0 154->0 96->0 146->0 156->0 141->0 77->0 160->0 84->0 160->0 152->0 138->0 69->0 154->0 72->0 151->0 0->0 0->0 0->0 0->0 0->0 0->0 0->0 0->0 0->0 0->0 0->0 0->0 
0->192 0->48 0->0 0->0 0->0 0->0 147->80 134->48 91->0 156->0 75->0 140->0 139->0 161->0 86->0 161->0 130->0 151->0 141->0 153->0 86->0 143->0 149->0 146->0 0->0 0->0 0->0 0->0 0->0 0->0 0->0 0->0 0->0 0->0 0->0 0->0 
0->192 0->48 0->0 0->0 0->0 0->0 0->80 0->48 0->0 0->0 0->0 0->0 78->0 67->0 74->0 68->0 71->0 66->0 71->0 109->0 71->0 98->0 82->0 100->0 157->0 131->0 147->0 130->0 145->0 67->0 0->0 0->0 0->0 0->0 0->0 0->0 
0->192 0->48 0->0 0->0 0->0 0->0 0->80 0->48 0->0 0->0 0->0 0->0 140->0 167->0 99->0 130->0 130->0 129->0 88->0 135->0 80->0 67->0 159->0 150->0 131->0 90->0 158->0 78->0 175->0 138->0 0->0 0->0 0->0 0->0 0->0 0->0 
0->192 0->48 0->0 0->0 0->0 0->0 0->80 0->48 0->0 0->0 0->0 0->0 80->0 141->0 151->0 145->0 155->0 74->0 86->0 70->0 96->0 149->0 151->0 144->0 150->0 77->0 89->0 65->0 71->0 150->0 0->0 0->0 0->0 0->0 0->0 0->0 
0->192 0->48 0->0 0->0 0->0 0->0 0->80 0->48 0->0 0->0 0->0 0->0 160->0 99->0 70->0 109->0 81->0 117->0 164->0 138->0 172->0 66->0 170->0 66->0 99->0 67->0 99->0 133->0 70->0 146->0 0->0 0->0 0->0 0->0 0->0 0->0 
0->192 0->48 0->0 0->0 0->0 0->0 0->80 0->48 0->0 0->0 0->0 0->0 93->0 92->0 82->0 75->0 92->0 90->0 148->0 81->0 130->0 76->0 133->0 82->0 156->0 136->0 148->0 136->0 159->0 153->0 0->0 0->0 0->0 0->0 0->0 0->0 
0->192 0->48 0->0 0->0 0->0 0->0 0->80 0->48 0->0 0->0 0->0 0->0 144->0 72->0 160->0 78->0 161->0 65->0 84->0 81->0 77->0 78->0 70->0 79->0 72->0 113->0 70->0 118->0 70->0 105->0 0->0 0->0 0->0 0->0 0->0 0->0 
0->192 0->48 0->0 0->0 0->0 0->0 0->80 0->48 0->0 0->0 0->0 0->0 160->0 147->0 70->0 154->0 96->0 146->0 156->0 141->0 77->0 160->0 84->0 160->0 152->0 138->0 69->0 154->0 72->0 151->0 0->0 0->0 0->0 0->0 0->0 0->0 
0->192 0->48 0->0 0->0 0->0 0->0 0->80 0->48 0->0 0->0 0->0 0->0 147->0 134->0 91->0 156->0 75->0 140->0 139->0 161->0 86->0 161->0 130->0 151->0 141->0 153->0 86->0 143->0 149->0 146->0 0->0 0->0 0->0 0->0 0->0 0->0 
0->192 0->48 0->0 0->0 0->0 0->0 0->80 0->48 0->0 0->0 0->0 0->0 0->0 0->0 0->0 0->0 0->0 0->0 78->0 67->0 74->0 68->0 71->0 66->0 71->0 109->0 71->0 98->0 82->0 100->0 157->0 131->0 147->0 130->0 145->0 67->0 
0->192 0->48 0->0 0->0 0->0 0->0 0->80 0->48 0->0 0->0 0->0 0->0 0->0 0->0 0->0 0->0 0->0 0->0 140->0 167->0 99->0 130->0 130->0 129->0 88->0 135->0 80->0 67->0 159->0 150->0 131->0 90->0 158->0 78->0 175->0 138->0 
0->192 0->48 0->0 0->0 0->0 0->0 0->80 0->48 0->0 0->0 0->0 0->0 0->0 0->0 0->0 0->0 0->0 0->0 80->0 141->0 151->0 145->0 155->0 74->0 86->0 70->0 96->0 149->0 151->0 144->0 150->0 77->0 89->0 65->0 71->0 150->0 
0->192 0->48 0->0 0->0 0->0 0->0 0->80 0->48 0->0 0->0 0->0 0->0 0->0 0->0 0->0 0->0 0->0 0->0 160->0 99->0 70->0 109->0 81->0 117->0 164->0 138->0 172->0 66->0 170->0 66->0 99->0 67->0 99->0 133->0 70->0 146->0 
0->192 0->48 0->0 0->0 0->0 0->0 0->80 0->48 0->0 0->0 0->0 0->0 0->0 0->0 0->0 0->0 0->0 0->0 93->0 92->0 82->0 75->0 92->0 90->0 148->0 81->0 130->0 76->0 133->0 82->0 156->0 136->0 148->0 136->0 159->0 153->0 
0->192 0->48 0->0 0->0 0->0 0->0 0->80 0->48 0->0 0->0 0->0 0->0 0->0 0->0 0->0 0->0 0->0 0->0 144->0 72->0 160->0 78->0 161->0 65->0 84->0 81->0 77->0 78->0 70->0 79->0 72->0 113->0 70->0 118->0 70->0 105->0 
0->192 0->48 0->0 0->0 0->0 0->0 0->80 0->48 0->0 0->0 0->0 0->0 0->0 0->0 0->0 0->0 0->0 0->0 160->0 147->0 70->0 154->0 96->0 146->0 156->0 141->0 77->0 160->0 84->0 160->0 152->0 138->0 69->0 154->0 72->0 151->0 
0->192 0->48 0->0 0->0 0->0 0->0 0->80 0->48 0->0 0->0 0->0 0->0 0->0 0->0 0->0 0->0 0->0 0->0 147->0 134->0 91->0 156->0 75->0 140->0 139->0 161->0 86->0 161->0 130->0 151->0 141->0 153->0 86->0 143->0 149->0 146->0 

writing weights!

147->0 160->0 158->0 88->0 146->0 152->0 144->0 109->0 138->0 139->0 139->0 66->0 152->0 112->0 146->0 74->0 130->0 102->0 0->0 0->0 0->0 0->0 0->0 0->0 0->0 0->0 0->0 0->0 0->0 0->0 0->0 0->0 0->0 0->0 0->0 0->0 
162->0 94->0 106->0 149->0 103->0 130->0 70->0 78->0 86->0 137->0 78->0 131->0 130->0 139->0 142->0 76->0 137->0 82->0 0->0 0->0 0->0 0->0 0->0 0->0 0->0 0->0 0->0 0->0 0->0 0->0 0->0 0->0 0->0 0->0 0->0 0->0 
78->0 130->0 86->0 140->0 148->0 80->0 150->0 74->0 102->0 144->0 77->0 88->0 171->0 88->0 81->0 177->0 89->0 162->0 0->0 0->0 0->0 0->0 0->0 0->0 0->0 0->0 0->0 0->0 0->0 0->0 0->0 0->0 0->0 0->0 0->0 0->0 
157->0 155->0 148->0 82->0 71->0 109->0 160->0 144->0 152->0 154->0 148->0 140->0 74->0 65->0 135->0 147->0 132->0 71->0 0->0 0->0 0->0 0->0 0->0 0->0 0->0 0->0 0->0 0->0 0->0 0->0 0->0 0->0 0->0 0->0 0->0 0->0 
71->0 78->0 140->0 160->0 139->0 0->0 158->0 140->0 139->0 139->0 66->0 130->0 153->0 81->0 139->0 73->0 130->0 133->0 0->0 0->0 0->0 0->0 0->0 0->0 0->0 0->0 0->0 0->0 0->0 0->0 0->0 0->0 0->0 0->0 0->0 0->0 
77->0 72->0 67->0 69->0 131->0 82->0 146->0 163->0 152->0 166->0 140->0 92->0 147->0 91->0 158->0 95->0 146->0 147->0 0->0 0->0 0->0 0->0 0->0 0->0 0->0 0->0 0->0 0->0 0->0 0->0 0->0 0->0 0->0 0->0 0->0 0->0 
140->0 98->0 133->0 101->0 83->0 94->0 143->0 138->0 73->0 165->0 97->0 159->0 150->0 65->0 88->0 74->0 114->0 70->0 0->0 0->0 0->0 0->0 0->0 0->0 0->0 0->0 0->0 0->0 0->0 0->0 0->0 0->0 0->0 0->0 0->0 0->0 
163->0 65->0 82->0 142->0 100->0 65->0 156->0 133->0 91->0 71->0 109->0 104->0 70->0 71->0 105->0 0->0 86->0 90->0 0->0 0->0 0->0 0->0 0->0 0->0 0->0 0->0 0->0 0->0 0->0 0->0 0->0 0->0 0->0 0->0 0->0 0->0 
0->0 0->0 0->0 0->0 0->0 0->0 147->0 160->0 158->0 88->0 146->0 152->0 144->0 109->0 138->0 139->0 139->0 66->0 152->0 112->0 146->0 74->0 130->0 102->0 0->0 0->0 0->0 0->0 0->0 0->0 0->0 0->0 0->0 0->0 0->0 0->0 
0->0 0->0 0->0 0->0 0->0 0->0 162->0 94->0 106->0 149->0 103->0 130->0 70->0 78->0 86->0 137->0 78->0 131->0 130->0 139->0 142->0 76->0 137->0 82->0 0->0 0->0 0->0 0->0 0->0 0->0 0->0 0->0 0->0 0->0 0->0 0->0 
0->0 0->0 0->0 0->0 0->0 0->0 78->0 130->0 86->0 140->0 148->0 80->0 150->0 74->0 102->0 144->0 77->0 88->0 171->0 88->0 81->0 177->0 89->0 162->0 0->0 0->0 0->0 0->0 0->0 0->0 0->0 0->0 0->0 0->0 0->0 0->0 
0->0 0->0 0->0 0->0 0->0 0->0 157->0 155->0 148->0 82->0 71->0 109->0 160->0 144->0 152->0 154->0 148->0 140->0 74->0 65->0 135->0 147->0 132->0 71->0 0->0 0->0 0->0 0->0 0->0 0->0 0->0 0->0 0->0 0->0 0->0 0->0 
0->0 0->0 0->0 0->0 0->0 0->0 71->0 78->0 140->0 160->0 139->0 0->0 158->0 140->0 139->0 139->0 66->0 130->0 153->0 81->0 139->0 73->0 130->0 133->0 0->0 0->0 0->0 0->0 0->0 0->0 0->0 0->0 0->0 0->0 0->0 0->0 
0->0 0->0 0->0 0->0 0->0 0->0 77->0 72->0 67->0 69->0 131->0 82->0 146->0 163->0 152->0 166->0 140->0 92->0 147->0 91->0 158->0 95->0 146->0 147->0 0->0 0->0 0->0 0->0 0->0 0->0 0->0 0->0 0->0 0->0 0->0 0->0 
0->0 0->0 0->0 0->0 0->0 0->0 140->0 98->0 133->0 101->0 83->0 94->0 143->0 138->0 73->0 165->0 97->0 159->0 150->0 65->0 88->0 74->0 114->0 70->0 0->0 0->0 0->0 0->0 0->0 0->0 0->0 0->0 0->0 0->0 0->0 0->0 
0->0 0->0 0->0 0->0 0->0 0->0 163->0 65->0 82->0 142->0 100->0 65->0 156->0 133->0 91->0 71->0 109->0 104->0 70->0 71->0 105->0 0->0 86->0 90->0 0->0 0->0 0->0 0->0 0->0 0->0 0->0 0->0 0->0 0->0 0->0 0->0 
0->0 0->0 0->0 0->0 0->0 0->0 0->0 0->0 0->0 0->0 0->0 0->0 147->0 160->0 158->0 88->0 146->0 152->0 144->0 109->0 138->0 139->0 139->0 66->0 152->0 112->0 146->0 74->0 130->0 102->0 0->0 0->0 0->0 0->0 0->0 0->0 
0->0 0->0 0->0 0->0 0->0 0->0 0->0 0->0 0->0 0->0 0->0 0->0 162->0 94->0 106->0 149->0 103->0 130->0 70->0 78->0 86->0 137->0 78->0 131->0 130->0 139->0 142->0 76->0 137->0 82->0 0->0 0->0 0->0 0->0 0->0 0->0 
0->0 0->0 0->0 0->0 0->0 0->0 0->0 0->0 0->0 0->0 0->0 0->0 78->0 130->0 86->0 140->0 148->0 80->0 150->0 74->0 102->0 144->0 77->0 88->0 171->0 88->0 81->0 177->0 89->0 162->0 0->0 0->0 0->0 0->0 0->0 0->0 
0->0 0->0 0->0 0->0 0->0 0->0 0->0 0->0 0->0 0->0 0->0 0->0 157->0 155->0 148->0 82->0 71->0 109->0 160->0 144->0 152->0 154->0 148->0 140->0 74->0 65->0 135->0 147->0 132->0 71->0 0->0 0->0 0->0 0->0 0->0 0->0 
0->0 0->0 0->0 0->0 0->0 0->0 0->0 0->0 0->0 0->0 0->0 0->0 71->0 78->0 140->0 160->0 139->0 0->0 158->0 140->0 139->0 139->0 66->0 130->0 153->0 81->0 139->0 73->0 130->0 133->0 0->0 0->0 0->0 0->0 0->0 0->0 
0->0 0->0 0->0 0->0 0->0 0->0 0->0 0->0 0->0 0->0 0->0 0->0 77->0 72->0 67->0 69->0 131->0 82->0 146->0 163->0 152->0 166->0 140->0 92->0 147->0 91->0 158->0 95->0 146->0 147->0 0->0 0->0 0->0 0->0 0->0 0->0 
0->0 0->0 0->0 0->0 0->0 0->0 0->0 0->0 0->0 0->0 0->0 0->0 140->0 98->0 133->0 101->0 83->0 94->0 143->0 138->0 73->0 165->0 97->0 159->0 150->0 65->0 88->0 74->0 114->0 70->0 0->0 0->0 0->0 0->0 0->0 0->0 
0->0 0->0 0->0 0->0 0->0 0->0 0->0 0->0 0->0 0->0 0->0 0->0 163->0 65->0 82->0 142->0 100->0 65->0 156->0 133->0 91->0 71->0 109->0 104->0 70->0 71->0 105->0 0->0 86->0 90->0 0->0 0->0 0->0 0->0 0->0 0->0 
0->0 0->0 0->0 0->0 0->0 0->0 0->0 0->0 0->0 0->0 0->0 0->0 0->0 0->0 0->0 0->0 0->0 0->0 147->0 160->0 158->0 88->0 146->0 152->0 144->0 109->0 138->0 139->0 139->0 66->0 152->0 112->0 146->0 74->0 130->0 102->0 
0->0 0->0 0->0 0->0 0->0 0->0 0->0 0->0 0->0 0->0 0->0 0->0 0->0 0->0 0->0 0->0 0->0 0->0 162->0 94->0 106->0 149->0 103->0 130->0 70->0 78->0 86->0 137->0 78->0 131->0 130->0 139->0 142->0 76->0 137->0 82->0 
0->0 0->0 0->0 0->0 0->0 0->0 0->0 0->0 0->0 0->0 0->0 0->0 0->0 0->0 0->0 0->0 0->0 0->0 78->0 130->0 86->0 140->0 148->0 80->0 150->0 74->0 102->0 144->0 77->0 88->0 171->0 88->0 81->0 177->0 89->0 162->0 
0->0 0->0 0->0 0->0 0->0 0->0 0->0 0->0 0->0 0->0 0->0 0->0 0->0 0->0 0->0 0->0 0->0 0->0 157->0 155->0 148->0 82->0 71->0 109->0 160->0 144->0 152->0 154->0 148->0 140->0 74->0 65->0 135->0 147->0 132->0 71->0 
0->0 0->0 0->0 0->0 0->0 0->0 0->0 0->0 0->0 0->0 0->0 0->0 0->0 0->0 0->0 0->0 0->0 0->0 71->0 78->0 140->0 160->0 139->0 0->0 158->0 140->0 139->0 139->0 66->0 130->0 153->0 81->0 139->0 73->0 130->0 133->0 
0->0 0->0 0->0 0->0 0->0 0->0 0->0 0->0 0->0 0->0 0->0 0->0 0->0 0->0 0->0 0->0 0->0 0->0 77->0 72->0 67->0 69->0 131->0 82->0 146->0 163->0 152->0 166->0 140->0 92->0 147->0 91->0 158->0 95->0 146->0 147->0 
0->0 0->0 0->0 0->0 0->0 0->0 0->0 0->0 0->0 0->0 0->0 0->0 0->0 0->0 0->0 0->0 0->0 0->0 140->0 98->0 133->0 101->0 83->0 94->0 143->0 138->0 73->0 165->0 97->0 159->0 150->0 65->0 88->0 74->0 114->0 70->0 
0->0 0->0 0->0 0->0 0->0 0->0 0->0 0->0 0->0 0->0 0->0 0->0 0->0 0->0 0->0 0->0 0->0 0->0 163->0 65->0 82->0 142->0 100->0 65->0 156->0 133->0 91->0 71->0 109->0 104->0 70->0 71->0 105->0 0->0 86->0 90->0 

147->0 160->0 158->0 88->0 146->0 152->0 144->0 109->0 138->0 139->0 139->0 66->0 152->0 112->0 146->0 74->0 130->0 102->0 0->0 0->0 0->0 0->0 0->0 0->0 0->0 0->0 0->0 0->0 0->0 0->0 0->0 0->0 0->0 0->0 0->0 0->0 
162->0 94->0 106->0 149->0 103->0 130->0 70->0 78->0 86->0 137->0 78->0 131->0 130->0 139->0 142->0 76->0 137->0 82->0 0->0 0->0 0->0 0->0 0->0 0->0 0->0 0->0 0->0 0->0 0->0 0->0 0->0 0->0 0->0 0->0 0->0 0->0 
78->0 130->0 86->0 140->0 148->0 80->0 150->0 74->0 102->0 144->0 77->0 88->0 171->0 88->0 81->0 177->0 89->0 162->0 0->0 0->0 0->0 0->0 0->0 0->0 0->0 0->0 0->0 0->0 0->0 0->0 0->0 0->0 0->0 0->0 0->0 0->0 
157->0 155->0 148->0 82->0 71->0 109->0 160->0 144->0 152->0 154->0 148->0 140->0 74->0 65->0 135->0 147->0 132->0 71->0 0->0 0->0 0->0 0->0 0->0 0->0 0->0 0->0 0->0 0->0 0->0 0->0 0->0 0->0 0->0 0->0 0->0 0->0 
71->0 78->0 140->0 160->0 139->0 0->0 158->0 140->0 139->0 139->0 66->0 130->0 153->0 81->0 139->0 73->0 130->0 133->0 0->0 0->0 0->0 0->0 0->0 0->0 0->0 0->0 0->0 0->0 0->0 0->0 0->0 0->0 0->0 0->0 0->0 0->0 
77->0 72->0 67->0 69->0 131->0 82->0 146->0 163->0 152->0 166->0 140->0 92->0 147->0 91->0 158->0 95->0 146->0 147->0 0->0 0->0 0->0 0->0 0->0 0->0 0->0 0->0 0->0 0->0 0->0 0->0 0->0 0->0 0->0 0->0 0->0 0->0 
140->0 98->0 133->0 101->0 83->0 94->0 143->0 138->0 73->0 165->0 97->0 159->0 150->0 65->0 88->0 74->0 114->0 70->0 0->0 0->0 0->0 0->0 0->0 0->0 0->0 0->0 0->0 0->0 0->0 0->0 0->0 0->0 0->0 0->0 0->0 0->0 
163->0 65->0 82->0 142->0 100->0 65->0 156->0 133->0 91->0 71->0 109->0 104->0 70->0 71->0 105->0 0->0 86->0 90->0 0->0 0->0 0->0 0->0 0->0 0->0 0->0 0->0 0->0 0->0 0->0 0->0 0->0 0->0 0->0 0->0 0->0 0->0 
0->0 0->0 0->0 0->0 0->0 0->0 147->0 160->0 158->0 88->0 146->0 152->0 144->0 109->0 138->0 139->0 139->0 66->0 152->0 112->0 146->0 74->0 130->0 102->0 0->0 0->0 0->0 0->0 0->0 0->0 0->0 0->0 0->0 0->0 0->0 0->0 
0->0 0->0 0->0 0->0 0->0 0->0 162->0 94->0 106->0 149->0 103->0 130->0 70->0 78->0 86->0 137->0 78->0 131->0 130->0 139->0 142->0 76->0 137->0 82->0 0->0 0->0 0->0 0->0 0->0 0->0 0->0 0->0 0->0 0->0 0->0 0->0 
0->0 0->0 0->0 0->0 0->0 0->0 78->0 130->0 86->0 140->0 148->0 80->0 150->0 74->0 102->0 144->0 77->0 88->0 171->0 88->0 81->0 177->0 89->0 162->0 0->0 0->0 0->0 0->0 0->0 0->0 0->0 0->0 0->0 0->0 0->0 0->0 
0->0 0->0 0->0 0->0 0->0 0->0 157->0 155->0 148->0 82->0 71->0 109->0 160->0 144->0 152->0 154->0 148->0 140->0 74->0 65->0 135->0 147->0 132->0 71->0 0->0 0->0 0->0 0->0 0->0 0->0 0->0 0->0 0->0 0->0 0->0 0->0 
0->0 0->0 0->0 0->0 0->0 0->0 71->0 78->0 140->0 160->0 139->0 0->0 158->0 140->0 139->0 139->0 66->0 130->0 153->0 81->0 139->0 73->0 130->0 133->0 0->0 0->0 0->0 0->0 0->0 0->0 0->0 0->0 0->0 0->0 0->0 0->0 
0->0 0->0 0->0 0->0 0->0 0->0 77->0 72->0 67->0 69->0 131->0 82->0 146->0 163->0 152->0 166->0 140->0 92->0 147->0 91->0 158->0 95->0 146->0 147->0 0->0 0->0 0->0 0->0 0->0 0->0 0->0 0->0 0->0 0->0 0->0 0->0 
0->0 0->0 0->0 0->0 0->0 0->0 140->0 98->0 133->0 101->0 83->0 94->0 143->0 138->0 73->0 165->0 97->0 159->0 150->0 65->0 88->0 74->0 114->0 70->0 0->0 0->0 0->0 0->0 0->0 0->0 0->0 0->0 0->0 0->0 0->0 0->0 
0->0 0->0 0->0 0->0 0->0 0->0 163->0 65->0 82->0 142->0 100->0 65->0 156->0 133->0 91->0 71->0 109->0 104->0 70->0 71->0 105->0 0->0 86->0 90->0 0->0 0->0 0->0 0->0 0->0 0->0 0->0 0->0 0->0 0->0 0->0 0->0 
0->0 0->0 0->0 0->0 0->0 0->0 0->0 0->0 0->0 0->0 0->0 0->0 147->0 160->0 158->0 88->0 146->0 152->0 144->0 109->0 138->0 139->0 139->0 66->0 152->0 112->0 146->0 74->0 130->0 102->0 0->0 0->0 0->0 0->0 0->0 0->0 
0->0 0->0 0->0 0->0 0->0 0->0 0->0 0->0 0->0 0->0 0->0 0->0 162->0 94->0 106->0 149->0 103->0 130->0 70->0 78->0 86->0 137->0 78->0 131->0 130->0 139->0 142->0 76->0 137->0 82->0 0->0 0->0 0->0 0->0 0->0 0->0 
0->0 0->0 0->0 0->0 0->0 0->0 0->0 0->0 0->0 0->0 0->0 0->0 78->0 130->0 86->0 140->0 148->0 80->0 150->0 74->0 102->0 144->0 77->0 88->0 171->0 88->0 81->0 177->0 89->0 162->0 0->0 0->0 0->0 0->0 0->0 0->0 
0->0 0->0 0->0 0->0 0->0 0->0 0->0 0->0 0->0 0->0 0->0 0->0 157->0 155->0 148->0 82->0 71->0 109->0 160->0 144->0 152->0 154->0 148->0 140->0 74->0 65->0 135->0 147->0 132->0 71->0 0->0 0->0 0->0 0->0 0->0 0->0 
0->0 0->0 0->0 0->0 0->0 0->0 0->0 0->0 0->0 0->0 0->0 0->0 71->0 78->0 140->0 160->0 139->0 0->0 158->0 140->0 139->0 139->0 66->0 130->0 153->0 81->0 139->0 73->0 130->0 133->0 0->0 0->0 0->0 0->0 0->0 0->0 
0->0 0->0 0->0 0->0 0->0 0->0 0->0 0->0 0->0 0->0 0->0 0->0 77->0 72->0 67->0 69->0 131->0 82->0 146->0 163->0 152->0 166->0 140->0 92->0 147->0 91->0 158->0 95->0 146->0 147->0 0->0 0->0 0->0 0->0 0->0 0->0 
0->0 0->0 0->0 0->0 0->0 0->0 0->0 0->0 0->0 0->0 0->0 0->0 140->0 98->0 133->0 101->0 83->0 94->0 143->0 138->0 73->0 165->0 97->0 159->0 150->0 65->0 88->0 74->0 114->0 70->0 0->0 0->0 0->0 0->0 0->0 0->0 
0->0 0->0 0->0 0->0 0->0 0->0 0->0 0->0 0->0 0->0 0->0 0->0 163->0 65->0 82->0 142->0 100->0 65->0 156->0 133->0 91->0 71->0 109->0 104->0 70->0 71->0 105->0 0->0 86->0 90->0 0->0 0->0 0->0 0->0 0->0 0->0 
0->0 0->0 0->0 0->0 0->0 0->0 0->0 0->0 0->0 0->0 0->0 0->0 0->0 0->0 0->0 0->0 0->0 0->0 147->0 160->0 158->0 88->0 146->0 152->0 144->0 109->0 138->0 139->0 139->0 66->0 152->0 112->0 146->0 74->0 130->0 102->0 
0->0 0->0 0->0 0->0 0->0 0->0 0->0 0->0 0->0 0->0 0->0 0->0 0->0 0->0 0->0 0->0 0->0 0->0 162->0 94->0 106->0 149->0 103->0 130->0 70->0 78->0 86->0 137->0 78->0 131->0 130->0 139->0 142->0 76->0 137->0 82->0 
0->0 0->0 0->0 0->0 0->0 0->0 0->0 0->0 0->0 0->0 0->0 0->0 0->0 0->0 0->0 0->0 0->0 0->0 78->0 130->0 86->0 140->0 148->0 80->0 150->0 74->0 102->0 144->0 77->0 88->0 171->0 88->0 81->0 177->0 89->0 162->0 
0->0 0->0 0->0 0->0 0->0 0->0 0->0 0->0 0->0 0->0 0->0 0->0 0->0 0->0 0->0 0->0 0->0 0->0 157->0 155->0 148->0 82->0 71->0 109->0 160->0 144->0 152->0 154->0 148->0 140->0 74->0 65->0 135->0 147->0 132->0 71->0 
0->0 0->0 0->0 0->0 0->0 0->0 0->0 0->0 0->0 0->0 0->0 0->0 0->0 0->0 0->0 0->0 0->0 0->0 71->0 78->0 140->0 160->0 139->0 0->0 158->0 140->0 139->0 139->0 66->0 130->0 153->0 81->0 139->0 73->0 130->0 133->0 
0->0 0->0 0->0 0->0 0->0 0->0 0->0 0->0 0->0 0->0 0->0 0->0 0->0 0->0 0->0 0->0 0->0 0->0 77->0 72->0 67->0 69->0 131->0 82->0 146->0 163->0 152->0 166->0 140->0 92->0 147->0 91->0 158->0 95->0 146->0 147->0 
0->0 0->0 0->0 0->0 0->0 0->0 0->0 0->0 0->0 0->0 0->0 0->0 0->0 0->0 0->0 0->0 0->0 0->0 140->0 98->0 133->0 101->0 83->0 94->0 143->0 138->0 73->0 165->0 97->0 159->0 150->0 65->0 88->0 74->0 114->0 70->0 
0->0 0->0 0->0 0->0 0->0 0->0 0->0 0->0 0->0 0->0 0->0 0->0 0->0 0->0 0->0 0->0 0->0 0->0 163->0 65->0 82->0 142->0 100->0 65->0 156->0 133->0 91->0 71->0 109->0 104->0 70->0 71->0 105->0 0->0 86->0 90->0 

147->0 160->0 158->0 88->0 146->0 152->0 144->0 109->0 138->0 139->0 139->0 66->0 152->0 112->0 146->0 74->0 130->0 102->0 0->0 0->0 0->0 0->0 0->0 0->0 0->0 0->0 0->0 0->0 0->0 0->0 0->0 0->0 0->0 0->0 0->0 0->0 
162->0 94->0 106->0 149->0 103->0 130->0 70->0 78->0 86->0 137->0 78->0 131->0 130->0 139->0 142->0 76->0 137->0 82->0 0->0 0->0 0->0 0->0 0->0 0->0 0->0 0->0 0->0 0->0 0->0 0->0 0->0 0->0 0->0 0->0 0->0 0->0 
78->0 130->0 86->0 140->0 148->0 80->0 150->0 74->0 102->0 144->0 77->0 88->0 171->0 88->0 81->0 177->0 89->0 162->0 0->0 0->0 0->0 0->0 0->0 0->0 0->0 0->0 0->0 0->0 0->0 0->0 0->0 0->0 0->0 0->0 0->0 0->0 
157->0 155->0 148->0 82->0 71->0 109->0 160->0 144->0 152->0 154->0 148->0 140->0 74->0 65->0 135->0 147->0 132->0 71->0 0->0 0->0 0->0 0->0 0->0 0->0 0->0 0->0 0->0 0->0 0->0 0->0 0->0 0->0 0->0 0->0 0->0 0->0 
71->0 78->0 140->0 160->0 139->0 0->0 158->0 140->0 139->0 139->0 66->0 130->0 153->0 81->0 139->0 73->0 130->0 133->0 0->0 0->0 0->0 0->0 0->0 0->0 0->0 0->0 0->0 0->0 0->0 0->0 0->0 0->0 0->0 0->0 0->0 0->0 
77->0 72->0 67->0 69->0 131->0 82->0 146->0 163->0 152->0 166->0 140->0 92->0 147->0 91->0 158->0 95->0 146->0 147->0 0->0 0->0 0->0 0->0 0->0 0->0 0->0 0->0 0->0 0->0 0->0 0->0 0->0 0->0 0->0 0->0 0->0 0->0 
140->0 98->0 133->0 101->0 83->0 94->0 143->0 138->0 73->0 165->0 97->0 159->0 150->0 65->0 88->0 74->0 114->0 70->0 0->0 0->0 0->0 0->0 0->0 0->0 0->0 0->0 0->0 0->0 0->0 0->0 0->0 0->0 0->0 0->0 0->0 0->0 
163->0 65->0 82->0 142->0 100->0 65->0 156->0 133->0 91->0 71->0 109->0 104->0 70->0 71->0 105->0 0->0 86->0 90->0 0->0 0->0 0->0 0->0 0->0 0->0 0->0 0->0 0->0 0->0 0->0 0->0 0->0 0->0 0->0 0->0 0->0 0->0 
0->0 0->0 0->0 0->0 0->0 0->0 147->0 160->0 158->0 88->0 146->0 152->0 144->0 109->0 138->0 139->0 139->0 66->0 152->0 112->0 146->0 74->0 130->0 102->0 0->0 0->0 0->0 0->0 0->0 0->0 0->0 0->0 0->0 0->0 0->0 0->0 
0->0 0->0 0->0 0->0 0->0 0->0 162->0 94->0 106->0 149->0 103->0 130->0 70->0 78->0 86->0 137->0 78->0 131->0 130->0 139->0 142->0 76->0 137->0 82->0 0->0 0->0 0->0 0->0 0->0 0->0 0->0 0->0 0->0 0->0 0->0 0->0 
0->0 0->0 0->0 0->0 0->0 0->0 78->0 130->0 86->0 140->0 148->0 80->0 150->0 74->0 102->0 144->0 77->0 88->0 171->0 88->0 81->0 177->0 89->0 162->0 0->0 0->0 0->0 0->0 0->0 0->0 0->0 0->0 0->0 0->0 0->0 0->0 
0->0 0->0 0->0 0->0 0->0 0->0 157->0 155->0 148->0 82->0 71->0 109->0 160->0 144->0 152->0 154->0 148->0 140->0 74->0 65->0 135->0 147->0 132->0 71->0 0->0 0->0 0->0 0->0 0->0 0->0 0->0 0->0 0->0 0->0 0->0 0->0 
0->0 0->0 0->0 0->0 0->0 0->0 71->0 78->0 140->0 160->0 139->0 0->0 158->0 140->0 139->0 139->0 66->0 130->0 153->0 81->0 139->0 73->0 130->0 133->0 0->0 0->0 0->0 0->0 0->0 0->0 0->0 0->0 0->0 0->0 0->0 0->0 
0->0 0->0 0->0 0->0 0->0 0->0 77->0 72->0 67->0 69->0 131->0 82->0 146->0 163->0 152->0 166->0 140->0 92->0 147->0 91->0 158->0 95->0 146->0 147->0 0->0 0->0 0->0 0->0 0->0 0->0 0->0 0->0 0->0 0->0 0->0 0->0 
0->0 0->0 0->0 0->0 0->0 0->0 140->0 98->0 133->0 101->0 83->0 94->0 143->0 138->0 73->0 165->0 97->0 159->0 150->0 65->0 88->0 74->0 114->0 70->0 0->0 0->0 0->0 0->0 0->0 0->0 0->0 0->0 0->0 0->0 0->0 0->0 
0->0 0->0 0->0 0->0 0->0 0->0 163->0 65->0 82->0 142->0 100->0 65->0 156->0 133->0 91->0 71->0 109->0 104->0 70->0 71->0 105->0 0->0 86->0 90->0 0->0 0->0 0->0 0->0 0->0 0->0 0->0 0->0 0->0 0->0 0->0 0->0 
0->0 0->0 0->0 0->0 0->0 0->0 0->0 0->0 0->0 0->0 0->0 0->0 147->0 160->0 158->0 88->0 146->0 152->0 144->0 109->0 138->0 139->0 139->0 66->0 152->0 112->0 146->0 74->0 130->0 102->0 0->0 0->0 0->0 0->0 0->0 0->0 
0->0 0->0 0->0 0->0 0->0 0->0 0->0 0->0 0->0 0->0 0->0 0->0 162->0 94->0 106->0 149->0 103->0 130->0 70->0 78->0 86->0 137->0 78->0 131->0 130->0 139->0 142->0 76->0 137->0 82->0 0->0 0->0 0->0 0->0 0->0 0->0 
0->0 0->0 0->0 0->0 0->0 0->0 0->0 0->0 0->0 0->0 0->0 0->0 78->0 130->0 86->0 140->0 148->0 80->0 150->0 74->0 102->0 144->0 77->0 88->0 171->0 88->0 81->0 177->0 89->0 162->0 0->0 0->0 0->0 0->0 0->0 0->0 
0->0 0->0 0->0 0->0 0->0 0->0 0->0 0->0 0->0 0->0 0->0 0->0 157->0 155->0 148->0 82->0 71->0 109->0 160->0 144->0 152->0 154->0 148->0 140->0 74->0 65->0 135->0 147->0 132->0 71->0 0->0 0->0 0->0 0->0 0->0 0->0 
0->0 0->0 0->0 0->0 0->0 0->0 0->0 0->0 0->0 0->0 0->0 0->0 71->0 78->0 140->0 160->0 139->0 0->0 158->0 140->0 139->0 139->0 66->0 130->0 153->0 81->0 139->0 73->0 130->0 133->0 0->0 0->0 0->0 0->0 0->0 0->0 
0->0 0->0 0->0 0->0 0->0 0->0 0->0 0->0 0->0 0->0 0->0 0->0 77->0 72->0 67->0 69->0 131->0 82->0 146->0 163->0 152->0 166->0 140->0 92->0 147->0 91->0 158->0 95->0 146->0 147->0 0->0 0->0 0->0 0->0 0->0 0->0 
0->0 0->0 0->0 0->0 0->0 0->0 0->0 0->0 0->0 0->0 0->0 0->0 140->0 98->0 133->0 101->0 83->0 94->0 143->0 138->0 73->0 165->0 97->0 159->0 150->0 65->0 88->0 74->0 114->0 70->0 0->0 0->0 0->0 0->0 0->0 0->0 
0->0 0->0 0->0 0->0 0->0 0->0 0->0 0->0 0->0 0->0 0->0 0->0 163->0 65->0 82->0 142->0 100->0 65->0 156->0 133->0 91->0 71->0 109->0 104->0 70->0 71->0 105->0 0->0 86->0 90->0 0->0 0->0 0->0 0->0 0->0 0->0 
0->0 0->0 0->0 0->0 0->0 0->0 0->0 0->0 0->0 0->0 0->0 0->0 0->0 0->0 0->0 0->0 0->0 0->0 147->0 160->0 158->0 88->0 146->0 152->0 144->0 109->0 138->0 139->0 139->0 66->0 152->0 112->0 146->0 74->0 130->0 102->0 
0->0 0->0 0->0 0->0 0->0 0->0 0->0 0->0 0->0 0->0 0->0 0->0 0->0 0->0 0->0 0->0 0->0 0->0 162->0 94->0 106->0 149->0 103->0 130->0 70->0 78->0 86->0 137->0 78->0 131->0 130->0 139->0 142->0 76->0 137->0 82->0 
0->0 0->0 0->0 0->0 0->0 0->0 0->0 0->0 0->0 0->0 0->0 0->0 0->0 0->0 0->0 0->0 0->0 0->0 78->0 130->0 86->0 140->0 148->0 80->0 150->0 74->0 102->0 144->0 77->0 88->0 171->0 88->0 81->0 177->0 89->0 162->0 
0->0 0->0 0->0 0->0 0->0 0->0 0->0 0->0 0->0 0->0 0->0 0->0 0->0 0->0 0->0 0->0 0->0 0->0 157->0 155->0 148->0 82->0 71->0 109->0 160->0 144->0 152->0 154->0 148->0 140->0 74->0 65->0 135->0 147->0 132->0 71->0 
0->0 0->0 0->0 0->0 0->0 0->0 0->0 0->0 0->0 0->0 0->0 0->0 0->0 0->0 0->0 0->0 0->0 0->0 71->0 78->0 140->0 160->0 139->0 0->0 158->0 140->0 139->0 139->0 66->0 130->0 153->0 81->0 139->0 73->0 130->0 133->0 
0->0 0->0 0->0 0->0 0->0 0->0 0->0 0->0 0->0 0->0 0->0 0->0 0->0 0->0 0->0 0->0 0->0 0->0 77->0 72->0 67->0 69->0 131->0 82->0 146->0 163->0 152->0 166->0 140->0 92->0 147->0 91->0 158->0 95->0 146->0 147->0 
0->0 0->0 0->0 0->0 0->0 0->0 0->0 0->0 0->0 0->0 0->0 0->0 0->0 0->0 0->0 0->0 0->0 0->0 140->0 98->0 133->0 101->0 83->0 94->0 143->0 138->0 73->0 165->0 97->0 159->0 150->0 65->0 88->0 74->0 114->0 70->0 
0->0 0->0 0->0 0->0 0->0 0->0 0->0 0->0 0->0 0->0 0->0 0->0 0->0 0->0 0->0 0->0 0->0 0->0 163->0 65->0 82->0 142->0 100->0 65->0 156->0 133->0 91->0 71->0 109->0 104->0 70->0 71->0 105->0 0->0 86->0 90->0 

147->0 160->0 158->0 88->0 146->0 152->0 144->0 109->0 138->0 139->0 139->0 66->0 152->0 112->0 146->0 74->0 130->0 102->0 0->0 0->0 0->0 0->0 0->0 0->0 0->0 0->0 0->0 0->0 0->0 0->0 0->0 0->0 0->0 0->0 0->0 0->0 
162->0 94->0 106->0 149->0 103->0 130->0 70->0 78->0 86->0 137->0 78->0 131->0 130->0 139->0 142->0 76->0 137->0 82->0 0->0 0->0 0->0 0->0 0->0 0->0 0->0 0->0 0->0 0->0 0->0 0->0 0->0 0->0 0->0 0->0 0->0 0->0 
78->0 130->0 86->0 140->0 148->0 80->0 150->0 74->0 102->0 144->0 77->0 88->0 171->0 88->0 81->0 177->0 89->0 162->0 0->0 0->0 0->0 0->0 0->0 0->0 0->0 0->0 0->0 0->0 0->0 0->0 0->0 0->0 0->0 0->0 0->0 0->0 
157->0 155->0 148->0 82->0 71->0 109->0 160->0 144->0 152->0 154->0 148->0 140->0 74->0 65->0 135->0 147->0 132->0 71->0 0->0 0->0 0->0 0->0 0->0 0->0 0->0 0->0 0->0 0->0 0->0 0->0 0->0 0->0 0->0 0->0 0->0 0->0 
71->0 78->0 140->0 160->0 139->0 0->0 158->0 140->0 139->0 139->0 66->0 130->0 153->0 81->0 139->0 73->0 130->0 133->0 0->0 0->0 0->0 0->0 0->0 0->0 0->0 0->0 0->0 0->0 0->0 0->0 0->0 0->0 0->0 0->0 0->0 0->0 
77->0 72->0 67->0 69->0 131->0 82->0 146->0 163->0 152->0 166->0 140->0 92->0 147->0 91->0 158->0 95->0 146->0 147->0 0->0 0->0 0->0 0->0 0->0 0->0 0->0 0->0 0->0 0->0 0->0 0->0 0->0 0->0 0->0 0->0 0->0 0->0 
140->0 98->0 133->0 101->0 83->0 94->0 143->0 138->0 73->0 165->0 97->0 159->0 150->0 65->0 88->0 74->0 114->0 70->0 0->0 0->0 0->0 0->0 0->0 0->0 0->0 0->0 0->0 0->0 0->0 0->0 0->0 0->0 0->0 0->0 0->0 0->0 
163->0 65->0 82->0 142->0 100->0 65->0 156->0 133->0 91->0 71->0 109->0 104->0 70->0 71->0 105->0 0->0 86->0 90->0 0->0 0->0 0->0 0->0 0->0 0->0 0->0 0->0 0->0 0->0 0->0 0->0 0->0 0->0 0->0 0->0 0->0 0->0 
0->0 0->0 0->0 0->0 0->0 0->0 147->0 160->0 158->0 88->0 146->0 152->0 144->0 109->0 138->0 139->0 139->0 66->0 152->0 112->0 146->0 74->0 130->0 102->0 0->0 0->0 0->0 0->0 0->0 0->0 0->0 0->0 0->0 0->0 0->0 0->0 
0->0 0->0 0->0 0->0 0->0 0->0 162->0 94->0 106->0 149->0 103->0 130->0 70->0 78->0 86->0 137->0 78->0 131->0 130->0 139->0 142->0 76->0 137->0 82->0 0->0 0->0 0->0 0->0 0->0 0->0 0->0 0->0 0->0 0->0 0->0 0->0 
0->0 0->0 0->0 0->0 0->0 0->0 78->0 130->0 86->0 140->0 148->0 80->0 150->0 74->0 102->0 144->0 77->0 88->0 171->0 88->0 81->0 177->0 89->0 162->0 0->0 0->0 0->0 0->0 0->0 0->0 0->0 0->0 0->0 0->0 0->0 0->0 
0->0 0->0 0->0 0->0 0->0 0->0 157->0 155->0 148->0 82->0 71->0 109->0 160->0 144->0 152->0 154->0 148->0 140->0 74->0 65->0 135->0 147->0 132->0 71->0 0->0 0->0 0->0 0->0 0->0 0->0 0->0 0->0 0->0 0->0 0->0 0->0 
0->0 0->0 0->0 0->0 0->0 0->0 71->0 78->0 140->0 160->0 139->0 0->0 158->0 140->0 139->0 139->0 66->0 130->0 153->0 81->0 139->0 73->0 130->0 133->0 0->0 0->0 0->0 0->0 0->0 0->0 0->0 0->0 0->0 0->0 0->0 0->0 
0->0 0->0 0->0 0->0 0->0 0->0 77->0 72->0 67->0 69->0 131->0 82->0 146->0 163->0 152->0 166->0 140->0 92->0 147->0 91->0 158->0 95->0 146->0 147->0 0->0 0->0 0->0 0->0 0->0 0->0 0->0 0->0 0->0 0->0 0->0 0->0 
0->0 0->0 0->0 0->0 0->0 0->0 140->0 98->0 133->0 101->0 83->0 94->0 143->0 138->0 73->0 165->0 97->0 159->0 150->0 65->0 88->0 74->0 114->0 70->0 0->0 0->0 0->0 0->0 0->0 0->0 0->0 0->0 0->0 0->0 0->0 0->0 
0->0 0->0 0->0 0->0 0->0 0->0 163->0 65->0 82->0 142->0 100->0 65->0 156->0 133->0 91->0 71->0 109->0 104->0 70->0 71->0 105->0 0->0 86->0 90->0 0->0 0->0 0->0 0->0 0->0 0->0 0->0 0->0 0->0 0->0 0->0 0->0 
0->0 0->0 0->0 0->0 0->0 0->0 0->0 0->0 0->0 0->0 0->0 0->0 147->0 160->0 158->0 88->0 146->0 152->0 144->0 109->0 138->0 139->0 139->0 66->0 152->0 112->0 146->0 74->0 130->0 102->0 0->0 0->0 0->0 0->0 0->0 0->0 
0->0 0->0 0->0 0->0 0->0 0->0 0->0 0->0 0->0 0->0 0->0 0->0 162->0 94->0 106->0 149->0 103->0 130->0 70->0 78->0 86->0 137->0 78->0 131->0 130->0 139->0 142->0 76->0 137->0 82->0 0->0 0->0 0->0 0->0 0->0 0->0 
0->0 0->0 0->0 0->0 0->0 0->0 0->0 0->0 0->0 0->0 0->0 0->0 78->0 130->0 86->0 140->0 148->0 80->0 150->0 74->0 102->0 144->0 77->0 88->0 171->0 88->0 81->0 177->0 89->0 162->0 0->0 0->0 0->0 0->0 0->0 0->0 
0->0 0->0 0->0 0->0 0->0 0->0 0->0 0->0 0->0 0->0 0->0 0->0 157->0 155->0 148->0 82->0 71->0 109->0 160->0 144->0 152->0 154->0 148->0 140->0 74->0 65->0 135->0 147->0 132->0 71->0 0->0 0->0 0->0 0->0 0->0 0->0 
0->0 0->0 0->0 0->0 0->0 0->0 0->0 0->0 0->0 0->0 0->0 0->0 71->0 78->0 140->0 160->0 139->0 0->0 158->0 140->0 139->0 139->0 66->0 130->0 153->0 81->0 139->0 73->0 130->0 133->0 0->0 0->0 0->0 0->0 0->0 0->0 
0->0 0->0 0->0 0->0 0->0 0->0 0->0 0->0 0->0 0->0 0->0 0->0 77->0 72->0 67->0 69->0 131->0 82->0 146->0 163->0 152->0 166->0 140->0 92->0 147->0 91->0 158->0 95->0 146->0 147->0 0->0 0->0 0->0 0->0 0->0 0->0 
0->0 0->0 0->0 0->0 0->0 0->0 0->0 0->0 0->0 0->0 0->0 0->0 140->0 98->0 133->0 101->0 83->0 94->0 143->0 138->0 73->0 165->0 97->0 159->0 150->0 65->0 88->0 74->0 114->0 70->0 0->0 0->0 0->0 0->0 0->0 0->0 
0->0 0->0 0->0 0->0 0->0 0->0 0->0 0->0 0->0 0->0 0->0 0->0 163->0 65->0 82->0 142->0 100->0 65->0 156->0 133->0 91->0 71->0 109->0 104->0 70->0 71->0 105->0 0->0 86->0 90->0 0->0 0->0 0->0 0->0 0->0 0->0 
0->0 0->0 0->0 0->0 0->0 0->0 0->0 0->0 0->0 0->0 0->0 0->0 0->0 0->0 0->0 0->0 0->0 0->0 147->0 160->0 158->0 88->0 146->0 152->0 144->0 109->0 138->0 139->0 139->0 66->0 152->0 112->0 146->0 74->0 130->0 102->0 
0->0 0->0 0->0 0->0 0->0 0->0 0->0 0->0 0->0 0->0 0->0 0->0 0->0 0->0 0->0 0->0 0->0 0->0 162->0 94->0 106->0 149->0 103->0 130->0 70->0 78->0 86->0 137->0 78->0 131->0 130->0 139->0 142->0 76->0 137->0 82->0 
0->0 0->0 0->0 0->0 0->0 0->0 0->0 0->0 0->0 0->0 0->0 0->0 0->0 0->0 0->0 0->0 0->0 0->0 78->0 130->0 86->0 140->0 148->0 80->0 150->0 74->0 102->0 144->0 77->0 88->0 171->0 88->0 81->0 177->0 89->0 162->0 
0->0 0->0 0->0 0->0 0->0 0->0 0->0 0->0 0->0 0->0 0->0 0->0 0->0 0->0 0->0 0->0 0->0 0->0 157->0 155->0 148->0 82->0 71->0 109->0 160->0 144->0 152->0 154->0 148->0 140->0 74->0 65->0 135->0 147->0 132->0 71->0 
0->0 0->0 0->0 0->0 0->0 0->0 0->0 0->0 0->0 0->0 0->0 0->0 0->0 0->0 0->0 0->0 0->0 0->0 71->0 78->0 140->0 160->0 139->0 0->0 158->0 140->0 139->0 139->0 66->0 130->0 153->0 81->0 139->0 73->0 130->0 133->0 
0->0 0->0 0->0 0->0 0->0 0->0 0->0 0->0 0->0 0->0 0->0 0->0 0->0 0->0 0->0 0->0 0->0 0->0 77->0 72->0 67->0 69->0 131->0 82->0 146->0 163->0 152->0 166->0 140->0 92->0 147->0 91->0 158->0 95->0 146->0 147->0 
0->0 0->0 0->0 0->0 0->0 0->0 0->0 0->0 0->0 0->0 0->0 0->0 0->0 0->0 0->0 0->0 0->0 0->0 140->0 98->0 133->0 101->0 83->0 94->0 143->0 138->0 73->0 165->0 97->0 159->0 150->0 65->0 88->0 74->0 114->0 70->0 
0->0 0->0 0->0 0->0 0->0 0->0 0->0 0->0 0->0 0->0 0->0 0->0 0->0 0->0 0->0 0->0 0->0 0->0 163->0 65->0 82->0 142->0 100->0 65->0 156->0 133->0 91->0 71->0 109->0 104->0 70->0 71->0 105->0 0->0 86->0 90->0 

147->0 160->0 158->0 88->0 146->0 152->0 144->0 109->0 138->0 139->0 139->0 66->0 152->0 112->0 146->0 74->0 130->0 102->0 0->0 0->0 0->0 0->0 0->0 0->0 0->0 0->0 0->0 0->0 0->0 0->0 0->0 0->0 0->0 0->0 0->0 0->0 
162->0 94->0 106->0 149->0 103->0 130->0 70->0 78->0 86->0 137->0 78->0 131->0 130->0 139->0 142->0 76->0 137->0 82->0 0->0 0->0 0->0 0->0 0->0 0->0 0->0 0->0 0->0 0->0 0->0 0->0 0->0 0->0 0->0 0->0 0->0 0->0 
78->0 130->0 86->0 140->0 148->0 80->0 150->0 74->0 102->0 144->0 77->0 88->0 171->0 88->0 81->0 177->0 89->0 162->0 0->0 0->0 0->0 0->0 0->0 0->0 0->0 0->0 0->0 0->0 0->0 0->0 0->0 0->0 0->0 0->0 0->0 0->0 
157->0 155->0 148->0 82->0 71->0 109->0 160->0 144->0 152->0 154->0 148->0 140->0 74->0 65->0 135->0 147->0 132->0 71->0 0->0 0->0 0->0 0->0 0->0 0->0 0->0 0->0 0->0 0->0 0->0 0->0 0->0 0->0 0->0 0->0 0->0 0->0 
71->0 78->0 140->0 160->0 139->0 0->0 158->0 140->0 139->0 139->0 66->0 130->0 153->0 81->0 139->0 73->0 130->0 133->0 0->0 0->0 0->0 0->0 0->0 0->0 0->0 0->0 0->0 0->0 0->0 0->0 0->0 0->0 0->0 0->0 0->0 0->0 
77->0 72->0 67->0 69->0 131->0 82->0 146->0 163->0 152->0 166->0 140->0 92->0 147->0 91->0 158->0 95->0 146->0 147->0 0->0 0->0 0->0 0->0 0->0 0->0 0->0 0->0 0->0 0->0 0->0 0->0 0->0 0->0 0->0 0->0 0->0 0->0 
140->0 98->0 133->0 101->0 83->0 94->0 143->0 138->0 73->0 165->0 97->0 159->0 150->0 65->0 88->0 74->0 114->0 70->0 0->0 0->0 0->0 0->0 0->0 0->0 0->0 0->0 0->0 0->0 0->0 0->0 0->0 0->0 0->0 0->0 0->0 0->0 
163->0 65->0 82->0 142->0 100->0 65->0 156->0 133->0 91->0 71->0 109->0 104->0 70->0 71->0 105->0 0->0 86->0 90->0 0->0 0->0 0->0 0->0 0->0 0->0 0->0 0->0 0->0 0->0 0->0 0->0 0->0 0->0 0->0 0->0 0->0 0->0 
0->0 0->0 0->0 0->0 0->0 0->0 147->0 160->0 158->0 88->0 146->0 152->0 144->0 109->0 138->0 139->0 139->0 66->0 152->0 112->0 146->0 74->0 130->0 102->0 0->0 0->0 0->0 0->0 0->0 0->0 0->0 0->0 0->0 0->0 0->0 0->0 
0->0 0->0 0->0 0->0 0->0 0->0 162->0 94->0 106->0 149->0 103->0 130->0 70->0 78->0 86->0 137->0 78->0 131->0 130->0 139->0 142->0 76->0 137->0 82->0 0->0 0->0 0->0 0->0 0->0 0->0 0->0 0->0 0->0 0->0 0->0 0->0 
0->0 0->0 0->0 0->0 0->0 0->0 78->0 130->0 86->0 140->0 148->0 80->0 150->0 74->0 102->0 144->0 77->0 88->0 171->0 88->0 81->0 177->0 89->0 162->0 0->0 0->0 0->0 0->0 0->0 0->0 0->0 0->0 0->0 0->0 0->0 0->0 
0->0 0->0 0->0 0->0 0->0 0->0 157->0 155->0 148->0 82->0 71->0 109->0 160->0 144->0 152->0 154->0 148->0 140->0 74->0 65->0 135->0 147->0 132->0 71->0 0->0 0->0 0->0 0->0 0->0 0->0 0->0 0->0 0->0 0->0 0->0 0->0 
0->0 0->0 0->0 0->0 0->0 0->0 71->0 78->0 140->0 160->0 139->0 0->0 158->0 140->0 139->0 139->0 66->0 130->0 153->0 81->0 139->0 73->0 130->0 133->0 0->0 0->0 0->0 0->0 0->0 0->0 0->0 0->0 0->0 0->0 0->0 0->0 
0->0 0->0 0->0 0->0 0->0 0->0 77->0 72->0 67->0 69->0 131->0 82->0 146->0 163->0 152->0 166->0 140->0 92->0 147->0 91->0 158->0 95->0 146->0 147->0 0->0 0->0 0->0 0->0 0->0 0->0 0->0 0->0 0->0 0->0 0->0 0->0 
0->0 0->0 0->0 0->0 0->0 0->0 140->0 98->0 133->0 101->0 83->0 94->0 143->0 138->0 73->0 165->0 97->0 159->0 150->0 65->0 88->0 74->0 114->0 70->0 0->0 0->0 0->0 0->0 0->0 0->0 0->0 0->0 0->0 0->0 0->0 0->0 
0->0 0->0 0->0 0->0 0->0 0->0 163->0 65->0 82->0 142->0 100->0 65->0 156->0 133->0 91->0 71->0 109->0 104->0 70->0 71->0 105->0 0->0 86->0 90->0 0->0 0->0 0->0 0->0 0->0 0->0 0->0 0->0 0->0 0->0 0->0 0->0 
0->0 0->0 0->0 0->0 0->0 0->0 0->0 0->0 0->0 0->0 0->0 0->0 147->0 160->0 158->0 88->0 146->0 152->0 144->0 109->0 138->0 139->0 139->0 66->0 152->0 112->0 146->0 74->0 130->0 102->0 0->0 0->0 0->0 0->0 0->0 0->0 
0->0 0->0 0->0 0->0 0->0 0->0 0->0 0->0 0->0 0->0 0->0 0->0 162->0 94->0 106->0 149->0 103->0 130->0 70->0 78->0 86->0 137->0 78->0 131->0 130->0 139->0 142->0 76->0 137->0 82->0 0->0 0->0 0->0 0->0 0->0 0->0 
0->0 0->0 0->0 0->0 0->0 0->0 0->0 0->0 0->0 0->0 0->0 0->0 78->0 130->0 86->0 140->0 148->0 80->0 150->0 74->0 102->0 144->0 77->0 88->0 171->0 88->0 81->0 177->0 89->0 162->0 0->0 0->0 0->0 0->0 0->0 0->0 
0->0 0->0 0->0 0->0 0->0 0->0 0->0 0->0 0->0 0->0 0->0 0->0 157->0 155->0 148->0 82->0 71->0 109->0 160->0 144->0 152->0 154->0 148->0 140->0 74->0 65->0 135->0 147->0 132->0 71->0 0->0 0->0 0->0 0->0 0->0 0->0 
0->0 0->0 0->0 0->0 0->0 0->0 0->0 0->0 0->0 0->0 0->0 0->0 71->0 78->0 140->0 160->0 139->0 0->0 158->0 140->0 139->0 139->0 66->0 130->0 153->0 81->0 139->0 73->0 130->0 133->0 0->0 0->0 0->0 0->0 0->0 0->0 
0->0 0->0 0->0 0->0 0->0 0->0 0->0 0->0 0->0 0->0 0->0 0->0 77->0 72->0 67->0 69->0 131->0 82->0 146->0 163->0 152->0 166->0 140->0 92->0 147->0 91->0 158->0 95->0 146->0 147->0 0->0 0->0 0->0 0->0 0->0 0->0 
0->0 0->0 0->0 0->0 0->0 0->0 0->0 0->0 0->0 0->0 0->0 0->0 140->0 98->0 133->0 101->0 83->0 94->0 143->0 138->0 73->0 165->0 97->0 159->0 150->0 65->0 88->0 74->0 114->0 70->0 0->0 0->0 0->0 0->0 0->0 0->0 
0->0 0->0 0->0 0->0 0->0 0->0 0->0 0->0 0->0 0->0 0->0 0->0 163->0 65->0 82->0 142->0 100->0 65->0 156->0 133->0 91->0 71->0 109->0 104->0 70->0 71->0 105->0 0->0 86->0 90->0 0->0 0->0 0->0 0->0 0->0 0->0 
0->0 0->0 0->0 0->0 0->0 0->0 0->0 0->0 0->0 0->0 0->0 0->0 0->0 0->0 0->0 0->0 0->0 0->0 147->0 160->0 158->0 88->0 146->0 152->0 144->0 109->0 138->0 139->0 139->0 66->0 152->0 112->0 146->0 74->0 130->0 102->0 
0->0 0->0 0->0 0->0 0->0 0->0 0->0 0->0 0->0 0->0 0->0 0->0 0->0 0->0 0->0 0->0 0->0 0->0 162->0 94->0 106->0 149->0 103->0 130->0 70->0 78->0 86->0 137->0 78->0 131->0 130->0 139->0 142->0 76->0 137->0 82->0 
0->0 0->0 0->0 0->0 0->0 0->0 0->0 0->0 0->0 0->0 0->0 0->0 0->0 0->0 0->0 0->0 0->0 0->0 78->0 130->0 86->0 140->0 148->0 80->0 150->0 74->0 102->0 144->0 77->0 88->0 171->0 88->0 81->0 177->0 89->0 162->0 
0->0 0->0 0->0 0->0 0->0 0->0 0->0 0->0 0->0 0->0 0->0 0->0 0->0 0->0 0->0 0->0 0->0 0->0 157->0 155->0 148->0 82->0 71->0 109->0 160->0 144->0 152->0 154->0 148->0 140->0 74->0 65->0 135->0 147->0 132->0 71->0 
0->0 0->0 0->0 0->0 0->0 0->0 0->0 0->0 0->0 0->0 0->0 0->0 0->0 0->0 0->0 0->0 0->0 0->0 71->0 78->0 140->0 160->0 139->0 0->0 158->0 140->0 139->0 139->0 66->0 130->0 153->0 81->0 139->0 73->0 130->0 133->0 
0->0 0->0 0->0 0->0 0->0 0->0 0->0 0->0 0->0 0->0 0->0 0->0 0->0 0->0 0->0 0->0 0->0 0->0 77->0 72->0 67->0 69->0 131->0 82->0 146->0 163->0 152->0 166->0 140->0 92->0 147->0 91->0 158->0 95->0 146->0 147->0 
0->0 0->0 0->0 0->0 0->0 0->0 0->0 0->0 0->0 0->0 0->0 0->0 0->0 0->0 0->0 0->0 0->0 0->0 140->0 98->0 133->0 101->0 83->0 94->0 143->0 138->0 73->0 165->0 97->0 159->0 150->0 65->0 88->0 74->0 114->0 70->0 
0->0 0->0 0->0 0->0 0->0 0->0 0->0 0->0 0->0 0->0 0->0 0->0 0->0 0->0 0->0 0->0 0->0 0->0 163->0 65->0 82->0 142->0 100->0 65->0 156->0 133->0 91->0 71->0 109->0 104->0 70->0 71->0 105->0 0->0 86->0 90->0 

147->0 160->0 158->0 88->0 146->0 152->0 144->0 109->0 138->0 139->0 139->0 66->0 152->0 112->0 146->0 74->0 130->0 102->0 0->0 0->0 0->0 0->0 0->0 0->0 0->0 0->0 0->0 0->0 0->0 0->0 0->0 0->0 0->0 0->0 0->0 0->0 
162->0 94->0 106->0 149->0 103->0 130->0 70->0 78->0 86->0 137->0 78->0 131->0 130->0 139->0 142->0 76->0 137->0 82->0 0->0 0->0 0->0 0->0 0->0 0->0 0->0 0->0 0->0 0->0 0->0 0->0 0->0 0->0 0->0 0->0 0->0 0->0 
78->0 130->0 86->0 140->0 148->0 80->0 150->0 74->0 102->0 144->0 77->0 88->0 171->0 88->0 81->0 177->0 89->0 162->0 0->0 0->0 0->0 0->0 0->0 0->0 0->0 0->0 0->0 0->0 0->0 0->0 0->0 0->0 0->0 0->0 0->0 0->0 
157->0 155->0 148->0 82->0 71->0 109->0 160->0 144->0 152->0 154->0 148->0 140->0 74->0 65->0 135->0 147->0 132->0 71->0 0->0 0->0 0->0 0->0 0->0 0->0 0->0 0->0 0->0 0->0 0->0 0->0 0->0 0->0 0->0 0->0 0->0 0->0 
71->0 78->0 140->0 160->0 139->0 0->0 158->0 140->0 139->0 139->0 66->0 130->0 153->0 81->0 139->0 73->0 130->0 133->0 0->0 0->0 0->0 0->0 0->0 0->0 0->0 0->0 0->0 0->0 0->0 0->0 0->0 0->0 0->0 0->0 0->0 0->0 
77->0 72->0 67->0 69->0 131->0 82->0 146->0 163->0 152->0 166->0 140->0 92->0 147->0 91->0 158->0 95->0 146->0 147->0 0->0 0->0 0->0 0->0 0->0 0->0 0->0 0->0 0->0 0->0 0->0 0->0 0->0 0->0 0->0 0->0 0->0 0->0 
140->0 98->0 133->0 101->0 83->0 94->0 143->0 138->0 73->0 165->0 97->0 159->0 150->0 65->0 88->0 74->0 114->0 70->0 0->0 0->0 0->0 0->0 0->0 0->0 0->0 0->0 0->0 0->0 0->0 0->0 0->0 0->0 0->0 0->0 0->0 0->0 
163->0 65->0 82->0 142->0 100->0 65->0 156->0 133->0 91->0 71->0 109->0 104->0 70->0 71->0 105->0 0->0 86->0 90->0 0->0 0->0 0->0 0->0 0->0 0->0 0->0 0->0 0->0 0->0 0->0 0->0 0->0 0->0 0->0 0->0 0->0 0->0 
0->0 0->0 0->0 0->0 0->0 0->0 147->0 160->0 158->0 88->0 146->0 152->0 144->0 109->0 138->0 139->0 139->0 66->0 152->0 112->0 146->0 74->0 130->0 102->0 0->0 0->0 0->0 0->0 0->0 0->0 0->0 0->0 0->0 0->0 0->0 0->0 
0->0 0->0 0->0 0->0 0->0 0->0 162->0 94->0 106->0 149->0 103->0 130->0 70->0 78->0 86->0 137->0 78->0 131->0 130->0 139->0 142->0 76->0 137->0 82->0 0->0 0->0 0->0 0->0 0->0 0->0 0->0 0->0 0->0 0->0 0->0 0->0 
0->0 0->0 0->0 0->0 0->0 0->0 78->0 130->0 86->0 140->0 148->0 80->0 150->0 74->0 102->0 144->0 77->0 88->0 171->0 88->0 81->0 177->0 89->0 162->0 0->0 0->0 0->0 0->0 0->0 0->0 0->0 0->0 0->0 0->0 0->0 0->0 
0->0 0->0 0->0 0->0 0->0 0->0 157->0 155->0 148->0 82->0 71->0 109->0 160->0 144->0 152->0 154->0 148->0 140->0 74->0 65->0 135->0 147->0 132->0 71->0 0->0 0->0 0->0 0->0 0->0 0->0 0->0 0->0 0->0 0->0 0->0 0->0 
0->0 0->0 0->0 0->0 0->0 0->0 71->0 78->0 140->0 160->0 139->0 0->0 158->0 140->0 139->0 139->0 66->0 130->0 153->0 81->0 139->0 73->0 130->0 133->0 0->0 0->0 0->0 0->0 0->0 0->0 0->0 0->0 0->0 0->0 0->0 0->0 
0->0 0->0 0->0 0->0 0->0 0->0 77->0 72->0 67->0 69->0 131->0 82->0 146->0 163->0 152->0 166->0 140->0 92->0 147->0 91->0 158->0 95->0 146->0 147->0 0->0 0->0 0->0 0->0 0->0 0->0 0->0 0->0 0->0 0->0 0->0 0->0 
0->0 0->0 0->0 0->0 0->0 0->0 140->0 98->0 133->0 101->0 83->0 94->0 143->0 138->0 73->0 165->0 97->0 159->0 150->0 65->0 88->0 74->0 114->0 70->0 0->0 0->0 0->0 0->0 0->0 0->0 0->0 0->0 0->0 0->0 0->0 0->0 
0->0 0->0 0->0 0->0 0->0 0->0 163->0 65->0 82->0 142->0 100->0 65->0 156->0 133->0 91->0 71->0 109->0 104->0 70->0 71->0 105->0 0->0 86->0 90->0 0->0 0->0 0->0 0->0 0->0 0->0 0->0 0->0 0->0 0->0 0->0 0->0 
0->0 0->0 0->0 0->0 0->0 0->0 0->0 0->0 0->0 0->0 0->0 0->0 147->0 160->0 158->0 88->0 146->0 152->0 144->0 109->0 138->0 139->0 139->0 66->0 152->0 112->0 146->0 74->0 130->0 102->0 0->0 0->0 0->0 0->0 0->0 0->0 
0->0 0->0 0->0 0->0 0->0 0->0 0->0 0->0 0->0 0->0 0->0 0->0 162->0 94->0 106->0 149->0 103->0 130->0 70->0 78->0 86->0 137->0 78->0 131->0 130->0 139->0 142->0 76->0 137->0 82->0 0->0 0->0 0->0 0->0 0->0 0->0 
0->0 0->0 0->0 0->0 0->0 0->0 0->0 0->0 0->0 0->0 0->0 0->0 78->0 130->0 86->0 140->0 148->0 80->0 150->0 74->0 102->0 144->0 77->0 88->0 171->0 88->0 81->0 177->0 89->0 162->0 0->0 0->0 0->0 0->0 0->0 0->0 
0->0 0->0 0->0 0->0 0->0 0->0 0->0 0->0 0->0 0->0 0->0 0->0 157->0 155->0 148->0 82->0 71->0 109->0 160->0 144->0 152->0 154->0 148->0 140->0 74->0 65->0 135->0 147->0 132->0 71->0 0->0 0->0 0->0 0->0 0->0 0->0 
0->0 0->0 0->0 0->0 0->0 0->0 0->0 0->0 0->0 0->0 0->0 0->0 71->0 78->0 140->0 160->0 139->0 0->0 158->0 140->0 139->0 139->0 66->0 130->0 153->0 81->0 139->0 73->0 130->0 133->0 0->0 0->0 0->0 0->0 0->0 0->0 
0->0 0->0 0->0 0->0 0->0 0->0 0->0 0->0 0->0 0->0 0->0 0->0 77->0 72->0 67->0 69->0 131->0 82->0 146->0 163->0 152->0 166->0 140->0 92->0 147->0 91->0 158->0 95->0 146->0 147->0 0->0 0->0 0->0 0->0 0->0 0->0 
0->0 0->0 0->0 0->0 0->0 0->0 0->0 0->0 0->0 0->0 0->0 0->0 140->0 98->0 133->0 101->0 83->0 94->0 143->0 138->0 73->0 165->0 97->0 159->0 150->0 65->0 88->0 74->0 114->0 70->0 0->0 0->0 0->0 0->0 0->0 0->0 
0->0 0->0 0->0 0->0 0->0 0->0 0->0 0->0 0->0 0->0 0->0 0->0 163->0 65->0 82->0 142->0 100->0 65->0 156->0 133->0 91->0 71->0 109->0 104->0 70->0 71->0 105->0 0->0 86->0 90->0 0->0 0->0 0->0 0->0 0->0 0->0 
0->0 0->0 0->0 0->0 0->0 0->0 0->0 0->0 0->0 0->0 0->0 0->0 0->0 0->0 0->0 0->0 0->0 0->0 147->0 160->0 158->0 88->0 146->0 152->0 144->0 109->0 138->0 139->0 139->0 66->0 152->0 112->0 146->0 74->0 130->0 102->0 
0->0 0->0 0->0 0->0 0->0 0->0 0->0 0->0 0->0 0->0 0->0 0->0 0->0 0->0 0->0 0->0 0->0 0->0 162->0 94->0 106->0 149->0 103->0 130->0 70->0 78->0 86->0 137->0 78->0 131->0 130->0 139->0 142->0 76->0 137->0 82->0 
0->0 0->0 0->0 0->0 0->0 0->0 0->0 0->0 0->0 0->0 0->0 0->0 0->0 0->0 0->0 0->0 0->0 0->0 78->0 130->0 86->0 140->0 148->0 80->0 150->0 74->0 102->0 144->0 77->0 88->0 171->0 88->0 81->0 177->0 89->0 162->0 
0->0 0->0 0->0 0->0 0->0 0->0 0->0 0->0 0->0 0->0 0->0 0->0 0->0 0->0 0->0 0->0 0->0 0->0 157->0 155->0 148->0 82->0 71->0 109->0 160->0 144->0 152->0 154->0 148->0 140->0 74->0 65->0 135->0 147->0 132->0 71->0 
0->0 0->0 0->0 0->0 0->0 0->0 0->0 0->0 0->0 0->0 0->0 0->0 0->0 0->0 0->0 0->0 0->0 0->0 71->0 78->0 140->0 160->0 139->0 0->0 158->0 140->0 139->0 139->0 66->0 130->0 153->0 81->0 139->0 73->0 130->0 133->0 
0->0 0->0 0->0 0->0 0->0 0->0 0->0 0->0 0->0 0->0 0->0 0->0 0->0 0->0 0->0 0->0 0->0 0->0 77->0 72->0 67->0 69->0 131->0 82->0 146->0 163->0 152->0 166->0 140->0 92->0 147->0 91->0 158->0 95->0 146->0 147->0 
0->0 0->0 0->0 0->0 0->0 0->0 0->0 0->0 0->0 0->0 0->0 0->0 0->0 0->0 0->0 0->0 0->0 0->0 140->0 98->0 133->0 101->0 83->0 94->0 143->0 138->0 73->0 165->0 97->0 159->0 150->0 65->0 88->0 74->0 114->0 70->0 
0->0 0->0 0->0 0->0 0->0 0->0 0->0 0->0 0->0 0->0 0->0 0->0 0->0 0->0 0->0 0->0 0->0 0->0 163->0 65->0 82->0 142->0 100->0 65->0 156->0 133->0 91->0 71->0 109->0 104->0 70->0 71->0 105->0 0->0 86->0 90->0 

147->0 160->0 158->0 88->0 146->0 152->0 144->0 109->0 138->0 139->0 139->0 66->0 152->0 112->0 146->0 74->0 130->0 102->0 0->0 0->0 0->0 0->0 0->0 0->0 0->0 0->0 0->0 0->0 0->0 0->0 0->0 0->0 0->0 0->0 0->112 0->0 
162->0 94->0 106->0 149->0 103->0 130->0 70->0 78->0 86->0 137->0 78->0 131->0 130->0 139->0 142->0 76->0 137->0 82->0 0->0 0->0 0->0 0->0 0->0 0->0 0->0 0->0 0->0 0->0 0->0 0->0 0->0 0->0 0->0 0->0 0->112 0->0 
78->0 130->0 86->0 140->0 148->0 80->0 150->0 74->0 102->0 144->0 77->0 88->0 171->0 88->0 81->0 177->0 89->0 162->0 0->0 0->0 0->0 0->0 0->0 0->0 0->0 0->0 0->0 0->0 0->0 0->0 0->0 0->0 0->0 0->0 0->112 0->0 
157->0 155->0 148->0 82->0 71->0 109->0 160->0 144->0 152->0 154->0 148->0 140->0 74->0 65->0 135->0 147->0 132->0 71->0 0->0 0->0 0->0 0->0 0->0 0->0 0->0 0->0 0->0 0->0 0->0 0->0 0->0 0->0 0->0 0->0 0->112 0->0 
71->0 78->0 140->0 160->0 139->0 0->0 158->0 140->0 139->0 139->0 66->0 130->0 153->0 81->0 139->0 73->0 130->0 133->0 0->0 0->0 0->0 0->0 0->0 0->0 0->0 0->0 0->0 0->0 0->0 0->0 0->0 0->0 0->0 0->0 0->112 0->0 
77->0 72->0 67->0 69->0 131->0 82->0 146->0 163->0 152->0 166->0 140->0 92->0 147->0 91->0 158->0 95->0 146->0 147->0 0->0 0->0 0->0 0->0 0->0 0->0 0->0 0->0 0->0 0->0 0->0 0->0 0->0 0->0 0->0 0->0 0->112 0->0 
140->0 98->0 133->0 101->0 83->0 94->0 143->0 138->0 73->0 165->0 97->0 159->0 150->0 65->0 88->0 74->0 114->0 70->0 0->0 0->0 0->0 0->0 0->0 0->0 0->0 0->0 0->0 0->0 0->0 0->0 0->0 0->0 0->0 0->0 0->112 0->0 
163->0 65->0 82->0 142->0 100->0 65->0 156->0 133->0 91->0 71->0 109->0 104->0 70->0 71->0 105->0 0->0 86->0 90->0 0->0 0->0 0->0 0->0 0->0 0->0 0->0 0->0 0->0 0->0 0->0 0->0 0->0 0->0 0->0 0->0 0->112 0->0 
0->0 0->0 0->0 0->0 0->0 0->0 147->0 160->0 158->0 88->0 146->0 152->0 144->0 109->0 138->0 139->0 139->0 66->0 152->0 112->0 146->0 74->0 130->0 102->0 0->0 0->0 0->0 0->0 0->0 0->0 0->0 0->0 0->0 0->0 0->112 0->0 
0->0 0->0 0->0 0->0 0->0 0->0 162->0 94->0 106->0 149->0 103->0 130->0 70->0 78->0 86->0 137->0 78->0 131->0 130->0 139->0 142->0 76->0 137->0 82->0 0->0 0->0 0->0 0->0 0->0 0->0 0->0 0->0 0->0 0->0 0->112 0->0 
0->0 0->0 0->0 0->0 0->0 0->0 78->0 130->0 86->0 140->0 148->0 80->0 150->0 74->0 102->0 144->0 77->0 88->0 171->0 88->0 81->0 177->0 89->0 162->0 0->0 0->0 0->0 0->0 0->0 0->0 0->0 0->0 0->0 0->0 0->112 0->0 
0->0 0->0 0->0 0->0 0->0 0->0 157->0 155->0 148->0 82->0 71->0 109->0 160->0 144->0 152->0 154->0 148->0 140->0 74->0 65->0 135->0 147->0 132->0 71->0 0->0 0->0 0->0 0->0 0->0 0->0 0->0 0->0 0->0 0->0 0->112 0->0 
0->0 0->0 0->0 0->0 0->0 0->0 71->0 78->0 140->0 160->0 139->0 0->0 158->0 140->0 139->0 139->0 66->0 130->0 153->0 81->0 139->0 73->0 130->0 133->0 0->0 0->0 0->0 0->0 0->0 0->0 0->0 0->0 0->0 0->0 0->112 0->0 
0->0 0->0 0->0 0->0 0->0 0->0 77->0 72->0 67->0 69->0 131->0 82->0 146->0 163->0 152->0 166->0 140->0 92->0 147->0 91->0 158->0 95->0 146->0 147->0 0->0 0->0 0->0 0->0 0->0 0->0 0->0 0->0 0->0 0->0 0->112 0->0 
0->0 0->0 0->0 0->0 0->0 0->0 140->0 98->0 133->0 101->0 83->0 94->0 143->0 138->0 73->0 165->0 97->0 159->0 150->0 65->0 88->0 74->0 114->0 70->0 0->0 0->0 0->0 0->0 0->0 0->0 0->0 0->0 0->0 0->0 0->112 0->0 
0->0 0->0 0->0 0->0 0->0 0->0 163->0 65->0 82->0 142->0 100->0 65->0 156->0 133->0 91->0 71->0 109->0 104->0 70->0 71->0 105->0 0->0 86->0 90->0 0->0 0->0 0->0 0->0 0->0 0->0 0->0 0->0 0->0 0->0 0->112 0->0 
0->0 0->0 0->0 0->0 0->0 0->0 0->0 0->0 0->0 0->0 0->0 0->0 147->0 160->0 158->0 88->0 146->0 152->0 144->0 109->0 138->0 139->0 139->0 66->0 152->0 112->0 146->0 74->0 130->0 102->0 0->0 0->0 0->0 0->0 0->112 0->0 
0->0 0->0 0->0 0->0 0->0 0->0 0->0 0->0 0->0 0->0 0->0 0->0 162->0 94->0 106->0 149->0 103->0 130->0 70->0 78->0 86->0 137->0 78->0 131->0 130->0 139->0 142->0 76->0 137->0 82->0 0->0 0->0 0->0 0->0 0->112 0->0 
0->0 0->0 0->0 0->0 0->0 0->0 0->0 0->0 0->0 0->0 0->0 0->0 78->0 130->0 86->0 140->0 148->0 80->0 150->0 74->0 102->0 144->0 77->0 88->0 171->0 88->0 81->0 177->0 89->0 162->0 0->0 0->0 0->0 0->0 0->112 0->0 
0->0 0->0 0->0 0->0 0->0 0->0 0->0 0->0 0->0 0->0 0->0 0->0 157->0 155->0 148->0 82->0 71->0 109->0 160->0 144->0 152->0 154->0 148->0 140->0 74->0 65->0 135->0 147->0 132->0 71->0 0->0 0->0 0->0 0->0 0->112 0->0 
0->0 0->0 0->0 0->0 0->0 0->0 0->0 0->0 0->0 0->0 0->0 0->0 71->0 78->0 140->0 160->0 139->0 0->0 158->0 140->0 139->0 139->0 66->0 130->0 153->0 81->0 139->0 73->0 130->0 133->0 0->0 0->0 0->0 0->0 0->112 0->0 
0->0 0->0 0->0 0->0 0->0 0->0 0->0 0->0 0->0 0->0 0->0 0->0 77->0 72->0 67->0 69->0 131->0 82->0 146->0 163->0 152->0 166->0 140->0 92->0 147->0 91->0 158->0 95->0 146->0 147->0 0->0 0->0 0->0 0->0 0->112 0->0 
0->0 0->0 0->0 0->0 0->0 0->0 0->0 0->0 0->0 0->0 0->0 0->0 140->0 98->0 133->0 101->0 83->0 94->0 143->0 138->0 73->0 165->0 97->0 159->0 150->0 65->0 88->0 74->0 114->0 70->0 0->0 0->0 0->0 0->0 0->112 0->0 
0->0 0->0 0->0 0->0 0->0 0->0 0->0 0->0 0->0 0->0 0->0 0->0 163->0 65->0 82->0 142->0 100->0 65->0 156->0 133->0 91->0 71->0 109->0 104->0 70->0 71->0 105->0 0->0 86->0 90->0 0->0 0->0 0->0 0->0 0->112 0->0 
0->0 0->0 0->0 0->0 0->0 0->0 0->0 0->0 0->0 0->0 0->0 0->0 0->0 0->0 0->0 0->0 0->0 0->0 147->0 160->0 158->0 88->0 146->0 152->0 144->0 109->0 138->0 139->0 139->0 66->0 152->0 112->0 146->0 74->0 130->112 102->0 
0->0 0->0 0->0 0->0 0->0 0->0 0->0 0->0 0->0 0->0 0->0 0->0 0->0 0->0 0->0 0->0 0->0 0->0 162->0 94->0 106->0 149->0 103->0 130->0 70->0 78->0 86->0 137->0 78->0 131->0 130->0 139->0 142->0 76->0 137->112 82->0 
0->0 0->0 0->0 0->0 0->0 0->0 0->0 0->0 0->0 0->0 0->0 0->0 0->0 0->0 0->0 0->0 0->0 0->0 78->0 130->0 86->0 140->0 148->0 80->0 150->0 74->0 102->0 144->0 77->0 88->0 171->0 88->0 81->0 177->0 89->112 162->0 
0->0 0->0 0->0 0->0 0->0 0->0 0->0 0->0 0->0 0->0 0->0 0->0 0->0 0->0 0->0 0->0 0->0 0->0 157->0 155->0 148->0 82->0 71->0 109->0 160->0 144->0 152->0 154->0 148->0 140->0 74->0 65->0 135->0 147->0 132->112 71->0 
0->0 0->0 0->0 0->0 0->0 0->0 0->0 0->0 0->0 0->0 0->0 0->0 0->0 0->0 0->0 0->0 0->0 0->0 71->0 78->0 140->0 160->0 139->0 0->0 158->0 140->0 139->0 139->0 66->0 130->0 153->0 81->0 139->0 73->0 130->112 133->0 
0->0 0->0 0->0 0->0 0->0 0->0 0->0 0->0 0->0 0->0 0->0 0->0 0->0 0->0 0->0 0->0 0->0 0->0 77->0 72->0 67->0 69->0 131->0 82->0 146->0 163->0 152->0 166->0 140->0 92->0 147->0 91->0 158->0 95->0 146->112 147->0 
0->0 0->0 0->0 0->0 0->0 0->0 0->0 0->0 0->0 0->0 0->0 0->0 0->0 0->0 0->0 0->0 0->0 0->0 140->0 98->0 133->0 101->0 83->0 94->0 143->0 138->0 73->0 165->0 97->0 159->0 150->0 65->0 88->0 74->0 114->112 70->0 
0->0 0->0 0->0 0->0 0->0 0->0 0->0 0->0 0->0 0->0 0->0 0->0 0->0 0->0 0->0 0->0 0->0 0->0 163->0 65->0 82->0 142->0 100->0 65->0 156->0 133->0 91->0 71->0 109->0 104->0 70->0 71->0 105->0 0->0 86->112 90->0 

147->0 160->0 158->0 88->0 146->0 152->0 144->0 109->0 138->0 139->0 139->112 66->0 152->0 112->0 146->0 74->0 130->128 102->0 0->0 0->0 0->0 0->0 0->128 0->0 0->0 0->0 0->0 0->0 0->144 0->0 0->0 0->0 0->0 0->0 0->128 0->0 
162->0 94->0 106->0 149->0 103->0 130->0 70->0 78->0 86->0 137->0 78->112 131->0 130->0 139->0 142->0 76->0 137->128 82->0 0->0 0->0 0->0 0->0 0->128 0->0 0->0 0->0 0->0 0->0 0->144 0->0 0->0 0->0 0->0 0->0 0->128 0->0 
78->0 130->0 86->0 140->0 148->0 80->0 150->0 74->0 102->0 144->0 77->112 88->0 171->0 88->0 81->0 177->0 89->128 162->0 0->0 0->0 0->0 0->0 0->128 0->0 0->0 0->0 0->0 0->0 0->144 0->0 0->0 0->0 0->0 0->0 0->128 0->0 
157->0 155->0 148->0 82->0 71->0 109->0 160->0 144->0 152->0 154->0 148->112 140->0 74->0 65->0 135->0 147->0 132->128 71->0 0->0 0->0 0->0 0->0 0->128 0->0 0->0 0->0 0->0 0->0 0->144 0->0 0->0 0->0 0->0 0->0 0->128 0->0 
71->0 78->0 140->0 160->0 139->0 0->0 158->0 140->0 139->0 139->0 66->112 130->0 153->0 81->0 139->0 73->0 130->128 133->0 0->0 0->0 0->0 0->0 0->128 0->0 0->0 0->0 0->0 0->0 0->144 0->0 0->0 0->0 0->0 0->0 0->128 0->0 
77->0 72->0 67->0 69->0 131->0 82->0 146->0 163->0 152->0 166->0 140->112 92->0 147->0 91->0 158->0 95->0 146->128 147->0 0->0 0->0 0->0 0->0 0->128 0->0 0->0 0->0 0->0 0->0 0->144 0->0 0->0 0->0 0->0 0->0 0->128 0->0 
140->0 98->0 133->0 101->0 83->0 94->0 143->0 138->0 73->0 165->0 97->112 159->0 150->0 65->0 88->0 74->0 114->128 70->0 0->0 0->0 0->0 0->0 0->128 0->0 0->0 0->0 0->0 0->0 0->144 0->0 0->0 0->0 0->0 0->0 0->128 0->0 
163->0 65->0 82->0 142->0 100->0 65->0 156->0 133->0 91->0 71->0 109->112 104->0 70->0 71->0 105->0 0->0 86->128 90->0 0->0 0->0 0->0 0->0 0->128 0->0 0->0 0->0 0->0 0->0 0->144 0->0 0->0 0->0 0->0 0->0 0->128 0->0 
0->0 0->0 0->0 0->0 0->0 0->0 147->0 160->0 158->0 88->0 146->112 152->0 144->0 109->0 138->0 139->0 139->128 66->0 152->0 112->0 146->0 74->0 130->128 102->0 0->0 0->0 0->0 0->0 0->144 0->0 0->0 0->0 0->0 0->0 0->128 0->0 
0->0 0->0 0->0 0->0 0->0 0->0 162->0 94->0 106->0 149->0 103->112 130->0 70->0 78->0 86->0 137->0 78->128 131->0 130->0 139->0 142->0 76->0 137->128 82->0 0->0 0->0 0->0 0->0 0->144 0->0 0->0 0->0 0->0 0->0 0->128 0->0 
0->0 0->0 0->0 0->0 0->0 0->0 78->0 130->0 86->0 140->0 148->112 80->0 150->0 74->0 102->0 144->0 77->128 88->0 171->0 88->0 81->0 177->0 89->128 162->0 0->0 0->0 0->0 0->0 0->144 0->0 0->0 0->0 0->0 0->0 0->128 0->0 
0->0 0->0 0->0 0->0 0->0 0->0 157->0 155->0 148->0 82->0 71->112 109->0 160->0 144->0 152->0 154->0 148->128 140->0 74->0 65->0 135->0 147->0 132->128 71->0 0->0 0->0 0->0 0->0 0->144 0->0 0->0 0->0 0->0 0->0 0->128 0->0 
0->0 0->0 0->0 0->0 0->0 0->0 71->0 78->0 140->0 160->0 139->112 0->0 158->0 140->0 139->0 139->0 66->128 130->0 153->0 81->0 139->0 73->0 130->128 133->0 0->0 0->0 0->0 0->0 0->144 0->0 0->0 0->0 0->0 0->0 0->128 0->0 
0->0 0->0 0->0 0->0 0->0 0->0 77->0 72->0 67->0 69->0 131->112 82->0 146->0 163->0 152->0 166->0 140->128 92->0 147->0 91->0 158->0 95->0 146->128 147->0 0->0 0->0 0->0 0->0 0->144 0->0 0->0 0->0 0->0 0->0 0->128 0->0 
0->0 0->0 0->0 0->0 0->0 0->0 140->0 98->0 133->0 101->0 83->112 94->0 143->0 138->0 73->0 165->0 97->128 159->0 150->0 65->0 88->0 74->0 114->128 70->0 0->0 0->0 0->0 0->0 0->144 0->0 0->0 0->0 0->0 0->0 0->128 0->0 
0->0 0->0 0->0 0->0 0->0 0->0 163->0 65->0 82->0 142->0 100->112 65->0 156->0 133->0 91->0 71->0 109->128 104->0 70->0 71->0 105->0 0->0 86->128 90->0 0->0 0->0 0->0 0->0 0->144 0->0 0->0 0->0 0->0 0->0 0->128 0->0 
0->0 0->0 0->0 0->0 0->0 0->0 0->0 0->0 0->0 0->0 0->112 0->0 147->0 160->0 158->0 88->0 146->128 152->0 144->0 109->0 138->0 139->0 139->128 66->0 152->0 112->0 146->0 74->0 130->144 102->0 0->0 0->0 0->0 0->0 0->128 0->0 
0->0 0->0 0->0 0->0 0->0 0->0 0->0 0->0 0->0 0->0 0->112 0->0 162->0 94->0 106->0 149->0 103->128 130->0 70->0 78->0 86->0 137->0 78->128 131->0 130->0 139->0 142->0 76->0 137->144 82->0 0->0 0->0 0->0 0->0 0->128 0->0 
0->0 0->0 0->0 0->0 0->0 0->0 0->0 0->0 0->0 0->0 0->112 0->0 78->0 130->0 86->0 140->0 148->128 80->0 150->0 74->0 102->0 144->0 77->128 88->0 171->0 88->0 81->0 177->0 89->144 162->0 0->0 0->0 0->0 0->0 0->128 0->0 
0->0 0->0 0->0 0->0 0->0 0->0 0->0 0->0 0->0 0->0 0->112 0->0 157->0 155->0 148->0 82->0 71->128 109->0 160->0 144->0 152->0 154->0 148->128 140->0 74->0 65->0 135->0 147->0 132->144 71->0 0->0 0->0 0->0 0->0 0->128 0->0 
0->0 0->0 0->0 0->0 0->0 0->0 0->0 0->0 0->0 0->0 0->112 0->0 71->0 78->0 140->0 160->0 139->128 0->0 158->0 140->0 139->0 139->0 66->128 130->0 153->0 81->0 139->0 73->0 130->144 133->0 0->0 0->0 0->0 0->0 0->128 0->0 
0->0 0->0 0->0 0->0 0->0 0->0 0->0 0->0 0->0 0->0 0->112 0->0 77->0 72->0 67->0 69->0 131->128 82->0 146->0 163->0 152->0 166->0 140->128 92->0 147->0 91->0 158->0 95->0 146->144 147->0 0->0 0->0 0->0 0->0 0->128 0->0 
0->0 0->0 0->0 0->0 0->0 0->0 0->0 0->0 0->0 0->0 0->112 0->0 140->0 98->0 133->0 101->0 83->128 94->0 143->0 138->0 73->0 165->0 97->128 159->0 150->0 65->0 88->0 74->0 114->144 70->0 0->0 0->0 0->0 0->0 0->128 0->0 
0->0 0->0 0->0 0->0 0->0 0->0 0->0 0->0 0->0 0->0 0->112 0->0 163->0 65->0 82->0 142->0 100->128 65->0 156->0 133->0 91->0 71->0 109->128 104->0 70->0 71->0 105->0 0->0 86->144 90->0 0->0 0->0 0->0 0->0 0->128 0->0 
0->0 0->0 0->0 0->0 0->0 0->0 0->0 0->0 0->0 0->0 0->112 0->0 0->0 0->0 0->0 0->0 0->128 0->0 147->0 160->0 158->0 88->0 146->128 152->0 144->0 109->0 138->0 139->0 139->144 66->0 152->0 112->0 146->0 74->0 130->128 102->0 
0->0 0->0 0->0 0->0 0->0 0->0 0->0 0->0 0->0 0->0 0->112 0->0 0->0 0->0 0->0 0->0 0->128 0->0 162->0 94->0 106->0 149->0 103->128 130->0 70->0 78->0 86->0 137->0 78->144 131->0 130->0 139->0 142->0 76->0 137->128 82->0 
0->0 0->0 0->0 0->0 0->0 0->0 0->0 0->0 0->0 0->0 0->112 0->0 0->0 0->0 0->0 0->0 0->128 0->0 78->0 130->0 86->0 140->0 148->128 80->0 150->0 74->0 102->0 144->0 77->144 88->0 171->0 88->0 81->0 177->0 89->128 162->0 
0->0 0->0 0->0 0->0 0->0 0->0 0->0 0->0 0->0 0->0 0->112 0->0 0->0 0->0 0->0 0->0 0->128 0->0 157->0 155->0 148->0 82->0 71->128 109->0 160->0 144->0 152->0 154->0 148->144 140->0 74->0 65->0 135->0 147->0 132->128 71->0 
0->0 0->0 0->0 0->0 0->0 0->0 0->0 0->0 0->0 0->0 0->112 0->0 0->0 0->0 0->0 0->0 0->128 0->0 71->0 78->0 140->0 160->0 139->128 0->0 158->0 140->0 139->0 139->0 66->144 130->0 153->0 81->0 139->0 73->0 130->128 133->0 
0->0 0->0 0->0 0->0 0->0 0->0 0->0 0->0 0->0 0->0 0->112 0->0 0->0 0->0 0->0 0->0 0->128 0->0 77->0 72->0 67->0 69->0 131->128 82->0 146->0 163->0 152->0 166->0 140->144 92->0 147->0 91->0 158->0 95->0 146->128 147->0 
0->0 0->0 0->0 0->0 0->0 0->0 0->0 0->0 0->0 0->0 0->112 0->0 0->0 0->0 0->0 0->0 0->128 0->0 140->0 98->0 133->0 101->0 83->128 94->0 143->0 138->0 73->0 165->0 97->144 159->0 150->0 65->0 88->0 74->0 114->128 70->0 
0->0 0->0 0->0 0->0 0->0 0->0 0->0 0->0 0->0 0->0 0->112 0->0 0->0 0->0 0->0 0->0 0->128 0->0 163->0 65->0 82->0 142->0 100->128 65->0 156->0 133->0 91->0 71->0 109->144 104->0 70->0 71->0 105->0 0->0 86->128 90->0 

147->0 160->0 158->0 88->0 146->144 152->0 144->0 109->0 138->0 139->0 139->128 66->0 152->0 112->0 146->0 74->0 130->96 102->0 0->0 0->0 0->0 0->0 0->0 0->0 0->0 0->0 0->0 0->0 0->0 0->0 0->0 0->0 0->0 0->0 0->0 0->0 
162->0 94->0 106->0 149->0 103->144 130->0 70->0 78->0 86->0 137->0 78->128 131->0 130->0 139->0 142->0 76->0 137->96 82->0 0->0 0->0 0->0 0->0 0->0 0->0 0->0 0->0 0->0 0->0 0->0 0->0 0->0 0->0 0->0 0->0 0->0 0->0 
78->0 130->0 86->0 140->0 148->144 80->0 150->0 74->0 102->0 144->0 77->128 88->0 171->0 88->0 81->0 177->0 89->96 162->0 0->0 0->0 0->0 0->0 0->0 0->0 0->0 0->0 0->0 0->0 0->0 0->0 0->0 0->0 0->0 0->0 0->0 0->0 
157->0 155->0 148->0 82->0 71->144 109->0 160->0 144->0 152->0 154->0 148->128 140->0 74->0 65->0 135->0 147->0 132->96 71->0 0->0 0->0 0->0 0->0 0->0 0->0 0->0 0->0 0->0 0->0 0->0 0->0 0->0 0->0 0->0 0->0 0->0 0->0 
71->0 78->0 140->0 160->0 139->144 0->0 158->0 140->0 139->0 139->0 66->128 130->0 153->0 81->0 139->0 73->0 130->96 133->0 0->0 0->0 0->0 0->0 0->0 0->0 0->0 0->0 0->0 0->0 0->0 0->0 0->0 0->0 0->0 0->0 0->0 0->0 
77->0 72->0 67->0 69->0 131->144 82->0 146->0 163->0 152->0 166->0 140->128 92->0 147->0 91->0 158->0 95->0 146->96 147->0 0->0 0->0 0->0 0->0 0->0 0->0 0->0 0->0 0->0 0->0 0->0 0->0 0->0 0->0 0->0 0->0 0->0 0->0 
140->0 98->0 133->0 101->0 83->144 94->0 143->0 138->0 73->0 165->0 97->128 159->0 150->0 65->0 88->0 74->0 114->96 70->0 0->0 0->0 0->0 0->0 0->0 0->0 0->0 0->0 0->0 0->0 0->0 0->0 0->0 0->0 0->0 0->0 0->0 0->0 
163->0 65->0 82->0 142->0 100->144 65->0 156->0 133->0 91->0 71->0 109->128 104->0 70->0 71->0 105->0 0->0 86->96 90->0 0->0 0->0 0->0 0->0 0->0 0->0 0->0 0->0 0->0 0->0 0->0 0->0 0->0 0->0 0->0 0->0 0->0 0->0 
0->0 0->0 0->0 0->0 0->144 0->0 147->0 160->0 158->0 88->0 146->128 152->0 144->0 109->0 138->0 139->0 139->96 66->0 152->0 112->0 146->0 74->0 130->0 102->0 0->0 0->0 0->0 0->0 0->0 0->0 0->0 0->0 0->0 0->0 0->0 0->0 
0->0 0->0 0->0 0->0 0->144 0->0 162->0 94->0 106->0 149->0 103->128 130->0 70->0 78->0 86->0 137->0 78->96 131->0 130->0 139->0 142->0 76->0 137->0 82->0 0->0 0->0 0->0 0->0 0->0 0->0 0->0 0->0 0->0 0->0 0->0 0->0 
0->0 0->0 0->0 0->0 0->144 0->0 78->0 130->0 86->0 140->0 148->128 80->0 150->0 74->0 102->0 144->0 77->96 88->0 171->0 88->0 81->0 177->0 89->0 162->0 0->0 0->0 0->0 0->0 0->0 0->0 0->0 0->0 0->0 0->0 0->0 0->0 
0->0 0->0 0->0 0->0 0->144 0->0 157->0 155->0 148->0 82->0 71->128 109->0 160->0 144->0 152->0 154->0 148->96 140->0 74->0 65->0 135->0 147->0 132->0 71->0 0->0 0->0 0->0 0->0 0->0 0->0 0->0 0->0 0->0 0->0 0->0 0->0 
0->0 0->0 0->0 0->0 0->144 0->0 71->0 78->0 140->0 160->0 139->128 0->0 158->0 140->0 139->0 139->0 66->96 130->0 153->0 81->0 139->0 73->0 130->0 133->0 0->0 0->0 0->0 0->0 0->0 0->0 0->0 0->0 0->0 0->0 0->0 0->0 
0->0 0->0 0->0 0->0 0->144 0->0 77->0 72->0 67->0 69->0 131->128 82->0 146->0 163->0 152->0 166->0 140->96 92->0 147->0 91->0 158->0 95->0 146->0 147->0 0->0 0->0 0->0 0->0 0->0 0->0 0->0 0->0 0->0 0->0 0->0 0->0 
0->0 0->0 0->0 0->0 0->144 0->0 140->0 98->0 133->0 101->0 83->128 94->0 143->0 138->0 73->0 165->0 97->96 159->0 150->0 65->0 88->0 74->0 114->0 70->0 0->0 0->0 0->0 0->0 0->0 0->0 0->0 0->0 0->0 0->0 0->0 0->0 
0->0 0->0 0->0 0->0 0->144 0->0 163->0 65->0 82->0 142->0 100->128 65->0 156->0 133->0 91->0 71->0 109->96 104->0 70->0 71->0 105->0 0->0 86->0 90->0 0->0 0->0 0->0 0->0 0->0 0->0 0->0 0->0 0->0 0->0 0->0 0->0 
0->0 0->0 0->0 0->0 0->144 0->0 0->0 0->0 0->0 0->0 0->128 0->0 147->0 160->0 158->0 88->0 146->96 152->0 144->0 109->0 138->0 139->0 139->0 66->0 152->0 112->0 146->0 74->0 130->0 102->0 0->0 0->0 0->0 0->0 0->0 0->0 
0->0 0->0 0->0 0->0 0->144 0->0 0->0 0->0 0->0 0->0 0->128 0->0 162->0 94->0 106->0 149->0 103->96 130->0 70->0 78->0 86->0 137->0 78->0 131->0 130->0 139->0 142->0 76->0 137->0 82->0 0->0 0->0 0->0 0->0 0->0 0->0 
0->0 0->0 0->0 0->0 0->144 0->0 0->0 0->0 0->0 0->0 0->128 0->0 78->0 130->0 86->0 140->0 148->96 80->0 150->0 74->0 102->0 144->0 77->0 88->0 171->0 88->0 81->0 177->0 89->0 162->0 0->0 0->0 0->0 0->0 0->0 0->0 
0->0 0->0 0->0 0->0 0->144 0->0 0->0 0->0 0->0 0->0 0->128 0->0 157->0 155->0 148->0 82->0 71->96 109->0 160->0 144->0 152->0 154->0 148->0 140->0 74->0 65->0 135->0 147->0 132->0 71->0 0->0 0->0 0->0 0->0 0->0 0->0 
0->0 0->0 0->0 0->0 0->144 0->0 0->0 0->0 0->0 0->0 0->128 0->0 71->0 78->0 140->0 160->0 139->96 0->0 158->0 140->0 139->0 139->0 66->0 130->0 153->0 81->0 139->0 73->0 130->0 133->0 0->0 0->0 0->0 0->0 0->0 0->0 
0->0 0->0 0->0 0->0 0->144 0->0 0->0 0->0 0->0 0->0 0->128 0->0 77->0 72->0 67->0 69->0 131->96 82->0 146->0 163->0 152->0 166->0 140->0 92->0 147->0 91->0 158->0 95->0 146->0 147->0 0->0 0->0 0->0 0->0 0->0 0->0 
0->0 0->0 0->0 0->0 0->144 0->0 0->0 0->0 0->0 0->0 0->128 0->0 140->0 98->0 133->0 101->0 83->96 94->0 143->0 138->0 73->0 165->0 97->0 159->0 150->0 65->0 88->0 74->0 114->0 70->0 0->0 0->0 0->0 0->0 0->0 0->0 
0->0 0->0 0->0 0->0 0->144 0->0 0->0 0->0 0->0 0->0 0->128 0->0 163->0 65->0 82->0 142->0 100->96 65->0 156->0 133->0 91->0 71->0 109->0 104->0 70->0 71->0 105->0 0->0 86->0 90->0 0->0 0->0 0->0 0->0 0->0 0->0 
0->0 0->0 0->0 0->0 0->144 0->0 0->0 0->0 0->0 0->0 0->128 0->0 0->0 0->0 0->0 0->0 0->96 0->0 147->0 160->0 158->0 88->0 146->0 152->0 144->0 109->0 138->0 139->0 139->0 66->0 152->0 112->0 146->0 74->0 130->0 102->0 
0->0 0->0 0->0 0->0 0->144 0->0 0->0 0->0 0->0 0->0 0->128 0->0 0->0 0->0 0->0 0->0 0->96 0->0 162->0 94->0 106->0 149->0 103->0 130->0 70->0 78->0 86->0 137->0 78->0 131->0 130->0 139->0 142->0 76->0 137->0 82->0 
0->0 0->0 0->0 0->0 0->144 0->0 0->0 0->0 0->0 0->0 0->128 0->0 0->0 0->0 0->0 0->0 0->96 0->0 78->0 130->0 86->0 140->0 148->0 80->0 150->0 74->0 102->0 144->0 77->0 88->0 171->0 88->0 81->0 177->0 89->0 162->0 
0->0 0->0 0->0 0->0 0->144 0->0 0->0 0->0 0->0 0->0 0->128 0->0 0->0 0->0 0->0 0->0 0->96 0->0 157->0 155->0 148->0 82->0 71->0 109->0 160->0 144->0 152->0 154->0 148->0 140->0 74->0 65->0 135->0 147->0 132->0 71->0 
0->0 0->0 0->0 0->0 0->144 0->0 0->0 0->0 0->0 0->0 0->128 0->0 0->0 0->0 0->0 0->0 0->96 0->0 71->0 78->0 140->0 160->0 139->0 0->0 158->0 140->0 139->0 139->0 66->0 130->0 153->0 81->0 139->0 73->0 130->0 133->0 
0->0 0->0 0->0 0->0 0->144 0->0 0->0 0->0 0->0 0->0 0->128 0->0 0->0 0->0 0->0 0->0 0->96 0->0 77->0 72->0 67->0 69->0 131->0 82->0 146->0 163->0 152->0 166->0 140->0 92->0 147->0 91->0 158->0 95->0 146->0 147->0 
0->0 0->0 0->0 0->0 0->144 0->0 0->0 0->0 0->0 0->0 0->128 0->0 0->0 0->0 0->0 0->0 0->96 0->0 140->0 98->0 133->0 101->0 83->0 94->0 143->0 138->0 73->0 165->0 97->0 159->0 150->0 65->0 88->0 74->0 114->0 70->0 
0->0 0->0 0->0 0->0 0->144 0->0 0->0 0->0 0->0 0->0 0->128 0->0 0->0 0->0 0->0 0->0 0->96 0->0 163->0 65->0 82->0 142->0 100->0 65->0 156->0 133->0 91->0 71->0 109->0 104->0 70->0 71->0 105->0 0->0 86->0 90->0 

147->0 160->0 158->0 88->0 146->0 152->0 144->0 109->0 138->0 139->0 139->0 66->0 152->0 112->0 146->0 74->0 130->0 102->0 0->0 0->0 0->0 0->0 0->96 0->0 0->0 0->0 0->0 0->0 0->128 0->0 0->0 0->0 0->112 0->0 0->128 0->0 
162->0 94->0 106->0 149->0 103->0 130->0 70->0 78->0 86->0 137->0 78->0 131->0 130->0 139->0 142->0 76->0 137->0 82->0 0->0 0->0 0->0 0->0 0->96 0->0 0->0 0->0 0->0 0->0 0->128 0->0 0->0 0->0 0->112 0->0 0->128 0->0 
78->0 130->0 86->0 140->0 148->0 80->0 150->0 74->0 102->0 144->0 77->0 88->0 171->0 88->0 81->0 177->0 89->0 162->0 0->0 0->0 0->0 0->0 0->96 0->0 0->0 0->0 0->0 0->0 0->128 0->0 0->0 0->0 0->112 0->0 0->128 0->0 
157->0 155->0 148->0 82->0 71->0 109->0 160->0 144->0 152->0 154->0 148->0 140->0 74->0 65->0 135->0 147->0 132->0 71->0 0->0 0->0 0->0 0->0 0->96 0->0 0->0 0->0 0->0 0->0 0->128 0->0 0->0 0->0 0->112 0->0 0->128 0->0 
71->0 78->0 140->0 160->0 139->0 0->0 158->0 140->0 139->0 139->0 66->0 130->0 153->0 81->0 139->0 73->0 130->0 133->0 0->0 0->0 0->0 0->0 0->96 0->0 0->0 0->0 0->0 0->0 0->128 0->0 0->0 0->0 0->112 0->0 0->128 0->0 
77->0 72->0 67->0 69->0 131->0 82->0 146->0 163->0 152->0 166->0 140->0 92->0 147->0 91->0 158->0 95->0 146->0 147->0 0->0 0->0 0->0 0->0 0->96 0->0 0->0 0->0 0->0 0->0 0->128 0->0 0->0 0->0 0->112 0->0 0->128 0->0 
140->0 98->0 133->0 101->0 83->0 94->0 143->0 138->0 73->0 165->0 97->0 159->0 150->0 65->0 88->0 74->0 114->0 70->0 0->0 0->0 0->0 0->0 0->96 0->0 0->0 0->0 0->0 0->0 0->128 0->0 0->0 0->0 0->112 0->0 0->128 0->0 
163->0 65->0 82->0 142->0 100->0 65->0 156->0 133->0 91->0 71->0 109->0 104->0 70->0 71->0 105->0 0->0 86->0 90->0 0->0 0->0 0->0 0->0 0->96 0->0 0->0 0->0 0->0 0->0 0->128 0->0 0->0 0->0 0->112 0->0 0->128 0->0 
0->0 0->0 0->0 0->0 0->0 0->0 147->0 160->0 158->0 88->0 146->0 152->0 144->0 109->0 138->0 139->0 139->0 66->0 152->0 112->0 146->0 74->0 130->96 102->0 0->0 0->0 0->0 0->0 0->128 0->0 0->0 0->0 0->112 0->0 0->128 0->0 
0->0 0->0 0->0 0->0 0->0 0->0 162->0 94->0 106->0 149->0 103->0 130->0 70->0 78->0 86->0 137->0 78->0 131->0 130->0 139->0 142->0 76->0 137->96 82->0 0->0 0->0 0->0 0->0 0->128 0->0 0->0 0->0 0->112 0->0 0->128 0->0 
0->0 0->0 0->0 0->0 0->0 0->0 78->0 130->0 86->0 140->0 148->0 80->0 150->0 74->0 102->0 144->0 77->0 88->0 171->0 88->0 81->0 177->0 89->96 162->0 0->0 0->0 0->0 0->0 0->128 0->0 0->0 0->0 0->112 0->0 0->128 0->0 
0->0 0->0 0->0 0->0 0->0 0->0 157->0 155->0 148->0 82->0 71->0 109->0 160->0 144->0 152->0 154->0 148->0 140->0 74->0 65->0 135->0 147->0 132->96 71->0 0->0 0->0 0->0 0->0 0->128 0->0 0->0 0->0 0->112 0->0 0->128 0->0 
0->0 0->0 0->0 0->0 0->0 0->0 71->0 78->0 140->0 160->0 139->0 0->0 158->0 140->0 139->0 139->0 66->0 130->0 153->0 81->0 139->0 73->0 130->96 133->0 0->0 0->0 0->0 0->0 0->128 0->0 0->0 0->0 0->112 0->0 0->128 0->0 
0->0 0->0 0->0 0->0 0->0 0->0 77->0 72->0 67->0 69->0 131->0 82->0 146->0 163->0 152->0 166->0 140->0 92->0 147->0 91->0 158->0 95->0 146->96 147->0 0->0 0->0 0->0 0->0 0->128 0->0 0->0 0->0 0->112 0->0 0->128 0->0 
0->0 0->0 0->0 0->0 0->0 0->0 140->0 98->0 133->0 101->0 83->0 94->0 143->0 138->0 73->0 165->0 97->0 159->0 150->0 65->0 88->0 74->0 114->96 70->0 0->0 0->0 0->0 0->0 0->128 0->0 0->0 0->0 0->112 0->0 0->128 0->0 
0->0 0->0 0->0 0->0 0->0 0->0 163->0 65->0 82->0 142->0 100->0 65->0 156->0 133->0 91->0 71->0 109->0 104->0 70->0 71->0 105->0 0->0 86->96 90->0 0->0 0->0 0->0 0->0 0->128 0->0 0->0 0->0 0->112 0->0 0->128 0->0 
0->0 0->0 0->0 0->0 0->0 0->0 0->0 0->0 0->0 0->0 0->0 0->0 147->0 160->0 158->0 88->0 146->0 152->0 144->0 109->0 138->0 139->0 139->96 66->0 152->0 112->0 146->0 74->0 130->128 102->0 0->0 0->0 0->112 0->0 0->128 0->0 
0->0 0->0 0->0 0->0 0->0 0->0 0->0 0->0 0->0 0->0 0->0 0->0 162->0 94->0 106->0 149->0 103->0 130->0 70->0 78->0 86->0 137->0 78->96 131->0 130->0 139->0 142->0 76->0 137->128 82->0 0->0 0->0 0->112 0->0 0->128 0->0 
0->0 0->0 0->0 0->0 0->0 0->0 0->0 0->0 0->0 0->0 0->0 0->0 78->0 130->0 86->0 140->0 148->0 80->0 150->0 74->0 102->0 144->0 77->96 88->0 171->0 88->0 81->0 177->0 89->128 162->0 0->0 0->0 0->112 0->0 0->128 0->0 
0->0 0->0 0->0 0->0 0->0 0->0 0->0 0->0 0->0 0->0 0->0 0->0 157->0 155->0 148->0 82->0 71->0 109->0 160->0 144->0 152->0 154->0 148->96 140->0 74->0 65->0 135->0 147->0 132->128 71->0 0->0 0->0 0->112 0->0 0->128 0->0 
0->0 0->0 0->0 0->0 0->0 0->0 0->0 0->0 0->0 0->0 0->0 0->0 71->0 78->0 140->0 160->0 139->0 0->0 158->0 140->0 139->0 139->0 66->96 130->0 153->0 81->0 139->0 73->0 130->128 133->0 0->0 0->0 0->112 0->0 0->128 0->0 
0->0 0->0 0->0 0->0 0->0 0->0 0->0 0->0 0->0 0->0 0->0 0->0 77->0 72->0 67->0 69->0 131->0 82->0 146->0 163->0 152->0 166->0 140->96 92->0 147->0 91->0 158->0 95->0 146->128 147->0 0->0 0->0 0->112 0->0 0->128 0->0 
0->0 0->0 0->0 0->0 0->0 0->0 0->0 0->0 0->0 0->0 0->0 0->0 140->0 98->0 133->0 101->0 83->0 94->0 143->0 138->0 73->0 165->0 97->96 159->0 150->0 65->0 88->0 74->0 114->128 70->0 0->0 0->0 0->112 0->0 0->128 0->0 
0->0 0->0 0->0 0->0 0->0 0->0 0->0 0->0 0->0 0->0 0->0 0->0 163->0 65->0 82->0 142->0 100->0 65->0 156->0 133->0 91->0 71->0 109->96 104->0 70->0 71->0 105->0 0->0 86->128 90->0 0->0 0->0 0->112 0->0 0->128 0->0 
0->0 0->0 0->0 0->0 0->0 0->0 0->0 0->0 0->0 0->0 0->0 0->0 0->0 0->0 0->0 0->0 0->0 0->0 147->0 160->0 158->0 88->0 146->96 152->0 144->0 109->0 138->0 139->0 139->128 66->0 152->0 112->0 146->112 74->0 130->128 102->0 
0->0 0->0 0->0 0->0 0->0 0->0 0->0 0->0 0->0 0->0 0->0 0->0 0->0 0->0 0->0 0->0 0->0 0->0 162->0 94->0 106->0 149->0 103->96 130->0 70->0 78->0 86->0 137->0 78->128 131->0 130->0 139->0 142->112 76->0 137->128 82->0 
0->0 0->0 0->0 0->0 0->0 0->0 0->0 0->0 0->0 0->0 0->0 0->0 0->0 0->0 0->0 0->0 0->0 0->0 78->0 130->0 86->0 140->0 148->96 80->0 150->0 74->0 102->0 144->0 77->128 88->0 171->0 88->0 81->112 177->0 89->128 162->0 
0->0 0->0 0->0 0->0 0->0 0->0 0->0 0->0 0->0 0->0 0->0 0->0 0->0 0->0 0->0 0->0 0->0 0->0 157->0 155->0 148->0 82->0 71->96 109->0 160->0 144->0 152->0 154->0 148->128 140->0 74->0 65->0 135->112 147->0 132->128 71->0 
0->0 0->0 0->0 0->0 0->0 0->0 0->0 0->0 0->0 0->0 0->0 0->0 0->0 0->0 0->0 0->0 0->0 0->0 71->0 78->0 140->0 160->0 139->96 0->0 158->0 140->0 139->0 139->0 66->128 130->0 153->0 81->0 139->112 73->0 130->128 133->0 
0->0 0->0 0->0 0->0 0->0 0->0 0->0 0->0 0->0 0->0 0->0 0->0 0->0 0->0 0->0 0->0 0->0 0->0 77->0 72->0 67->0 69->0 131->96 82->0 146->0 163->0 152->0 166->0 140->128 92->0 147->0 91->0 158->112 95->0 146->128 147->0 
0->0 0->0 0->0 0->0 0->0 0->0 0->0 0->0 0->0 0->0 0->0 0->0 0->0 0->0 0->0 0->0 0->0 0->0 140->0 98->0 133->0 101->0 83->96 94->0 143->0 138->0 73->0 165->0 97->128 159->0 150->0 65->0 88->112 74->0 114->128 70->0 
0->0 0->0 0->0 0->0 0->0 0->0 0->0 0->0 0->0 0->0 0->0 0->0 0->0 0->0 0->0 0->0 0->0 0->0 163->0 65->0 82->0 142->0 100->96 65->0 156->0 133->0 91->0 71->0 109->128 104->0 70->0 71->0 105->112 0->0 86->128 90->0 

147->0 160->0 158->0 88->0 146->128 152->0 144->0 109->0 138->112 139->0 139->128 66->0 152->0 112->0 146->128 74->0 130->64 102->0 0->0 0->0 0->128 0->0 0->0 0->0 0->0 0->0 0->144 0->0 0->0 0->0 0->0 0->0 0->128 0->0 0->0 0->0 
162->0 94->0 106->0 149->0 103->128 130->0 70->0 78->0 86->112 137->0 78->128 131->0 130->0 139->0 142->128 76->0 137->64 82->0 0->0 0->0 0->128 0->0 0->0 0->0 0->0 0->0 0->144 0->0 0->0 0->0 0->0 0->0 0->128 0->0 0->0 0->0 
78->0 130->0 86->0 140->0 148->128 80->0 150->0 74->0 102->112 144->0 77->128 88->0 171->0 88->0 81->128 177->0 89->64 162->0 0->0 0->0 0->128 0->0 0->0 0->0 0->0 0->0 0->144 0->0 0->0 0->0 0->0 0->0 0->128 0->0 0->0 0->0 
157->0 155->0 148->0 82->0 71->128 109->0 160->0 144->0 152->112 154->0 148->128 140->0 74->0 65->0 135->128 147->0 132->64 71->0 0->0 0->0 0->128 0->0 0->0 0->0 0->0 0->0 0->144 0->0 0->0 0->0 0->0 0->0 0->128 0->0 0->0 0->0 
71->0 78->0 140->0 160->0 139->128 0->0 158->0 140->0 139->112 139->0 66->128 130->0 153->0 81->0 139->128 73->0 130->64 133->0 0->0 0->0 0->128 0->0 0->0 0->0 0->0 0->0 0->144 0->0 0->0 0->0 0->0 0->0 0->128 0->0 0->0 0->0 
77->0 72->0 67->0 69->0 131->128 82->0 146->0 163->0 152->112 166->0 140->128 92->0 147->0 91->0 158->128 95->0 146->64 147->0 0->0 0->0 0->128 0->0 0->0 0->0 0->0 0->0 0->144 0->0 0->0 0->0 0->0 0->0 0->128 0->0 0->0 0->0 
140->0 98->0 133->0 101->0 83->128 94->0 143->0 138->0 73->112 165->0 97->128 159->0 150->0 65->0 88->128 74->0 114->64 70->0 0->0 0->0 0->128 0->0 0->0 0->0 0->0 0->0 0->144 0->0 0->0 0->0 0->0 0->0 0->128 0->0 0->0 0->0 
163->0 65->0 82->0 142->0 100->128 65->0 156->0 133->0 91->112 71->0 109->128 104->0 70->0 71->0 105->128 0->0 86->64 90->0 0->0 0->0 0->128 0->0 0->0 0->0 0->0 0->0 0->144 0->0 0->0 0->0 0->0 0->0 0->128 0->0 0->0 0->0 
0->0 0->0 0->0 0->0 0->128 0->0 147->0 160->0 158->112 88->0 146->128 152->0 144->0 109->0 138->128 139->0 139->64 66->0 152->0 112->0 146->128 74->0 130->0 102->0 0->0 0->0 0->144 0->0 0->0 0->0 0->0 0->0 0->128 0->0 0->0 0->0 
0->0 0->0 0->0 0->0 0->128 0->0 162->0 94->0 106->112 149->0 103->128 130->0 70->0 78->0 86->128 137->0 78->64 131->0 130->0 139->0 142->128 76->0 137->0 82->0 0->0 0->0 0->144 0->0 0->0 0->0 0->0 0->0 0->128 0->0 0->0 0->0 
0->0 0->0 0->0 0->0 0->128 0->0 78->0 130->0 86->112 140->0 148->128 80->0 150->0 74->0 102->128 144->0 77->64 88->0 171->0 88->0 81->128 177->0 89->0 162->0 0->0 0->0 0->144 0->0 0->0 0->0 0->0 0->0 0->128 0->0 0->0 0->0 
0->0 0->0 0->0 0->0 0->128 0->0 157->0 155->0 148->112 82->0 71->128 109->0 160->0 144->0 152->128 154->0 148->64 140->0 74->0 65->0 135->128 147->0 132->0 71->0 0->0 0->0 0->144 0->0 0->0 0->0 0->0 0->0 0->128 0->0 0->0 0->0 
0->0 0->0 0->0 0->0 0->128 0->0 71->0 78->0 140->112 160->0 139->128 0->0 158->0 140->0 139->128 139->0 66->64 130->0 153->0 81->0 139->128 73->0 130->0 133->0 0->0 0->0 0->144 0->0 0->0 0->0 0->0 0->0 0->128 0->0 0->0 0->0 
0->0 0->0 0->0 0->0 0->128 0->0 77->0 72->0 67->112 69->0 131->128 82->0 146->0 163->0 152->128 166->0 140->64 92->0 147->0 91->0 158->128 95->0 146->0 147->0 0->0 0->0 0->144 0->0 0->0 0->0 0->0 0->0 0->128 0->0 0->0 0->0 
0->0 0->0 0->0 0->0 0->128 0->0 140->0 98->0 133->112 101->0 83->128 94->0 143->0 138->0 73->128 165->0 97->64 159->0 150->0 65->0 88->128 74->0 114->0 70->0 0->0 0->0 0->144 0->0 0->0 0->0 0->0 0->0 0->128 0->0 0->0 0->0 
0->0 0->0 0->0 0->0 0->128 0->0 163->0 65->0 82->112 142->0 100->128 65->0 156->0 133->0 91->128 71->0 109->64 104->0 70->0 71->0 105->128 0->0 86->0 90->0 0->0 0->0 0->144 0->0 0->0 0->0 0->0 0->0 0->128 0->0 0->0 0->0 
0->0 0->0 0->0 0->0 0->128 0->0 0->0 0->0 0->112 0->0 0->128 0->0 147->0 160->0 158->128 88->0 146->64 152->0 144->0 109->0 138->128 139->0 139->0 66->0 152->0 112->0 146->144 74->0 130->0 102->0 0->0 0->0 0->128 0->0 0->0 0->0 
0->0 0->0 0->0 0->0 0->128 0->0 0->0 0->0 0->112 0->0 0->128 0->0 162->0 94->0 106->128 149->0 103->64 130->0 70->0 78->0 86->128 137->0 78->0 131->0 130->0 139->0 142->144 76->0 137->0 82->0 0->0 0->0 0->128 0->0 0->0 0->0 
0->0 0->0 0->0 0->0 0->128 0->0 0->0 0->0 0->112 0->0 0->128 0->0 78->0 130->0 86->128 140->0 148->64 80->0 150->0 74->0 102->128 144->0 77->0 88->0 171->0 88->0 81->144 177->0 89->0 162->0 0->0 0->0 0->128 0->0 0->0 0->0 
0->0 0->0 0->0 0->0 0->128 0->0 0->0 0->0 0->112 0->0 0->128 0->0 157->0 155->0 148->128 82->0 71->64 109->0 160->0 144->0 152->128 154->0 148->0 140->0 74->0 65->0 135->144 147->0 132->0 71->0 0->0 0->0 0->128 0->0 0->0 0->0 
0->0 0->0 0->0 0->0 0->128 0->0 0->0 0->0 0->112 0->0 0->128 0->0 71->0 78->0 140->128 160->0 139->64 0->0 158->0 140->0 139->128 139->0 66->0 130->0 153->0 81->0 139->144 73->0 130->0 133->0 0->0 0->0 0->128 0->0 0->0 0->0 
0->0 0->0 0->0 0->0 0->128 0->0 0->0 0->0 0->112 0->0 0->128 0->0 77->0 72->0 67->128 69->0 131->64 82->0 146->0 163->0 152->128 166->0 140->0 92->0 147->0 91->0 158->144 95->0 146->0 147->0 0->0 0->0 0->128 0->0 0->0 0->0 
0->0 0->0 0->0 0->0 0->128 0->0 0->0 0->0 0->112 0->0 0->128 0->0 140->0 98->0 133->128 101->0 83->64 94->0 143->0 138->0 73->128 165->0 97->0 159->0 150->0 65->0 88->144 74->0 114->0 70->0 0->0 0->0 0->128 0->0 0->0 0->0 
0->0 0->0 0->0 0->0 0->128 0->0 0->0 0->0 0->112 0->0 0->128 0->0 163->0 65->0 82->128 142->0 100->64 65->0 156->0 133->0 91->128 71->0 109->0 104->0 70->0 71->0 105->144 0->0 86->0 90->0 0->0 0->0 0->128 0->0 0->0 0->0 
0->0 0->0 0->0 0->0 0->128 0->0 0->0 0->0 0->112 0->0 0->128 0->0 0->0 0->0 0->128 0->0 0->64 0->0 147->0 160->0 158->128 88->0 146->0 152->0 144->0 109->0 138->144 139->0 139->0 66->0 152->0 112->0 146->128 74->0 130->0 102->0 
0->0 0->0 0->0 0->0 0->128 0->0 0->0 0->0 0->112 0->0 0->128 0->0 0->0 0->0 0->128 0->0 0->64 0->0 162->0 94->0 106->128 149->0 103->0 130->0 70->0 78->0 86->144 137->0 78->0 131->0 130->0 139->0 142->128 76->0 137->0 82->0 
0->0 0->0 0->0 0->0 0->128 0->0 0->0 0->0 0->112 0->0 0->128 0->0 0->0 0->0 0->128 0->0 0->64 0->0 78->0 130->0 86->128 140->0 148->0 80->0 150->0 74->0 102->144 144->0 77->0 88->0 171->0 88->0 81->128 177->0 89->0 162->0 
0->0 0->0 0->0 0->0 0->128 0->0 0->0 0->0 0->112 0->0 0->128 0->0 0->0 0->0 0->128 0->0 0->64 0->0 157->0 155->0 148->128 82->0 71->0 109->0 160->0 144->0 152->144 154->0 148->0 140->0 74->0 65->0 135->128 147->0 132->0 71->0 
0->0 0->0 0->0 0->0 0->128 0->0 0->0 0->0 0->112 0->0 0->128 0->0 0->0 0->0 0->128 0->0 0->64 0->0 71->0 78->0 140->128 160->0 139->0 0->0 158->0 140->0 139->144 139->0 66->0 130->0 153->0 81->0 139->128 73->0 130->0 133->0 
0->0 0->0 0->0 0->0 0->128 0->0 0->0 0->0 0->112 0->0 0->128 0->0 0->0 0->0 0->128 0->0 0->64 0->0 77->0 72->0 67->128 69->0 131->0 82->0 146->0 163->0 152->144 166->0 140->0 92->0 147->0 91->0 158->128 95->0 146->0 147->0 
0->0 0->0 0->0 0->0 0->128 0->0 0->0 0->0 0->112 0->0 0->128 0->0 0->0 0->0 0->128 0->0 0->64 0->0 140->0 98->0 133->128 101->0 83->0 94->0 143->0 138->0 73->144 165->0 97->0 159->0 150->0 65->0 88->128 74->0 114->0 70->0 
0->0 0->0 0->0 0->0 0->128 0->0 0->0 0->0 0->112 0->0 0->128 0->0 0->0 0->0 0->128 0->0 0->64 0->0 163->0 65->0 82->128 142->0 100->0 65->0 156->0 133->0 91->144 71->0 109->0 104->0 70->0 71->0 105->128 0->0 86->0 90->0 

147->0 160->0 158->144 88->0 146->0 152->0 144->0 109->0 138->128 139->0 139->0 66->0 152->0 112->0 146->96 74->0 130->16 102->0 0->0 0->0 0->0 0->0 0->32 0->0 0->0 0->0 0->0 0->0 0->32 0->0 0->0 0->0 0->0 0->0 0->0 0->0 
162->0 94->0 106->144 149->0 103->0 130->0 70->0 78->0 86->128 137->0 78->0 131->0 130->0 139->0 142->96 76->0 137->16 82->0 0->0 0->0 0->0 0->0 0->32 0->0 0->0 0->0 0->0 0->0 0->32 0->0 0->0 0->0 0->0 0->0 0->0 0->0 
78->0 130->0 86->144 140->0 148->0 80->0 150->0 74->0 102->128 144->0 77->0 88->0 171->0 88->0 81->96 177->0 89->16 162->0 0->0 0->0 0->0 0->0 0->32 0->0 0->0 0->0 0->0 0->0 0->32 0->0 0->0 0->0 0->0 0->0 0->0 0->0 
157->0 155->0 148->144 82->0 71->0 109->0 160->0 144->0 152->128 154->0 148->0 140->0 74->0 65->0 135->96 147->0 132->16 71->0 0->0 0->0 0->0 0->0 0->32 0->0 0->0 0->0 0->0 0->0 0->32 0->0 0->0 0->0 0->0 0->0 0->0 0->0 
71->0 78->0 140->144 160->0 139->0 0->0 158->0 140->0 139->128 139->0 66->0 130->0 153->0 81->0 139->96 73->0 130->16 133->0 0->0 0->0 0->0 0->0 0->32 0->0 0->0 0->0 0->0 0->0 0->32 0->0 0->0 0->0 0->0 0->0 0->0 0->0 
77->0 72->0 67->144 69->0 131->0 82->0 146->0 163->0 152->128 166->0 140->0 92->0 147->0 91->0 158->96 95->0 146->16 147->0 0->0 0->0 0->0 0->0 0->32 0->0 0->0 0->0 0->0 0->0 0->32 0->0 0->0 0->0 0->0 0->0 0->0 0->0 
140->0 98->0 133->144 101->0 83->0 94->0 143->0 138->0 73->128 165->0 97->0 159->0 150->0 65->0 88->96 74->0 114->16 70->0 0->0 0->0 0->0 0->0 0->32 0->0 0->0 0->0 0->0 0->0 0->32 0->0 0->0 0->0 0->0 0->0 0->0 0->0 
163->0 65->0 82->144 142->0 100->0 65->0 156->0 133->0 91->128 71->0 109->0 104->0 70->0 71->0 105->96 0->0 86->16 90->0 0->0 0->0 0->0 0->0 0->32 0->0 0->0 0->0 0->0 0->0 0->32 0->0 0->0 0->0 0->0 0->0 0->0 0->0 
0->0 0->0 0->144 0->0 0->0 0->0 147->0 160->0 158->128 88->0 146->0 152->0 144->0 109->0 138->96 139->0 139->16 66->0 152->0 112->0 146->0 74->0 130->32 102->0 0->0 0->0 0->0 0->0 0->32 0->0 0->0 0->0 0->0 0->0 0->0 0->0 
0->0 0->0 0->144 0->0 0->0 0->0 162->0 94->0 106->128 149->0 103->0 130->0 70->0 78->0 86->96 137->0 78->16 131->0 130->0 139->0 142->0 76->0 137->32 82->0 0->0 0->0 0->0 0->0 0->32 0->0 0->0 0->0 0->0 0->0 0->0 0->0 
0->0 0->0 0->144 0->0 0->0 0->0 78->0 130->0 86->128 140->0 148->0 80->0 150->0 74->0 102->96 144->0 77->16 88->0 171->0 88->0 81->0 177->0 89->32 162->0 0->0 0->0 0->0 0->0 0->32 0->0 0->0 0->0 0->0 0->0 0->0 0->0 
0->0 0->0 0->144 0->0 0->0 0->0 157->0 155->0 148->128 82->0 71->0 109->0 160->0 144->0 152->96 154->0 148->16 140->0 74->0 65->0 135->0 147->0 132->32 71->0 0->0 0->0 0->0 0->0 0->32 0->0 0->0 0->0 0->0 0->0 0->0 0->0 
0->0 0->0 0->144 0->0 0->0 0->0 71->0 78->0 140->128 160->0 139->0 0->0 158->0 140->0 139->96 139->0 66->16 130->0 153->0 81->0 139->0 73->0 130->32 133->0 0->0 0->0 0->0 0->0 0->32 0->0 0->0 0->0 0->0 0->0 0->0 0->0 
0->0 0->0 0->144 0->0 0->0 0->0 77->0 72->0 67->128 69->0 131->0 82->0 146->0 163->0 152->96 166->0 140->16 92->0 147->0 91->0 158->0 95->0 146->32 147->0 0->0 0->0 0->0 0->0 0->32 0->0 0->0 0->0 0->0 0->0 0->0 0->0 
0->0 0->0 0->144 0->0 0->0 0->0 140->0 98->0 133->128 101->0 83->0 94->0 143->0 138->0 73->96 165->0 97->16 159->0 150->0 65->0 88->0 74->0 114->32 70->0 0->0 0->0 0->0 0->0 0->32 0->0 0->0 0->0 0->0 0->0 0->0 0->0 
0->0 0->0 0->144 0->0 0->0 0->0 163->0 65->0 82->128 142->0 100->0 65->0 156->0 133->0 91->96 71->0 109->16 104->0 70->0 71->0 105->0 0->0 86->32 90->0 0->0 0->0 0->0 0->0 0->32 0->0 0->0 0->0 0->0 0->0 0->0 0->0 
0->0 0->0 0->144 0->0 0->0 0->0 0->0 0->0 0->128 0->0 0->0 0->0 147->0 160->0 158->96 88->0 146->16 152->0 144->0 109->0 138->0 139->0 139->32 66->0 152->0 112->0 146->0 74->0 130->32 102->0 0->0 0->0 0->0 0->0 0->0 0->0 
0->0 0->0 0->144 0->0 0->0 0->0 0->0 0->0 0->128 0->0 0->0 0->0 162->0 94->0 106->96 149->0 103->16 130->0 70->0 78->0 86->0 137->0 78->32 131->0 130->0 139->0 142->0 76->0 137->32 82->0 0->0 0->0 0->0 0->0 0->0 0->0 
0->0 0->0 0->144 0->0 0->0 0->0 0->0 0->0 0->128 0->0 0->0 0->0 78->0 130->0 86->96 140->0 148->16 80->0 150->0 74->0 102->0 144->0 77->32 88->0 171->0 88->0 81->0 177->0 89->32 162->0 0->0 0->0 0->0 0->0 0->0 0->0 
0->0 0->0 0->144 0->0 0->0 0->0 0->0 0->0 0->128 0->0 0->0 0->0 157->0 155->0 148->96 82->0 71->16 109->0 160->0 144->0 152->0 154->0 148->32 140->0 74->0 65->0 135->0 147->0 132->32 71->0 0->0 0->0 0->0 0->0 0->0 0->0 
0->0 0->0 0->144 0->0 0->0 0->0 0->0 0->0 0->128 0->0 0->0 0->0 71->0 78->0 140->96 160->0 139->16 0->0 158->0 140->0 139->0 139->0 66->32 130->0 153->0 81->0 139->0 73->0 130->32 133->0 0->0 0->0 0->0 0->0 0->0 0->0 
0->0 0->0 0->144 0->0 0->0 0->0 0->0 0->0 0->128 0->0 0->0 0->0 77->0 72->0 67->96 69->0 131->16 82->0 146->0 163->0 152->0 166->0 140->32 92->0 147->0 91->0 158->0 95->0 146->32 147->0 0->0 0->0 0->0 0->0 0->0 0->0 
0->0 0->0 0->144 0->0 0->0 0->0 0->0 0->0 0->128 0->0 0->0 0->0 140->0 98->0 133->96 101->0 83->16 94->0 143->0 138->0 73->0 165->0 97->32 159->0 150->0 65->0 88->0 74->0 114->32 70->0 0->0 0->0 0->0 0->0 0->0 0->0 
0->0 0->0 0->144 0->0 0->0 0->0 0->0 0->0 0->128 0->0 0->0 0->0 163->0 65->0 82->96 142->0 100->16 65->0 156->0 133->0 91->0 71->0 109->32 104->0 70->0 71->0 105->0 0->0 86->32 90->0 0->0 0->0 0->0 0->0 0->0 0->0 
0->0 0->0 0->144 0->0 0->0 0->0 0->0 0->0 0->128 0->0 0->0 0->0 0->0 0->0 0->96 0->0 0->16 0->0 147->0 160->0 158->0 88->0 146->32 152->0 144->0 109->0 138->0 139->0 139->32 66->0 152->0 112->0 146->0 74->0 130->0 102->0 
0->0 0->0 0->144 0->0 0->0 0->0 0->0 0->0 0->128 0->0 0->0 0->0 0->0 0->0 0->96 0->0 0->16 0->0 162->0 94->0 106->0 149->0 103->32 130->0 70->0 78->0 86->0 137->0 78->32 131->0 130->0 139->0 142->0 76->0 137->0 82->0 
0->0 0->0 0->144 0->0 0->0 0->0 0->0 0->0 0->128 0->0 0->0 0->0 0->0 0->0 0->96 0->0 0->16 0->0 78->0 130->0 86->0 140->0 148->32 80->0 150->0 74->0 102->0 144->0 77->32 88->0 171->0 88->0 81->0 177->0 89->0 162->0 
0->0 0->0 0->144 0->0 0->0 0->0 0->0 0->0 0->128 0->0 0->0 0->0 0->0 0->0 0->96 0->0 0->16 0->0 157->0 155->0 148->0 82->0 71->32 109->0 160->0 144->0 152->0 154->0 148->32 140->0 74->0 65->0 135->0 147->0 132->0 71->0 
0->0 0->0 0->144 0->0 0->0 0->0 0->0 0->0 0->128 0->0 0->0 0->0 0->0 0->0 0->96 0->0 0->16 0->0 71->0 78->0 140->0 160->0 139->32 0->0 158->0 140->0 139->0 139->0 66->32 130->0 153->0 81->0 139->0 73->0 130->0 133->0 
0->0 0->0 0->144 0->0 0->0 0->0 0->0 0->0 0->128 0->0 0->0 0->0 0->0 0->0 0->96 0->0 0->16 0->0 77->0 72->0 67->0 69->0 131->32 82->0 146->0 163->0 152->0 166->0 140->32 92->0 147->0 91->0 158->0 95->0 146->0 147->0 
0->0 0->0 0->144 0->0 0->0 0->0 0->0 0->0 0->128 0->0 0->0 0->0 0->0 0->0 0->96 0->0 0->16 0->0 140->0 98->0 133->0 101->0 83->32 94->0 143->0 138->0 73->0 165->0 97->32 159->0 150->0 65->0 88->0 74->0 114->0 70->0 
0->0 0->0 0->144 0->0 0->0 0->0 0->0 0->0 0->128 0->0 0->0 0->0 0->0 0->0 0->96 0->0 0->16 0->0 163->0 65->0 82->0 142->0 100->32 65->0 156->0 133->0 91->0 71->0 109->32 104->0 70->0 71->0 105->0 0->0 86->0 90->0 

147->0 160->0 158->0 88->0 146->0 152->0 144->0 109->0 138->0 139->0 139->0 66->0 152->0 112->0 146->0 74->0 130->16 102->0 0->0 0->0 0->96 0->0 0->80 0->0 0->0 0->0 0->128 0->0 0->48 0->0 0->112 0->0 0->128 0->0 0->0 0->0 
162->0 94->0 106->0 149->0 103->0 130->0 70->0 78->0 86->0 137->0 78->0 131->0 130->0 139->0 142->0 76->0 137->16 82->0 0->0 0->0 0->96 0->0 0->80 0->0 0->0 0->0 0->128 0->0 0->48 0->0 0->112 0->0 0->128 0->0 0->0 0->0 
78->0 130->0 86->0 140->0 148->0 80->0 150->0 74->0 102->0 144->0 77->0 88->0 171->0 88->0 81->0 177->0 89->16 162->0 0->0 0->0 0->96 0->0 0->80 0->0 0->0 0->0 0->128 0->0 0->48 0->0 0->112 0->0 0->128 0->0 0->0 0->0 
157->0 155->0 148->0 82->0 71->0 109->0 160->0 144->0 152->0 154->0 148->0 140->0 74->0 65->0 135->0 147->0 132->16 71->0 0->0 0->0 0->96 0->0 0->80 0->0 0->0 0->0 0->128 0->0 0->48 0->0 0->112 0->0 0->128 0->0 0->0 0->0 
71->0 78->0 140->0 160->0 139->0 0->0 158->0 140->0 139->0 139->0 66->0 130->0 153->0 81->0 139->0 73->0 130->16 133->0 0->0 0->0 0->96 0->0 0->80 0->0 0->0 0->0 0->128 0->0 0->48 0->0 0->112 0->0 0->128 0->0 0->0 0->0 
77->0 72->0 67->0 69->0 131->0 82->0 146->0 163->0 152->0 166->0 140->0 92->0 147->0 91->0 158->0 95->0 146->16 147->0 0->0 0->0 0->96 0->0 0->80 0->0 0->0 0->0 0->128 0->0 0->48 0->0 0->112 0->0 0->128 0->0 0->0 0->0 
140->0 98->0 133->0 101->0 83->0 94->0 143->0 138->0 73->0 165->0 97->0 159->0 150->0 65->0 88->0 74->0 114->16 70->0 0->0 0->0 0->96 0->0 0->80 0->0 0->0 0->0 0->128 0->0 0->48 0->0 0->112 0->0 0->128 0->0 0->0 0->0 
163->0 65->0 82->0 142->0 100->0 65->0 156->0 133->0 91->0 71->0 109->0 104->0 70->0 71->0 105->0 0->0 86->16 90->0 0->0 0->0 0->96 0->0 0->80 0->0 0->0 0->0 0->128 0->0 0->48 0->0 0->112 0->0 0->128 0->0 0->0 0->0 
0->0 0->0 0->0 0->0 0->0 0->0 147->0 160->0 158->0 88->0 146->0 152->0 144->0 109->0 138->0 139->0 139->16 66->0 152->0 112->0 146->96 74->0 130->80 102->0 0->0 0->0 0->128 0->0 0->48 0->0 0->112 0->0 0->128 0->0 0->0 0->0 
0->0 0->0 0->0 0->0 0->0 0->0 162->0 94->0 106->0 149->0 103->0 130->0 70->0 78->0 86->0 137->0 78->16 131->0 130->0 139->0 142->96 76->0 137->80 82->0 0->0 0->0 0->128 0->0 0->48 0->0 0->112 0->0 0->128 0->0 0->0 0->0 
0->0 0->0 0->0 0->0 0->0 0->0 78->0 130->0 86->0 140->0 148->0 80->0 150->0 74->0 102->0 144->0 77->16 88->0 171->0 88->0 81->96 177->0 89->80 162->0 0->0 0->0 0->128 0->0 0->48 0->0 0->112 0->0 0->128 0->0 0->0 0->0 
0->0 0->0 0->0 0->0 0->0 0->0 157->0 155->0 148->0 82->0 71->0 109->0 160->0 144->0 152->0 154->0 148->16 140->0 74->0 65->0 135->96 147->0 132->80 71->0 0->0 0->0 0->128 0->0 0->48 0->0 0->112 0->0 0->128 0->0 0->0 0->0 
0->0 0->0 0->0 0->0 0->0 0->0 71->0 78->0 140->0 160->0 139->0 0->0 158->0 140->0 139->0 139->0 66->16 130->0 153->0 81->0 139->96 73->0 130->80 133->0 0->0 0->0 0->128 0->0 0->48 0->0 0->112 0->0 0->128 0->0 0->0 0->0 
0->0 0->0 0->0 0->0 0->0 0->0 77->0 72->0 67->0 69->0 131->0 82->0 146->0 163->0 152->0 166->0 140->16 92->0 147->0 91->0 158->96 95->0 146->80 147->0 0->0 0->0 0->128 0->0 0->48 0->0 0->112 0->0 0->128 0->0 0->0 0->0 
0->0 0->0 0->0 0->0 0->0 0->0 140->0 98->0 133->0 101->0 83->0 94->0 143->0 138->0 73->0 165->0 97->16 159->0 150->0 65->0 88->96 74->0 114->80 70->0 0->0 0->0 0->128 0->0 0->48 0->0 0->112 0->0 0->128 0->0 0->0 0->0 
0->0 0->0 0->0 0->0 0->0 0->0 163->0 65->0 82->0 142->0 100->0 65->0 156->0 133->0 91->0 71->0 109->16 104->0 70->0 71->0 105->96 0->0 86->80 90->0 0->0 0->0 0->128 0->0 0->48 0->0 0->112 0->0 0->128 0->0 0->0 0->0 
0->0 0->0 0->0 0->0 0->0 0->0 0->0 0->0 0->0 0->0 0->0 0->0 147->0 160->0 158->0 88->0 146->16 152->0 144->0 109->0 138->96 139->0 139->80 66->0 152->0 112->0 146->128 74->0 130->48 102->0 0->112 0->0 0->128 0->0 0->0 0->0 
0->0 0->0 0->0 0->0 0->0 0->0 0->0 0->0 0->0 0->0 0->0 0->0 162->0 94->0 106->0 149->0 103->16 130->0 70->0 78->0 86->96 137->0 78->80 131->0 130->0 139->0 142->128 76->0 137->48 82->0 0->112 0->0 0->128 0->0 0->0 0->0 
0->0 0->0 0->0 0->0 0->0 0->0 0->0 0->0 0->0 0->0 0->0 0->0 78->0 130->0 86->0 140->0 148->16 80->0 150->0 74->0 102->96 144->0 77->80 88->0 171->0 88->0 81->128 177->0 89->48 162->0 0->112 0->0 0->128 0->0 0->0 0->0 
0->0 0->0 0->0 0->0 0->0 0->0 0->0 0->0 0->0 0->0 0->0 0->0 157->0 155->0 148->0 82->0 71->16 109->0 160->0 144->0 152->96 154->0 148->80 140->0 74->0 65->0 135->128 147->0 132->48 71->0 0->112 0->0 0->128 0->0 0->0 0->0 
0->0 0->0 0->0 0->0 0->0 0->0 0->0 0->0 0->0 0->0 0->0 0->0 71->0 78->0 140->0 160->0 139->16 0->0 158->0 140->0 139->96 139->0 66->80 130->0 153->0 81->0 139->128 73->0 130->48 133->0 0->112 0->0 0->128 0->0 0->0 0->0 
0->0 0->0 0->0 0->0 0->0 0->0 0->0 0->0 0->0 0->0 0->0 0->0 77->0 72->0 67->0 69->0 131->16 82->0 146->0 163->0 152->96 166->0 140->80 92->0 147->0 91->0 158->128 95->0 146->48 147->0 0->112 0->0 0->128 0->0 0->0 0->0 
0->0 0->0 0->0 0->0 0->0 0->0 0->0 0->0 0->0 0->0 0->0 0->0 140->0 98->0 133->0 101->0 83->16 94->0 143->0 138->0 73->96 165->0 97->80 159->0 150->0 65->0 88->128 74->0 114->48 70->0 0->112 0->0 0->128 0->0 0->0 0->0 
0->0 0->0 0->0 0->0 0->0 0->0 0->0 0->0 0->0 0->0 0->0 0->0 163->0 65->0 82->0 142->0 100->16 65->0 156->0 133->0 91->96 71->0 109->80 104->0 70->0 71->0 105->128 0->0 86->48 90->0 0->112 0->0 0->128 0->0 0->0 0->0 
0->0 0->0 0->0 0->0 0->0 0->0 0->0 0->0 0->0 0->0 0->0 0->0 0->0 0->0 0->0 0->0 0->16 0->0 147->0 160->0 158->96 88->0 146->80 152->0 144->0 109->0 138->128 139->0 139->48 66->0 152->112 112->0 146->128 74->0 130->0 102->0 
0->0 0->0 0->0 0->0 0->0 0->0 0->0 0->0 0->0 0->0 0->0 0->0 0->0 0->0 0->0 0->0 0->16 0->0 162->0 94->0 106->96 149->0 103->80 130->0 70->0 78->0 86->128 137->0 78->48 131->0 130->112 139->0 142->128 76->0 137->0 82->0 
0->0 0->0 0->0 0->0 0->0 0->0 0->0 0->0 0->0 0->0 0->0 0->0 0->0 0->0 0->0 0->0 0->16 0->0 78->0 130->0 86->96 140->0 148->80 80->0 150->0 74->0 102->128 144->0 77->48 88->0 171->112 88->0 81->128 177->0 89->0 162->0 
0->0 0->0 0->0 0->0 0->0 0->0 0->0 0->0 0->0 0->0 0->0 0->0 0->0 0->0 0->0 0->0 0->16 0->0 157->0 155->0 148->96 82->0 71->80 109->0 160->0 144->0 152->128 154->0 148->48 140->0 74->112 65->0 135->128 147->0 132->0 71->0 
0->0 0->0 0->0 0->0 0->0 0->0 0->0 0->0 0->0 0->0 0->0 0->0 0->0 0->0 0->0 0->0 0->16 0->0 71->0 78->0 140->96 160->0 139->80 0->0 158->0 140->0 139->128 139->0 66->48 130->0 153->112 81->0 139->128 73->0 130->0 133->0 
0->0 0->0 0->0 0->0 0->0 0->0 0->0 0->0 0->0 0->0 0->0 0->0 0->0 0->0 0->0 0->0 0->16 0->0 77->0 72->0 67->96 69->0 131->80 82->0 146->0 163->0 152->128 166->0 140->48 92->0 147->112 91->0 158->128 95->0 146->0 147->0 
0->0 0->0 0->0 0->0 0->0 0->0 0->0 0->0 0->0 0->0 0->0 0->0 0->0 0->0 0->0 0->0 0->16 0->0 140->0 98->0 133->96 101->0 83->80 94->0 143->0 138->0 73->128 165->0 97->48 159->0 150->112 65->0 88->128 74->0 114->0 70->0 
0->0 0->0 0->0 0->0 0->0 0->0 0->0 0->0 0->0 0->0 0->0 0->0 0->0 0->0 0->0 0->0 0->16 0->0 163->0 65->0 82->96 142->0 100->80 65->0 156->0 133->0 91->128 71->0 109->48 104->0 70->112 71->0 105->128 0->0 86->0 90->0 

147->0 160->0 158->128 88->0 146->48 152->0 144->112 109->0 138->128 139->0 139->0 66->0 152->128 112->0 146->64 74->0 130->0 102->0 0->128 0->0 0->0 0->0 0->0 0->0 0->144 0->0 0->0 0->0 0->0 0->0 0->128 0->0 0->0 0->0 0->0 0->0 
162->0 94->0 106->128 149->0 103->48 130->0 70->112 78->0 86->128 137->0 78->0 131->0 130->128 139->0 142->64 76->0 137->0 82->0 0->128 0->0 0->0 0->0 0->0 0->0 0->144 0->0 0->0 0->0 0->0 0->0 0->128 0->0 0->0 0->0 0->0 0->0 
78->0 130->0 86->128 140->0 148->48 80->0 150->112 74->0 102->128 144->0 77->0 88->0 171->128 88->0 81->64 177->0 89->0 162->0 0->128 0->0 0->0 0->0 0->0 0->0 0->144 0->0 0->0 0->0 0->0 0->0 0->128 0->0 0->0 0->0 0->0 0->0 
157->0 155->0 148->128 82->0 71->48 109->0 160->112 144->0 152->128 154->0 148->0 140->0 74->128 65->0 135->64 147->0 132->0 71->0 0->128 0->0 0->0 0->0 0->0 0->0 0->144 0->0 0->0 0->0 0->0 0->0 0->128 0->0 0->0 0->0 0->0 0->0 
71->0 78->0 140->128 160->0 139->48 0->0 158->112 140->0 139->128 139->0 66->0 130->0 153->128 81->0 139->64 73->0 130->0 133->0 0->128 0->0 0->0 0->0 0->0 0->0 0->144 0->0 0->0 0->0 0->0 0->0 0->128 0->0 0->0 0->0 0->0 0->0 
77->0 72->0 67->128 69->0 131->48 82->0 146->112 163->0 152->128 166->0 140->0 92->0 147->128 91->0 158->64 95->0 146->0 147->0 0->128 0->0 0->0 0->0 0->0 0->0 0->144 0->0 0->0 0->0 0->0 0->0 0->128 0->0 0->0 0->0 0->0 0->0 
140->0 98->0 133->128 101->0 83->48 94->0 143->112 138->0 73->128 165->0 97->0 159->0 150->128 65->0 88->64 74->0 114->0 70->0 0->128 0->0 0->0 0->0 0->0 0->0 0->144 0->0 0->0 0->0 0->0 0->0 0->128 0->0 0->0 0->0 0->0 0->0 
163->0 65->0 82->128 142->0 100->48 65->0 156->112 133->0 91->128 71->0 109->0 104->0 70->128 71->0 105->64 0->0 86->0 90->0 0->128 0->0 0->0 0->0 0->0 0->0 0->144 0->0 0->0 0->0 0->0 0->0 0->128 0->0 0->0 0->0 0->0 0->0 
0->0 0->0 0->128 0->0 0->48 0->0 147->112 160->0 158->128 88->0 146->0 152->0 144->128 109->0 138->64 139->0 139->0 66->0 152->128 112->0 146->0 74->0 130->0 102->0 0->144 0->0 0->0 0->0 0->0 0->0 0->128 0->0 0->0 0->0 0->0 0->0 
0->0 0->0 0->128 0->0 0->48 0->0 162->112 94->0 106->128 149->0 103->0 130->0 70->128 78->0 86->64 137->0 78->0 131->0 130->128 139->0 142->0 76->0 137->0 82->0 0->144 0->0 0->0 0->0 0->0 0->0 0->128 0->0 0->0 0->0 0->0 0->0 
0->0 0->0 0->128 0->0 0->48 0->0 78->112 130->0 86->128 140->0 148->0 80->0 150->128 74->0 102->64 144->0 77->0 88->0 171->128 88->0 81->0 177->0 89->0 162->0 0->144 0->0 0->0 0->0 0->0 0->0 0->128 0->0 0->0 0->0 0->0 0->0 
0->0 0->0 0->128 0->0 0->48 0->0 157->112 155->0 148->128 82->0 71->0 109->0 160->128 144->0 152->64 154->0 148->0 140->0 74->128 65->0 135->0 147->0 132->0 71->0 0->144 0->0 0->0 0->0 0->0 0->0 0->128 0->0 0->0 0->0 0->0 0->0 
0->0 0->0 0->128 0->0 0->48 0->0 71->112 78->0 140->128 160->0 139->0 0->0 158->128 140->0 139->64 139->0 66->0 130->0 153->128 81->0 139->0 73->0 130->0 133->0 0->144 0->0 0->0 0->0 0->0 0->0 0->128 0->0 0->0 0->0 0->0 0->0 
0->0 0->0 0->128 0->0 0->48 0->0 77->112 72->0 67->128 69->0 131->0 82->0 146->128 163->0 152->64 166->0 140->0 92->0 147->128 91->0 158->0 95->0 146->0 147->0 0->144 0->0 0->0 0->0 0->0 0->0 0->128 0->0 0->0 0->0 0->0 0->0 
0->0 0->0 0->128 0->0 0->48 0->0 140->112 98->0 133->128 101->0 83->0 94->0 143->128 138->0 73->64 165->0 97->0 159->0 150->128 65->0 88->0 74->0 114->0 70->0 0->144 0->0 0->0 0->0 0->0 0->0 0->128 0->0 0->0 0->0 0->0 0->0 
0->0 0->0 0->128 0->0 0->48 0->0 163->112 65->0 82->128 142->0 100->0 65->0 156->128 133->0 91->64 71->0 109->0 104->0 70->128 71->0 105->0 0->0 86->0 90->0 0->144 0->0 0->0 0->0 0->0 0->0 0->128 0->0 0->0 0->0 0->0 0->0 
0->0 0->0 0->128 0->0 0->48 0->0 0->112 0->0 0->128 0->0 0->0 0->0 147->128 160->0 158->64 88->0 146->0 152->0 144->128 109->0 138->0 139->0 139->0 66->0 152->144 112->0 146->0 74->0 130->0 102->0 0->128 0->0 0->0 0->0 0->0 0->0 
0->0 0->0 0->128 0->0 0->48 0->0 0->112 0->0 0->128 0->0 0->0 0->0 162->128 94->0 106->64 149->0 103->0 130->0 70->128 78->0 86->0 137->0 78->0 131->0 130->144 139->0 142->0 76->0 137->0 82->0 0->128 0->0 0->0 0->0 0->0 0->0 
0->0 0->0 0->128 0->0 0->48 0->0 0->112 0->0 0->128 0->0 0->0 0->0 78->128 130->0 86->64 140->0 148->0 80->0 150->128 74->0 102->0 144->0 77->0 88->0 171->144 88->0 81->0 177->0 89->0 162->0 0->128 0->0 0->0 0->0 0->0 0->0 
0->0 0->0 0->128 0->0 0->48 0->0 0->112 0->0 0->128 0->0 0->0 0->0 157->128 155->0 148->64 82->0 71->0 109->0 160->128 144->0 152->0 154->0 148->0 140->0 74->144 65->0 135->0 147->0 132->0 71->0 0->128 0->0 0->0 0->0 0->0 0->0 
0->0 0->0 0->128 0->0 0->48 0->0 0->112 0->0 0->128 0->0 0->0 0->0 71->128 78->0 140->64 160->0 139->0 0->0 158->128 140->0 139->0 139->0 66->0 130->0 153->144 81->0 139->0 73->0 130->0 133->0 0->128 0->0 0->0 0->0 0->0 0->0 
0->0 0->0 0->128 0->0 0->48 0->0 0->112 0->0 0->128 0->0 0->0 0->0 77->128 72->0 67->64 69->0 131->0 82->0 146->128 163->0 152->0 166->0 140->0 92->0 147->144 91->0 158->0 95->0 146->0 147->0 0->128 0->0 0->0 0->0 0->0 0->0 
0->0 0->0 0->128 0->0 0->48 0->0 0->112 0->0 0->128 0->0 0->0 0->0 140->128 98->0 133->64 101->0 83->0 94->0 143->128 138->0 73->0 165->0 97->0 159->0 150->144 65->0 88->0 74->0 114->0 70->0 0->128 0->0 0->0 0->0 0->0 0->0 
0->0 0->0 0->128 0->0 0->48 0->0 0->112 0->0 0->128 0->0 0->0 0->0 163->128 65->0 82->64 142->0 100->0 65->0 156->128 133->0 91->0 71->0 109->0 104->0 70->144 71->0 105->0 0->0 86->0 90->0 0->128 0->0 0->0 0->0 0->0 0->0 
0->0 0->0 0->128 0->0 0->48 0->0 0->112 0->0 0->128 0->0 0->0 0->0 0->128 0->0 0->64 0->0 0->0 0->0 147->128 160->0 158->0 88->0 146->0 152->0 144->144 109->0 138->0 139->0 139->0 66->0 152->128 112->0 146->0 74->0 130->0 102->0 
0->0 0->0 0->128 0->0 0->48 0->0 0->112 0->0 0->128 0->0 0->0 0->0 0->128 0->0 0->64 0->0 0->0 0->0 162->128 94->0 106->0 149->0 103->0 130->0 70->144 78->0 86->0 137->0 78->0 131->0 130->128 139->0 142->0 76->0 137->0 82->0 
0->0 0->0 0->128 0->0 0->48 0->0 0->112 0->0 0->128 0->0 0->0 0->0 0->128 0->0 0->64 0->0 0->0 0->0 78->128 130->0 86->0 140->0 148->0 80->0 150->144 74->0 102->0 144->0 77->0 88->0 171->128 88->0 81->0 177->0 89->0 162->0 
0->0 0->0 0->128 0->0 0->48 0->0 0->112 0->0 0->128 0->0 0->0 0->0 0->128 0->0 0->64 0->0 0->0 0->0 157->128 155->0 148->0 82->0 71->0 109->0 160->144 144->0 152->0 154->0 148->0 140->0 74->128 65->0 135->0 147->0 132->0 71->0 
0->0 0->0 0->128 0->0 0->48 0->0 0->112 0->0 0->128 0->0 0->0 0->0 0->128 0->0 0->64 0->0 0->0 0->0 71->128 78->0 140->0 160->0 139->0 0->0 158->144 140->0 139->0 139->0 66->0 130->0 153->128 81->0 139->0 73->0 130->0 133->0 
0->0 0->0 0->128 0->0 0->48 0->0 0->112 0->0 0->128 0->0 0->0 0->0 0->128 0->0 0->64 0->0 0->0 0->0 77->128 72->0 67->0 69->0 131->0 82->0 146->144 163->0 152->0 166->0 140->0 92->0 147->128 91->0 158->0 95->0 146->0 147->0 
0->0 0->0 0->128 0->0 0->48 0->0 0->112 0->0 0->128 0->0 0->0 0->0 0->128 0->0 0->64 0->0 0->0 0->0 140->128 98->0 133->0 101->0 83->0 94->0 143->144 138->0 73->0 165->0 97->0 159->0 150->128 65->0 88->0 74->0 114->0 70->0 
0->0 0->0 0->128 0->0 0->48 0->0 0->112 0->0 0->128 0->0 0->0 0->0 0->128 0->0 0->64 0->0 0->0 0->0 163->128 65->0 82->0 142->0 100->0 65->0 156->144 133->0 91->0 71->0 109->0 104->0 70->128 71->0 105->0 0->0 86->0 90->0 

147->144 160->0 158->0 88->0 146->0 152->0 144->128 109->0 138->0 139->0 139->0 66->0 152->96 112->0 146->16 74->0 130->0 102->0 0->0 0->0 0->32 0->0 0->32 0->0 0->0 0->0 0->32 0->0 0->32 0->0 0->0 0->0 0->0 0->0 0->0 0->0 
162->144 94->0 106->0 149->0 103->0 130->0 70->128 78->0 86->0 137->0 78->0 131->0 130->96 139->0 142->16 76->0 137->0 82->0 0->0 0->0 0->32 0->0 0->32 0->0 0->0 0->0 0->32 0->0 0->32 0->0 0->0 0->0 0->0 0->0 0->0 0->0 
78->144 130->0 86->0 140->0 148->0 80->0 150->128 74->0 102->0 144->0 77->0 88->0 171->96 88->0 81->16 177->0 89->0 162->0 0->0 0->0 0->32 0->0 0->32 0->0 0->0 0->0 0->32 0->0 0->32 0->0 0->0 0->0 0->0 0->0 0->0 0->0 
157->144 155->0 148->0 82->0 71->0 109->0 160->128 144->0 152->0 154->0 148->0 140->0 74->96 65->0 135->16 147->0 132->0 71->0 0->0 0->0 0->32 0->0 0->32 0->0 0->0 0->0 0->32 0->0 0->32 0->0 0->0 0->0 0->0 0->0 0->0 0->0 
71->144 78->0 140->0 160->0 139->0 0->0 158->128 140->0 139->0 139->0 66->0 130->0 153->96 81->0 139->16 73->0 130->0 133->0 0->0 0->0 0->32 0->0 0->32 0->0 0->0 0->0 0->32 0->0 0->32 0->0 0->0 0->0 0->0 0->0 0->0 0->0 
77->144 72->0 67->0 69->0 131->0 82->0 146->128 163->0 152->0 166->0 140->0 92->0 147->96 91->0 158->16 95->0 146->0 147->0 0->0 0->0 0->32 0->0 0->32 0->0 0->0 0->0 0->32 0->0 0->32 0->0 0->0 0->0 0->0 0->0 0->0 0->0 
140->144 98->0 133->0 101->0 83->0 94->0 143->128 138->0 73->0 165->0 97->0 159->0 150->96 65->0 88->16 74->0 114->0 70->0 0->0 0->0 0->32 0->0 0->32 0->0 0->0 0->0 0->32 0->0 0->32 0->0 0->0 0->0 0->0 0->0 0->0 0->0 
163->144 65->0 82->0 142->0 100->0 65->0 156->128 133->0 91->0 71->0 109->0 104->0 70->96 71->0 105->16 0->0 86->0 90->0 0->0 0->0 0->32 0->0 0->32 0->0 0->0 0->0 0->32 0->0 0->32 0->0 0->0 0->0 0->0 0->0 0->0 0->0 
0->144 0->0 0->0 0->0 0->0 0->0 147->128 160->0 158->0 88->0 146->0 152->0 144->96 109->0 138->16 139->0 139->0 66->0 152->0 112->0 146->32 74->0 130->32 102->0 0->0 0->0 0->32 0->0 0->32 0->0 0->0 0->0 0->0 0->0 0->0 0->0 
0->144 0->0 0->0 0->0 0->0 0->0 162->128 94->0 106->0 149->0 103->0 130->0 70->96 78->0 86->16 137->0 78->0 131->0 130->0 139->0 142->32 76->0 137->32 82->0 0->0 0->0 0->32 0->0 0->32 0->0 0->0 0->0 0->0 0->0 0->0 0->0 
0->144 0->0 0->0 0->0 0->0 0->0 78->128 130->0 86->0 140->0 148->0 80->0 150->96 74->0 102->16 144->0 77->0 88->0 171->0 88->0 81->32 177->0 89->32 162->0 0->0 0->0 0->32 0->0 0->32 0->0 0->0 0->0 0->0 0->0 0->0 0->0 
0->144 0->0 0->0 0->0 0->0 0->0 157->128 155->0 148->0 82->0 71->0 109->0 160->96 144->0 152->16 154->0 148->0 140->0 74->0 65->0 135->32 147->0 132->32 71->0 0->0 0->0 0->32 0->0 0->32 0->0 0->0 0->0 0->0 0->0 0->0 0->0 
0->144 0->0 0->0 0->0 0->0 0->0 71->128 78->0 140->0 160->0 139->0 0->0 158->96 140->0 139->16 139->0 66->0 130->0 153->0 81->0 139->32 73->0 130->32 133->0 0->0 0->0 0->32 0->0 0->32 0->0 0->0 0->0 0->0 0->0 0->0 0->0 
0->144 0->0 0->0 0->0 0->0 0->0 77->128 72->0 67->0 69->0 131->0 82->0 146->96 163->0 152->16 166->0 140->0 92->0 147->0 91->0 158->32 95->0 146->32 147->0 0->0 0->0 0->32 0->0 0->32 0->0 0->0 0->0 0->0 0->0 0->0 0->0 
0->144 0->0 0->0 0->0 0->0 0->0 140->128 98->0 133->0 101->0 83->0 94->0 143->96 138->0 73->16 165->0 97->0 159->0 150->0 65->0 88->32 74->0 114->32 70->0 0->0 0->0 0->32 0->0 0->32 0->0 0->0 0->0 0->0 0->0 0->0 0->0 
0->144 0->0 0->0 0->0 0->0 0->0 163->128 65->0 82->0 142->0 100->0 65->0 156->96 133->0 91->16 71->0 109->0 104->0 70->0 71->0 105->32 0->0 86->32 90->0 0->0 0->0 0->32 0->0 0->32 0->0 0->0 0->0 0->0 0->0 0->0 0->0 
0->144 0->0 0->0 0->0 0->0 0->0 0->128 0->0 0->0 0->0 0->0 0->0 147->96 160->0 158->16 88->0 146->0 152->0 144->0 109->0 138->32 139->0 139->32 66->0 152->0 112->0 146->32 74->0 130->32 102->0 0->0 0->0 0->0 0->0 0->0 0->0 
0->144 0->0 0->0 0->0 0->0 0->0 0->128 0->0 0->0 0->0 0->0 0->0 162->96 94->0 106->16 149->0 103->0 130->0 70->0 78->0 86->32 137->0 78->32 131->0 130->0 139->0 142->32 76->0 137->32 82->0 0->0 0->0 0->0 0->0 0->0 0->0 
0->144 0->0 0->0 0->0 0->0 0->0 0->128 0->0 0->0 0->0 0->0 0->0 78->96 130->0 86->16 140->0 148->0 80->0 150->0 74->0 102->32 144->0 77->32 88->0 171->0 88->0 81->32 177->0 89->32 162->0 0->0 0->0 0->0 0->0 0->0 0->0 
0->144 0->0 0->0 0->0 0->0 0->0 0->128 0->0 0->0 0->0 0->0 0->0 157->96 155->0 148->16 82->0 71->0 109->0 160->0 144->0 152->32 154->0 148->32 140->0 74->0 65->0 135->32 147->0 132->32 71->0 0->0 0->0 0->0 0->0 0->0 0->0 
0->144 0->0 0->0 0->0 0->0 0->0 0->128 0->0 0->0 0->0 0->0 0->0 71->96 78->0 140->16 160->0 139->0 0->0 158->0 140->0 139->32 139->0 66->32 130->0 153->0 81->0 139->32 73->0 130->32 133->0 0->0 0->0 0->0 0->0 0->0 0->0 
0->144 0->0 0->0 0->0 0->0 0->0 0->128 0->0 0->0 0->0 0->0 0->0 77->96 72->0 67->16 69->0 131->0 82->0 146->0 163->0 152->32 166->0 140->32 92->0 147->0 91->0 158->32 95->0 146->32 147->0 0->0 0->0 0->0 0->0 0->0 0->0 
0->144 0->0 0->0 0->0 0->0 0->0 0->128 0->0 0->0 0->0 0->0 0->0 140->96 98->0 133->16 101->0 83->0 94->0 143->0 138->0 73->32 165->0 97->32 159->0 150->0 65->0 88->32 74->0 114->32 70->0 0->0 0->0 0->0 0->0 0->0 0->0 
0->144 0->0 0->0 0->0 0->0 0->0 0->128 0->0 0->0 0->0 0->0 0->0 163->96 65->0 82->16 142->0 100->0 65->0 156->0 133->0 91->32 71->0 109->32 104->0 70->0 71->0 105->32 0->0 86->32 90->0 0->0 0->0 0->0 0->0 0->0 0->0 
0->144 0->0 0->0 0->0 0->0 0->0 0->128 0->0 0->0 0->0 0->0 0->0 0->96 0->0 0->16 0->0 0->0 0->0 147->0 160->0 158->32 88->0 146->32 152->0 144->0 109->0 138->32 139->0 139->32 66->0 152->0 112->0 146->0 74->0 130->0 102->0 
0->144 0->0 0->0 0->0 0->0 0->0 0->128 0->0 0->0 0->0 0->0 0->0 0->96 0->0 0->16 0->0 0->0 0->0 162->0 94->0 106->32 149->0 103->32 130->0 70->0 78->0 86->32 137->0 78->32 131->0 130->0 139->0 142->0 76->0 137->0 82->0 
0->144 0->0 0->0 0->0 0->0 0->0 0->128 0->0 0->0 0->0 0->0 0->0 0->96 0->0 0->16 0->0 0->0 0->0 78->0 130->0 86->32 140->0 148->32 80->0 150->0 74->0 102->32 144->0 77->32 88->0 171->0 88->0 81->0 177->0 89->0 162->0 
0->144 0->0 0->0 0->0 0->0 0->0 0->128 0->0 0->0 0->0 0->0 0->0 0->96 0->0 0->16 0->0 0->0 0->0 157->0 155->0 148->32 82->0 71->32 109->0 160->0 144->0 152->32 154->0 148->32 140->0 74->0 65->0 135->0 147->0 132->0 71->0 
0->144 0->0 0->0 0->0 0->0 0->0 0->128 0->0 0->0 0->0 0->0 0->0 0->96 0->0 0->16 0->0 0->0 0->0 71->0 78->0 140->32 160->0 139->32 0->0 158->0 140->0 139->32 139->0 66->32 130->0 153->0 81->0 139->0 73->0 130->0 133->0 
0->144 0->0 0->0 0->0 0->0 0->0 0->128 0->0 0->0 0->0 0->0 0->0 0->96 0->0 0->16 0->0 0->0 0->0 77->0 72->0 67->32 69->0 131->32 82->0 146->0 163->0 152->32 166->0 140->32 92->0 147->0 91->0 158->0 95->0 146->0 147->0 
0->144 0->0 0->0 0->0 0->0 0->0 0->128 0->0 0->0 0->0 0->0 0->0 0->96 0->0 0->16 0->0 0->0 0->0 140->0 98->0 133->32 101->0 83->32 94->0 143->0 138->0 73->32 165->0 97->32 159->0 150->0 65->0 88->0 74->0 114->0 70->0 
0->144 0->0 0->0 0->0 0->0 0->0 0->128 0->0 0->0 0->0 0->0 0->0 0->96 0->0 0->16 0->0 0->0 0->0 163->0 65->0 82->32 142->0 100->32 65->0 156->0 133->0 91->32 71->0 109->32 104->0 70->0 71->0 105->0 0->0 86->0 90->0 

147->0 160->0 158->0 88->0 146->0 152->0 144->0 109->0 138->0 139->0 139->0 66->0 152->0 112->0 146->16 74->0 130->32 102->0 0->96 0->0 0->80 0->0 0->32 0->0 0->128 0->0 0->48 0->0 0->0 0->0 0->128 0->0 0->0 0->0 0->0 0->0 
162->0 94->0 106->0 149->0 103->0 130->0 70->0 78->0 86->0 137->0 78->0 131->0 130->0 139->0 142->16 76->0 137->32 82->0 0->96 0->0 0->80 0->0 0->32 0->0 0->128 0->0 0->48 0->0 0->0 0->0 0->128 0->0 0->0 0->0 0->0 0->0 
78->0 130->0 86->0 140->0 148->0 80->0 150->0 74->0 102->0 144->0 77->0 88->0 171->0 88->0 81->16 177->0 89->32 162->0 0->96 0->0 0->80 0->0 0->32 0->0 0->128 0->0 0->48 0->0 0->0 0->0 0->128 0->0 0->0 0->0 0->0 0->0 
157->0 155->0 148->0 82->0 71->0 109->0 160->0 144->0 152->0 154->0 148->0 140->0 74->0 65->0 135->16 147->0 132->32 71->0 0->96 0->0 0->80 0->0 0->32 0->0 0->128 0->0 0->48 0->0 0->0 0->0 0->128 0->0 0->0 0->0 0->0 0->0 
71->0 78->0 140->0 160->0 139->0 0->0 158->0 140->0 139->0 139->0 66->0 130->0 153->0 81->0 139->16 73->0 130->32 133->0 0->96 0->0 0->80 0->0 0->32 0->0 0->128 0->0 0->48 0->0 0->0 0->0 0->128 0->0 0->0 0->0 0->0 0->0 
77->0 72->0 67->0 69->0 131->0 82->0 146->0 163->0 152->0 166->0 140->0 92->0 147->0 91->0 158->16 95->0 146->32 147->0 0->96 0->0 0->80 0->0 0->32 0->0 0->128 0->0 0->48 0->0 0->0 0->0 0->128 0->0 0->0 0->0 0->0 0->0 
140->0 98->0 133->0 101->0 83->0 94->0 143->0 138->0 73->0 165->0 97->0 159->0 150->0 65->0 88->16 74->0 114->32 70->0 0->96 0->0 0->80 0->0 0->32 0->0 0->128 0->0 0->48 0->0 0->0 0->0 0->128 0->0 0->0 0->0 0->0 0->0 
163->0 65->0 82->0 142->0 100->0 65->0 156->0 133->0 91->0 71->0 109->0 104->0 70->0 71->0 105->16 0->0 86->32 90->0 0->96 0->0 0->80 0->0 0->32 0->0 0->128 0->0 0->48 0->0 0->0 0->0 0->128 0->0 0->0 0->0 0->0 0->0 
0->0 0->0 0->0 0->0 0->0 0->0 147->0 160->0 158->0 88->0 146->0 152->0 144->0 109->0 138->16 139->0 139->32 66->0 152->96 112->0 146->80 74->0 130->32 102->0 0->128 0->0 0->48 0->0 0->0 0->0 0->128 0->0 0->0 0->0 0->0 0->0 
0->0 0->0 0->0 0->0 0->0 0->0 162->0 94->0 106->0 149->0 103->0 130->0 70->0 78->0 86->16 137->0 78->32 131->0 130->96 139->0 142->80 76->0 137->32 82->0 0->128 0->0 0->48 0->0 0->0 0->0 0->128 0->0 0->0 0->0 0->0 0->0 
0->0 0->0 0->0 0->0 0->0 0->0 78->0 130->0 86->0 140->0 148->0 80->0 150->0 74->0 102->16 144->0 77->32 88->0 171->96 88->0 81->80 177->0 89->32 162->0 0->128 0->0 0->48 0->0 0->0 0->0 0->128 0->0 0->0 0->0 0->0 0->0 
0->0 0->0 0->0 0->0 0->0 0->0 157->0 155->0 148->0 82->0 71->0 109->0 160->0 144->0 152->16 154->0 148->32 140->0 74->96 65->0 135->80 147->0 132->32 71->0 0->128 0->0 0->48 0->0 0->0 0->0 0->128 0->0 0->0 0->0 0->0 0->0 
0->0 0->0 0->0 0->0 0->0 0->0 71->0 78->0 140->0 160->0 139->0 0->0 158->0 140->0 139->16 139->0 66->32 130->0 153->96 81->0 139->80 73->0 130->32 133->0 0->128 0->0 0->48 0->0 0->0 0->0 0->128 0->0 0->0 0->0 0->0 0->0 
0->0 0->0 0->0 0->0 0->0 0->0 77->0 72->0 67->0 69->0 131->0 82->0 146->0 163->0 152->16 166->0 140->32 92->0 147->96 91->0 158->80 95->0 146->32 147->0 0->128 0->0 0->48 0->0 0->0 0->0 0->128 0->0 0->0 0->0 0->0 0->0 
0->0 0->0 0->0 0->0 0->0 0->0 140->0 98->0 133->0 101->0 83->0 94->0 143->0 138->0 73->16 165->0 97->32 159->0 150->96 65->0 88->80 74->0 114->32 70->0 0->128 0->0 0->48 0->0 0->0 0->0 0->128 0->0 0->0 0->0 0->0 0->0 
0->0 0->0 0->0 0->0 0->0 0->0 163->0 65->0 82->0 142->0 100->0 65->0 156->0 133->0 91->16 71->0 109->32 104->0 70->96 71->0 105->80 0->0 86->32 90->0 0->128 0->0 0->48 0->0 0->0 0->0 0->128 0->0 0->0 0->0 0->0 0->0 
0->0 0->0 0->0 0->0 0->0 0->0 0->0 0->0 0->0 0->0 0->0 0->0 147->0 160->0 158->16 88->0 146->32 152->0 144->96 109->0 138->80 139->0 139->32 66->0 152->128 112->0 146->48 74->0 130->0 102->0 0->128 0->0 0->0 0->0 0->0 0->0 
0->0 0->0 0->0 0->0 0->0 0->0 0->0 0->0 0->0 0->0 0->0 0->0 162->0 94->0 106->16 149->0 103->32 130->0 70->96 78->0 86->80 137->0 78->32 131->0 130->128 139->0 142->48 76->0 137->0 82->0 0->128 0->0 0->0 0->0 0->0 0->0 
0->0 0->0 0->0 0->0 0->0 0->0 0->0 0->0 0->0 0->0 0->0 0->0 78->0 130->0 86->16 140->0 148->32 80->0 150->96 74->0 102->80 144->0 77->32 88->0 171->128 88->0 81->48 177->0 89->0 162->0 0->128 0->0 0->0 0->0 0->0 0->0 
0->0 0->0 0->0 0->0 0->0 0->0 0->0 0->0 0->0 0->0 0->0 0->0 157->0 155->0 148->16 82->0 71->32 109->0 160->96 144->0 152->80 154->0 148->32 140->0 74->128 65->0 135->48 147->0 132->0 71->0 0->128 0->0 0->0 0->0 0->0 0->0 
0->0 0->0 0->0 0->0 0->0 0->0 0->0 0->0 0->0 0->0 0->0 0->0 71->0 78->0 140->16 160->0 139->32 0->0 158->96 140->0 139->80 139->0 66->32 130->0 153->128 81->0 139->48 73->0 130->0 133->0 0->128 0->0 0->0 0->0 0->0 0->0 
0->0 0->0 0->0 0->0 0->0 0->0 0->0 0->0 0->0 0->0 0->0 0->0 77->0 72->0 67->16 69->0 131->32 82->0 146->96 163->0 152->80 166->0 140->32 92->0 147->128 91->0 158->48 95->0 146->0 147->0 0->128 0->0 0->0 0->0 0->0 0->0 
0->0 0->0 0->0 0->0 0->0 0->0 0->0 0->0 0->0 0->0 0->0 0->0 140->0 98->0 133->16 101->0 83->32 94->0 143->96 138->0 73->80 165->0 97->32 159->0 150->128 65->0 88->48 74->0 114->0 70->0 0->128 0->0 0->0 0->0 0->0 0->0 
0->0 0->0 0->0 0->0 0->0 0->0 0->0 0->0 0->0 0->0 0->0 0->0 163->0 65->0 82->16 142->0 100->32 65->0 156->96 133->0 91->80 71->0 109->32 104->0 70->128 71->0 105->48 0->0 86->0 90->0 0->128 0->0 0->0 0->0 0->0 0->0 
0->0 0->0 0->0 0->0 0->0 0->0 0->0 0->0 0->0 0->0 0->0 0->0 0->0 0->0 0->16 0->0 0->32 0->0 147->96 160->0 158->80 88->0 146->32 152->0 144->128 109->0 138->48 139->0 139->0 66->0 152->128 112->0 146->0 74->0 130->0 102->0 
0->0 0->0 0->0 0->0 0->0 0->0 0->0 0->0 0->0 0->0 0->0 0->0 0->0 0->0 0->16 0->0 0->32 0->0 162->96 94->0 106->80 149->0 103->32 130->0 70->128 78->0 86->48 137->0 78->0 131->0 130->128 139->0 142->0 76->0 137->0 82->0 
0->0 0->0 0->0 0->0 0->0 0->0 0->0 0->0 0->0 0->0 0->0 0->0 0->0 0->0 0->16 0->0 0->32 0->0 78->96 130->0 86->80 140->0 148->32 80->0 150->128 74->0 102->48 144->0 77->0 88->0 171->128 88->0 81->0 177->0 89->0 162->0 
0->0 0->0 0->0 0->0 0->0 0->0 0->0 0->0 0->0 0->0 0->0 0->0 0->0 0->0 0->16 0->0 0->32 0->0 157->96 155->0 148->80 82->0 71->32 109->0 160->128 144->0 152->48 154->0 148->0 140->0 74->128 65->0 135->0 147->0 132->0 71->0 
0->0 0->0 0->0 0->0 0->0 0->0 0->0 0->0 0->0 0->0 0->0 0->0 0->0 0->0 0->16 0->0 0->32 0->0 71->96 78->0 140->80 160->0 139->32 0->0 158->128 140->0 139->48 139->0 66->0 130->0 153->128 81->0 139->0 73->0 130->0 133->0 
0->0 0->0 0->0 0->0 0->0 0->0 0->0 0->0 0->0 0->0 0->0 0->0 0->0 0->0 0->16 0->0 0->32 0->0 77->96 72->0 67->80 69->0 131->32 82->0 146->128 163->0 152->48 166->0 140->0 92->0 147->128 91->0 158->0 95->0 146->0 147->0 
0->0 0->0 0->0 0->0 0->0 0->0 0->0 0->0 0->0 0->0 0->0 0->0 0->0 0->0 0->16 0->0 0->32 0->0 140->96 98->0 133->80 101->0 83->32 94->0 143->128 138->0 73->48 165->0 97->0 159->0 150->128 65->0 88->0 74->0 114->0 70->0 
0->0 0->0 0->0 0->0 0->0 0->0 0->0 0->0 0->0 0->0 0->0 0->0 0->0 0->0 0->16 0->0 0->32 0->0 163->96 65->0 82->80 142->0 100->32 65->0 156->128 133->0 91->48 71->0 109->0 104->0 70->128 71->0 105->0 0->0 86->0 90->0 

147->128 160->0 158->48 88->0 146->0 152->0 144->128 109->0 138->0 139->0 139->0 66->0 152->64 112->0 146->0 74->0 130->0 102->0 0->0 0->0 0->0 0->0 0->0 0->0 0->0 0->0 0->0 0->0 0->0 0->0 0->0 0->0 0->0 0->0 0->0 0->0 
162->128 94->0 106->48 149->0 103->0 130->0 70->128 78->0 86->0 137->0 78->0 131->0 130->64 139->0 142->0 76->0 137->0 82->0 0->0 0->0 0->0 0->0 0->0 0->0 0->0 0->0 0->0 0->0 0->0 0->0 0->0 0->0 0->0 0->0 0->0 0->0 
78->128 130->0 86->48 140->0 148->0 80->0 150->128 74->0 102->0 144->0 77->0 88->0 171->64 88->0 81->0 177->0 89->0 162->0 0->0 0->0 0->0 0->0 0->0 0->0 0->0 0->0 0->0 0->0 0->0 0->0 0->0 0->0 0->0 0->0 0->0 0->0 
157->128 155->0 148->48 82->0 71->0 109->0 160->128 144->0 152->0 154->0 148->0 140->0 74->64 65->0 135->0 147->0 132->0 71->0 0->0 0->0 0->0 0->0 0->0 0->0 0->0 0->0 0->0 0->0 0->0 0->0 0->0 0->0 0->0 0->0 0->0 0->0 
71->128 78->0 140->48 160->0 139->0 0->0 158->128 140->0 139->0 139->0 66->0 130->0 153->64 81->0 139->0 73->0 130->0 133->0 0->0 0->0 0->0 0->0 0->0 0->0 0->0 0->0 0->0 0->0 0->0 0->0 0->0 0->0 0->0 0->0 0->0 0->0 
77->128 72->0 67->48 69->0 131->0 82->0 146->128 163->0 152->0 166->0 140->0 92->0 147->64 91->0 158->0 95->0 146->0 147->0 0->0 0->0 0->0 0->0 0->0 0->0 0->0 0->0 0->0 0->0 0->0 0->0 0->0 0->0 0->0 0->0 0->0 0->0 
140->128 98->0 133->48 101->0 83->0 94->0 143->128 138->0 73->0 165->0 97->0 159->0 150->64 65->0 88->0 74->0 114->0 70->0 0->0 0->0 0->0 0->0 0->0 0->0 0->0 0->0 0->0 0->0 0->0 0->0 0->0 0->0 0->0 0->0 0->0 0->0 
163->128 65->0 82->48 142->0 100->0 65->0 156->128 133->0 91->0 71->0 109->0 104->0 70->64 71->0 105->0 0->0 86->0 90->0 0->0 0->0 0->0 0->0 0->0 0->0 0->0 0->0 0->0 0->0 0->0 0->0 0->0 0->0 0->0 0->0 0->0 0->0 
0->128 0->0 0->48 0->0 0->0 0->0 147->128 160->0 158->0 88->0 146->0 152->0 144->64 109->0 138->0 139->0 139->0 66->0 152->0 112->0 146->0 74->0 130->0 102->0 0->0 0->0 0->0 0->0 0->0 0->0 0->0 0->0 0->0 0->0 0->0 0->0 
0->128 0->0 0->48 0->0 0->0 0->0 162->128 94->0 106->0 149->0 103->0 130->0 70->64 78->0 86->0 137->0 78->0 131->0 130->0 139->0 142->0 76->0 137->0 82->0 0->0 0->0 0->0 0->0 0->0 0->0 0->0 0->0 0->0 0->0 0->0 0->0 
0->128 0->0 0->48 0->0 0->0 0->0 78->128 130->0 86->0 140->0 148->0 80->0 150->64 74->0 102->0 144->0 77->0 88->0 171->0 88->0 81->0 177->0 89->0 162->0 0->0 0->0 0->0 0->0 0->0 0->0 0->0 0->0 0->0 0->0 0->0 0->0 
0->128 0->0 0->48 0->0 0->0 0->0 157->128 155->0 148->0 82->0 71->0 109->0 160->64 144->0 152->0 154->0 148->0 140->0 74->0 65->0 135->0 147->0 132->0 71->0 0->0 0->0 0->0 0->0 0->0 0->0 0->0 0->0 0->0 0->0 0->0 0->0 
0->128 0->0 0->48 0->0 0->0 0->0 71->128 78->0 140->0 160->0 139->0 0->0 158->64 140->0 139->0 139->0 66->0 130->0 153->0 81->0 139->0 73->0 130->0 133->0 0->0 0->0 0->0 0->0 0->0 0->0 0->0 0->0 0->0 0->0 0->0 0->0 
0->128 0->0 0->48 0->0 0->0 0->0 77->128 72->0 67->0 69->0 131->0 82->0 146->64 163->0 152->0 166->0 140->0 92->0 147->0 91->0 158->0 95->0 146->0 147->0 0->0 0->0 0->0 0->0 0->0 0->0 0->0 0->0 0->0 0->0 0->0 0->0 
0->128 0->0 0->48 0->0 0->0 0->0 140->128 98->0 133->0 101->0 83->0 94->0 143->64 138->0 73->0 165->0 97->0 159->0 150->0 65->0 88->0 74->0 114->0 70->0 0->0 0->0 0->0 0->0 0->0 0->0 0->0 0->0 0->0 0->0 0->0 0->0 
0->128 0->0 0->48 0->0 0->0 0->0 163->128 65->0 82->0 142->0 100->0 65->0 156->64 133->0 91->0 71->0 109->0 104->0 70->0 71->0 105->0 0->0 86->0 90->0 0->0 0->0 0->0 0->0 0->0 0->0 0->0 0->0 0->0 0->0 0->0 0->0 
0->128 0->0 0->48 0->0 0->0 0->0 0->128 0->0 0->0 0->0 0->0 0->0 147->64 160->0 158->0 88->0 146->0 152->0 144->0 109->0 138->0 139->0 139->0 66->0 152->0 112->0 146->0 74->0 130->0 102->0 0->0 0->0 0->0 0->0 0->0 0->0 
0->128 0->0 0->48 0->0 0->0 0->0 0->128 0->0 0->0 0->0 0->0 0->0 162->64 94->0 106->0 149->0 103->0 130->0 70->0 78->0 86->0 137->0 78->0 131->0 130->0 139->0 142->0 76->0 137->0 82->0 0->0 0->0 0->0 0->0 0->0 0->0 
0->128 0->0 0->48 0->0 0->0 0->0 0->128 0->0 0->0 0->0 0->0 0->0 78->64 130->0 86->0 140->0 148->0 80->0 150->0 74->0 102->0 144->0 77->0 88->0 171->0 88->0 81->0 177->0 89->0 162->0 0->0 0->0 0->0 0->0 0->0 0->0 
0->128 0->0 0->48 0->0 0->0 0->0 0->128 0->0 0->0 0->0 0->0 0->0 157->64 155->0 148->0 82->0 71->0 109->0 160->0 144->0 152->0 154->0 148->0 140->0 74->0 65->0 135->0 147->0 132->0 71->0 0->0 0->0 0->0 0->0 0->0 0->0 
0->128 0->0 0->48 0->0 0->0 0->0 0->128 0->0 0->0 0->0 0->0 0->0 71->64 78->0 140->0 160->0 139->0 0->0 158->0 140->0 139->0 139->0 66->0 130->0 153->0 81->0 139->0 73->0 130->0 133->0 0->0 0->0 0->0 0->0 0->0 0->0 
0->128 0->0 0->48 0->0 0->0 0->0 0->128 0->0 0->0 0->0 0->0 0->0 77->64 72->0 67->0 69->0 131->0 82->0 146->0 163->0 152->0 166->0 140->0 92->0 147->0 91->0 158->0 95->0 146->0 147->0 0->0 0->0 0->0 0->0 0->0 0->0 
0->128 0->0 0->48 0->0 0->0 0->0 0->128 0->0 0->0 0->0 0->0 0->0 140->64 98->0 133->0 101->0 83->0 94->0 143->0 138->0 73->0 165->0 97->0 159->0 150->0 65->0 88->0 74->0 114->0 70->0 0->0 0->0 0->0 0->0 0->0 0->0 
0->128 0->0 0->48 0->0 0->0 0->0 0->128 0->0 0->0 0->0 0->0 0->0 163->64 65->0 82->0 142->0 100->0 65->0 156->0 133->0 91->0 71->0 109->0 104->0 70->0 71->0 105->0 0->0 86->0 90->0 0->0 0->0 0->0 0->0 0->0 0->0 
0->128 0->0 0->48 0->0 0->0 0->0 0->128 0->0 0->0 0->0 0->0 0->0 0->64 0->0 0->0 0->0 0->0 0->0 147->0 160->0 158->0 88->0 146->0 152->0 144->0 109->0 138->0 139->0 139->0 66->0 152->0 112->0 146->0 74->0 130->0 102->0 
0->128 0->0 0->48 0->0 0->0 0->0 0->128 0->0 0->0 0->0 0->0 0->0 0->64 0->0 0->0 0->0 0->0 0->0 162->0 94->0 106->0 149->0 103->0 130->0 70->0 78->0 86->0 137->0 78->0 131->0 130->0 139->0 142->0 76->0 137->0 82->0 
0->128 0->0 0->48 0->0 0->0 0->0 0->128 0->0 0->0 0->0 0->0 0->0 0->64 0->0 0->0 0->0 0->0 0->0 78->0 130->0 86->0 140->0 148->0 80->0 150->0 74->0 102->0 144->0 77->0 88->0 171->0 88->0 81->0 177->0 89->0 162->0 
0->128 0->0 0->48 0->0 0->0 0->0 0->128 0->0 0->0 0->0 0->0 0->0 0->64 0->0 0->0 0->0 0->0 0->0 157->0 155->0 148->0 82->0 71->0 109->0 160->0 144->0 152->0 154->0 148->0 140->0 74->0 65->0 135->0 147->0 132->0 71->0 
0->128 0->0 0->48 0->0 0->0 0->0 0->128 0->0 0->0 0->0 0->0 0->0 0->64 0->0 0->0 0->0 0->0 0->0 71->0 78->0 140->0 160->0 139->0 0->0 158->0 140->0 139->0 139->0 66->0 130->0 153->0 81->0 139->0 73->0 130->0 133->0 
0->128 0->0 0->48 0->0 0->0 0->0 0->128 0->0 0->0 0->0 0->0 0->0 0->64 0->0 0->0 0->0 0->0 0->0 77->0 72->0 67->0 69->0 131->0 82->0 146->0 163->0 152->0 166->0 140->0 92->0 147->0 91->0 158->0 95->0 146->0 147->0 
0->128 0->0 0->48 0->0 0->0 0->0 0->128 0->0 0->0 0->0 0->0 0->0 0->64 0->0 0->0 0->0 0->0 0->0 140->0 98->0 133->0 101->0 83->0 94->0 143->0 138->0 73->0 165->0 97->0 159->0 150->0 65->0 88->0 74->0 114->0 70->0 
0->128 0->0 0->48 0->0 0->0 0->0 0->128 0->0 0->0 0->0 0->0 0->0 0->64 0->0 0->0 0->0 0->0 0->0 163->0 65->0 82->0 142->0 100->0 65->0 156->0 133->0 91->0 71->0 109->0 104->0 70->0 71->0 105->0 0->0 86->0 90->0 

147->0 160->0 158->0 88->0 146->0 152->0 144->0 109->0 138->0 139->0 139->0 66->0 152->16 112->0 146->0 74->0 130->0 102->0 0->32 0->0 0->32 0->0 0->48 0->0 0->32 0->0 0->32 0->0 0->32 0->0 0->0 0->0 0->0 0->0 0->0 0->0 
162->0 94->0 106->0 149->0 103->0 130->0 70->0 78->0 86->0 137->0 78->0 131->0 130->16 139->0 142->0 76->0 137->0 82->0 0->32 0->0 0->32 0->0 0->48 0->0 0->32 0->0 0->32 0->0 0->32 0->0 0->0 0->0 0->0 0->0 0->0 0->0 
78->0 130->0 86->0 140->0 148->0 80->0 150->0 74->0 102->0 144->0 77->0 88->0 171->16 88->0 81->0 177->0 89->0 162->0 0->32 0->0 0->32 0->0 0->48 0->0 0->32 0->0 0->32 0->0 0->32 0->0 0->0 0->0 0->0 0->0 0->0 0->0 
157->0 155->0 148->0 82->0 71->0 109->0 160->0 144->0 152->0 154->0 148->0 140->0 74->16 65->0 135->0 147->0 132->0 71->0 0->32 0->0 0->32 0->0 0->48 0->0 0->32 0->0 0->32 0->0 0->32 0->0 0->0 0->0 0->0 0->0 0->0 0->0 
71->0 78->0 140->0 160->0 139->0 0->0 158->0 140->0 139->0 139->0 66->0 130->0 153->16 81->0 139->0 73->0 130->0 133->0 0->32 0->0 0->32 0->0 0->48 0->0 0->32 0->0 0->32 0->0 0->32 0->0 0->0 0->0 0->0 0->0 0->0 0->0 
77->0 72->0 67->0 69->0 131->0 82->0 146->0 163->0 152->0 166->0 140->0 92->0 147->16 91->0 158->0 95->0 146->0 147->0 0->32 0->0 0->32 0->0 0->48 0->0 0->32 0->0 0->32 0->0 0->32 0->0 0->0 0->0 0->0 0->0 0->0 0->0 
140->0 98->0 133->0 101->0 83->0 94->0 143->0 138->0 73->0 165->0 97->0 159->0 150->16 65->0 88->0 74->0 114->0 70->0 0->32 0->0 0->32 0->0 0->48 0->0 0->32 0->0 0->32 0->0 0->32 0->0 0->0 0->0 0->0 0->0 0->0 0->0 
163->0 65->0 82->0 142->0 100->0 65->0 156->0 133->0 91->0 71->0 109->0 104->0 70->16 71->0 105->0 0->0 86->0 90->0 0->32 0->0 0->32 0->0 0->48 0->0 0->32 0->0 0->32 0->0 0->32 0->0 0->0 0->0 0->0 0->0 0->0 0->0 
0->0 0->0 0->0 0->0 0->0 0->0 147->0 160->0 158->0 88->0 146->0 152->0 144->16 109->0 138->0 139->0 139->0 66->0 152->32 112->0 146->32 74->0 130->48 102->0 0->32 0->0 0->32 0->0 0->32 0->0 0->0 0->0 0->0 0->0 0->0 0->0 
0->0 0->0 0->0 0->0 0->0 0->0 162->0 94->0 106->0 149->0 103->0 130->0 70->16 78->0 86->0 137->0 78->0 131->0 130->32 139->0 142->32 76->0 137->48 82->0 0->32 0->0 0->32 0->0 0->32 0->0 0->0 0->0 0->0 0->0 0->0 0->0 
0->0 0->0 0->0 0->0 0->0 0->0 78->0 130->0 86->0 140->0 148->0 80->0 150->16 74->0 102->0 144->0 77->0 88->0 171->32 88->0 81->32 177->0 89->48 162->0 0->32 0->0 0->32 0->0 0->32 0->0 0->0 0->0 0->0 0->0 0->0 0->0 
0->0 0->0 0->0 0->0 0->0 0->0 157->0 155->0 148->0 82->0 71->0 109->0 160->16 144->0 152->0 154->0 148->0 140->0 74->32 65->0 135->32 147->0 132->48 71->0 0->32 0->0 0->32 0->0 0->32 0->0 0->0 0->0 0->0 0->0 0->0 0->0 
0->0 0->0 0->0 0->0 0->0 0->0 71->0 78->0 140->0 160->0 139->0 0->0 158->16 140->0 139->0 139->0 66->0 130->0 153->32 81->0 139->32 73->0 130->48 133->0 0->32 0->0 0->32 0->0 0->32 0->0 0->0 0->0 0->0 0->0 0->0 0->0 
0->0 0->0 0->0 0->0 0->0 0->0 77->0 72->0 67->0 69->0 131->0 82->0 146->16 163->0 152->0 166->0 140->0 92->0 147->32 91->0 158->32 95->0 146->48 147->0 0->32 0->0 0->32 0->0 0->32 0->0 0->0 0->0 0->0 0->0 0->0 0->0 
0->0 0->0 0->0 0->0 0->0 0->0 140->0 98->0 133->0 101->0 83->0 94->0 143->16 138->0 73->0 165->0 97->0 159->0 150->32 65->0 88->32 74->0 114->48 70->0 0->32 0->0 0->32 0->0 0->32 0->0 0->0 0->0 0->0 0->0 0->0 0->0 
0->0 0->0 0->0 0->0 0->0 0->0 163->0 65->0 82->0 142->0 100->0 65->0 156->16 133->0 91->0 71->0 109->0 104->0 70->32 71->0 105->32 0->0 86->48 90->0 0->32 0->0 0->32 0->0 0->32 0->0 0->0 0->0 0->0 0->0 0->0 0->0 
0->0 0->0 0->0 0->0 0->0 0->0 0->0 0->0 0->0 0->0 0->0 0->0 147->16 160->0 158->0 88->0 146->0 152->0 144->32 109->0 138->32 139->0 139->48 66->0 152->32 112->0 146->32 74->0 130->32 102->0 0->0 0->0 0->0 0->0 0->0 0->0 
0->0 0->0 0->0 0->0 0->0 0->0 0->0 0->0 0->0 0->0 0->0 0->0 162->16 94->0 106->0 149->0 103->0 130->0 70->32 78->0 86->32 137->0 78->48 131->0 130->32 139->0 142->32 76->0 137->32 82->0 0->0 0->0 0->0 0->0 0->0 0->0 
0->0 0->0 0->0 0->0 0->0 0->0 0->0 0->0 0->0 0->0 0->0 0->0 78->16 130->0 86->0 140->0 148->0 80->0 150->32 74->0 102->32 144->0 77->48 88->0 171->32 88->0 81->32 177->0 89->32 162->0 0->0 0->0 0->0 0->0 0->0 0->0 
0->0 0->0 0->0 0->0 0->0 0->0 0->0 0->0 0->0 0->0 0->0 0->0 157->16 155->0 148->0 82->0 71->0 109->0 160->32 144->0 152->32 154->0 148->48 140->0 74->32 65->0 135->32 147->0 132->32 71->0 0->0 0->0 0->0 0->0 0->0 0->0 
0->0 0->0 0->0 0->0 0->0 0->0 0->0 0->0 0->0 0->0 0->0 0->0 71->16 78->0 140->0 160->0 139->0 0->0 158->32 140->0 139->32 139->0 66->48 130->0 153->32 81->0 139->32 73->0 130->32 133->0 0->0 0->0 0->0 0->0 0->0 0->0 
0->0 0->0 0->0 0->0 0->0 0->0 0->0 0->0 0->0 0->0 0->0 0->0 77->16 72->0 67->0 69->0 131->0 82->0 146->32 163->0 152->32 166->0 140->48 92->0 147->32 91->0 158->32 95->0 146->32 147->0 0->0 0->0 0->0 0->0 0->0 0->0 
0->0 0->0 0->0 0->0 0->0 0->0 0->0 0->0 0->0 0->0 0->0 0->0 140->16 98->0 133->0 101->0 83->0 94->0 143->32 138->0 73->32 165->0 97->48 159->0 150->32 65->0 88->32 74->0 114->32 70->0 0->0 0->0 0->0 0->0 0->0 0->0 
0->0 0->0 0->0 0->0 0->0 0->0 0->0 0->0 0->0 0->0 0->0 0->0 163->16 65->0 82->0 142->0 100->0 65->0 156->32 133->0 91->32 71->0 109->48 104->0 70->32 71->0 105->32 0->0 86->32 90->0 0->0 0->0 0->0 0->0 0->0 0->0 
0->0 0->0 0->0 0->0 0->0 0->0 0->0 0->0 0->0 0->0 0->0 0->0 0->16 0->0 0->0 0->0 0->0 0->0 147->32 160->0 158->32 88->0 146->48 152->0 144->32 109->0 138->32 139->0 139->32 66->0 152->0 112->0 146->0 74->0 130->0 102->0 
0->0 0->0 0->0 0->0 0->0 0->0 0->0 0->0 0->0 0->0 0->0 0->0 0->16 0->0 0->0 0->0 0->0 0->0 162->32 94->0 106->32 149->0 103->48 130->0 70->32 78->0 86->32 137->0 78->32 131->0 130->0 139->0 142->0 76->0 137->0 82->0 
0->0 0->0 0->0 0->0 0->0 0->0 0->0 0->0 0->0 0->0 0->0 0->0 0->16 0->0 0->0 0->0 0->0 0->0 78->32 130->0 86->32 140->0 148->48 80->0 150->32 74->0 102->32 144->0 77->32 88->0 171->0 88->0 81->0 177->0 89->0 162->0 
0->0 0->0 0->0 0->0 0->0 0->0 0->0 0->0 0->0 0->0 0->0 0->0 0->16 0->0 0->0 0->0 0->0 0->0 157->32 155->0 148->32 82->0 71->48 109->0 160->32 144->0 152->32 154->0 148->32 140->0 74->0 65->0 135->0 147->0 132->0 71->0 
0->0 0->0 0->0 0->0 0->0 0->0 0->0 0->0 0->0 0->0 0->0 0->0 0->16 0->0 0->0 0->0 0->0 0->0 71->32 78->0 140->32 160->0 139->48 0->0 158->32 140->0 139->32 139->0 66->32 130->0 153->0 81->0 139->0 73->0 130->0 133->0 
0->0 0->0 0->0 0->0 0->0 0->0 0->0 0->0 0->0 0->0 0->0 0->0 0->16 0->0 0->0 0->0 0->0 0->0 77->32 72->0 67->32 69->0 131->48 82->0 146->32 163->0 152->32 166->0 140->32 92->0 147->0 91->0 158->0 95->0 146->0 147->0 
0->0 0->0 0->0 0->0 0->0 0->0 0->0 0->0 0->0 0->0 0->0 0->0 0->16 0->0 0->0 0->0 0->0 0->0 140->32 98->0 133->32 101->0 83->48 94->0 143->32 138->0 73->32 165->0 97->32 159->0 150->0 65->0 88->0 74->0 114->0 70->0 
0->0 0->0 0->0 0->0 0->0 0->0 0->0 0->0 0->0 0->0 0->0 0->0 0->16 0->0 0->0 0->0 0->0 0->0 163->32 65->0 82->32 142->0 100->48 65->0 156->32 133->0 91->32 71->0 109->32 104->0 70->0 71->0 105->0 0->0 86->0 90->0 

147->0 160->0 158->0 88->0 146->0 152->0 144->0 109->0 138->0 139->0 139->16 66->0 152->16 112->0 146->32 74->0 130->32 102->0 0->80 0->0 0->32 0->0 0->32 0->0 0->48 0->0 0->0 0->0 0->0 0->0 0->0 0->0 0->0 0->0 0->0 0->0 
162->0 94->0 106->0 149->0 103->0 130->0 70->0 78->0 86->0 137->0 78->16 131->0 130->16 139->0 142->32 76->0 137->32 82->0 0->80 0->0 0->32 0->0 0->32 0->0 0->48 0->0 0->0 0->0 0->0 0->0 0->0 0->0 0->0 0->0 0->0 0->0 
78->0 130->0 86->0 140->0 148->0 80->0 150->0 74->0 102->0 144->0 77->16 88->0 171->16 88->0 81->32 177->0 89->32 162->0 0->80 0->0 0->32 0->0 0->32 0->0 0->48 0->0 0->0 0->0 0->0 0->0 0->0 0->0 0->0 0->0 0->0 0->0 
157->0 155->0 148->0 82->0 71->0 109->0 160->0 144->0 152->0 154->0 148->16 140->0 74->16 65->0 135->32 147->0 132->32 71->0 0->80 0->0 0->32 0->0 0->32 0->0 0->48 0->0 0->0 0->0 0->0 0->0 0->0 0->0 0->0 0->0 0->0 0->0 
71->0 78->0 140->0 160->0 139->0 0->0 158->0 140->0 139->0 139->0 66->16 130->0 153->16 81->0 139->32 73->0 130->32 133->0 0->80 0->0 0->32 0->0 0->32 0->0 0->48 0->0 0->0 0->0 0->0 0->0 0->0 0->0 0->0 0->0 0->0 0->0 
77->0 72->0 67->0 69->0 131->0 82->0 146->0 163->0 152->0 166->0 140->16 92->0 147->16 91->0 158->32 95->0 146->32 147->0 0->80 0->0 0->32 0->0 0->32 0->0 0->48 0->0 0->0 0->0 0->0 0->0 0->0 0->0 0->0 0->0 0->0 0->0 
140->0 98->0 133->0 101->0 83->0 94->0 143->0 138->0 73->0 165->0 97->16 159->0 150->16 65->0 88->32 74->0 114->32 70->0 0->80 0->0 0->32 0->0 0->32 0->0 0->48 0->0 0->0 0->0 0->0 0->0 0->0 0->0 0->0 0->0 0->0 0->0 
163->0 65->0 82->0 142->0 100->0 65->0 156->0 133->0 91->0 71->0 109->16 104->0 70->16 71->0 105->32 0->0 86->32 90->0 0->80 0->0 0->32 0->0 0->32 0->0 0->48 0->0 0->0 0->0 0->0 0->0 0->0 0->0 0->0 0->0 0->0 0->0 
0->0 0->0 0->0 0->0 0->0 0->0 147->0 160->0 158->0 88->0 146->16 152->0 144->16 109->0 138->32 139->0 139->32 66->0 152->80 112->0 146->32 74->0 130->32 102->0 0->48 0->0 0->0 0->0 0->0 0->0 0->0 0->0 0->0 0->0 0->0 0->0 
0->0 0->0 0->0 0->0 0->0 0->0 162->0 94->0 106->0 149->0 103->16 130->0 70->16 78->0 86->32 137->0 78->32 131->0 130->80 139->0 142->32 76->0 137->32 82->0 0->48 0->0 0->0 0->0 0->0 0->0 0->0 0->0 0->0 0->0 0->0 0->0 
0->0 0->0 0->0 0->0 0->0 0->0 78->0 130->0 86->0 140->0 148->16 80->0 150->16 74->0 102->32 144->0 77->32 88->0 171->80 88->0 81->32 177->0 89->32 162->0 0->48 0->0 0->0 0->0 0->0 0->0 0->0 0->0 0->0 0->0 0->0 0->0 
0->0 0->0 0->0 0->0 0->0 0->0 157->0 155->0 148->0 82->0 71->16 109->0 160->16 144->0 152->32 154->0 148->32 140->0 74->80 65->0 135->32 147->0 132->32 71->0 0->48 0->0 0->0 0->0 0->0 0->0 0->0 0->0 0->0 0->0 0->0 0->0 
0->0 0->0 0->0 0->0 0->0 0->0 71->0 78->0 140->0 160->0 139->16 0->0 158->16 140->0 139->32 139->0 66->32 130->0 153->80 81->0 139->32 73->0 130->32 133->0 0->48 0->0 0->0 0->0 0->0 0->0 0->0 0->0 0->0 0->0 0->0 0->0 
0->0 0->0 0->0 0->0 0->0 0->0 77->0 72->0 67->0 69->0 131->16 82->0 146->16 163->0 152->32 166->0 140->32 92->0 147->80 91->0 158->32 95->0 146->32 147->0 0->48 0->0 0->0 0->0 0->0 0->0 0->0 0->0 0->0 0->0 0->0 0->0 
0->0 0->0 0->0 0->0 0->0 0->0 140->0 98->0 133->0 101->0 83->16 94->0 143->16 138->0 73->32 165->0 97->32 159->0 150->80 65->0 88->32 74->0 114->32 70->0 0->48 0->0 0->0 0->0 0->0 0->0 0->0 0->0 0->0 0->0 0->0 0->0 
0->0 0->0 0->0 0->0 0->0 0->0 163->0 65->0 82->0 142->0 100->16 65->0 156->16 133->0 91->32 71->0 109->32 104->0 70->80 71->0 105->32 0->0 86->32 90->0 0->48 0->0 0->0 0->0 0->0 0->0 0->0 0->0 0->0 0->0 0->0 0->0 
0->0 0->0 0->0 0->0 0->0 0->0 0->0 0->0 0->0 0->0 0->16 0->0 147->16 160->0 158->32 88->0 146->32 152->0 144->80 109->0 138->32 139->0 139->32 66->0 152->48 112->0 146->0 74->0 130->0 102->0 0->0 0->0 0->0 0->0 0->0 0->0 
0->0 0->0 0->0 0->0 0->0 0->0 0->0 0->0 0->0 0->0 0->16 0->0 162->16 94->0 106->32 149->0 103->32 130->0 70->80 78->0 86->32 137->0 78->32 131->0 130->48 139->0 142->0 76->0 137->0 82->0 0->0 0->0 0->0 0->0 0->0 0->0 
0->0 0->0 0->0 0->0 0->0 0->0 0->0 0->0 0->0 0->0 0->16 0->0 78->16 130->0 86->32 140->0 148->32 80->0 150->80 74->0 102->32 144->0 77->32 88->0 171->48 88->0 81->0 177->0 89->0 162->0 0->0 0->0 0->0 0->0 0->0 0->0 
0->0 0->0 0->0 0->0 0->0 0->0 0->0 0->0 0->0 0->0 0->16 0->0 157->16 155->0 148->32 82->0 71->32 109->0 160->80 144->0 152->32 154->0 148->32 140->0 74->48 65->0 135->0 147->0 132->0 71->0 0->0 0->0 0->0 0->0 0->0 0->0 
0->0 0->0 0->0 0->0 0->0 0->0 0->0 0->0 0->0 0->0 0->16 0->0 71->16 78->0 140->32 160->0 139->32 0->0 158->80 140->0 139->32 139->0 66->32 130->0 153->48 81->0 139->0 73->0 130->0 133->0 0->0 0->0 0->0 0->0 0->0 0->0 
0->0 0->0 0->0 0->0 0->0 0->0 0->0 0->0 0->0 0->0 0->16 0->0 77->16 72->0 67->32 69->0 131->32 82->0 146->80 163->0 152->32 166->0 140->32 92->0 147->48 91->0 158->0 95->0 146->0 147->0 0->0 0->0 0->0 0->0 0->0 0->0 
0->0 0->0 0->0 0->0 0->0 0->0 0->0 0->0 0->0 0->0 0->16 0->0 140->16 98->0 133->32 101->0 83->32 94->0 143->80 138->0 73->32 165->0 97->32 159->0 150->48 65->0 88->0 74->0 114->0 70->0 0->0 0->0 0->0 0->0 0->0 0->0 
0->0 0->0 0->0 0->0 0->0 0->0 0->0 0->0 0->0 0->0 0->16 0->0 163->16 65->0 82->32 142->0 100->32 65->0 156->80 133->0 91->32 71->0 109->32 104->0 70->48 71->0 105->0 0->0 86->0 90->0 0->0 0->0 0->0 0->0 0->0 0->0 
0->0 0->0 0->0 0->0 0->0 0->0 0->0 0->0 0->0 0->0 0->16 0->0 0->16 0->0 0->32 0->0 0->32 0->0 147->80 160->0 158->32 88->0 146->32 152->0 144->48 109->0 138->0 139->0 139->0 66->0 152->0 112->0 146->0 74->0 130->0 102->0 
0->0 0->0 0->0 0->0 0->0 0->0 0->0 0->0 0->0 0->0 0->16 0->0 0->16 0->0 0->32 0->0 0->32 0->0 162->80 94->0 106->32 149->0 103->32 130->0 70->48 78->0 86->0 137->0 78->0 131->0 130->0 139->0 142->0 76->0 137->0 82->0 
0->0 0->0 0->0 0->0 0->0 0->0 0->0 0->0 0->0 0->0 0->16 0->0 0->16 0->0 0->32 0->0 0->32 0->0 78->80 130->0 86->32 140->0 148->32 80->0 150->48 74->0 102->0 144->0 77->0 88->0 171->0 88->0 81->0 177->0 89->0 162->0 
0->0 0->0 0->0 0->0 0->0 0->0 0->0 0->0 0->0 0->0 0->16 0->0 0->16 0->0 0->32 0->0 0->32 0->0 157->80 155->0 148->32 82->0 71->32 109->0 160->48 144->0 152->0 154->0 148->0 140->0 74->0 65->0 135->0 147->0 132->0 71->0 
0->0 0->0 0->0 0->0 0->0 0->0 0->0 0->0 0->0 0->0 0->16 0->0 0->16 0->0 0->32 0->0 0->32 0->0 71->80 78->0 140->32 160->0 139->32 0->0 158->48 140->0 139->0 139->0 66->0 130->0 153->0 81->0 139->0 73->0 130->0 133->0 
0->0 0->0 0->0 0->0 0->0 0->0 0->0 0->0 0->0 0->0 0->16 0->0 0->16 0->0 0->32 0->0 0->32 0->0 77->80 72->0 67->32 69->0 131->32 82->0 146->48 163->0 152->0 166->0 140->0 92->0 147->0 91->0 158->0 95->0 146->0 147->0 
0->0 0->0 0->0 0->0 0->0 0->0 0->0 0->0 0->0 0->0 0->16 0->0 0->16 0->0 0->32 0->0 0->32 0->0 140->80 98->0 133->32 101->0 83->32 94->0 143->48 138->0 73->0 165->0 97->0 159->0 150->0 65->0 88->0 74->0 114->0 70->0 
0->0 0->0 0->0 0->0 0->0 0->0 0->0 0->0 0->0 0->0 0->16 0->0 0->16 0->0 0->32 0->0 0->32 0->0 163->80 65->0 82->32 142->0 100->32 65->0 156->48 133->0 91->0 71->0 109->0 104->0 70->0 71->0 105->0 0->0 86->0 90->0 

147->48 160->0 158->0 88->0 146->0 152->0 144->0 109->0 138->0 139->0 139->0 66->0 152->0 112->0 146->0 74->0 130->0 102->0 0->0 0->0 0->0 0->0 0->0 0->0 0->0 0->0 0->0 0->0 0->0 0->0 0->0 0->0 0->0 0->0 0->0 0->0 
162->48 94->0 106->0 149->0 103->0 130->0 70->0 78->0 86->0 137->0 78->0 131->0 130->0 139->0 142->0 76->0 137->0 82->0 0->0 0->0 0->0 0->0 0->0 0->0 0->0 0->0 0->0 0->0 0->0 0->0 0->0 0->0 0->0 0->0 0->0 0->0 
78->48 130->0 86->0 140->0 148->0 80->0 150->0 74->0 102->0 144->0 77->0 88->0 171->0 88->0 81->0 177->0 89->0 162->0 0->0 0->0 0->0 0->0 0->0 0->0 0->0 0->0 0->0 0->0 0->0 0->0 0->0 0->0 0->0 0->0 0->0 0->0 
157->48 155->0 148->0 82->0 71->0 109->0 160->0 144->0 152->0 154->0 148->0 140->0 74->0 65->0 135->0 147->0 132->0 71->0 0->0 0->0 0->0 0->0 0->0 0->0 0->0 0->0 0->0 0->0 0->0 0->0 0->0 0->0 0->0 0->0 0->0 0->0 
71->48 78->0 140->0 160->0 139->0 0->0 158->0 140->0 139->0 139->0 66->0 130->0 153->0 81->0 139->0 73->0 130->0 133->0 0->0 0->0 0->0 0->0 0->0 0->0 0->0 0->0 0->0 0->0 0->0 0->0 0->0 0->0 0->0 0->0 0->0 0->0 
77->48 72->0 67->0 69->0 131->0 82->0 146->0 163->0 152->0 166->0 140->0 92->0 147->0 91->0 158->0 95->0 146->0 147->0 0->0 0->0 0->0 0->0 0->0 0->0 0->0 0->0 0->0 0->0 0->0 0->0 0->0 0->0 0->0 0->0 0->0 0->0 
140->48 98->0 133->0 101->0 83->0 94->0 143->0 138->0 73->0 165->0 97->0 159->0 150->0 65->0 88->0 74->0 114->0 70->0 0->0 0->0 0->0 0->0 0->0 0->0 0->0 0->0 0->0 0->0 0->0 0->0 0->0 0->0 0->0 0->0 0->0 0->0 
163->48 65->0 82->0 142->0 100->0 65->0 156->0 133->0 91->0 71->0 109->0 104->0 70->0 71->0 105->0 0->0 86->0 90->0 0->0 0->0 0->0 0->0 0->0 0->0 0->0 0->0 0->0 0->0 0->0 0->0 0->0 0->0 0->0 0->0 0->0 0->0 
0->48 0->0 0->0 0->0 0->0 0->0 147->0 160->0 158->0 88->0 146->0 152->0 144->0 109->0 138->0 139->0 139->0 66->0 152->0 112->0 146->0 74->0 130->0 102->0 0->0 0->0 0->0 0->0 0->0 0->0 0->0 0->0 0->0 0->0 0->0 0->0 
0->48 0->0 0->0 0->0 0->0 0->0 162->0 94->0 106->0 149->0 103->0 130->0 70->0 78->0 86->0 137->0 78->0 131->0 130->0 139->0 142->0 76->0 137->0 82->0 0->0 0->0 0->0 0->0 0->0 0->0 0->0 0->0 0->0 0->0 0->0 0->0 
0->48 0->0 0->0 0->0 0->0 0->0 78->0 130->0 86->0 140->0 148->0 80->0 150->0 74->0 102->0 144->0 77->0 88->0 171->0 88->0 81->0 177->0 89->0 162->0 0->0 0->0 0->0 0->0 0->0 0->0 0->0 0->0 0->0 0->0 0->0 0->0 
0->48 0->0 0->0 0->0 0->0 0->0 157->0 155->0 148->0 82->0 71->0 109->0 160->0 144->0 152->0 154->0 148->0 140->0 74->0 65->0 135->0 147->0 132->0 71->0 0->0 0->0 0->0 0->0 0->0 0->0 0->0 0->0 0->0 0->0 0->0 0->0 
0->48 0->0 0->0 0->0 0->0 0->0 71->0 78->0 140->0 160->0 139->0 0->0 158->0 140->0 139->0 139->0 66->0 130->0 153->0 81->0 139->0 73->0 130->0 133->0 0->0 0->0 0->0 0->0 0->0 0->0 0->0 0->0 0->0 0->0 0->0 0->0 
0->48 0->0 0->0 0->0 0->0 0->0 77->0 72->0 67->0 69->0 131->0 82->0 146->0 163->0 152->0 166->0 140->0 92->0 147->0 91->0 158->0 95->0 146->0 147->0 0->0 0->0 0->0 0->0 0->0 0->0 0->0 0->0 0->0 0->0 0->0 0->0 
0->48 0->0 0->0 0->0 0->0 0->0 140->0 98->0 133->0 101->0 83->0 94->0 143->0 138->0 73->0 165->0 97->0 159->0 150->0 65->0 88->0 74->0 114->0 70->0 0->0 0->0 0->0 0->0 0->0 0->0 0->0 0->0 0->0 0->0 0->0 0->0 
0->48 0->0 0->0 0->0 0->0 0->0 163->0 65->0 82->0 142->0 100->0 65->0 156->0 133->0 91->0 71->0 109->0 104->0 70->0 71->0 105->0 0->0 86->0 90->0 0->0 0->0 0->0 0->0 0->0 0->0 0->0 0->0 0->0 0->0 0->0 0->0 
0->48 0->0 0->0 0->0 0->0 0->0 0->0 0->0 0->0 0->0 0->0 0->0 147->0 160->0 158->0 88->0 146->0 152->0 144->0 109->0 138->0 139->0 139->0 66->0 152->0 112->0 146->0 74->0 130->0 102->0 0->0 0->0 0->0 0->0 0->0 0->0 
0->48 0->0 0->0 0->0 0->0 0->0 0->0 0->0 0->0 0->0 0->0 0->0 162->0 94->0 106->0 149->0 103->0 130->0 70->0 78->0 86->0 137->0 78->0 131->0 130->0 139->0 142->0 76->0 137->0 82->0 0->0 0->0 0->0 0->0 0->0 0->0 
0->48 0->0 0->0 0->0 0->0 0->0 0->0 0->0 0->0 0->0 0->0 0->0 78->0 130->0 86->0 140->0 148->0 80->0 150->0 74->0 102->0 144->0 77->0 88->0 171->0 88->0 81->0 177->0 89->0 162->0 0->0 0->0 0->0 0->0 0->0 0->0 
0->48 0->0 0->0 0->0 0->0 0->0 0->0 0->0 0->0 0->0 0->0 0->0 157->0 155->0 148->0 82->0 71->0 109->0 160->0 144->0 152->0 154->0 148->0 140->0 74->0 65->0 135->0 147->0 132->0 71->0 0->0 0->0 0->0 0->0 0->0 0->0 
0->48 0->0 0->0 0->0 0->0 0->0 0->0 0->0 0->0 0->0 0->0 0->0 71->0 78->0 140->0 160->0 139->0 0->0 158->0 140->0 139->0 139->0 66->0 130->0 153->0 81->0 139->0 73->0 130->0 133->0 0->0 0->0 0->0 0->0 0->0 0->0 
0->48 0->0 0->0 0->0 0->0 0->0 0->0 0->0 0->0 0->0 0->0 0->0 77->0 72->0 67->0 69->0 131->0 82->0 146->0 163->0 152->0 166->0 140->0 92->0 147->0 91->0 158->0 95->0 146->0 147->0 0->0 0->0 0->0 0->0 0->0 0->0 
0->48 0->0 0->0 0->0 0->0 0->0 0->0 0->0 0->0 0->0 0->0 0->0 140->0 98->0 133->0 101->0 83->0 94->0 143->0 138->0 73->0 165->0 97->0 159->0 150->0 65->0 88->0 74->0 114->0 70->0 0->0 0->0 0->0 0->0 0->0 0->0 
0->48 0->0 0->0 0->0 0->0 0->0 0->0 0->0 0->0 0->0 0->0 0->0 163->0 65->0 82->0 142->0 100->0 65->0 156->0 133->0 91->0 71->0 109->0 104->0 70->0 71->0 105->0 0->0 86->0 90->0 0->0 0->0 0->0 0->0 0->0 0->0 
0->48 0->0 0->0 0->0 0->0 0->0 0->0 0->0 0->0 0->0 0->0 0->0 0->0 0->0 0->0 0->0 0->0 0->0 147->0 160->0 158->0 88->0 146->0 152->0 144->0 109->0 138->0 139->0 139->0 66->0 152->0 112->0 146->0 74->0 130->0 102->0 
0->48 0->0 0->0 0->0 0->0 0->0 0->0 0->0 0->0 0->0 0->0 0->0 0->0 0->0 0->0 0->0 0->0 0->0 162->0 94->0 106->0 149->0 103->0 130->0 70->0 78->0 86->0 137->0 78->0 131->0 130->0 139->0 142->0 76->0 137->0 82->0 
0->48 0->0 0->0 0->0 0->0 0->0 0->0 0->0 0->0 0->0 0->0 0->0 0->0 0->0 0->0 0->0 0->0 0->0 78->0 130->0 86->0 140->0 148->0 80->0 150->0 74->0 102->0 144->0 77->0 88->0 171->0 88->0 81->0 177->0 89->0 162->0 
0->48 0->0 0->0 0->0 0->0 0->0 0->0 0->0 0->0 0->0 0->0 0->0 0->0 0->0 0->0 0->0 0->0 0->0 157->0 155->0 148->0 82->0 71->0 109->0 160->0 144->0 152->0 154->0 148->0 140->0 74->0 65->0 135->0 147->0 132->0 71->0 
0->48 0->0 0->0 0->0 0->0 0->0 0->0 0->0 0->0 0->0 0->0 0->0 0->0 0->0 0->0 0->0 0->0 0->0 71->0 78->0 140->0 160->0 139->0 0->0 158->0 140->0 139->0 139->0 66->0 130->0 153->0 81->0 139->0 73->0 130->0 133->0 
0->48 0->0 0->0 0->0 0->0 0->0 0->0 0->0 0->0 0->0 0->0 0->0 0->0 0->0 0->0 0->0 0->0 0->0 77->0 72->0 67->0 69->0 131->0 82->0 146->0 163->0 152->0 166->0 140->0 92->0 147->0 91->0 158->0 95->0 146->0 147->0 
0->48 0->0 0->0 0->0 0->0 0->0 0->0 0->0 0->0 0->0 0->0 0->0 0->0 0->0 0->0 0->0 0->0 0->0 140->0 98->0 133->0 101->0 83->0 94->0 143->0 138->0 73->0 165->0 97->0 159->0 150->0 65->0 88->0 74->0 114->0 70->0 
0->48 0->0 0->0 0->0 0->0 0->0 0->0 0->0 0->0 0->0 0->0 0->0 0->0 0->0 0->0 0->0 0->0 0->0 163->0 65->0 82->0 142->0 100->0 65->0 156->0 133->0 91->0 71->0 109->0 104->0 70->0 71->0 105->0 0->0 86->0 90->0 

147->0 160->0 158->0 88->0 146->0 152->0 144->0 109->0 138->0 139->0 139->0 66->0 152->0 112->0 146->0 74->0 130->32 102->0 0->32 0->0 0->48 0->0 0->64 0->0 0->32 0->0 0->32 0->0 0->32 0->0 0->0 0->0 0->0 0->0 0->0 0->0 
162->0 94->0 106->0 149->0 103->0 130->0 70->0 78->0 86->0 137->0 78->0 131->0 130->0 139->0 142->0 76->0 137->32 82->0 0->32 0->0 0->48 0->0 0->64 0->0 0->32 0->0 0->32 0->0 0->32 0->0 0->0 0->0 0->0 0->0 0->0 0->0 
78->0 130->0 86->0 140->0 148->0 80->0 150->0 74->0 102->0 144->0 77->0 88->0 171->0 88->0 81->0 177->0 89->32 162->0 0->32 0->0 0->48 0->0 0->64 0->0 0->32 0->0 0->32 0->0 0->32 0->0 0->0 0->0 0->0 0->0 0->0 0->0 
157->0 155->0 148->0 82->0 71->0 109->0 160->0 144->0 152->0 154->0 148->0 140->0 74->0 65->0 135->0 147->0 132->32 71->0 0->32 0->0 0->48 0->0 0->64 0->0 0->32 0->0 0->32 0->0 0->32 0->0 0->0 0->0 0->0 0->0 0->0 0->0 
71->0 78->0 140->0 160->0 139->0 0->0 158->0 140->0 139->0 139->0 66->0 130->0 153->0 81->0 139->0 73->0 130->32 133->0 0->32 0->0 0->48 0->0 0->64 0->0 0->32 0->0 0->32 0->0 0->32 0->0 0->0 0->0 0->0 0->0 0->0 0->0 
77->0 72->0 67->0 69->0 131->0 82->0 146->0 163->0 152->0 166->0 140->0 92->0 147->0 91->0 158->0 95->0 146->32 147->0 0->32 0->0 0->48 0->0 0->64 0->0 0->32 0->0 0->32 0->0 0->32 0->0 0->0 0->0 0->0 0->0 0->0 0->0 
140->0 98->0 133->0 101->0 83->0 94->0 143->0 138->0 73->0 165->0 97->0 159->0 150->0 65->0 88->0 74->0 114->32 70->0 0->32 0->0 0->48 0->0 0->64 0->0 0->32 0->0 0->32 0->0 0->32 0->0 0->0 0->0 0->0 0->0 0->0 0->0 
163->0 65->0 82->0 142->0 100->0 65->0 156->0 133->0 91->0 71->0 109->0 104->0 70->0 71->0 105->0 0->0 86->32 90->0 0->32 0->0 0->48 0->0 0->64 0->0 0->32 0->0 0->32 0->0 0->32 0->0 0->0 0->0 0->0 0->0 0->0 0->0 
0->0 0->0 0->0 0->0 0->0 0->0 147->0 160->0 158->0 88->0 146->0 152->0 144->0 109->0 138->0 139->0 139->32 66->0 152->32 112->0 146->48 74->0 130->64 102->0 0->32 0->0 0->32 0->0 0->32 0->0 0->0 0->0 0->0 0->0 0->0 0->0 
0->0 0->0 0->0 0->0 0->0 0->0 162->0 94->0 106->0 149->0 103->0 130->0 70->0 78->0 86->0 137->0 78->32 131->0 130->32 139->0 142->48 76->0 137->64 82->0 0->32 0->0 0->32 0->0 0->32 0->0 0->0 0->0 0->0 0->0 0->0 0->0 
0->0 0->0 0->0 0->0 0->0 0->0 78->0 130->0 86->0 140->0 148->0 80->0 150->0 74->0 102->0 144->0 77->32 88->0 171->32 88->0 81->48 177->0 89->64 162->0 0->32 0->0 0->32 0->0 0->32 0->0 0->0 0->0 0->0 0->0 0->0 0->0 
0->0 0->0 0->0 0->0 0->0 0->0 157->0 155->0 148->0 82->0 71->0 109->0 160->0 144->0 152->0 154->0 148->32 140->0 74->32 65->0 135->48 147->0 132->64 71->0 0->32 0->0 0->32 0->0 0->32 0->0 0->0 0->0 0->0 0->0 0->0 0->0 
0->0 0->0 0->0 0->0 0->0 0->0 71->0 78->0 140->0 160->0 139->0 0->0 158->0 140->0 139->0 139->0 66->32 130->0 153->32 81->0 139->48 73->0 130->64 133->0 0->32 0->0 0->32 0->0 0->32 0->0 0->0 0->0 0->0 0->0 0->0 0->0 
0->0 0->0 0->0 0->0 0->0 0->0 77->0 72->0 67->0 69->0 131->0 82->0 146->0 163->0 152->0 166->0 140->32 92->0 147->32 91->0 158->48 95->0 146->64 147->0 0->32 0->0 0->32 0->0 0->32 0->0 0->0 0->0 0->0 0->0 0->0 0->0 
0->0 0->0 0->0 0->0 0->0 0->0 140->0 98->0 133->0 101->0 83->0 94->0 143->0 138->0 73->0 165->0 97->32 159->0 150->32 65->0 88->48 74->0 114->64 70->0 0->32 0->0 0->32 0->0 0->32 0->0 0->0 0->0 0->0 0->0 0->0 0->0 
0->0 0->0 0->0 0->0 0->0 0->0 163->0 65->0 82->0 142->0 100->0 65->0 156->0 133->0 91->0 71->0 109->32 104->0 70->32 71->0 105->48 0->0 86->64 90->0 0->32 0->0 0->32 0->0 0->32 0->0 0->0 0->0 0->0 0->0 0->0 0->0 
0->0 0->0 0->0 0->0 0->0 0->0 0->0 0->0 0->0 0->0 0->0 0->0 147->0 160->0 158->0 88->0 146->32 152->0 144->32 109->0 138->48 139->0 139->64 66->0 152->32 112->0 146->32 74->0 130->32 102->0 0->0 0->0 0->0 0->0 0->0 0->0 
0->0 0->0 0->0 0->0 0->0 0->0 0->0 0->0 0->0 0->0 0->0 0->0 162->0 94->0 106->0 149->0 103->32 130->0 70->32 78->0 86->48 137->0 78->64 131->0 130->32 139->0 142->32 76->0 137->32 82->0 0->0 0->0 0->0 0->0 0->0 0->0 
0->0 0->0 0->0 0->0 0->0 0->0 0->0 0->0 0->0 0->0 0->0 0->0 78->0 130->0 86->0 140->0 148->32 80->0 150->32 74->0 102->48 144->0 77->64 88->0 171->32 88->0 81->32 177->0 89->32 162->0 0->0 0->0 0->0 0->0 0->0 0->0 
0->0 0->0 0->0 0->0 0->0 0->0 0->0 0->0 0->0 0->0 0->0 0->0 157->0 155->0 148->0 82->0 71->32 109->0 160->32 144->0 152->48 154->0 148->64 140->0 74->32 65->0 135->32 147->0 132->32 71->0 0->0 0->0 0->0 0->0 0->0 0->0 
0->0 0->0 0->0 0->0 0->0 0->0 0->0 0->0 0->0 0->0 0->0 0->0 71->0 78->0 140->0 160->0 139->32 0->0 158->32 140->0 139->48 139->0 66->64 130->0 153->32 81->0 139->32 73->0 130->32 133->0 0->0 0->0 0->0 0->0 0->0 0->0 
0->0 0->0 0->0 0->0 0->0 0->0 0->0 0->0 0->0 0->0 0->0 0->0 77->0 72->0 67->0 69->0 131->32 82->0 146->32 163->0 152->48 166->0 140->64 92->0 147->32 91->0 158->32 95->0 146->32 147->0 0->0 0->0 0->0 0->0 0->0 0->0 
0->0 0->0 0->0 0->0 0->0 0->0 0->0 0->0 0->0 0->0 0->0 0->0 140->0 98->0 133->0 101->0 83->32 94->0 143->32 138->0 73->48 165->0 97->64 159->0 150->32 65->0 88->32 74->0 114->32 70->0 0->0 0->0 0->0 0->0 0->0 0->0 
0->0 0->0 0->0 0->0 0->0 0->0 0->0 0->0 0->0 0->0 0->0 0->0 163->0 65->0 82->0 142->0 100->32 65->0 156->32 133->0 91->48 71->0 109->64 104->0 70->32 71->0 105->32 0->0 86->32 90->0 0->0 0->0 0->0 0->0 0->0 0->0 
0->0 0->0 0->0 0->0 0->0 0->0 0->0 0->0 0->0 0->0 0->0 0->0 0->0 0->0 0->0 0->0 0->32 0->0 147->32 160->0 158->48 88->0 146->64 152->0 144->32 109->0 138->32 139->0 139->32 66->0 152->0 112->0 146->0 74->0 130->0 102->0 
0->0 0->0 0->0 0->0 0->0 0->0 0->0 0->0 0->0 0->0 0->0 0->0 0->0 0->0 0->0 0->0 0->32 0->0 162->32 94->0 106->48 149->0 103->64 130->0 70->32 78->0 86->32 137->0 78->32 131->0 130->0 139->0 142->0 76->0 137->0 82->0 
0->0 0->0 0->0 0->0 0->0 0->0 0->0 0->0 0->0 0->0 0->0 0->0 0->0 0->0 0->0 0->0 0->32 0->0 78->32 130->0 86->48 140->0 148->64 80->0 150->32 74->0 102->32 144->0 77->32 88->0 171->0 88->0 81->0 177->0 89->0 162->0 
0->0 0->0 0->0 0->0 0->0 0->0 0->0 0->0 0->0 0->0 0->0 0->0 0->0 0->0 0->0 0->0 0->32 0->0 157->32 155->0 148->48 82->0 71->64 109->0 160->32 144->0 152->32 154->0 148->32 140->0 74->0 65->0 135->0 147->0 132->0 71->0 
0->0 0->0 0->0 0->0 0->0 0->0 0->0 0->0 0->0 0->0 0->0 0->0 0->0 0->0 0->0 0->0 0->32 0->0 71->32 78->0 140->48 160->0 139->64 0->0 158->32 140->0 139->32 139->0 66->32 130->0 153->0 81->0 139->0 73->0 130->0 133->0 
0->0 0->0 0->0 0->0 0->0 0->0 0->0 0->0 0->0 0->0 0->0 0->0 0->0 0->0 0->0 0->0 0->32 0->0 77->32 72->0 67->48 69->0 131->64 82->0 146->32 163->0 152->32 166->0 140->32 92->0 147->0 91->0 158->0 95->0 146->0 147->0 
0->0 0->0 0->0 0->0 0->0 0->0 0->0 0->0 0->0 0->0 0->0 0->0 0->0 0->0 0->0 0->0 0->32 0->0 140->32 98->0 133->48 101->0 83->64 94->0 143->32 138->0 73->32 165->0 97->32 159->0 150->0 65->0 88->0 74->0 114->0 70->0 
0->0 0->0 0->0 0->0 0->0 0->0 0->0 0->0 0->0 0->0 0->0 0->0 0->0 0->0 0->0 0->0 0->32 0->0 163->32 65->0 82->48 142->0 100->64 65->0 156->32 133->0 91->32 71->0 109->32 104->0 70->0 71->0 105->0 0->0 86->0 90->0 

147->0 160->0 158->0 88->0 146->0 152->0 144->0 109->0 138->16 139->0 139->16 66->0 152->32 112->0 146->32 74->0 130->48 102->0 0->32 0->0 0->32 0->0 0->32 0->0 0->0 0->0 0->0 0->0 0->0 0->0 0->0 0->0 0->0 0->0 0->0 0->0 
162->0 94->0 106->0 149->0 103->0 130->0 70->0 78->0 86->16 137->0 78->16 131->0 130->32 139->0 142->32 76->0 137->48 82->0 0->32 0->0 0->32 0->0 0->32 0->0 0->0 0->0 0->0 0->0 0->0 0->0 0->0 0->0 0->0 0->0 0->0 0->0 
78->0 130->0 86->0 140->0 148->0 80->0 150->0 74->0 102->16 144->0 77->16 88->0 171->32 88->0 81->32 177->0 89->48 162->0 0->32 0->0 0->32 0->0 0->32 0->0 0->0 0->0 0->0 0->0 0->0 0->0 0->0 0->0 0->0 0->0 0->0 0->0 
157->0 155->0 148->0 82->0 71->0 109->0 160->0 144->0 152->16 154->0 148->16 140->0 74->32 65->0 135->32 147->0 132->48 71->0 0->32 0->0 0->32 0->0 0->32 0->0 0->0 0->0 0->0 0->0 0->0 0->0 0->0 0->0 0->0 0->0 0->0 0->0 
71->0 78->0 140->0 160->0 139->0 0->0 158->0 140->0 139->16 139->0 66->16 130->0 153->32 81->0 139->32 73->0 130->48 133->0 0->32 0->0 0->32 0->0 0->32 0->0 0->0 0->0 0->0 0->0 0->0 0->0 0->0 0->0 0->0 0->0 0->0 0->0 
77->0 72->0 67->0 69->0 131->0 82->0 146->0 163->0 152->16 166->0 140->16 92->0 147->32 91->0 158->32 95->0 146->48 147->0 0->32 0->0 0->32 0->0 0->32 0->0 0->0 0->0 0->0 0->0 0->0 0->0 0->0 0->0 0->0 0->0 0->0 0->0 
140->0 98->0 133->0 101->0 83->0 94->0 143->0 138->0 73->16 165->0 97->16 159->0 150->32 65->0 88->32 74->0 114->48 70->0 0->32 0->0 0->32 0->0 0->32 0->0 0->0 0->0 0->0 0->0 0->0 0->0 0->0 0->0 0->0 0->0 0->0 0->0 
163->0 65->0 82->0 142->0 100->0 65->0 156->0 133->0 91->16 71->0 109->16 104->0 70->32 71->0 105->32 0->0 86->48 90->0 0->32 0->0 0->32 0->0 0->32 0->0 0->0 0->0 0->0 0->0 0->0 0->0 0->0 0->0 0->0 0->0 0->0 0->0 
0->0 0->0 0->0 0->0 0->0 0->0 147->0 160->0 158->16 88->0 146->16 152->0 144->32 109->0 138->32 139->0 139->48 66->0 152->32 112->0 146->32 74->0 130->32 102->0 0->0 0->0 0->0 0->0 0->0 0->0 0->0 0->0 0->0 0->0 0->0 0->0 
0->0 0->0 0->0 0->0 0->0 0->0 162->0 94->0 106->16 149->0 103->16 130->0 70->32 78->0 86->32 137->0 78->48 131->0 130->32 139->0 142->32 76->0 137->32 82->0 0->0 0->0 0->0 0->0 0->0 0->0 0->0 0->0 0->0 0->0 0->0 0->0 
0->0 0->0 0->0 0->0 0->0 0->0 78->0 130->0 86->16 140->0 148->16 80->0 150->32 74->0 102->32 144->0 77->48 88->0 171->32 88->0 81->32 177->0 89->32 162->0 0->0 0->0 0->0 0->0 0->0 0->0 0->0 0->0 0->0 0->0 0->0 0->0 
0->0 0->0 0->0 0->0 0->0 0->0 157->0 155->0 148->16 82->0 71->16 109->0 160->32 144->0 152->32 154->0 148->48 140->0 74->32 65->0 135->32 147->0 132->32 71->0 0->0 0->0 0->0 0->0 0->0 0->0 0->0 0->0 0->0 0->0 0->0 0->0 
0->0 0->0 0->0 0->0 0->0 0->0 71->0 78->0 140->16 160->0 139->16 0->0 158->32 140->0 139->32 139->0 66->48 130->0 153->32 81->0 139->32 73->0 130->32 133->0 0->0 0->0 0->0 0->0 0->0 0->0 0->0 0->0 0->0 0->0 0->0 0->0 
0->0 0->0 0->0 0->0 0->0 0->0 77->0 72->0 67->16 69->0 131->16 82->0 146->32 163->0 152->32 166->0 140->48 92->0 147->32 91->0 158->32 95->0 146->32 147->0 0->0 0->0 0->0 0->0 0->0 0->0 0->0 0->0 0->0 0->0 0->0 0->0 
0->0 0->0 0->0 0->0 0->0 0->0 140->0 98->0 133->16 101->0 83->16 94->0 143->32 138->0 73->32 165->0 97->48 159->0 150->32 65->0 88->32 74->0 114->32 70->0 0->0 0->0 0->0 0->0 0->0 0->0 0->0 0->0 0->0 0->0 0->0 0->0 
0->0 0->0 0->0 0->0 0->0 0->0 163->0 65->0 82->16 142->0 100->16 65->0 156->32 133->0 91->32 71->0 109->48 104->0 70->32 71->0 105->32 0->0 86->32 90->0 0->0 0->0 0->0 0->0 0->0 0->0 0->0 0->0 0->0 0->0 0->0 0->0 
0->0 0->0 0->0 0->0 0->0 0->0 0->0 0->0 0->16 0->0 0->16 0->0 147->32 160->0 158->32 88->0 146->48 152->0 144->32 109->0 138->32 139->0 139->32 66->0 152->0 112->0 146->0 74->0 130->0 102->0 0->0 0->0 0->0 0->0 0->0 0->0 
0->0 0->0 0->0 0->0 0->0 0->0 0->0 0->0 0->16 0->0 0->16 0->0 162->32 94->0 106->32 149->0 103->48 130->0 70->32 78->0 86->32 137->0 78->32 131->0 130->0 139->0 142->0 76->0 137->0 82->0 0->0 0->0 0->0 0->0 0->0 0->0 
0->0 0->0 0->0 0->0 0->0 0->0 0->0 0->0 0->16 0->0 0->16 0->0 78->32 130->0 86->32 140->0 148->48 80->0 150->32 74->0 102->32 144->0 77->32 88->0 171->0 88->0 81->0 177->0 89->0 162->0 0->0 0->0 0->0 0->0 0->0 0->0 
0->0 0->0 0->0 0->0 0->0 0->0 0->0 0->0 0->16 0->0 0->16 0->0 157->32 155->0 148->32 82->0 71->48 109->0 160->32 144->0 152->32 154->0 148->32 140->0 74->0 65->0 135->0 147->0 132->0 71->0 0->0 0->0 0->0 0->0 0->0 0->0 
0->0 0->0 0->0 0->0 0->0 0->0 0->0 0->0 0->16 0->0 0->16 0->0 71->32 78->0 140->32 160->0 139->48 0->0 158->32 140->0 139->32 139->0 66->32 130->0 153->0 81->0 139->0 73->0 130->0 133->0 0->0 0->0 0->0 0->0 0->0 0->0 
0->0 0->0 0->0 0->0 0->0 0->0 0->0 0->0 0->16 0->0 0->16 0->0 77->32 72->0 67->32 69->0 131->48 82->0 146->32 163->0 152->32 166->0 140->32 92->0 147->0 91->0 158->0 95->0 146->0 147->0 0->0 0->0 0->0 0->0 0->0 0->0 
0->0 0->0 0->0 0->0 0->0 0->0 0->0 0->0 0->16 0->0 0->16 0->0 140->32 98->0 133->32 101->0 83->48 94->0 143->32 138->0 73->32 165->0 97->32 159->0 150->0 65->0 88->0 74->0 114->0 70->0 0->0 0->0 0->0 0->0 0->0 0->0 
0->0 0->0 0->0 0->0 0->0 0->0 0->0 0->0 0->16 0->0 0->16 0->0 163->32 65->0 82->32 142->0 100->48 65->0 156->32 133->0 91->32 71->0 109->32 104->0 70->0 71->0 105->0 0->0 86->0 90->0 0->0 0->0 0->0 0->0 0->0 0->0 
0->0 0->0 0->0 0->0 0->0 0->0 0->0 0->0 0->16 0->0 0->16 0->0 0->32 0->0 0->32 0->0 0->48 0->0 147->32 160->0 158->32 88->0 146->32 152->0 144->0 109->0 138->0 139->0 139->0 66->0 152->0 112->0 146->0 74->0 130->0 102->0 
0->0 0->0 0->0 0->0 0->0 0->0 0->0 0->0 0->16 0->0 0->16 0->0 0->32 0->0 0->32 0->0 0->48 0->0 162->32 94->0 106->32 149->0 103->32 130->0 70->0 78->0 86->0 137->0 78->0 131->0 130->0 139->0 142->0 76->0 137->0 82->0 
0->0 0->0 0->0 0->0 0->0 0->0 0->0 0->0 0->16 0->0 0->16 0->0 0->32 0->0 0->32 0->0 0->48 0->0 78->32 130->0 86->32 140->0 148->32 80->0 150->0 74->0 102->0 144->0 77->0 88->0 171->0 88->0 81->0 177->0 89->0 162->0 
0->0 0->0 0->0 0->0 0->0 0->0 0->0 0->0 0->16 0->0 0->16 0->0 0->32 0->0 0->32 0->0 0->48 0->0 157->32 155->0 148->32 82->0 71->32 109->0 160->0 144->0 152->0 154->0 148->0 140->0 74->0 65->0 135->0 147->0 132->0 71->0 
0->0 0->0 0->0 0->0 0->0 0->0 0->0 0->0 0->16 0->0 0->16 0->0 0->32 0->0 0->32 0->0 0->48 0->0 71->32 78->0 140->32 160->0 139->32 0->0 158->0 140->0 139->0 139->0 66->0 130->0 153->0 81->0 139->0 73->0 130->0 133->0 
0->0 0->0 0->0 0->0 0->0 0->0 0->0 0->0 0->16 0->0 0->16 0->0 0->32 0->0 0->32 0->0 0->48 0->0 77->32 72->0 67->32 69->0 131->32 82->0 146->0 163->0 152->0 166->0 140->0 92->0 147->0 91->0 158->0 95->0 146->0 147->0 
0->0 0->0 0->0 0->0 0->0 0->0 0->0 0->0 0->16 0->0 0->16 0->0 0->32 0->0 0->32 0->0 0->48 0->0 140->32 98->0 133->32 101->0 83->32 94->0 143->0 138->0 73->0 165->0 97->0 159->0 150->0 65->0 88->0 74->0 114->0 70->0 
0->0 0->0 0->0 0->0 0->0 0->0 0->0 0->0 0->16 0->0 0->16 0->0 0->32 0->0 0->32 0->0 0->48 0->0 163->32 65->0 82->32 142->0 100->32 65->0 156->0 133->0 91->0 71->0 109->0 104->0 70->0 71->0 105->0 0->0 86->0 90->0 

147->0 160->0 158->0 88->0 146->0 152->0 144->0 109->0 138->0 139->0 139->0 66->0 152->0 112->0 146->0 74->0 130->0 102->0 0->0 0->0 0->0 0->0 0->0 0->0 0->0 0->0 0->0 0->0 0->0 0->0 0->0 0->0 0->0 0->0 0->16 0->0 
162->0 94->0 106->0 149->0 103->0 130->0 70->0 78->0 86->0 137->0 78->0 131->0 130->0 139->0 142->0 76->0 137->0 82->0 0->0 0->0 0->0 0->0 0->0 0->0 0->0 0->0 0->0 0->0 0->0 0->0 0->0 0->0 0->0 0->0 0->16 0->0 
78->0 130->0 86->0 140->0 148->0 80->0 150->0 74->0 102->0 144->0 77->0 88->0 171->0 88->0 81->0 177->0 89->0 162->0 0->0 0->0 0->0 0->0 0->0 0->0 0->0 0->0 0->0 0->0 0->0 0->0 0->0 0->0 0->0 0->0 0->16 0->0 
157->0 155->0 148->0 82->0 71->0 109->0 160->0 144->0 152->0 154->0 148->0 140->0 74->0 65->0 135->0 147->0 132->0 71->0 0->0 0->0 0->0 0->0 0->0 0->0 0->0 0->0 0->0 0->0 0->0 0->0 0->0 0->0 0->0 0->0 0->16 0->0 
71->0 78->0 140->0 160->0 139->0 0->0 158->0 140->0 139->0 139->0 66->0 130->0 153->0 81->0 139->0 73->0 130->0 133->0 0->0 0->0 0->0 0->0 0->0 0->0 0->0 0->0 0->0 0->0 0->0 0->0 0->0 0->0 0->0 0->0 0->16 0->0 
77->0 72->0 67->0 69->0 131->0 82->0 146->0 163->0 152->0 166->0 140->0 92->0 147->0 91->0 158->0 95->0 146->0 147->0 0->0 0->0 0->0 0->0 0->0 0->0 0->0 0->0 0->0 0->0 0->0 0->0 0->0 0->0 0->0 0->0 0->16 0->0 
140->0 98->0 133->0 101->0 83->0 94->0 143->0 138->0 73->0 165->0 97->0 159->0 150->0 65->0 88->0 74->0 114->0 70->0 0->0 0->0 0->0 0->0 0->0 0->0 0->0 0->0 0->0 0->0 0->0 0->0 0->0 0->0 0->0 0->0 0->16 0->0 
163->0 65->0 82->0 142->0 100->0 65->0 156->0 133->0 91->0 71->0 109->0 104->0 70->0 71->0 105->0 0->0 86->0 90->0 0->0 0->0 0->0 0->0 0->0 0->0 0->0 0->0 0->0 0->0 0->0 0->0 0->0 0->0 0->0 0->0 0->16 0->0 
0->0 0->0 0->0 0->0 0->0 0->0 147->0 160->0 158->0 88->0 146->0 152->0 144->0 109->0 138->0 139->0 139->0 66->0 152->0 112->0 146->0 74->0 130->0 102->0 0->0 0->0 0->0 0->0 0->0 0->0 0->0 0->0 0->0 0->0 0->16 0->0 
0->0 0->0 0->0 0->0 0->0 0->0 162->0 94->0 106->0 149->0 103->0 130->0 70->0 78->0 86->0 137->0 78->0 131->0 130->0 139->0 142->0 76->0 137->0 82->0 0->0 0->0 0->0 0->0 0->0 0->0 0->0 0->0 0->0 0->0 0->16 0->0 
0->0 0->0 0->0 0->0 0->0 0->0 78->0 130->0 86->0 140->0 148->0 80->0 150->0 74->0 102->0 144->0 77->0 88->0 171->0 88->0 81->0 177->0 89->0 162->0 0->0 0->0 0->0 0->0 0->0 0->0 0->0 0->0 0->0 0->0 0->16 0->0 
0->0 0->0 0->0 0->0 0->0 0->0 157->0 155->0 148->0 82->0 71->0 109->0 160->0 144->0 152->0 154->0 148->0 140->0 74->0 65->0 135->0 147->0 132->0 71->0 0->0 0->0 0->0 0->0 0->0 0->0 0->0 0->0 0->0 0->0 0->16 0->0 
0->0 0->0 0->0 0->0 0->0 0->0 71->0 78->0 140->0 160->0 139->0 0->0 158->0 140->0 139->0 139->0 66->0 130->0 153->0 81->0 139->0 73->0 130->0 133->0 0->0 0->0 0->0 0->0 0->0 0->0 0->0 0->0 0->0 0->0 0->16 0->0 
0->0 0->0 0->0 0->0 0->0 0->0 77->0 72->0 67->0 69->0 131->0 82->0 146->0 163->0 152->0 166->0 140->0 92->0 147->0 91->0 158->0 95->0 146->0 147->0 0->0 0->0 0->0 0->0 0->0 0->0 0->0 0->0 0->0 0->0 0->16 0->0 
0->0 0->0 0->0 0->0 0->0 0->0 140->0 98->0 133->0 101->0 83->0 94->0 143->0 138->0 73->0 165->0 97->0 159->0 150->0 65->0 88->0 74->0 114->0 70->0 0->0 0->0 0->0 0->0 0->0 0->0 0->0 0->0 0->0 0->0 0->16 0->0 
0->0 0->0 0->0 0->0 0->0 0->0 163->0 65->0 82->0 142->0 100->0 65->0 156->0 133->0 91->0 71->0 109->0 104->0 70->0 71->0 105->0 0->0 86->0 90->0 0->0 0->0 0->0 0->0 0->0 0->0 0->0 0->0 0->0 0->0 0->16 0->0 
0->0 0->0 0->0 0->0 0->0 0->0 0->0 0->0 0->0 0->0 0->0 0->0 147->0 160->0 158->0 88->0 146->0 152->0 144->0 109->0 138->0 139->0 139->0 66->0 152->0 112->0 146->0 74->0 130->0 102->0 0->0 0->0 0->0 0->0 0->16 0->0 
0->0 0->0 0->0 0->0 0->0 0->0 0->0 0->0 0->0 0->0 0->0 0->0 162->0 94->0 106->0 149->0 103->0 130->0 70->0 78->0 86->0 137->0 78->0 131->0 130->0 139->0 142->0 76->0 137->0 82->0 0->0 0->0 0->0 0->0 0->16 0->0 
0->0 0->0 0->0 0->0 0->0 0->0 0->0 0->0 0->0 0->0 0->0 0->0 78->0 130->0 86->0 140->0 148->0 80->0 150->0 74->0 102->0 144->0 77->0 88->0 171->0 88->0 81->0 177->0 89->0 162->0 0->0 0->0 0->0 0->0 0->16 0->0 
0->0 0->0 0->0 0->0 0->0 0->0 0->0 0->0 0->0 0->0 0->0 0->0 157->0 155->0 148->0 82->0 71->0 109->0 160->0 144->0 152->0 154->0 148->0 140->0 74->0 65->0 135->0 147->0 132->0 71->0 0->0 0->0 0->0 0->0 0->16 0->0 
0->0 0->0 0->0 0->0 0->0 0->0 0->0 0->0 0->0 0->0 0->0 0->0 71->0 78->0 140->0 160->0 139->0 0->0 158->0 140->0 139->0 139->0 66->0 130->0 153->0 81->0 139->0 73->0 130->0 133->0 0->0 0->0 0->0 0->0 0->16 0->0 
0->0 0->0 0->0 0->0 0->0 0->0 0->0 0->0 0->0 0->0 0->0 0->0 77->0 72->0 67->0 69->0 131->0 82->0 146->0 163->0 152->0 166->0 140->0 92->0 147->0 91->0 158->0 95->0 146->0 147->0 0->0 0->0 0->0 0->0 0->16 0->0 
0->0 0->0 0->0 0->0 0->0 0->0 0->0 0->0 0->0 0->0 0->0 0->0 140->0 98->0 133->0 101->0 83->0 94->0 143->0 138->0 73->0 165->0 97->0 159->0 150->0 65->0 88->0 74->0 114->0 70->0 0->0 0->0 0->0 0->0 0->16 0->0 
0->0 0->0 0->0 0->0 0->0 0->0 0->0 0->0 0->0 0->0 0->0 0->0 163->0 65->0 82->0 142->0 100->0 65->0 156->0 133->0 91->0 71->0 109->0 104->0 70->0 71->0 105->0 0->0 86->0 90->0 0->0 0->0 0->0 0->0 0->16 0->0 
0->0 0->0 0->0 0->0 0->0 0->0 0->0 0->0 0->0 0->0 0->0 0->0 0->0 0->0 0->0 0->0 0->0 0->0 147->0 160->0 158->0 88->0 146->0 152->0 144->0 109->0 138->0 139->0 139->0 66->0 152->0 112->0 146->0 74->0 130->16 102->0 
0->0 0->0 0->0 0->0 0->0 0->0 0->0 0->0 0->0 0->0 0->0 0->0 0->0 0->0 0->0 0->0 0->0 0->0 162->0 94->0 106->0 149->0 103->0 130->0 70->0 78->0 86->0 137->0 78->0 131->0 130->0 139->0 142->0 76->0 137->16 82->0 
0->0 0->0 0->0 0->0 0->0 0->0 0->0 0->0 0->0 0->0 0->0 0->0 0->0 0->0 0->0 0->0 0->0 0->0 78->0 130->0 86->0 140->0 148->0 80->0 150->0 74->0 102->0 144->0 77->0 88->0 171->0 88->0 81->0 177->0 89->16 162->0 
0->0 0->0 0->0 0->0 0->0 0->0 0->0 0->0 0->0 0->0 0->0 0->0 0->0 0->0 0->0 0->0 0->0 0->0 157->0 155->0 148->0 82->0 71->0 109->0 160->0 144->0 152->0 154->0 148->0 140->0 74->0 65->0 135->0 147->0 132->16 71->0 
0->0 0->0 0->0 0->0 0->0 0->0 0->0 0->0 0->0 0->0 0->0 0->0 0->0 0->0 0->0 0->0 0->0 0->0 71->0 78->0 140->0 160->0 139->0 0->0 158->0 140->0 139->0 139->0 66->0 130->0 153->0 81->0 139->0 73->0 130->16 133->0 
0->0 0->0 0->0 0->0 0->0 0->0 0->0 0->0 0->0 0->0 0->0 0->0 0->0 0->0 0->0 0->0 0->0 0->0 77->0 72->0 67->0 69->0 131->0 82->0 146->0 163->0 152->0 166->0 140->0 92->0 147->0 91->0 158->0 95->0 146->16 147->0 
0->0 0->0 0->0 0->0 0->0 0->0 0->0 0->0 0->0 0->0 0->0 0->0 0->0 0->0 0->0 0->0 0->0 0->0 140->0 98->0 133->0 101->0 83->0 94->0 143->0 138->0 73->0 165->0 97->0 159->0 150->0 65->0 88->0 74->0 114->16 70->0 
0->0 0->0 0->0 0->0 0->0 0->0 0->0 0->0 0->0 0->0 0->0 0->0 0->0 0->0 0->0 0->0 0->0 0->0 163->0 65->0 82->0 142->0 100->0 65->0 156->0 133->0 91->0 71->0 109->0 104->0 70->0 71->0 105->0 0->0 86->16 90->0 

147->0 160->0 158->0 88->0 146->0 152->0 144->0 109->0 138->0 139->0 139->16 66->0 152->0 112->0 146->32 74->0 130->96 102->0 0->48 0->0 0->64 0->0 0->80 0->0 0->32 0->0 0->32 0->0 0->0 0->0 0->0 0->0 0->0 0->0 0->0 0->0 
162->0 94->0 106->0 149->0 103->0 130->0 70->0 78->0 86->0 137->0 78->16 131->0 130->0 139->0 142->32 76->0 137->96 82->0 0->48 0->0 0->64 0->0 0->80 0->0 0->32 0->0 0->32 0->0 0->0 0->0 0->0 0->0 0->0 0->0 0->0 0->0 
78->0 130->0 86->0 140->0 148->0 80->0 150->0 74->0 102->0 144->0 77->16 88->0 171->0 88->0 81->32 177->0 89->96 162->0 0->48 0->0 0->64 0->0 0->80 0->0 0->32 0->0 0->32 0->0 0->0 0->0 0->0 0->0 0->0 0->0 0->0 0->0 
157->0 155->0 148->0 82->0 71->0 109->0 160->0 144->0 152->0 154->0 148->16 140->0 74->0 65->0 135->32 147->0 132->96 71->0 0->48 0->0 0->64 0->0 0->80 0->0 0->32 0->0 0->32 0->0 0->0 0->0 0->0 0->0 0->0 0->0 0->0 0->0 
71->0 78->0 140->0 160->0 139->0 0->0 158->0 140->0 139->0 139->0 66->16 130->0 153->0 81->0 139->32 73->0 130->96 133->0 0->48 0->0 0->64 0->0 0->80 0->0 0->32 0->0 0->32 0->0 0->0 0->0 0->0 0->0 0->0 0->0 0->0 0->0 
77->0 72->0 67->0 69->0 131->0 82->0 146->0 163->0 152->0 166->0 140->16 92->0 147->0 91->0 158->32 95->0 146->96 147->0 0->48 0->0 0->64 0->0 0->80 0->0 0->32 0->0 0->32 0->0 0->0 0->0 0->0 0->0 0->0 0->0 0->0 0->0 
140->0 98->0 133->0 101->0 83->0 94->0 143->0 138->0 73->0 165->0 97->16 159->0 150->0 65->0 88->32 74->0 114->96 70->0 0->48 0->0 0->64 0->0 0->80 0->0 0->32 0->0 0->32 0->0 0->0 0->0 0->0 0->0 0->0 0->0 0->0 0->0 
163->0 65->0 82->0 142->0 100->0 65->0 156->0 133->0 91->0 71->0 109->16 104->0 70->0 71->0 105->32 0->0 86->96 90->0 0->48 0->0 0->64 0->0 0->80 0->0 0->32 0->0 0->32 0->0 0->0 0->0 0->0 0->0 0->0 0->0 0->0 0->0 
0->0 0->0 0->0 0->0 0->0 0->0 147->0 160->0 158->0 88->0 146->16 152->0 144->0 109->0 138->32 139->0 139->96 66->0 152->48 112->0 146->64 74->0 130->80 102->0 0->32 0->0 0->32 0->0 0->0 0->0 0->0 0->0 0->0 0->0 0->0 0->0 
0->0 0->0 0->0 0->0 0->0 0->0 162->0 94->0 106->0 149->0 103->16 130->0 70->0 78->0 86->32 137->0 78->96 131->0 130->48 139->0 142->64 76->0 137->80 82->0 0->32 0->0 0->32 0->0 0->0 0->0 0->0 0->0 0->0 0->0 0->0 0->0 
0->0 0->0 0->0 0->0 0->0 0->0 78->0 130->0 86->0 140->0 148->16 80->0 150->0 74->0 102->32 144->0 77->96 88->0 171->48 88->0 81->64 177->0 89->80 162->0 0->32 0->0 0->32 0->0 0->0 0->0 0->0 0->0 0->0 0->0 0->0 0->0 
0->0 0->0 0->0 0->0 0->0 0->0 157->0 155->0 148->0 82->0 71->16 109->0 160->0 144->0 152->32 154->0 148->96 140->0 74->48 65->0 135->64 147->0 132->80 71->0 0->32 0->0 0->32 0->0 0->0 0->0 0->0 0->0 0->0 0->0 0->0 0->0 
0->0 0->0 0->0 0->0 0->0 0->0 71->0 78->0 140->0 160->0 139->16 0->0 158->0 140->0 139->32 139->0 66->96 130->0 153->48 81->0 139->64 73->0 130->80 133->0 0->32 0->0 0->32 0->0 0->0 0->0 0->0 0->0 0->0 0->0 0->0 0->0 
0->0 0->0 0->0 0->0 0->0 0->0 77->0 72->0 67->0 69->0 131->16 82->0 146->0 163->0 152->32 166->0 140->96 92->0 147->48 91->0 158->64 95->0 146->80 147->0 0->32 0->0 0->32 0->0 0->0 0->0 0->0 0->0 0->0 0->0 0->0 0->0 
0->0 0->0 0->0 0->0 0->0 0->0 140->0 98->0 133->0 101->0 83->16 94->0 143->0 138->0 73->32 165->0 97->96 159->0 150->48 65->0 88->64 74->0 114->80 70->0 0->32 0->0 0->32 0->0 0->0 0->0 0->0 0->0 0->0 0->0 0->0 0->0 
0->0 0->0 0->0 0->0 0->0 0->0 163->0 65->0 82->0 142->0 100->16 65->0 156->0 133->0 91->32 71->0 109->96 104->0 70->48 71->0 105->64 0->0 86->80 90->0 0->32 0->0 0->32 0->0 0->0 0->0 0->0 0->0 0->0 0->0 0->0 0->0 
0->0 0->0 0->0 0->0 0->0 0->0 0->0 0->0 0->0 0->0 0->16 0->0 147->0 160->0 158->32 88->0 146->96 152->0 144->48 109->0 138->64 139->0 139->80 66->0 152->32 112->0 146->32 74->0 130->0 102->0 0->0 0->0 0->0 0->0 0->0 0->0 
0->0 0->0 0->0 0->0 0->0 0->0 0->0 0->0 0->0 0->0 0->16 0->0 162->0 94->0 106->32 149->0 103->96 130->0 70->48 78->0 86->64 137->0 78->80 131->0 130->32 139->0 142->32 76->0 137->0 82->0 0->0 0->0 0->0 0->0 0->0 0->0 
0->0 0->0 0->0 0->0 0->0 0->0 0->0 0->0 0->0 0->0 0->16 0->0 78->0 130->0 86->32 140->0 148->96 80->0 150->48 74->0 102->64 144->0 77->80 88->0 171->32 88->0 81->32 177->0 89->0 162->0 0->0 0->0 0->0 0->0 0->0 0->0 
0->0 0->0 0->0 0->0 0->0 0->0 0->0 0->0 0->0 0->0 0->16 0->0 157->0 155->0 148->32 82->0 71->96 109->0 160->48 144->0 152->64 154->0 148->80 140->0 74->32 65->0 135->32 147->0 132->0 71->0 0->0 0->0 0->0 0->0 0->0 0->0 
0->0 0->0 0->0 0->0 0->0 0->0 0->0 0->0 0->0 0->0 0->16 0->0 71->0 78->0 140->32 160->0 139->96 0->0 158->48 140->0 139->64 139->0 66->80 130->0 153->32 81->0 139->32 73->0 130->0 133->0 0->0 0->0 0->0 0->0 0->0 0->0 
0->0 0->0 0->0 0->0 0->0 0->0 0->0 0->0 0->0 0->0 0->16 0->0 77->0 72->0 67->32 69->0 131->96 82->0 146->48 163->0 152->64 166->0 140->80 92->0 147->32 91->0 158->32 95->0 146->0 147->0 0->0 0->0 0->0 0->0 0->0 0->0 
0->0 0->0 0->0 0->0 0->0 0->0 0->0 0->0 0->0 0->0 0->16 0->0 140->0 98->0 133->32 101->0 83->96 94->0 143->48 138->0 73->64 165->0 97->80 159->0 150->32 65->0 88->32 74->0 114->0 70->0 0->0 0->0 0->0 0->0 0->0 0->0 
0->0 0->0 0->0 0->0 0->0 0->0 0->0 0->0 0->0 0->0 0->16 0->0 163->0 65->0 82->32 142->0 100->96 65->0 156->48 133->0 91->64 71->0 109->80 104->0 70->32 71->0 105->32 0->0 86->0 90->0 0->0 0->0 0->0 0->0 0->0 0->0 
0->0 0->0 0->0 0->0 0->0 0->0 0->0 0->0 0->0 0->0 0->16 0->0 0->0 0->0 0->32 0->0 0->96 0->0 147->48 160->0 158->64 88->0 146->80 152->0 144->32 109->0 138->32 139->0 139->0 66->0 152->0 112->0 146->0 74->0 130->0 102->0 
0->0 0->0 0->0 0->0 0->0 0->0 0->0 0->0 0->0 0->0 0->16 0->0 0->0 0->0 0->32 0->0 0->96 0->0 162->48 94->0 106->64 149->0 103->80 130->0 70->32 78->0 86->32 137->0 78->0 131->0 130->0 139->0 142->0 76->0 137->0 82->0 
0->0 0->0 0->0 0->0 0->0 0->0 0->0 0->0 0->0 0->0 0->16 0->0 0->0 0->0 0->32 0->0 0->96 0->0 78->48 130->0 86->64 140->0 148->80 80->0 150->32 74->0 102->32 144->0 77->0 88->0 171->0 88->0 81->0 177->0 89->0 162->0 
0->0 0->0 0->0 0->0 0->0 0->0 0->0 0->0 0->0 0->0 0->16 0->0 0->0 0->0 0->32 0->0 0->96 0->0 157->48 155->0 148->64 82->0 71->80 109->0 160->32 144->0 152->32 154->0 148->0 140->0 74->0 65->0 135->0 147->0 132->0 71->0 
0->0 0->0 0->0 0->0 0->0 0->0 0->0 0->0 0->0 0->0 0->16 0->0 0->0 0->0 0->32 0->0 0->96 0->0 71->48 78->0 140->64 160->0 139->80 0->0 158->32 140->0 139->32 139->0 66->0 130->0 153->0 81->0 139->0 73->0 130->0 133->0 
0->0 0->0 0->0 0->0 0->0 0->0 0->0 0->0 0->0 0->0 0->16 0->0 0->0 0->0 0->32 0->0 0->96 0->0 77->48 72->0 67->64 69->0 131->80 82->0 146->32 163->0 152->32 166->0 140->0 92->0 147->0 91->0 158->0 95->0 146->0 147->0 
0->0 0->0 0->0 0->0 0->0 0->0 0->0 0->0 0->0 0->0 0->16 0->0 0->0 0->0 0->32 0->0 0->96 0->0 140->48 98->0 133->64 101->0 83->80 94->0 143->32 138->0 73->32 165->0 97->0 159->0 150->0 65->0 88->0 74->0 114->0 70->0 
0->0 0->0 0->0 0->0 0->0 0->0 0->0 0->0 0->0 0->0 0->16 0->0 0->0 0->0 0->32 0->0 0->96 0->0 163->48 65->0 82->64 142->0 100->80 65->0 156->32 133->0 91->32 71->0 109->0 104->0 70->0 71->0 105->0 0->0 86->0 90->0 

147->0 160->0 158->0 88->0 146->0 152->0 144->16 109->0 138->16 139->0 139->0 66->0 152->32 112->0 146->48 74->0 130->64 102->0 0->32 0->0 0->32 0->0 0->112 0->0 0->0 0->0 0->0 0->0 0->96 0->0 0->0 0->0 0->0 0->0 0->16 0->0 
162->0 94->0 106->0 149->0 103->0 130->0 70->16 78->0 86->16 137->0 78->0 131->0 130->32 139->0 142->48 76->0 137->64 82->0 0->32 0->0 0->32 0->0 0->112 0->0 0->0 0->0 0->0 0->0 0->96 0->0 0->0 0->0 0->0 0->0 0->16 0->0 
78->0 130->0 86->0 140->0 148->0 80->0 150->16 74->0 102->16 144->0 77->0 88->0 171->32 88->0 81->48 177->0 89->64 162->0 0->32 0->0 0->32 0->0 0->112 0->0 0->0 0->0 0->0 0->0 0->96 0->0 0->0 0->0 0->0 0->0 0->16 0->0 
157->0 155->0 148->0 82->0 71->0 109->0 160->16 144->0 152->16 154->0 148->0 140->0 74->32 65->0 135->48 147->0 132->64 71->0 0->32 0->0 0->32 0->0 0->112 0->0 0->0 0->0 0->0 0->0 0->96 0->0 0->0 0->0 0->0 0->0 0->16 0->0 
71->0 78->0 140->0 160->0 139->0 0->0 158->16 140->0 139->16 139->0 66->0 130->0 153->32 81->0 139->48 73->0 130->64 133->0 0->32 0->0 0->32 0->0 0->112 0->0 0->0 0->0 0->0 0->0 0->96 0->0 0->0 0->0 0->0 0->0 0->16 0->0 
77->0 72->0 67->0 69->0 131->0 82->0 146->16 163->0 152->16 166->0 140->0 92->0 147->32 91->0 158->48 95->0 146->64 147->0 0->32 0->0 0->32 0->0 0->112 0->0 0->0 0->0 0->0 0->0 0->96 0->0 0->0 0->0 0->0 0->0 0->16 0->0 
140->0 98->0 133->0 101->0 83->0 94->0 143->16 138->0 73->16 165->0 97->0 159->0 150->32 65->0 88->48 74->0 114->64 70->0 0->32 0->0 0->32 0->0 0->112 0->0 0->0 0->0 0->0 0->0 0->96 0->0 0->0 0->0 0->0 0->0 0->16 0->0 
163->0 65->0 82->0 142->0 100->0 65->0 156->16 133->0 91->16 71->0 109->0 104->0 70->32 71->0 105->48 0->0 86->64 90->0 0->32 0->0 0->32 0->0 0->112 0->0 0->0 0->0 0->0 0->0 0->96 0->0 0->0 0->0 0->0 0->0 0->16 0->0 
0->0 0->0 0->0 0->0 0->0 0->0 147->16 160->0 158->16 88->0 146->0 152->0 144->32 109->0 138->48 139->0 139->64 66->0 152->32 112->0 146->32 74->0 130->112 102->0 0->0 0->0 0->0 0->0 0->96 0->0 0->0 0->0 0->0 0->0 0->16 0->0 
0->0 0->0 0->0 0->0 0->0 0->0 162->16 94->0 106->16 149->0 103->0 130->0 70->32 78->0 86->48 137->0 78->64 131->0 130->32 139->0 142->32 76->0 137->112 82->0 0->0 0->0 0->0 0->0 0->96 0->0 0->0 0->0 0->0 0->0 0->16 0->0 
0->0 0->0 0->0 0->0 0->0 0->0 78->16 130->0 86->16 140->0 148->0 80->0 150->32 74->0 102->48 144->0 77->64 88->0 171->32 88->0 81->32 177->0 89->112 162->0 0->0 0->0 0->0 0->0 0->96 0->0 0->0 0->0 0->0 0->0 0->16 0->0 
0->0 0->0 0->0 0->0 0->0 0->0 157->16 155->0 148->16 82->0 71->0 109->0 160->32 144->0 152->48 154->0 148->64 140->0 74->32 65->0 135->32 147->0 132->112 71->0 0->0 0->0 0->0 0->0 0->96 0->0 0->0 0->0 0->0 0->0 0->16 0->0 
0->0 0->0 0->0 0->0 0->0 0->0 71->16 78->0 140->16 160->0 139->0 0->0 158->32 140->0 139->48 139->0 66->64 130->0 153->32 81->0 139->32 73->0 130->112 133->0 0->0 0->0 0->0 0->0 0->96 0->0 0->0 0->0 0->0 0->0 0->16 0->0 
0->0 0->0 0->0 0->0 0->0 0->0 77->16 72->0 67->16 69->0 131->0 82->0 146->32 163->0 152->48 166->0 140->64 92->0 147->32 91->0 158->32 95->0 146->112 147->0 0->0 0->0 0->0 0->0 0->96 0->0 0->0 0->0 0->0 0->0 0->16 0->0 
0->0 0->0 0->0 0->0 0->0 0->0 140->16 98->0 133->16 101->0 83->0 94->0 143->32 138->0 73->48 165->0 97->64 159->0 150->32 65->0 88->32 74->0 114->112 70->0 0->0 0->0 0->0 0->0 0->96 0->0 0->0 0->0 0->0 0->0 0->16 0->0 
0->0 0->0 0->0 0->0 0->0 0->0 163->16 65->0 82->16 142->0 100->0 65->0 156->32 133->0 91->48 71->0 109->64 104->0 70->32 71->0 105->32 0->0 86->112 90->0 0->0 0->0 0->0 0->0 0->96 0->0 0->0 0->0 0->0 0->0 0->16 0->0 
0->0 0->0 0->0 0->0 0->0 0->0 0->16 0->0 0->16 0->0 0->0 0->0 147->32 160->0 158->48 88->0 146->64 152->0 144->32 109->0 138->32 139->0 139->112 66->0 152->0 112->0 146->0 74->0 130->96 102->0 0->0 0->0 0->0 0->0 0->16 0->0 
0->0 0->0 0->0 0->0 0->0 0->0 0->16 0->0 0->16 0->0 0->0 0->0 162->32 94->0 106->48 149->0 103->64 130->0 70->32 78->0 86->32 137->0 78->112 131->0 130->0 139->0 142->0 76->0 137->96 82->0 0->0 0->0 0->0 0->0 0->16 0->0 
0->0 0->0 0->0 0->0 0->0 0->0 0->16 0->0 0->16 0->0 0->0 0->0 78->32 130->0 86->48 140->0 148->64 80->0 150->32 74->0 102->32 144->0 77->112 88->0 171->0 88->0 81->0 177->0 89->96 162->0 0->0 0->0 0->0 0->0 0->16 0->0 
0->0 0->0 0->0 0->0 0->0 0->0 0->16 0->0 0->16 0->0 0->0 0->0 157->32 155->0 148->48 82->0 71->64 109->0 160->32 144->0 152->32 154->0 148->112 140->0 74->0 65->0 135->0 147->0 132->96 71->0 0->0 0->0 0->0 0->0 0->16 0->0 
0->0 0->0 0->0 0->0 0->0 0->0 0->16 0->0 0->16 0->0 0->0 0->0 71->32 78->0 140->48 160->0 139->64 0->0 158->32 140->0 139->32 139->0 66->112 130->0 153->0 81->0 139->0 73->0 130->96 133->0 0->0 0->0 0->0 0->0 0->16 0->0 
0->0 0->0 0->0 0->0 0->0 0->0 0->16 0->0 0->16 0->0 0->0 0->0 77->32 72->0 67->48 69->0 131->64 82->0 146->32 163->0 152->32 166->0 140->112 92->0 147->0 91->0 158->0 95->0 146->96 147->0 0->0 0->0 0->0 0->0 0->16 0->0 
0->0 0->0 0->0 0->0 0->0 0->0 0->16 0->0 0->16 0->0 0->0 0->0 140->32 98->0 133->48 101->0 83->64 94->0 143->32 138->0 73->32 165->0 97->112 159->0 150->0 65->0 88->0 74->0 114->96 70->0 0->0 0->0 0->0 0->0 0->16 0->0 
0->0 0->0 0->0 0->0 0->0 0->0 0->16 0->0 0->16 0->0 0->0 0->0 163->32 65->0 82->48 142->0 100->64 65->0 156->32 133->0 91->32 71->0 109->112 104->0 70->0 71->0 105->0 0->0 86->96 90->0 0->0 0->0 0->0 0->0 0->16 0->0 
0->0 0->0 0->0 0->0 0->0 0->0 0->16 0->0 0->16 0->0 0->0 0->0 0->32 0->0 0->48 0->0 0->64 0->0 147->32 160->0 158->32 88->0 146->112 152->0 144->0 109->0 138->0 139->0 139->96 66->0 152->0 112->0 146->0 74->0 130->16 102->0 
0->0 0->0 0->0 0->0 0->0 0->0 0->16 0->0 0->16 0->0 0->0 0->0 0->32 0->0 0->48 0->0 0->64 0->0 162->32 94->0 106->32 149->0 103->112 130->0 70->0 78->0 86->0 137->0 78->96 131->0 130->0 139->0 142->0 76->0 137->16 82->0 
0->0 0->0 0->0 0->0 0->0 0->0 0->16 0->0 0->16 0->0 0->0 0->0 0->32 0->0 0->48 0->0 0->64 0->0 78->32 130->0 86->32 140->0 148->112 80->0 150->0 74->0 102->0 144->0 77->96 88->0 171->0 88->0 81->0 177->0 89->16 162->0 
0->0 0->0 0->0 0->0 0->0 0->0 0->16 0->0 0->16 0->0 0->0 0->0 0->32 0->0 0->48 0->0 0->64 0->0 157->32 155->0 148->32 82->0 71->112 109->0 160->0 144->0 152->0 154->0 148->96 140->0 74->0 65->0 135->0 147->0 132->16 71->0 
0->0 0->0 0->0 0->0 0->0 0->0 0->16 0->0 0->16 0->0 0->0 0->0 0->32 0->0 0->48 0->0 0->64 0->0 71->32 78->0 140->32 160->0 139->112 0->0 158->0 140->0 139->0 139->0 66->96 130->0 153->0 81->0 139->0 73->0 130->16 133->0 
0->0 0->0 0->0 0->0 0->0 0->0 0->16 0->0 0->16 0->0 0->0 0->0 0->32 0->0 0->48 0->0 0->64 0->0 77->32 72->0 67->32 69->0 131->112 82->0 146->0 163->0 152->0 166->0 140->96 92->0 147->0 91->0 158->0 95->0 146->16 147->0 
0->0 0->0 0->0 0->0 0->0 0->0 0->16 0->0 0->16 0->0 0->0 0->0 0->32 0->0 0->48 0->0 0->64 0->0 140->32 98->0 133->32 101->0 83->112 94->0 143->0 138->0 73->0 165->0 97->96 159->0 150->0 65->0 88->0 74->0 114->16 70->0 
0->0 0->0 0->0 0->0 0->0 0->0 0->16 0->0 0->16 0->0 0->0 0->0 0->32 0->0 0->48 0->0 0->64 0->0 163->32 65->0 82->32 142->0 100->112 65->0 156->0 133->0 91->0 71->0 109->96 104->0 70->0 71->0 105->0 0->0 86->16 90->0 

147->0 160->0 158->0 88->0 146->96 152->0 144->0 109->0 138->0 139->0 139->16 66->0 152->0 112->0 146->0 74->0 130->0 102->0 0->0 0->0 0->0 0->0 0->0 0->0 0->0 0->0 0->0 0->0 0->96 0->0 0->0 0->0 0->16 0->0 0->128 0->0 
162->0 94->0 106->0 149->0 103->96 130->0 70->0 78->0 86->0 137->0 78->16 131->0 130->0 139->0 142->0 76->0 137->0 82->0 0->0 0->0 0->0 0->0 0->0 0->0 0->0 0->0 0->0 0->0 0->96 0->0 0->0 0->0 0->16 0->0 0->128 0->0 
78->0 130->0 86->0 140->0 148->96 80->0 150->0 74->0 102->0 144->0 77->16 88->0 171->0 88->0 81->0 177->0 89->0 162->0 0->0 0->0 0->0 0->0 0->0 0->0 0->0 0->0 0->0 0->0 0->96 0->0 0->0 0->0 0->16 0->0 0->128 0->0 
157->0 155->0 148->0 82->0 71->96 109->0 160->0 144->0 152->0 154->0 148->16 140->0 74->0 65->0 135->0 147->0 132->0 71->0 0->0 0->0 0->0 0->0 0->0 0->0 0->0 0->0 0->0 0->0 0->96 0->0 0->0 0->0 0->16 0->0 0->128 0->0 
71->0 78->0 140->0 160->0 139->96 0->0 158->0 140->0 139->0 139->0 66->16 130->0 153->0 81->0 139->0 73->0 130->0 133->0 0->0 0->0 0->0 0->0 0->0 0->0 0->0 0->0 0->0 0->0 0->96 0->0 0->0 0->0 0->16 0->0 0->128 0->0 
77->0 72->0 67->0 69->0 131->96 82->0 146->0 163->0 152->0 166->0 140->16 92->0 147->0 91->0 158->0 95->0 146->0 147->0 0->0 0->0 0->0 0->0 0->0 0->0 0->0 0->0 0->0 0->0 0->96 0->0 0->0 0->0 0->16 0->0 0->128 0->0 
140->0 98->0 133->0 101->0 83->96 94->0 143->0 138->0 73->0 165->0 97->16 159->0 150->0 65->0 88->0 74->0 114->0 70->0 0->0 0->0 0->0 0->0 0->0 0->0 0->0 0->0 0->0 0->0 0->96 0->0 0->0 0->0 0->16 0->0 0->128 0->0 
163->0 65->0 82->0 142->0 100->96 65->0 156->0 133->0 91->0 71->0 109->16 104->0 70->0 71->0 105->0 0->0 86->0 90->0 0->0 0->0 0->0 0->0 0->0 0->0 0->0 0->0 0->0 0->0 0->96 0->0 0->0 0->0 0->16 0->0 0->128 0->0 
0->0 0->0 0->0 0->0 0->96 0->0 147->0 160->0 158->0 88->0 146->16 152->0 144->0 109->0 138->0 139->0 139->0 66->0 152->0 112->0 146->0 74->0 130->0 102->0 0->0 0->0 0->0 0->0 0->96 0->0 0->0 0->0 0->16 0->0 0->128 0->0 
0->0 0->0 0->0 0->0 0->96 0->0 162->0 94->0 106->0 149->0 103->16 130->0 70->0 78->0 86->0 137->0 78->0 131->0 130->0 139->0 142->0 76->0 137->0 82->0 0->0 0->0 0->0 0->0 0->96 0->0 0->0 0->0 0->16 0->0 0->128 0->0 
0->0 0->0 0->0 0->0 0->96 0->0 78->0 130->0 86->0 140->0 148->16 80->0 150->0 74->0 102->0 144->0 77->0 88->0 171->0 88->0 81->0 177->0 89->0 162->0 0->0 0->0 0->0 0->0 0->96 0->0 0->0 0->0 0->16 0->0 0->128 0->0 
0->0 0->0 0->0 0->0 0->96 0->0 157->0 155->0 148->0 82->0 71->16 109->0 160->0 144->0 152->0 154->0 148->0 140->0 74->0 65->0 135->0 147->0 132->0 71->0 0->0 0->0 0->0 0->0 0->96 0->0 0->0 0->0 0->16 0->0 0->128 0->0 
0->0 0->0 0->0 0->0 0->96 0->0 71->0 78->0 140->0 160->0 139->16 0->0 158->0 140->0 139->0 139->0 66->0 130->0 153->0 81->0 139->0 73->0 130->0 133->0 0->0 0->0 0->0 0->0 0->96 0->0 0->0 0->0 0->16 0->0 0->128 0->0 
0->0 0->0 0->0 0->0 0->96 0->0 77->0 72->0 67->0 69->0 131->16 82->0 146->0 163->0 152->0 166->0 140->0 92->0 147->0 91->0 158->0 95->0 146->0 147->0 0->0 0->0 0->0 0->0 0->96 0->0 0->0 0->0 0->16 0->0 0->128 0->0 
0->0 0->0 0->0 0->0 0->96 0->0 140->0 98->0 133->0 101->0 83->16 94->0 143->0 138->0 73->0 165->0 97->0 159->0 150->0 65->0 88->0 74->0 114->0 70->0 0->0 0->0 0->0 0->0 0->96 0->0 0->0 0->0 0->16 0->0 0->128 0->0 
0->0 0->0 0->0 0->0 0->96 0->0 163->0 65->0 82->0 142->0 100->16 65->0 156->0 133->0 91->0 71->0 109->0 104->0 70->0 71->0 105->0 0->0 86->0 90->0 0->0 0->0 0->0 0->0 0->96 0->0 0->0 0->0 0->16 0->0 0->128 0->0 
0->0 0->0 0->0 0->0 0->96 0->0 0->0 0->0 0->0 0->0 0->16 0->0 147->0 160->0 158->0 88->0 146->0 152->0 144->0 109->0 138->0 139->0 139->0 66->0 152->0 112->0 146->0 74->0 130->96 102->0 0->0 0->0 0->16 0->0 0->128 0->0 
0->0 0->0 0->0 0->0 0->96 0->0 0->0 0->0 0->0 0->0 0->16 0->0 162->0 94->0 106->0 149->0 103->0 130->0 70->0 78->0 86->0 137->0 78->0 131->0 130->0 139->0 142->0 76->0 137->96 82->0 0->0 0->0 0->16 0->0 0->128 0->0 
0->0 0->0 0->0 0->0 0->96 0->0 0->0 0->0 0->0 0->0 0->16 0->0 78->0 130->0 86->0 140->0 148->0 80->0 150->0 74->0 102->0 144->0 77->0 88->0 171->0 88->0 81->0 177->0 89->96 162->0 0->0 0->0 0->16 0->0 0->128 0->0 
0->0 0->0 0->0 0->0 0->96 0->0 0->0 0->0 0->0 0->0 0->16 0->0 157->0 155->0 148->0 82->0 71->0 109->0 160->0 144->0 152->0 154->0 148->0 140->0 74->0 65->0 135->0 147->0 132->96 71->0 0->0 0->0 0->16 0->0 0->128 0->0 
0->0 0->0 0->0 0->0 0->96 0->0 0->0 0->0 0->0 0->0 0->16 0->0 71->0 78->0 140->0 160->0 139->0 0->0 158->0 140->0 139->0 139->0 66->0 130->0 153->0 81->0 139->0 73->0 130->96 133->0 0->0 0->0 0->16 0->0 0->128 0->0 
0->0 0->0 0->0 0->0 0->96 0->0 0->0 0->0 0->0 0->0 0->16 0->0 77->0 72->0 67->0 69->0 131->0 82->0 146->0 163->0 152->0 166->0 140->0 92->0 147->0 91->0 158->0 95->0 146->96 147->0 0->0 0->0 0->16 0->0 0->128 0->0 
0->0 0->0 0->0 0->0 0->96 0->0 0->0 0->0 0->0 0->0 0->16 0->0 140->0 98->0 133->0 101->0 83->0 94->0 143->0 138->0 73->0 165->0 97->0 159->0 150->0 65->0 88->0 74->0 114->96 70->0 0->0 0->0 0->16 0->0 0->128 0->0 
0->0 0->0 0->0 0->0 0->96 0->0 0->0 0->0 0->0 0->0 0->16 0->0 163->0 65->0 82->0 142->0 100->0 65->0 156->0 133->0 91->0 71->0 109->0 104->0 70->0 71->0 105->0 0->0 86->96 90->0 0->0 0->0 0->16 0->0 0->128 0->0 
0->0 0->0 0->0 0->0 0->96 0->0 0->0 0->0 0->0 0->0 0->16 0->0 0->0 0->0 0->0 0->0 0->0 0->0 147->0 160->0 158->0 88->0 146->0 152->0 144->0 109->0 138->0 139->0 139->96 66->0 152->0 112->0 146->16 74->0 130->128 102->0 
0->0 0->0 0->0 0->0 0->96 0->0 0->0 0->0 0->0 0->0 0->16 0->0 0->0 0->0 0->0 0->0 0->0 0->0 162->0 94->0 106->0 149->0 103->0 130->0 70->0 78->0 86->0 137->0 78->96 131->0 130->0 139->0 142->16 76->0 137->128 82->0 
0->0 0->0 0->0 0->0 0->96 0->0 0->0 0->0 0->0 0->0 0->16 0->0 0->0 0->0 0->0 0->0 0->0 0->0 78->0 130->0 86->0 140->0 148->0 80->0 150->0 74->0 102->0 144->0 77->96 88->0 171->0 88->0 81->16 177->0 89->128 162->0 
0->0 0->0 0->0 0->0 0->96 0->0 0->0 0->0 0->0 0->0 0->16 0->0 0->0 0->0 0->0 0->0 0->0 0->0 157->0 155->0 148->0 82->0 71->0 109->0 160->0 144->0 152->0 154->0 148->96 140->0 74->0 65->0 135->16 147->0 132->128 71->0 
0->0 0->0 0->0 0->0 0->96 0->0 0->0 0->0 0->0 0->0 0->16 0->0 0->0 0->0 0->0 0->0 0->0 0->0 71->0 78->0 140->0 160->0 139->0 0->0 158->0 140->0 139->0 139->0 66->96 130->0 153->0 81->0 139->16 73->0 130->128 133->0 
0->0 0->0 0->0 0->0 0->96 0->0 0->0 0->0 0->0 0->0 0->16 0->0 0->0 0->0 0->0 0->0 0->0 0->0 77->0 72->0 67->0 69->0 131->0 82->0 146->0 163->0 152->0 166->0 140->96 92->0 147->0 91->0 158->16 95->0 146->128 147->0 
0->0 0->0 0->0 0->0 0->96 0->0 0->0 0->0 0->0 0->0 0->16 0->0 0->0 0->0 0->0 0->0 0->0 0->0 140->0 98->0 133->0 101->0 83->0 94->0 143->0 138->0 73->0 165->0 97->96 159->0 150->0 65->0 88->16 74->0 114->128 70->0 
0->0 0->0 0->0 0->0 0->96 0->0 0->0 0->0 0->0 0->0 0->16 0->0 0->0 0->0 0->0 0->0 0->0 0->0 163->0 65->0 82->0 142->0 100->0 65->0 156->0 133->0 91->0 71->0 109->96 104->0 70->0 71->0 105->16 0->0 86->128 90->0 

147->0 160->0 158->0 88->0 146->96 152->0 144->0 109->0 138->16 139->0 139->128 66->0 152->32 112->0 146->96 74->0 130->112 102->0 0->64 0->0 0->80 0->0 0->16 0->0 0->32 0->0 0->0 0->0 0->0 0->0 0->0 0->0 0->0 0->0 0->0 0->0 
162->0 94->0 106->0 149->0 103->96 130->0 70->0 78->0 86->16 137->0 78->128 131->0 130->32 139->0 142->96 76->0 137->112 82->0 0->64 0->0 0->80 0->0 0->16 0->0 0->32 0->0 0->0 0->0 0->0 0->0 0->0 0->0 0->0 0->0 0->0 0->0 
78->0 130->0 86->0 140->0 148->96 80->0 150->0 74->0 102->16 144->0 77->128 88->0 171->32 88->0 81->96 177->0 89->112 162->0 0->64 0->0 0->80 0->0 0->16 0->0 0->32 0->0 0->0 0->0 0->0 0->0 0->0 0->0 0->0 0->0 0->0 0->0 
157->0 155->0 148->0 82->0 71->96 109->0 160->0 144->0 152->16 154->0 148->128 140->0 74->32 65->0 135->96 147->0 132->112 71->0 0->64 0->0 0->80 0->0 0->16 0->0 0->32 0->0 0->0 0->0 0->0 0->0 0->0 0->0 0->0 0->0 0->0 0->0 
71->0 78->0 140->0 160->0 139->96 0->0 158->0 140->0 139->16 139->0 66->128 130->0 153->32 81->0 139->96 73->0 130->112 133->0 0->64 0->0 0->80 0->0 0->16 0->0 0->32 0->0 0->0 0->0 0->0 0->0 0->0 0->0 0->0 0->0 0->0 0->0 
77->0 72->0 67->0 69->0 131->96 82->0 146->0 163->0 152->16 166->0 140->128 92->0 147->32 91->0 158->96 95->0 146->112 147->0 0->64 0->0 0->80 0->0 0->16 0->0 0->32 0->0 0->0 0->0 0->0 0->0 0->0 0->0 0->0 0->0 0->0 0->0 
140->0 98->0 133->0 101->0 83->96 94->0 143->0 138->0 73->16 165->0 97->128 159->0 150->32 65->0 88->96 74->0 114->112 70->0 0->64 0->0 0->80 0->0 0->16 0->0 0->32 0->0 0->0 0->0 0->0 0->0 0->0 0->0 0->0 0->0 0->0 0->0 
163->0 65->0 82->0 142->0 100->96 65->0 156->0 133->0 91->16 71->0 109->128 104->0 70->32 71->0 105->96 0->0 86->112 90->0 0->64 0->0 0->80 0->0 0->16 0->0 0->32 0->0 0->0 0->0 0->0 0->0 0->0 0->0 0->0 0->0 0->0 0->0 
0->0 0->0 0->0 0->0 0->96 0->0 147->0 160->0 158->16 88->0 146->128 152->0 144->32 109->0 138->96 139->0 139->112 66->0 152->64 112->0 146->80 74->0 130->16 102->0 0->32 0->0 0->0 0->0 0->0 0->0 0->0 0->0 0->0 0->0 0->0 0->0 
0->0 0->0 0->0 0->0 0->96 0->0 162->0 94->0 106->16 149->0 103->128 130->0 70->32 78->0 86->96 137->0 78->112 131->0 130->64 139->0 142->80 76->0 137->16 82->0 0->32 0->0 0->0 0->0 0->0 0->0 0->0 0->0 0->0 0->0 0->0 0->0 
0->0 0->0 0->0 0->0 0->96 0->0 78->0 130->0 86->16 140->0 148->128 80->0 150->32 74->0 102->96 144->0 77->112 88->0 171->64 88->0 81->80 177->0 89->16 162->0 0->32 0->0 0->0 0->0 0->0 0->0 0->0 0->0 0->0 0->0 0->0 0->0 
0->0 0->0 0->0 0->0 0->96 0->0 157->0 155->0 148->16 82->0 71->128 109->0 160->32 144->0 152->96 154->0 148->112 140->0 74->64 65->0 135->80 147->0 132->16 71->0 0->32 0->0 0->0 0->0 0->0 0->0 0->0 0->0 0->0 0->0 0->0 0->0 
0->0 0->0 0->0 0->0 0->96 0->0 71->0 78->0 140->16 160->0 139->128 0->0 158->32 140->0 139->96 139->0 66->112 130->0 153->64 81->0 139->80 73->0 130->16 133->0 0->32 0->0 0->0 0->0 0->0 0->0 0->0 0->0 0->0 0->0 0->0 0->0 
0->0 0->0 0->0 0->0 0->96 0->0 77->0 72->0 67->16 69->0 131->128 82->0 146->32 163->0 152->96 166->0 140->112 92->0 147->64 91->0 158->80 95->0 146->16 147->0 0->32 0->0 0->0 0->0 0->0 0->0 0->0 0->0 0->0 0->0 0->0 0->0 
0->0 0->0 0->0 0->0 0->96 0->0 140->0 98->0 133->16 101->0 83->128 94->0 143->32 138->0 73->96 165->0 97->112 159->0 150->64 65->0 88->80 74->0 114->16 70->0 0->32 0->0 0->0 0->0 0->0 0->0 0->0 0->0 0->0 0->0 0->0 0->0 
0->0 0->0 0->0 0->0 0->96 0->0 163->0 65->0 82->16 142->0 100->128 65->0 156->32 133->0 91->96 71->0 109->112 104->0 70->64 71->0 105->80 0->0 86->16 90->0 0->32 0->0 0->0 0->0 0->0 0->0 0->0 0->0 0->0 0->0 0->0 0->0 
0->0 0->0 0->0 0->0 0->96 0->0 0->0 0->0 0->16 0->0 0->128 0->0 147->32 160->0 158->96 88->0 146->112 152->0 144->64 109->0 138->80 139->0 139->16 66->0 152->32 112->0 146->0 74->0 130->0 102->0 0->0 0->0 0->0 0->0 0->0 0->0 
0->0 0->0 0->0 0->0 0->96 0->0 0->0 0->0 0->16 0->0 0->128 0->0 162->32 94->0 106->96 149->0 103->112 130->0 70->64 78->0 86->80 137->0 78->16 131->0 130->32 139->0 142->0 76->0 137->0 82->0 0->0 0->0 0->0 0->0 0->0 0->0 
0->0 0->0 0->0 0->0 0->96 0->0 0->0 0->0 0->16 0->0 0->128 0->0 78->32 130->0 86->96 140->0 148->112 80->0 150->64 74->0 102->80 144->0 77->16 88->0 171->32 88->0 81->0 177->0 89->0 162->0 0->0 0->0 0->0 0->0 0->0 0->0 
0->0 0->0 0->0 0->0 0->96 0->0 0->0 0->0 0->16 0->0 0->128 0->0 157->32 155->0 148->96 82->0 71->112 109->0 160->64 144->0 152->80 154->0 148->16 140->0 74->32 65->0 135->0 147->0 132->0 71->0 0->0 0->0 0->0 0->0 0->0 0->0 
0->0 0->0 0->0 0->0 0->96 0->0 0->0 0->0 0->16 0->0 0->128 0->0 71->32 78->0 140->96 160->0 139->112 0->0 158->64 140->0 139->80 139->0 66->16 130->0 153->32 81->0 139->0 73->0 130->0 133->0 0->0 0->0 0->0 0->0 0->0 0->0 
0->0 0->0 0->0 0->0 0->96 0->0 0->0 0->0 0->16 0->0 0->128 0->0 77->32 72->0 67->96 69->0 131->112 82->0 146->64 163->0 152->80 166->0 140->16 92->0 147->32 91->0 158->0 95->0 146->0 147->0 0->0 0->0 0->0 0->0 0->0 0->0 
0->0 0->0 0->0 0->0 0->96 0->0 0->0 0->0 0->16 0->0 0->128 0->0 140->32 98->0 133->96 101->0 83->112 94->0 143->64 138->0 73->80 165->0 97->16 159->0 150->32 65->0 88->0 74->0 114->0 70->0 0->0 0->0 0->0 0->0 0->0 0->0 
0->0 0->0 0->0 0->0 0->96 0->0 0->0 0->0 0->16 0->0 0->128 0->0 163->32 65->0 82->96 142->0 100->112 65->0 156->64 133->0 91->80 71->0 109->16 104->0 70->32 71->0 105->0 0->0 86->0 90->0 0->0 0->0 0->0 0->0 0->0 0->0 
0->0 0->0 0->0 0->0 0->96 0->0 0->0 0->0 0->16 0->0 0->128 0->0 0->32 0->0 0->96 0->0 0->112 0->0 147->64 160->0 158->80 88->0 146->16 152->0 144->32 109->0 138->0 139->0 139->0 66->0 152->0 112->0 146->0 74->0 130->0 102->0 
0->0 0->0 0->0 0->0 0->96 0->0 0->0 0->0 0->16 0->0 0->128 0->0 0->32 0->0 0->96 0->0 0->112 0->0 162->64 94->0 106->80 149->0 103->16 130->0 70->32 78->0 86->0 137->0 78->0 131->0 130->0 139->0 142->0 76->0 137->0 82->0 
0->0 0->0 0->0 0->0 0->96 0->0 0->0 0->0 0->16 0->0 0->128 0->0 0->32 0->0 0->96 0->0 0->112 0->0 78->64 130->0 86->80 140->0 148->16 80->0 150->32 74->0 102->0 144->0 77->0 88->0 171->0 88->0 81->0 177->0 89->0 162->0 
0->0 0->0 0->0 0->0 0->96 0->0 0->0 0->0 0->16 0->0 0->128 0->0 0->32 0->0 0->96 0->0 0->112 0->0 157->64 155->0 148->80 82->0 71->16 109->0 160->32 144->0 152->0 154->0 148->0 140->0 74->0 65->0 135->0 147->0 132->0 71->0 
0->0 0->0 0->0 0->0 0->96 0->0 0->0 0->0 0->16 0->0 0->128 0->0 0->32 0->0 0->96 0->0 0->112 0->0 71->64 78->0 140->80 160->0 139->16 0->0 158->32 140->0 139->0 139->0 66->0 130->0 153->0 81->0 139->0 73->0 130->0 133->0 
0->0 0->0 0->0 0->0 0->96 0->0 0->0 0->0 0->16 0->0 0->128 0->0 0->32 0->0 0->96 0->0 0->112 0->0 77->64 72->0 67->80 69->0 131->16 82->0 146->32 163->0 152->0 166->0 140->0 92->0 147->0 91->0 158->0 95->0 146->0 147->0 
0->0 0->0 0->0 0->0 0->96 0->0 0->0 0->0 0->16 0->0 0->128 0->0 0->32 0->0 0->96 0->0 0->112 0->0 140->64 98->0 133->80 101->0 83->16 94->0 143->32 138->0 73->0 165->0 97->0 159->0 150->0 65->0 88->0 74->0 114->0 70->0 
0->0 0->0 0->0 0->0 0->96 0->0 0->0 0->0 0->16 0->0 0->128 0->0 0->32 0->0 0->96 0->0 0->112 0->0 163->64 65->0 82->80 142->0 100->16 65->0 156->32 133->0 91->0 71->0 109->0 104->0 70->0 71->0 105->0 0->0 86->0 90->0 

147->0 160->0 158->0 88->0 146->0 152->0 144->16 109->0 138->0 139->0 139->0 66->0 152->48 112->0 146->64 74->0 130->0 102->0 0->32 0->0 0->112 0->0 0->64 0->0 0->0 0->0 0->96 0->0 0->128 0->0 0->0 0->0 0->16 0->0 0->144 0->0 
162->0 94->0 106->0 149->0 103->0 130->0 70->16 78->0 86->0 137->0 78->0 131->0 130->48 139->0 142->64 76->0 137->0 82->0 0->32 0->0 0->112 0->0 0->64 0->0 0->0 0->0 0->96 0->0 0->128 0->0 0->0 0->0 0->16 0->0 0->144 0->0 
78->0 130->0 86->0 140->0 148->0 80->0 150->16 74->0 102->0 144->0 77->0 88->0 171->48 88->0 81->64 177->0 89->0 162->0 0->32 0->0 0->112 0->0 0->64 0->0 0->0 0->0 0->96 0->0 0->128 0->0 0->0 0->0 0->16 0->0 0->144 0->0 
157->0 155->0 148->0 82->0 71->0 109->0 160->16 144->0 152->0 154->0 148->0 140->0 74->48 65->0 135->64 147->0 132->0 71->0 0->32 0->0 0->112 0->0 0->64 0->0 0->0 0->0 0->96 0->0 0->128 0->0 0->0 0->0 0->16 0->0 0->144 0->0 
71->0 78->0 140->0 160->0 139->0 0->0 158->16 140->0 139->0 139->0 66->0 130->0 153->48 81->0 139->64 73->0 130->0 133->0 0->32 0->0 0->112 0->0 0->64 0->0 0->0 0->0 0->96 0->0 0->128 0->0 0->0 0->0 0->16 0->0 0->144 0->0 
77->0 72->0 67->0 69->0 131->0 82->0 146->16 163->0 152->0 166->0 140->0 92->0 147->48 91->0 158->64 95->0 146->0 147->0 0->32 0->0 0->112 0->0 0->64 0->0 0->0 0->0 0->96 0->0 0->128 0->0 0->0 0->0 0->16 0->0 0->144 0->0 
140->0 98->0 133->0 101->0 83->0 94->0 143->16 138->0 73->0 165->0 97->0 159->0 150->48 65->0 88->64 74->0 114->0 70->0 0->32 0->0 0->112 0->0 0->64 0->0 0->0 0->0 0->96 0->0 0->128 0->0 0->0 0->0 0->16 0->0 0->144 0->0 
163->0 65->0 82->0 142->0 100->0 65->0 156->16 133->0 91->0 71->0 109->0 104->0 70->48 71->0 105->64 0->0 86->0 90->0 0->32 0->0 0->112 0->0 0->64 0->0 0->0 0->0 0->96 0->0 0->128 0->0 0->0 0->0 0->16 0->0 0->144 0->0 
0->0 0->0 0->0 0->0 0->0 0->0 147->16 160->0 158->0 88->0 146->0 152->0 144->48 109->0 138->64 139->0 139->0 66->0 152->32 112->0 146->112 74->0 130->64 102->0 0->0 0->0 0->96 0->0 0->128 0->0 0->0 0->0 0->16 0->0 0->144 0->0 
0->0 0->0 0->0 0->0 0->0 0->0 162->16 94->0 106->0 149->0 103->0 130->0 70->48 78->0 86->64 137->0 78->0 131->0 130->32 139->0 142->112 76->0 137->64 82->0 0->0 0->0 0->96 0->0 0->128 0->0 0->0 0->0 0->16 0->0 0->144 0->0 
0->0 0->0 0->0 0->0 0->0 0->0 78->16 130->0 86->0 140->0 148->0 80->0 150->48 74->0 102->64 144->0 77->0 88->0 171->32 88->0 81->112 177->0 89->64 162->0 0->0 0->0 0->96 0->0 0->128 0->0 0->0 0->0 0->16 0->0 0->144 0->0 
0->0 0->0 0->0 0->0 0->0 0->0 157->16 155->0 148->0 82->0 71->0 109->0 160->48 144->0 152->64 154->0 148->0 140->0 74->32 65->0 135->112 147->0 132->64 71->0 0->0 0->0 0->96 0->0 0->128 0->0 0->0 0->0 0->16 0->0 0->144 0->0 
0->0 0->0 0->0 0->0 0->0 0->0 71->16 78->0 140->0 160->0 139->0 0->0 158->48 140->0 139->64 139->0 66->0 130->0 153->32 81->0 139->112 73->0 130->64 133->0 0->0 0->0 0->96 0->0 0->128 0->0 0->0 0->0 0->16 0->0 0->144 0->0 
0->0 0->0 0->0 0->0 0->0 0->0 77->16 72->0 67->0 69->0 131->0 82->0 146->48 163->0 152->64 166->0 140->0 92->0 147->32 91->0 158->112 95->0 146->64 147->0 0->0 0->0 0->96 0->0 0->128 0->0 0->0 0->0 0->16 0->0 0->144 0->0 
0->0 0->0 0->0 0->0 0->0 0->0 140->16 98->0 133->0 101->0 83->0 94->0 143->48 138->0 73->64 165->0 97->0 159->0 150->32 65->0 88->112 74->0 114->64 70->0 0->0 0->0 0->96 0->0 0->128 0->0 0->0 0->0 0->16 0->0 0->144 0->0 
0->0 0->0 0->0 0->0 0->0 0->0 163->16 65->0 82->0 142->0 100->0 65->0 156->48 133->0 91->64 71->0 109->0 104->0 70->32 71->0 105->112 0->0 86->64 90->0 0->0 0->0 0->96 0->0 0->128 0->0 0->0 0->0 0->16 0->0 0->144 0->0 
0->0 0->0 0->0 0->0 0->0 0->0 0->16 0->0 0->0 0->0 0->0 0->0 147->48 160->0 158->64 88->0 146->0 152->0 144->32 109->0 138->112 139->0 139->64 66->0 152->0 112->0 146->96 74->0 130->128 102->0 0->0 0->0 0->16 0->0 0->144 0->0 
0->0 0->0 0->0 0->0 0->0 0->0 0->16 0->0 0->0 0->0 0->0 0->0 162->48 94->0 106->64 149->0 103->0 130->0 70->32 78->0 86->112 137->0 78->64 131->0 130->0 139->0 142->96 76->0 137->128 82->0 0->0 0->0 0->16 0->0 0->144 0->0 
0->0 0->0 0->0 0->0 0->0 0->0 0->16 0->0 0->0 0->0 0->0 0->0 78->48 130->0 86->64 140->0 148->0 80->0 150->32 74->0 102->112 144->0 77->64 88->0 171->0 88->0 81->96 177->0 89->128 162->0 0->0 0->0 0->16 0->0 0->144 0->0 
0->0 0->0 0->0 0->0 0->0 0->0 0->16 0->0 0->0 0->0 0->0 0->0 157->48 155->0 148->64 82->0 71->0 109->0 160->32 144->0 152->112 154->0 148->64 140->0 74->0 65->0 135->96 147->0 132->128 71->0 0->0 0->0 0->16 0->0 0->144 0->0 
0->0 0->0 0->0 0->0 0->0 0->0 0->16 0->0 0->0 0->0 0->0 0->0 71->48 78->0 140->64 160->0 139->0 0->0 158->32 140->0 139->112 139->0 66->64 130->0 153->0 81->0 139->96 73->0 130->128 133->0 0->0 0->0 0->16 0->0 0->144 0->0 
0->0 0->0 0->0 0->0 0->0 0->0 0->16 0->0 0->0 0->0 0->0 0->0 77->48 72->0 67->64 69->0 131->0 82->0 146->32 163->0 152->112 166->0 140->64 92->0 147->0 91->0 158->96 95->0 146->128 147->0 0->0 0->0 0->16 0->0 0->144 0->0 
0->0 0->0 0->0 0->0 0->0 0->0 0->16 0->0 0->0 0->0 0->0 0->0 140->48 98->0 133->64 101->0 83->0 94->0 143->32 138->0 73->112 165->0 97->64 159->0 150->0 65->0 88->96 74->0 114->128 70->0 0->0 0->0 0->16 0->0 0->144 0->0 
0->0 0->0 0->0 0->0 0->0 0->0 0->16 0->0 0->0 0->0 0->0 0->0 163->48 65->0 82->64 142->0 100->0 65->0 156->32 133->0 91->112 71->0 109->64 104->0 70->0 71->0 105->96 0->0 86->128 90->0 0->0 0->0 0->16 0->0 0->144 0->0 
0->0 0->0 0->0 0->0 0->0 0->0 0->16 0->0 0->0 0->0 0->0 0->0 0->48 0->0 0->64 0->0 0->0 0->0 147->32 160->0 158->112 88->0 146->64 152->0 144->0 109->0 138->96 139->0 139->128 66->0 152->0 112->0 146->16 74->0 130->144 102->0 
0->0 0->0 0->0 0->0 0->0 0->0 0->16 0->0 0->0 0->0 0->0 0->0 0->48 0->0 0->64 0->0 0->0 0->0 162->32 94->0 106->112 149->0 103->64 130->0 70->0 78->0 86->96 137->0 78->128 131->0 130->0 139->0 142->16 76->0 137->144 82->0 
0->0 0->0 0->0 0->0 0->0 0->0 0->16 0->0 0->0 0->0 0->0 0->0 0->48 0->0 0->64 0->0 0->0 0->0 78->32 130->0 86->112 140->0 148->64 80->0 150->0 74->0 102->96 144->0 77->128 88->0 171->0 88->0 81->16 177->0 89->144 162->0 
0->0 0->0 0->0 0->0 0->0 0->0 0->16 0->0 0->0 0->0 0->0 0->0 0->48 0->0 0->64 0->0 0->0 0->0 157->32 155->0 148->112 82->0 71->64 109->0 160->0 144->0 152->96 154->0 148->128 140->0 74->0 65->0 135->16 147->0 132->144 71->0 
0->0 0->0 0->0 0->0 0->0 0->0 0->16 0->0 0->0 0->0 0->0 0->0 0->48 0->0 0->64 0->0 0->0 0->0 71->32 78->0 140->112 160->0 139->64 0->0 158->0 140->0 139->96 139->0 66->128 130->0 153->0 81->0 139->16 73->0 130->144 133->0 
0->0 0->0 0->0 0->0 0->0 0->0 0->16 0->0 0->0 0->0 0->0 0->0 0->48 0->0 0->64 0->0 0->0 0->0 77->32 72->0 67->112 69->0 131->64 82->0 146->0 163->0 152->96 166->0 140->128 92->0 147->0 91->0 158->16 95->0 146->144 147->0 
0->0 0->0 0->0 0->0 0->0 0->0 0->16 0->0 0->0 0->0 0->0 0->0 0->48 0->0 0->64 0->0 0->0 0->0 140->32 98->0 133->112 101->0 83->64 94->0 143->0 138->0 73->96 165->0 97->128 159->0 150->0 65->0 88->16 74->0 114->144 70->0 
0->0 0->0 0->0 0->0 0->0 0->0 0->16 0->0 0->0 0->0 0->0 0->0 0->48 0->0 0->64 0->0 0->0 0->0 163->32 65->0 82->112 142->0 100->64 65->0 156->0 133->0 91->96 71->0 109->128 104->0 70->0 71->0 105->16 0->0 86->144 90->0 

147->0 160->0 158->96 88->0 146->128 152->0 144->0 109->0 138->16 139->0 139->144 66->0 152->0 112->0 146->0 74->0 130->144 102->0 0->0 0->0 0->0 0->0 0->144 0->0 0->0 0->0 0->96 0->0 0->128 0->0 0->16 0->0 0->128 0->0 0->80 0->0 
162->0 94->0 106->96 149->0 103->128 130->0 70->0 78->0 86->16 137->0 78->144 131->0 130->0 139->0 142->0 76->0 137->144 82->0 0->0 0->0 0->0 0->0 0->144 0->0 0->0 0->0 0->96 0->0 0->128 0->0 0->16 0->0 0->128 0->0 0->80 0->0 
78->0 130->0 86->96 140->0 148->128 80->0 150->0 74->0 102->16 144->0 77->144 88->0 171->0 88->0 81->0 177->0 89->144 162->0 0->0 0->0 0->0 0->0 0->144 0->0 0->0 0->0 0->96 0->0 0->128 0->0 0->16 0->0 0->128 0->0 0->80 0->0 
157->0 155->0 148->96 82->0 71->128 109->0 160->0 144->0 152->16 154->0 148->144 140->0 74->0 65->0 135->0 147->0 132->144 71->0 0->0 0->0 0->0 0->0 0->144 0->0 0->0 0->0 0->96 0->0 0->128 0->0 0->16 0->0 0->128 0->0 0->80 0->0 
71->0 78->0 140->96 160->0 139->128 0->0 158->0 140->0 139->16 139->0 66->144 130->0 153->0 81->0 139->0 73->0 130->144 133->0 0->0 0->0 0->0 0->0 0->144 0->0 0->0 0->0 0->96 0->0 0->128 0->0 0->16 0->0 0->128 0->0 0->80 0->0 
77->0 72->0 67->96 69->0 131->128 82->0 146->0 163->0 152->16 166->0 140->144 92->0 147->0 91->0 158->0 95->0 146->144 147->0 0->0 0->0 0->0 0->0 0->144 0->0 0->0 0->0 0->96 0->0 0->128 0->0 0->16 0->0 0->128 0->0 0->80 0->0 
140->0 98->0 133->96 101->0 83->128 94->0 143->0 138->0 73->16 165->0 97->144 159->0 150->0 65->0 88->0 74->0 114->144 70->0 0->0 0->0 0->0 0->0 0->144 0->0 0->0 0->0 0->96 0->0 0->128 0->0 0->16 0->0 0->128 0->0 0->80 0->0 
163->0 65->0 82->96 142->0 100->128 65->0 156->0 133->0 91->16 71->0 109->144 104->0 70->0 71->0 105->0 0->0 86->144 90->0 0->0 0->0 0->0 0->0 0->144 0->0 0->0 0->0 0->96 0->0 0->128 0->0 0->16 0->0 0->128 0->0 0->80 0->0 
0->0 0->0 0->96 0->0 0->128 0->0 147->0 160->0 158->16 88->0 146->144 152->0 144->0 109->0 138->0 139->0 139->144 66->0 152->0 112->0 146->0 74->0 130->144 102->0 0->0 0->0 0->96 0->0 0->128 0->0 0->16 0->0 0->128 0->0 0->80 0->0 
0->0 0->0 0->96 0->0 0->128 0->0 162->0 94->0 106->16 149->0 103->144 130->0 70->0 78->0 86->0 137->0 78->144 131->0 130->0 139->0 142->0 76->0 137->144 82->0 0->0 0->0 0->96 0->0 0->128 0->0 0->16 0->0 0->128 0->0 0->80 0->0 
0->0 0->0 0->96 0->0 0->128 0->0 78->0 130->0 86->16 140->0 148->144 80->0 150->0 74->0 102->0 144->0 77->144 88->0 171->0 88->0 81->0 177->0 89->144 162->0 0->0 0->0 0->96 0->0 0->128 0->0 0->16 0->0 0->128 0->0 0->80 0->0 
0->0 0->0 0->96 0->0 0->128 0->0 157->0 155->0 148->16 82->0 71->144 109->0 160->0 144->0 152->0 154->0 148->144 140->0 74->0 65->0 135->0 147->0 132->144 71->0 0->0 0->0 0->96 0->0 0->128 0->0 0->16 0->0 0->128 0->0 0->80 0->0 
0->0 0->0 0->96 0->0 0->128 0->0 71->0 78->0 140->16 160->0 139->144 0->0 158->0 140->0 139->0 139->0 66->144 130->0 153->0 81->0 139->0 73->0 130->144 133->0 0->0 0->0 0->96 0->0 0->128 0->0 0->16 0->0 0->128 0->0 0->80 0->0 
0->0 0->0 0->96 0->0 0->128 0->0 77->0 72->0 67->16 69->0 131->144 82->0 146->0 163->0 152->0 166->0 140->144 92->0 147->0 91->0 158->0 95->0 146->144 147->0 0->0 0->0 0->96 0->0 0->128 0->0 0->16 0->0 0->128 0->0 0->80 0->0 
0->0 0->0 0->96 0->0 0->128 0->0 140->0 98->0 133->16 101->0 83->144 94->0 143->0 138->0 73->0 165->0 97->144 159->0 150->0 65->0 88->0 74->0 114->144 70->0 0->0 0->0 0->96 0->0 0->128 0->0 0->16 0->0 0->128 0->0 0->80 0->0 
0->0 0->0 0->96 0->0 0->128 0->0 163->0 65->0 82->16 142->0 100->144 65->0 156->0 133->0 91->0 71->0 109->144 104->0 70->0 71->0 105->0 0->0 86->144 90->0 0->0 0->0 0->96 0->0 0->128 0->0 0->16 0->0 0->128 0->0 0->80 0->0 
0->0 0->0 0->96 0->0 0->128 0->0 0->0 0->0 0->16 0->0 0->144 0->0 147->0 160->0 158->0 88->0 146->144 152->0 144->0 109->0 138->0 139->0 139->144 66->0 152->0 112->0 146->96 74->0 130->128 102->0 0->16 0->0 0->128 0->0 0->80 0->0 
0->0 0->0 0->96 0->0 0->128 0->0 0->0 0->0 0->16 0->0 0->144 0->0 162->0 94->0 106->0 149->0 103->144 130->0 70->0 78->0 86->0 137->0 78->144 131->0 130->0 139->0 142->96 76->0 137->128 82->0 0->16 0->0 0->128 0->0 0->80 0->0 
0->0 0->0 0->96 0->0 0->128 0->0 0->0 0->0 0->16 0->0 0->144 0->0 78->0 130->0 86->0 140->0 148->144 80->0 150->0 74->0 102->0 144->0 77->144 88->0 171->0 88->0 81->96 177->0 89->128 162->0 0->16 0->0 0->128 0->0 0->80 0->0 
0->0 0->0 0->96 0->0 0->128 0->0 0->0 0->0 0->16 0->0 0->144 0->0 157->0 155->0 148->0 82->0 71->144 109->0 160->0 144->0 152->0 154->0 148->144 140->0 74->0 65->0 135->96 147->0 132->128 71->0 0->16 0->0 0->128 0->0 0->80 0->0 
0->0 0->0 0->96 0->0 0->128 0->0 0->0 0->0 0->16 0->0 0->144 0->0 71->0 78->0 140->0 160->0 139->144 0->0 158->0 140->0 139->0 139->0 66->144 130->0 153->0 81->0 139->96 73->0 130->128 133->0 0->16 0->0 0->128 0->0 0->80 0->0 
0->0 0->0 0->96 0->0 0->128 0->0 0->0 0->0 0->16 0->0 0->144 0->0 77->0 72->0 67->0 69->0 131->144 82->0 146->0 163->0 152->0 166->0 140->144 92->0 147->0 91->0 158->96 95->0 146->128 147->0 0->16 0->0 0->128 0->0 0->80 0->0 
0->0 0->0 0->96 0->0 0->128 0->0 0->0 0->0 0->16 0->0 0->144 0->0 140->0 98->0 133->0 101->0 83->144 94->0 143->0 138->0 73->0 165->0 97->144 159->0 150->0 65->0 88->96 74->0 114->128 70->0 0->16 0->0 0->128 0->0 0->80 0->0 
0->0 0->0 0->96 0->0 0->128 0->0 0->0 0->0 0->16 0->0 0->144 0->0 163->0 65->0 82->0 142->0 100->144 65->0 156->0 133->0 91->0 71->0 109->144 104->0 70->0 71->0 105->96 0->0 86->128 90->0 0->16 0->0 0->128 0->0 0->80 0->0 
0->0 0->0 0->96 0->0 0->128 0->0 0->0 0->0 0->16 0->0 0->144 0->0 0->0 0->0 0->0 0->0 0->144 0->0 147->0 160->0 158->0 88->0 146->144 152->0 144->0 109->0 138->96 139->0 139->128 66->0 152->16 112->0 146->128 74->0 130->80 102->0 
0->0 0->0 0->96 0->0 0->128 0->0 0->0 0->0 0->16 0->0 0->144 0->0 0->0 0->0 0->0 0->0 0->144 0->0 162->0 94->0 106->0 149->0 103->144 130->0 70->0 78->0 86->96 137->0 78->128 131->0 130->16 139->0 142->128 76->0 137->80 82->0 
0->0 0->0 0->96 0->0 0->128 0->0 0->0 0->0 0->16 0->0 0->144 0->0 0->0 0->0 0->0 0->0 0->144 0->0 78->0 130->0 86->0 140->0 148->144 80->0 150->0 74->0 102->96 144->0 77->128 88->0 171->16 88->0 81->128 177->0 89->80 162->0 
0->0 0->0 0->96 0->0 0->128 0->0 0->0 0->0 0->16 0->0 0->144 0->0 0->0 0->0 0->0 0->0 0->144 0->0 157->0 155->0 148->0 82->0 71->144 109->0 160->0 144->0 152->96 154->0 148->128 140->0 74->16 65->0 135->128 147->0 132->80 71->0 
0->0 0->0 0->96 0->0 0->128 0->0 0->0 0->0 0->16 0->0 0->144 0->0 0->0 0->0 0->0 0->0 0->144 0->0 71->0 78->0 140->0 160->0 139->144 0->0 158->0 140->0 139->96 139->0 66->128 130->0 153->16 81->0 139->128 73->0 130->80 133->0 
0->0 0->0 0->96 0->0 0->128 0->0 0->0 0->0 0->16 0->0 0->144 0->0 0->0 0->0 0->0 0->0 0->144 0->0 77->0 72->0 67->0 69->0 131->144 82->0 146->0 163->0 152->96 166->0 140->128 92->0 147->16 91->0 158->128 95->0 146->80 147->0 
0->0 0->0 0->96 0->0 0->128 0->0 0->0 0->0 0->16 0->0 0->144 0->0 0->0 0->0 0->0 0->0 0->144 0->0 140->0 98->0 133->0 101->0 83->144 94->0 143->0 138->0 73->96 165->0 97->128 159->0 150->16 65->0 88->128 74->0 114->80 70->0 
0->0 0->0 0->96 0->0 0->128 0->0 0->0 0->0 0->16 0->0 0->144 0->0 0->0 0->0 0->0 0->0 0->144 0->0 163->0 65->0 82->0 142->0 100->144 65->0 156->0 133->0 91->96 71->0 109->128 104->0 70->16 71->0 105->128 0->0 86->80 90->0 

147->0 160->0 158->96 88->0 146->128 152->0 144->16 109->0 138->128 139->0 139->80 66->0 152->96 112->0 146->112 74->0 130->0 102->0 0->80 0->0 0->16 0->0 0->0 0->0 0->0 0->0 0->0 0->0 0->0 0->0 0->0 0->0 0->0 0->0 0->0 0->0 
162->0 94->0 106->96 149->0 103->128 130->0 70->16 78->0 86->128 137->0 78->80 131->0 130->96 139->0 142->112 76->0 137->0 82->0 0->80 0->0 0->16 0->0 0->0 0->0 0->0 0->0 0->0 0->0 0->0 0->0 0->0 0->0 0->0 0->0 0->0 0->0 
78->0 130->0 86->96 140->0 148->128 80->0 150->16 74->0 102->128 144->0 77->80 88->0 171->96 88->0 81->112 177->0 89->0 162->0 0->80 0->0 0->16 0->0 0->0 0->0 0->0 0->0 0->0 0->0 0->0 0->0 0->0 0->0 0->0 0->0 0->0 0->0 
157->0 155->0 148->96 82->0 71->128 109->0 160->16 144->0 152->128 154->0 148->80 140->0 74->96 65->0 135->112 147->0 132->0 71->0 0->80 0->0 0->16 0->0 0->0 0->0 0->0 0->0 0->0 0->0 0->0 0->0 0->0 0->0 0->0 0->0 0->0 0->0 
71->0 78->0 140->96 160->0 139->128 0->0 158->16 140->0 139->128 139->0 66->80 130->0 153->96 81->0 139->112 73->0 130->0 133->0 0->80 0->0 0->16 0->0 0->0 0->0 0->0 0->0 0->0 0->0 0->0 0->0 0->0 0->0 0->0 0->0 0->0 0->0 
77->0 72->0 67->96 69->0 131->128 82->0 146->16 163->0 152->128 166->0 140->80 92->0 147->96 91->0 158->112 95->0 146->0 147->0 0->80 0->0 0->16 0->0 0->0 0->0 0->0 0->0 0->0 0->0 0->0 0->0 0->0 0->0 0->0 0->0 0->0 0->0 
140->0 98->0 133->96 101->0 83->128 94->0 143->16 138->0 73->128 165->0 97->80 159->0 150->96 65->0 88->112 74->0 114->0 70->0 0->80 0->0 0->16 0->0 0->0 0->0 0->0 0->0 0->0 0->0 0->0 0->0 0->0 0->0 0->0 0->0 0->0 0->0 
163->0 65->0 82->96 142->0 100->128 65->0 156->16 133->0 91->128 71->0 109->80 104->0 70->96 71->0 105->112 0->0 86->0 90->0 0->80 0->0 0->16 0->0 0->0 0->0 0->0 0->0 0->0 0->0 0->0 0->0 0->0 0->0 0->0 0->0 0->0 0->0 
0->0 0->0 0->96 0->0 0->128 0->0 147->16 160->0 158->128 88->0 146->80 152->0 144->96 109->0 138->112 139->0 139->0 66->0 152->80 112->0 146->16 74->0 130->0 102->0 0->0 0->0 0->0 0->0 0->0 0->0 0->0 0->0 0->0 0->0 0->0 0->0 
0->0 0->0 0->96 0->0 0->128 0->0 162->16 94->0 106->128 149->0 103->80 130->0 70->96 78->0 86->112 137->0 78->0 131->0 130->80 139->0 142->16 76->0 137->0 82->0 0->0 0->0 0->0 0->0 0->0 0->0 0->0 0->0 0->0 0->0 0->0 0->0 
0->0 0->0 0->96 0->0 0->128 0->0 78->16 130->0 86->128 140->0 148->80 80->0 150->96 74->0 102->112 144->0 77->0 88->0 171->80 88->0 81->16 177->0 89->0 162->0 0->0 0->0 0->0 0->0 0->0 0->0 0->0 0->0 0->0 0->0 0->0 0->0 
0->0 0->0 0->96 0->0 0->128 0->0 157->16 155->0 148->128 82->0 71->80 109->0 160->96 144->0 152->112 154->0 148->0 140->0 74->80 65->0 135->16 147->0 132->0 71->0 0->0 0->0 0->0 0->0 0->0 0->0 0->0 0->0 0->0 0->0 0->0 0->0 
0->0 0->0 0->96 0->0 0->128 0->0 71->16 78->0 140->128 160->0 139->80 0->0 158->96 140->0 139->112 139->0 66->0 130->0 153->80 81->0 139->16 73->0 130->0 133->0 0->0 0->0 0->0 0->0 0->0 0->0 0->0 0->0 0->0 0->0 0->0 0->0 
0->0 0->0 0->96 0->0 0->128 0->0 77->16 72->0 67->128 69->0 131->80 82->0 146->96 163->0 152->112 166->0 140->0 92->0 147->80 91->0 158->16 95->0 146->0 147->0 0->0 0->0 0->0 0->0 0->0 0->0 0->0 0->0 0->0 0->0 0->0 0->0 
0->0 0->0 0->96 0->0 0->128 0->0 140->16 98->0 133->128 101->0 83->80 94->0 143->96 138->0 73->112 165->0 97->0 159->0 150->80 65->0 88->16 74->0 114->0 70->0 0->0 0->0 0->0 0->0 0->0 0->0 0->0 0->0 0->0 0->0 0->0 0->0 
0->0 0->0 0->96 0->0 0->128 0->0 163->16 65->0 82->128 142->0 100->80 65->0 156->96 133->0 91->112 71->0 109->0 104->0 70->80 71->0 105->16 0->0 86->0 90->0 0->0 0->0 0->0 0->0 0->0 0->0 0->0 0->0 0->0 0->0 0->0 0->0 
0->0 0->0 0->96 0->0 0->128 0->0 0->16 0->0 0->128 0->0 0->80 0->0 147->96 160->0 158->112 88->0 146->0 152->0 144->80 109->0 138->16 139->0 139->0 66->0 152->0 112->0 146->0 74->0 130->0 102->0 0->0 0->0 0->0 0->0 0->0 0->0 
0->0 0->0 0->96 0->0 0->128 0->0 0->16 0->0 0->128 0->0 0->80 0->0 162->96 94->0 106->112 149->0 103->0 130->0 70->80 78->0 86->16 137->0 78->0 131->0 130->0 139->0 142->0 76->0 137->0 82->0 0->0 0->0 0->0 0->0 0->0 0->0 
0->0 0->0 0->96 0->0 0->128 0->0 0->16 0->0 0->128 0->0 0->80 0->0 78->96 130->0 86->112 140->0 148->0 80->0 150->80 74->0 102->16 144->0 77->0 88->0 171->0 88->0 81->0 177->0 89->0 162->0 0->0 0->0 0->0 0->0 0->0 0->0 
0->0 0->0 0->96 0->0 0->128 0->0 0->16 0->0 0->128 0->0 0->80 0->0 157->96 155->0 148->112 82->0 71->0 109->0 160->80 144->0 152->16 154->0 148->0 140->0 74->0 65->0 135->0 147->0 132->0 71->0 0->0 0->0 0->0 0->0 0->0 0->0 
0->0 0->0 0->96 0->0 0->128 0->0 0->16 0->0 0->128 0->0 0->80 0->0 71->96 78->0 140->112 160->0 139->0 0->0 158->80 140->0 139->16 139->0 66->0 130->0 153->0 81->0 139->0 73->0 130->0 133->0 0->0 0->0 0->0 0->0 0->0 0->0 
0->0 0->0 0->96 0->0 0->128 0->0 0->16 0->0 0->128 0->0 0->80 0->0 77->96 72->0 67->112 69->0 131->0 82->0 146->80 163->0 152->16 166->0 140->0 92->0 147->0 91->0 158->0 95->0 146->0 147->0 0->0 0->0 0->0 0->0 0->0 0->0 
0->0 0->0 0->96 0->0 0->128 0->0 0->16 0->0 0->128 0->0 0->80 0->0 140->96 98->0 133->112 101->0 83->0 94->0 143->80 138->0 73->16 165->0 97->0 159->0 150->0 65->0 88->0 74->0 114->0 70->0 0->0 0->0 0->0 0->0 0->0 0->0 
0->0 0->0 0->96 0->0 0->128 0->0 0->16 0->0 0->128 0->0 0->80 0->0 163->96 65->0 82->112 142->0 100->0 65->0 156->80 133->0 91->16 71->0 109->0 104->0 70->0 71->0 105->0 0->0 86->0 90->0 0->0 0->0 0->0 0->0 0->0 0->0 
0->0 0->0 0->96 0->0 0->128 0->0 0->16 0->0 0->128 0->0 0->80 0->0 0->96 0->0 0->112 0->0 0->0 0->0 147->80 160->0 158->16 88->0 146->0 152->0 144->0 109->0 138->0 139->0 139->0 66->0 152->0 112->0 146->0 74->0 130->0 102->0 
0->0 0->0 0->96 0->0 0->128 0->0 0->16 0->0 0->128 0->0 0->80 0->0 0->96 0->0 0->112 0->0 0->0 0->0 162->80 94->0 106->16 149->0 103->0 130->0 70->0 78->0 86->0 137->0 78->0 131->0 130->0 139->0 142->0 76->0 137->0 82->0 
0->0 0->0 0->96 0->0 0->128 0->0 0->16 0->0 0->128 0->0 0->80 0->0 0->96 0->0 0->112 0->0 0->0 0->0 78->80 130->0 86->16 140->0 148->0 80->0 150->0 74->0 102->0 144->0 77->0 88->0 171->0 88->0 81->0 177->0 89->0 162->0 
0->0 0->0 0->96 0->0 0->128 0->0 0->16 0->0 0->128 0->0 0->80 0->0 0->96 0->0 0->112 0->0 0->0 0->0 157->80 155->0 148->16 82->0 71->0 109->0 160->0 144->0 152->0 154->0 148->0 140->0 74->0 65->0 135->0 147->0 132->0 71->0 
0->0 0->0 0->96 0->0 0->128 0->0 0->16 0->0 0->128 0->0 0->80 0->0 0->96 0->0 0->112 0->0 0->0 0->0 71->80 78->0 140->16 160->0 139->0 0->0 158->0 140->0 139->0 139->0 66->0 130->0 153->0 81->0 139->0 73->0 130->0 133->0 
0->0 0->0 0->96 0->0 0->128 0->0 0->16 0->0 0->128 0->0 0->80 0->0 0->96 0->0 0->112 0->0 0->0 0->0 77->80 72->0 67->16 69->0 131->0 82->0 146->0 163->0 152->0 166->0 140->0 92->0 147->0 91->0 158->0 95->0 146->0 147->0 
0->0 0->0 0->96 0->0 0->128 0->0 0->16 0->0 0->128 0->0 0->80 0->0 0->96 0->0 0->112 0->0 0->0 0->0 140->80 98->0 133->16 101->0 83->0 94->0 143->0 138->0 73->0 165->0 97->0 159->0 150->0 65->0 88->0 74->0 114->0 70->0 
0->0 0->0 0->96 0->0 0->128 0->0 0->16 0->0 0->128 0->0 0->80 0->0 0->96 0->0 0->112 0->0 0->0 0->0 163->80 65->0 82->16 142->0 100->0 65->0 156->0 133->0 91->0 71->0 109->0 104->0 70->0 71->0 105->0 0->0 86->0 90->0 

147->0 160->0 158->0 88->0 146->0 152->0 144->0 109->0 138->0 139->0 139->0 66->0 152->64 112->0 146->0 74->0 130->0 102->0 0->112 0->0 0->64 0->0 0->0 0->0 0->96 0->0 0->128 0->0 0->0 0->0 0->16 0->0 0->144 0->0 0->0 0->0 
162->0 94->0 106->0 149->0 103->0 130->0 70->0 78->0 86->0 137->0 78->0 131->0 130->64 139->0 142->0 76->0 137->0 82->0 0->112 0->0 0->64 0->0 0->0 0->0 0->96 0->0 0->128 0->0 0->0 0->0 0->16 0->0 0->144 0->0 0->0 0->0 
78->0 130->0 86->0 140->0 148->0 80->0 150->0 74->0 102->0 144->0 77->0 88->0 171->64 88->0 81->0 177->0 89->0 162->0 0->112 0->0 0->64 0->0 0->0 0->0 0->96 0->0 0->128 0->0 0->0 0->0 0->16 0->0 0->144 0->0 0->0 0->0 
157->0 155->0 148->0 82->0 71->0 109->0 160->0 144->0 152->0 154->0 148->0 140->0 74->64 65->0 135->0 147->0 132->0 71->0 0->112 0->0 0->64 0->0 0->0 0->0 0->96 0->0 0->128 0->0 0->0 0->0 0->16 0->0 0->144 0->0 0->0 0->0 
71->0 78->0 140->0 160->0 139->0 0->0 158->0 140->0 139->0 139->0 66->0 130->0 153->64 81->0 139->0 73->0 130->0 133->0 0->112 0->0 0->64 0->0 0->0 0->0 0->96 0->0 0->128 0->0 0->0 0->0 0->16 0->0 0->144 0->0 0->0 0->0 
77->0 72->0 67->0 69->0 131->0 82->0 146->0 163->0 152->0 166->0 140->0 92->0 147->64 91->0 158->0 95->0 146->0 147->0 0->112 0->0 0->64 0->0 0->0 0->0 0->96 0->0 0->128 0->0 0->0 0->0 0->16 0->0 0->144 0->0 0->0 0->0 
140->0 98->0 133->0 101->0 83->0 94->0 143->0 138->0 73->0 165->0 97->0 159->0 150->64 65->0 88->0 74->0 114->0 70->0 0->112 0->0 0->64 0->0 0->0 0->0 0->96 0->0 0->128 0->0 0->0 0->0 0->16 0->0 0->144 0->0 0->0 0->0 
163->0 65->0 82->0 142->0 100->0 65->0 156->0 133->0 91->0 71->0 109->0 104->0 70->64 71->0 105->0 0->0 86->0 90->0 0->112 0->0 0->64 0->0 0->0 0->0 0->96 0->0 0->128 0->0 0->0 0->0 0->16 0->0 0->144 0->0 0->0 0->0 
0->0 0->0 0->0 0->0 0->0 0->0 147->0 160->0 158->0 88->0 146->0 152->0 144->64 109->0 138->0 139->0 139->0 66->0 152->112 112->0 146->64 74->0 130->0 102->0 0->96 0->0 0->128 0->0 0->0 0->0 0->16 0->0 0->144 0->0 0->0 0->0 
0->0 0->0 0->0 0->0 0->0 0->0 162->0 94->0 106->0 149->0 103->0 130->0 70->64 78->0 86->0 137->0 78->0 131->0 130->112 139->0 142->64 76->0 137->0 82->0 0->96 0->0 0->128 0->0 0->0 0->0 0->16 0->0 0->144 0->0 0->0 0->0 
0->0 0->0 0->0 0->0 0->0 0->0 78->0 130->0 86->0 140->0 148->0 80->0 150->64 74->0 102->0 144->0 77->0 88->0 171->112 88->0 81->64 177->0 89->0 162->0 0->96 0->0 0->128 0->0 0->0 0->0 0->16 0->0 0->144 0->0 0->0 0->0 
0->0 0->0 0->0 0->0 0->0 0->0 157->0 155->0 148->0 82->0 71->0 109->0 160->64 144->0 152->0 154->0 148->0 140->0 74->112 65->0 135->64 147->0 132->0 71->0 0->96 0->0 0->128 0->0 0->0 0->0 0->16 0->0 0->144 0->0 0->0 0->0 
0->0 0->0 0->0 0->0 0->0 0->0 71->0 78->0 140->0 160->0 139->0 0->0 158->64 140->0 139->0 139->0 66->0 130->0 153->112 81->0 139->64 73->0 130->0 133->0 0->96 0->0 0->128 0->0 0->0 0->0 0->16 0->0 0->144 0->0 0->0 0->0 
0->0 0->0 0->0 0->0 0->0 0->0 77->0 72->0 67->0 69->0 131->0 82->0 146->64 163->0 152->0 166->0 140->0 92->0 147->112 91->0 158->64 95->0 146->0 147->0 0->96 0->0 0->128 0->0 0->0 0->0 0->16 0->0 0->144 0->0 0->0 0->0 
0->0 0->0 0->0 0->0 0->0 0->0 140->0 98->0 133->0 101->0 83->0 94->0 143->64 138->0 73->0 165->0 97->0 159->0 150->112 65->0 88->64 74->0 114->0 70->0 0->96 0->0 0->128 0->0 0->0 0->0 0->16 0->0 0->144 0->0 0->0 0->0 
0->0 0->0 0->0 0->0 0->0 0->0 163->0 65->0 82->0 142->0 100->0 65->0 156->64 133->0 91->0 71->0 109->0 104->0 70->112 71->0 105->64 0->0 86->0 90->0 0->96 0->0 0->128 0->0 0->0 0->0 0->16 0->0 0->144 0->0 0->0 0->0 
0->0 0->0 0->0 0->0 0->0 0->0 0->0 0->0 0->0 0->0 0->0 0->0 147->64 160->0 158->0 88->0 146->0 152->0 144->112 109->0 138->64 139->0 139->0 66->0 152->96 112->0 146->128 74->0 130->0 102->0 0->16 0->0 0->144 0->0 0->0 0->0 
0->0 0->0 0->0 0->0 0->0 0->0 0->0 0->0 0->0 0->0 0->0 0->0 162->64 94->0 106->0 149->0 103->0 130->0 70->112 78->0 86->64 137->0 78->0 131->0 130->96 139->0 142->128 76->0 137->0 82->0 0->16 0->0 0->144 0->0 0->0 0->0 
0->0 0->0 0->0 0->0 0->0 0->0 0->0 0->0 0->0 0->0 0->0 0->0 78->64 130->0 86->0 140->0 148->0 80->0 150->112 74->0 102->64 144->0 77->0 88->0 171->96 88->0 81->128 177->0 89->0 162->0 0->16 0->0 0->144 0->0 0->0 0->0 
0->0 0->0 0->0 0->0 0->0 0->0 0->0 0->0 0->0 0->0 0->0 0->0 157->64 155->0 148->0 82->0 71->0 109->0 160->112 144->0 152->64 154->0 148->0 140->0 74->96 65->0 135->128 147->0 132->0 71->0 0->16 0->0 0->144 0->0 0->0 0->0 
0->0 0->0 0->0 0->0 0->0 0->0 0->0 0->0 0->0 0->0 0->0 0->0 71->64 78->0 140->0 160->0 139->0 0->0 158->112 140->0 139->64 139->0 66->0 130->0 153->96 81->0 139->128 73->0 130->0 133->0 0->16 0->0 0->144 0->0 0->0 0->0 
0->0 0->0 0->0 0->0 0->0 0->0 0->0 0->0 0->0 0->0 0->0 0->0 77->64 72->0 67->0 69->0 131->0 82->0 146->112 163->0 152->64 166->0 140->0 92->0 147->96 91->0 158->128 95->0 146->0 147->0 0->16 0->0 0->144 0->0 0->0 0->0 
0->0 0->0 0->0 0->0 0->0 0->0 0->0 0->0 0->0 0->0 0->0 0->0 140->64 98->0 133->0 101->0 83->0 94->0 143->112 138->0 73->64 165->0 97->0 159->0 150->96 65->0 88->128 74->0 114->0 70->0 0->16 0->0 0->144 0->0 0->0 0->0 
0->0 0->0 0->0 0->0 0->0 0->0 0->0 0->0 0->0 0->0 0->0 0->0 163->64 65->0 82->0 142->0 100->0 65->0 156->112 133->0 91->64 71->0 109->0 104->0 70->96 71->0 105->128 0->0 86->0 90->0 0->16 0->0 0->144 0->0 0->0 0->0 
0->0 0->0 0->0 0->0 0->0 0->0 0->0 0->0 0->0 0->0 0->0 0->0 0->64 0->0 0->0 0->0 0->0 0->0 147->112 160->0 158->64 88->0 146->0 152->0 144->96 109->0 138->128 139->0 139->0 66->0 152->16 112->0 146->144 74->0 130->0 102->0 
0->0 0->0 0->0 0->0 0->0 0->0 0->0 0->0 0->0 0->0 0->0 0->0 0->64 0->0 0->0 0->0 0->0 0->0 162->112 94->0 106->64 149->0 103->0 130->0 70->96 78->0 86->128 137->0 78->0 131->0 130->16 139->0 142->144 76->0 137->0 82->0 
0->0 0->0 0->0 0->0 0->0 0->0 0->0 0->0 0->0 0->0 0->0 0->0 0->64 0->0 0->0 0->0 0->0 0->0 78->112 130->0 86->64 140->0 148->0 80->0 150->96 74->0 102->128 144->0 77->0 88->0 171->16 88->0 81->144 177->0 89->0 162->0 
0->0 0->0 0->0 0->0 0->0 0->0 0->0 0->0 0->0 0->0 0->0 0->0 0->64 0->0 0->0 0->0 0->0 0->0 157->112 155->0 148->64 82->0 71->0 109->0 160->96 144->0 152->128 154->0 148->0 140->0 74->16 65->0 135->144 147->0 132->0 71->0 
0->0 0->0 0->0 0->0 0->0 0->0 0->0 0->0 0->0 0->0 0->0 0->0 0->64 0->0 0->0 0->0 0->0 0->0 71->112 78->0 140->64 160->0 139->0 0->0 158->96 140->0 139->128 139->0 66->0 130->0 153->16 81->0 139->144 73->0 130->0 133->0 
0->0 0->0 0->0 0->0 0->0 0->0 0->0 0->0 0->0 0->0 0->0 0->0 0->64 0->0 0->0 0->0 0->0 0->0 77->112 72->0 67->64 69->0 131->0 82->0 146->96 163->0 152->128 166->0 140->0 92->0 147->16 91->0 158->144 95->0 146->0 147->0 
0->0 0->0 0->0 0->0 0->0 0->0 0->0 0->0 0->0 0->0 0->0 0->0 0->64 0->0 0->0 0->0 0->0 0->0 140->112 98->0 133->64 101->0 83->0 94->0 143->96 138->0 73->128 165->0 97->0 159->0 150->16 65->0 88->144 74->0 114->0 70->0 
0->0 0->0 0->0 0->0 0->0 0->0 0->0 0->0 0->0 0->0 0->0 0->0 0->64 0->0 0->0 0->0 0->0 0->0 163->112 65->0 82->64 142->0 100->0 65->0 156->96 133->0 91->128 71->0 109->0 104->0 70->16 71->0 105->144 0->0 86->0 90->0 

147->96 160->0 158->128 88->0 146->0 152->0 144->16 109->0 138->144 139->0 139->0 66->0 152->0 112->0 146->144 74->0 130->0 102->0 0->0 0->0 0->144 0->0 0->0 0->0 0->96 0->0 0->128 0->0 0->0 0->0 0->128 0->0 0->80 0->0 0->0 0->0 
162->96 94->0 106->128 149->0 103->0 130->0 70->16 78->0 86->144 137->0 78->0 131->0 130->0 139->0 142->144 76->0 137->0 82->0 0->0 0->0 0->144 0->0 0->0 0->0 0->96 0->0 0->128 0->0 0->0 0->0 0->128 0->0 0->80 0->0 0->0 0->0 
78->96 130->0 86->128 140->0 148->0 80->0 150->16 74->0 102->144 144->0 77->0 88->0 171->0 88->0 81->144 177->0 89->0 162->0 0->0 0->0 0->144 0->0 0->0 0->0 0->96 0->0 0->128 0->0 0->0 0->0 0->128 0->0 0->80 0->0 0->0 0->0 
157->96 155->0 148->128 82->0 71->0 109->0 160->16 144->0 152->144 154->0 148->0 140->0 74->0 65->0 135->144 147->0 132->0 71->0 0->0 0->0 0->144 0->0 0->0 0->0 0->96 0->0 0->128 0->0 0->0 0->0 0->128 0->0 0->80 0->0 0->0 0->0 
71->96 78->0 140->128 160->0 139->0 0->0 158->16 140->0 139->144 139->0 66->0 130->0 153->0 81->0 139->144 73->0 130->0 133->0 0->0 0->0 0->144 0->0 0->0 0->0 0->96 0->0 0->128 0->0 0->0 0->0 0->128 0->0 0->80 0->0 0->0 0->0 
77->96 72->0 67->128 69->0 131->0 82->0 146->16 163->0 152->144 166->0 140->0 92->0 147->0 91->0 158->144 95->0 146->0 147->0 0->0 0->0 0->144 0->0 0->0 0->0 0->96 0->0 0->128 0->0 0->0 0->0 0->128 0->0 0->80 0->0 0->0 0->0 
140->96 98->0 133->128 101->0 83->0 94->0 143->16 138->0 73->144 165->0 97->0 159->0 150->0 65->0 88->144 74->0 114->0 70->0 0->0 0->0 0->144 0->0 0->0 0->0 0->96 0->0 0->128 0->0 0->0 0->0 0->128 0->0 0->80 0->0 0->0 0->0 
163->96 65->0 82->128 142->0 100->0 65->0 156->16 133->0 91->144 71->0 109->0 104->0 70->0 71->0 105->144 0->0 86->0 90->0 0->0 0->0 0->144 0->0 0->0 0->0 0->96 0->0 0->128 0->0 0->0 0->0 0->128 0->0 0->80 0->0 0->0 0->0 
0->96 0->0 0->128 0->0 0->0 0->0 147->16 160->0 158->144 88->0 146->0 152->0 144->0 109->0 138->144 139->0 139->0 66->0 152->0 112->0 146->144 74->0 130->0 102->0 0->96 0->0 0->128 0->0 0->0 0->0 0->128 0->0 0->80 0->0 0->0 0->0 
0->96 0->0 0->128 0->0 0->0 0->0 162->16 94->0 106->144 149->0 103->0 130->0 70->0 78->0 86->144 137->0 78->0 131->0 130->0 139->0 142->144 76->0 137->0 82->0 0->96 0->0 0->128 0->0 0->0 0->0 0->128 0->0 0->80 0->0 0->0 0->0 
0->96 0->0 0->128 0->0 0->0 0->0 78->16 130->0 86->144 140->0 148->0 80->0 150->0 74->0 102->144 144->0 77->0 88->0 171->0 88->0 81->144 177->0 89->0 162->0 0->96 0->0 0->128 0->0 0->0 0->0 0->128 0->0 0->80 0->0 0->0 0->0 
0->96 0->0 0->128 0->0 0->0 0->0 157->16 155->0 148->144 82->0 71->0 109->0 160->0 144->0 152->144 154->0 148->0 140->0 74->0 65->0 135->144 147->0 132->0 71->0 0->96 0->0 0->128 0->0 0->0 0->0 0->128 0->0 0->80 0->0 0->0 0->0 
0->96 0->0 0->128 0->0 0->0 0->0 71->16 78->0 140->144 160->0 139->0 0->0 158->0 140->0 139->144 139->0 66->0 130->0 153->0 81->0 139->144 73->0 130->0 133->0 0->96 0->0 0->128 0->0 0->0 0->0 0->128 0->0 0->80 0->0 0->0 0->0 
0->96 0->0 0->128 0->0 0->0 0->0 77->16 72->0 67->144 69->0 131->0 82->0 146->0 163->0 152->144 166->0 140->0 92->0 147->0 91->0 158->144 95->0 146->0 147->0 0->96 0->0 0->128 0->0 0->0 0->0 0->128 0->0 0->80 0->0 0->0 0->0 
0->96 0->0 0->128 0->0 0->0 0->0 140->16 98->0 133->144 101->0 83->0 94->0 143->0 138->0 73->144 165->0 97->0 159->0 150->0 65->0 88->144 74->0 114->0 70->0 0->96 0->0 0->128 0->0 0->0 0->0 0->128 0->0 0->80 0->0 0->0 0->0 
0->96 0->0 0->128 0->0 0->0 0->0 163->16 65->0 82->144 142->0 100->0 65->0 156->0 133->0 91->144 71->0 109->0 104->0 70->0 71->0 105->144 0->0 86->0 90->0 0->96 0->0 0->128 0->0 0->0 0->0 0->128 0->0 0->80 0->0 0->0 0->0 
0->96 0->0 0->128 0->0 0->0 0->0 0->16 0->0 0->144 0->0 0->0 0->0 147->0 160->0 158->144 88->0 146->0 152->0 144->0 109->0 138->144 139->0 139->0 66->0 152->96 112->0 146->128 74->0 130->0 102->0 0->128 0->0 0->80 0->0 0->0 0->0 
0->96 0->0 0->128 0->0 0->0 0->0 0->16 0->0 0->144 0->0 0->0 0->0 162->0 94->0 106->144 149->0 103->0 130->0 70->0 78->0 86->144 137->0 78->0 131->0 130->96 139->0 142->128 76->0 137->0 82->0 0->128 0->0 0->80 0->0 0->0 0->0 
0->96 0->0 0->128 0->0 0->0 0->0 0->16 0->0 0->144 0->0 0->0 0->0 78->0 130->0 86->144 140->0 148->0 80->0 150->0 74->0 102->144 144->0 77->0 88->0 171->96 88->0 81->128 177->0 89->0 162->0 0->128 0->0 0->80 0->0 0->0 0->0 
0->96 0->0 0->128 0->0 0->0 0->0 0->16 0->0 0->144 0->0 0->0 0->0 157->0 155->0 148->144 82->0 71->0 109->0 160->0 144->0 152->144 154->0 148->0 140->0 74->96 65->0 135->128 147->0 132->0 71->0 0->128 0->0 0->80 0->0 0->0 0->0 
0->96 0->0 0->128 0->0 0->0 0->0 0->16 0->0 0->144 0->0 0->0 0->0 71->0 78->0 140->144 160->0 139->0 0->0 158->0 140->0 139->144 139->0 66->0 130->0 153->96 81->0 139->128 73->0 130->0 133->0 0->128 0->0 0->80 0->0 0->0 0->0 
0->96 0->0 0->128 0->0 0->0 0->0 0->16 0->0 0->144 0->0 0->0 0->0 77->0 72->0 67->144 69->0 131->0 82->0 146->0 163->0 152->144 166->0 140->0 92->0 147->96 91->0 158->128 95->0 146->0 147->0 0->128 0->0 0->80 0->0 0->0 0->0 
0->96 0->0 0->128 0->0 0->0 0->0 0->16 0->0 0->144 0->0 0->0 0->0 140->0 98->0 133->144 101->0 83->0 94->0 143->0 138->0 73->144 165->0 97->0 159->0 150->96 65->0 88->128 74->0 114->0 70->0 0->128 0->0 0->80 0->0 0->0 0->0 
0->96 0->0 0->128 0->0 0->0 0->0 0->16 0->0 0->144 0->0 0->0 0->0 163->0 65->0 82->144 142->0 100->0 65->0 156->0 133->0 91->144 71->0 109->0 104->0 70->96 71->0 105->128 0->0 86->0 90->0 0->128 0->0 0->80 0->0 0->0 0->0 
0->96 0->0 0->128 0->0 0->0 0->0 0->16 0->0 0->144 0->0 0->0 0->0 0->0 0->0 0->144 0->0 0->0 0->0 147->0 160->0 158->144 88->0 146->0 152->0 144->96 109->0 138->128 139->0 139->0 66->0 152->128 112->0 146->80 74->0 130->0 102->0 
0->96 0->0 0->128 0->0 0->0 0->0 0->16 0->0 0->144 0->0 0->0 0->0 0->0 0->0 0->144 0->0 0->0 0->0 162->0 94->0 106->144 149->0 103->0 130->0 70->96 78->0 86->128 137->0 78->0 131->0 130->128 139->0 142->80 76->0 137->0 82->0 
0->96 0->0 0->128 0->0 0->0 0->0 0->16 0->0 0->144 0->0 0->0 0->0 0->0 0->0 0->144 0->0 0->0 0->0 78->0 130->0 86->144 140->0 148->0 80->0 150->96 74->0 102->128 144->0 77->0 88->0 171->128 88->0 81->80 177->0 89->0 162->0 
0->96 0->0 0->128 0->0 0->0 0->0 0->16 0->0 0->144 0->0 0->0 0->0 0->0 0->0 0->144 0->0 0->0 0->0 157->0 155->0 148->144 82->0 71->0 109->0 160->96 144->0 152->128 154->0 148->0 140->0 74->128 65->0 135->80 147->0 132->0 71->0 
0->96 0->0 0->128 0->0 0->0 0->0 0->16 0->0 0->144 0->0 0->0 0->0 0->0 0->0 0->144 0->0 0->0 0->0 71->0 78->0 140->144 160->0 139->0 0->0 158->96 140->0 139->128 139->0 66->0 130->0 153->128 81->0 139->80 73->0 130->0 133->0 
0->96 0->0 0->128 0->0 0->0 0->0 0->16 0->0 0->144 0->0 0->0 0->0 0->0 0->0 0->144 0->0 0->0 0->0 77->0 72->0 67->144 69->0 131->0 82->0 146->96 163->0 152->128 166->0 140->0 92->0 147->128 91->0 158->80 95->0 146->0 147->0 
0->96 0->0 0->128 0->0 0->0 0->0 0->16 0->0 0->144 0->0 0->0 0->0 0->0 0->0 0->144 0->0 0->0 0->0 140->0 98->0 133->144 101->0 83->0 94->0 143->96 138->0 73->128 165->0 97->0 159->0 150->128 65->0 88->80 74->0 114->0 70->0 
0->96 0->0 0->128 0->0 0->0 0->0 0->16 0->0 0->144 0->0 0->0 0->0 0->0 0->0 0->144 0->0 0->0 0->0 163->0 65->0 82->144 142->0 100->0 65->0 156->96 133->0 91->128 71->0 109->0 104->0 70->128 71->0 105->80 0->0 86->0 90->0 

147->96 160->0 158->128 88->0 146->0 152->0 144->128 109->0 138->80 139->0 139->0 66->0 152->112 112->0 146->0 74->0 130->0 102->0 0->16 0->0 0->0 0->0 0->0 0->0 0->0 0->0 0->0 0->0 0->0 0->0 0->0 0->0 0->0 0->0 0->0 0->0 
162->96 94->0 106->128 149->0 103->0 130->0 70->128 78->0 86->80 137->0 78->0 131->0 130->112 139->0 142->0 76->0 137->0 82->0 0->16 0->0 0->0 0->0 0->0 0->0 0->0 0->0 0->0 0->0 0->0 0->0 0->0 0->0 0->0 0->0 0->0 0->0 
78->96 130->0 86->128 140->0 148->0 80->0 150->128 74->0 102->80 144->0 77->0 88->0 171->112 88->0 81->0 177->0 89->0 162->0 0->16 0->0 0->0 0->0 0->0 0->0 0->0 0->0 0->0 0->0 0->0 0->0 0->0 0->0 0->0 0->0 0->0 0->0 
157->96 155->0 148->128 82->0 71->0 109->0 160->128 144->0 152->80 154->0 148->0 140->0 74->112 65->0 135->0 147->0 132->0 71->0 0->16 0->0 0->0 0->0 0->0 0->0 0->0 0->0 0->0 0->0 0->0 0->0 0->0 0->0 0->0 0->0 0->0 0->0 
71->96 78->0 140->128 160->0 139->0 0->0 158->128 140->0 139->80 139->0 66->0 130->0 153->112 81->0 139->0 73->0 130->0 133->0 0->16 0->0 0->0 0->0 0->0 0->0 0->0 0->0 0->0 0->0 0->0 0->0 0->0 0->0 0->0 0->0 0->0 0->0 
77->96 72->0 67->128 69->0 131->0 82->0 146->128 163->0 152->80 166->0 140->0 92->0 147->112 91->0 158->0 95->0 146->0 147->0 0->16 0->0 0->0 0->0 0->0 0->0 0->0 0->0 0->0 0->0 0->0 0->0 0->0 0->0 0->0 0->0 0->0 0->0 
140->96 98->0 133->128 101->0 83->0 94->0 143->128 138->0 73->80 165->0 97->0 159->0 150->112 65->0 88->0 74->0 114->0 70->0 0->16 0->0 0->0 0->0 0->0 0->0 0->0 0->0 0->0 0->0 0->0 0->0 0->0 0->0 0->0 0->0 0->0 0->0 
163->96 65->0 82->128 142->0 100->0 65->0 156->128 133->0 91->80 71->0 109->0 104->0 70->112 71->0 105->0 0->0 86->0 90->0 0->16 0->0 0->0 0->0 0->0 0->0 0->0 0->0 0->0 0->0 0->0 0->0 0->0 0->0 0->0 0->0 0->0 0->0 
0->96 0->0 0->128 0->0 0->0 0->0 147->128 160->0 158->80 88->0 146->0 152->0 144->112 109->0 138->0 139->0 139->0 66->0 152->16 112->0 146->0 74->0 130->0 102->0 0->0 0->0 0->0 0->0 0->0 0->0 0->0 0->0 0->0 0->0 0->0 0->0 
0->96 0->0 0->128 0->0 0->0 0->0 162->128 94->0 106->80 149->0 103->0 130->0 70->112 78->0 86->0 137->0 78->0 131->0 130->16 139->0 142->0 76->0 137->0 82->0 0->0 0->0 0->0 0->0 0->0 0->0 0->0 0->0 0->0 0->0 0->0 0->0 
0->96 0->0 0->128 0->0 0->0 0->0 78->128 130->0 86->80 140->0 148->0 80->0 150->112 74->0 102->0 144->0 77->0 88->0 171->16 88->0 81->0 177->0 89->0 162->0 0->0 0->0 0->0 0->0 0->0 0->0 0->0 0->0 0->0 0->0 0->0 0->0 
0->96 0->0 0->128 0->0 0->0 0->0 157->128 155->0 148->80 82->0 71->0 109->0 160->112 144->0 152->0 154->0 148->0 140->0 74->16 65->0 135->0 147->0 132->0 71->0 0->0 0->0 0->0 0->0 0->0 0->0 0->0 0->0 0->0 0->0 0->0 0->0 
0->96 0->0 0->128 0->0 0->0 0->0 71->128 78->0 140->80 160->0 139->0 0->0 158->112 140->0 139->0 139->0 66->0 130->0 153->16 81->0 139->0 73->0 130->0 133->0 0->0 0->0 0->0 0->0 0->0 0->0 0->0 0->0 0->0 0->0 0->0 0->0 
0->96 0->0 0->128 0->0 0->0 0->0 77->128 72->0 67->80 69->0 131->0 82->0 146->112 163->0 152->0 166->0 140->0 92->0 147->16 91->0 158->0 95->0 146->0 147->0 0->0 0->0 0->0 0->0 0->0 0->0 0->0 0->0 0->0 0->0 0->0 0->0 
0->96 0->0 0->128 0->0 0->0 0->0 140->128 98->0 133->80 101->0 83->0 94->0 143->112 138->0 73->0 165->0 97->0 159->0 150->16 65->0 88->0 74->0 114->0 70->0 0->0 0->0 0->0 0->0 0->0 0->0 0->0 0->0 0->0 0->0 0->0 0->0 
0->96 0->0 0->128 0->0 0->0 0->0 163->128 65->0 82->80 142->0 100->0 65->0 156->112 133->0 91->0 71->0 109->0 104->0 70->16 71->0 105->0 0->0 86->0 90->0 0->0 0->0 0->0 0->0 0->0 0->0 0->0 0->0 0->0 0->0 0->0 0->0 
0->96 0->0 0->128 0->0 0->0 0->0 0->128 0->0 0->80 0->0 0->0 0->0 147->112 160->0 158->0 88->0 146->0 152->0 144->16 109->0 138->0 139->0 139->0 66->0 152->0 112->0 146->0 74->0 130->0 102->0 0->0 0->0 0->0 0->0 0->0 0->0 
0->96 0->0 0->128 0->0 0->0 0->0 0->128 0->0 0->80 0->0 0->0 0->0 162->112 94->0 106->0 149->0 103->0 130->0 70->16 78->0 86->0 137->0 78->0 131->0 130->0 139->0 142->0 76->0 137->0 82->0 0->0 0->0 0->0 0->0 0->0 0->0 
0->96 0->0 0->128 0->0 0->0 0->0 0->128 0->0 0->80 0->0 0->0 0->0 78->112 130->0 86->0 140->0 148->0 80->0 150->16 74->0 102->0 144->0 77->0 88->0 171->0 88->0 81->0 177->0 89->0 162->0 0->0 0->0 0->0 0->0 0->0 0->0 
0->96 0->0 0->128 0->0 0->0 0->0 0->128 0->0 0->80 0->0 0->0 0->0 157->112 155->0 148->0 82->0 71->0 109->0 160->16 144->0 152->0 154->0 148->0 140->0 74->0 65->0 135->0 147->0 132->0 71->0 0->0 0->0 0->0 0->0 0->0 0->0 
0->96 0->0 0->128 0->0 0->0 0->0 0->128 0->0 0->80 0->0 0->0 0->0 71->112 78->0 140->0 160->0 139->0 0->0 158->16 140->0 139->0 139->0 66->0 130->0 153->0 81->0 139->0 73->0 130->0 133->0 0->0 0->0 0->0 0->0 0->0 0->0 
0->96 0->0 0->128 0->0 0->0 0->0 0->128 0->0 0->80 0->0 0->0 0->0 77->112 72->0 67->0 69->0 131->0 82->0 146->16 163->0 152->0 166->0 140->0 92->0 147->0 91->0 158->0 95->0 146->0 147->0 0->0 0->0 0->0 0->0 0->0 0->0 
0->96 0->0 0->128 0->0 0->0 0->0 0->128 0->0 0->80 0->0 0->0 0->0 140->112 98->0 133->0 101->0 83->0 94->0 143->16 138->0 73->0 165->0 97->0 159->0 150->0 65->0 88->0 74->0 114->0 70->0 0->0 0->0 0->0 0->0 0->0 0->0 
0->96 0->0 0->128 0->0 0->0 0->0 0->128 0->0 0->80 0->0 0->0 0->0 163->112 65->0 82->0 142->0 100->0 65->0 156->16 133->0 91->0 71->0 109->0 104->0 70->0 71->0 105->0 0->0 86->0 90->0 0->0 0->0 0->0 0->0 0->0 0->0 
0->96 0->0 0->128 0->0 0->0 0->0 0->128 0->0 0->80 0->0 0->0 0->0 0->112 0->0 0->0 0->0 0->0 0->0 147->16 160->0 158->0 88->0 146->0 152->0 144->0 109->0 138->0 139->0 139->0 66->0 152->0 112->0 146->0 74->0 130->0 102->0 
0->96 0->0 0->128 0->0 0->0 0->0 0->128 0->0 0->80 0->0 0->0 0->0 0->112 0->0 0->0 0->0 0->0 0->0 162->16 94->0 106->0 149->0 103->0 130->0 70->0 78->0 86->0 137->0 78->0 131->0 130->0 139->0 142->0 76->0 137->0 82->0 
0->96 0->0 0->128 0->0 0->0 0->0 0->128 0->0 0->80 0->0 0->0 0->0 0->112 0->0 0->0 0->0 0->0 0->0 78->16 130->0 86->0 140->0 148->0 80->0 150->0 74->0 102->0 144->0 77->0 88->0 171->0 88->0 81->0 177->0 89->0 162->0 
0->96 0->0 0->128 0->0 0->0 0->0 0->128 0->0 0->80 0->0 0->0 0->0 0->112 0->0 0->0 0->0 0->0 0->0 157->16 155->0 148->0 82->0 71->0 109->0 160->0 144->0 152->0 154->0 148->0 140->0 74->0 65->0 135->0 147->0 132->0 71->0 
0->96 0->0 0->128 0->0 0->0 0->0 0->128 0->0 0->80 0->0 0->0 0->0 0->112 0->0 0->0 0->0 0->0 0->0 71->16 78->0 140->0 160->0 139->0 0->0 158->0 140->0 139->0 139->0 66->0 130->0 153->0 81->0 139->0 73->0 130->0 133->0 
0->96 0->0 0->128 0->0 0->0 0->0 0->128 0->0 0->80 0->0 0->0 0->0 0->112 0->0 0->0 0->0 0->0 0->0 77->16 72->0 67->0 69->0 131->0 82->0 146->0 163->0 152->0 166->0 140->0 92->0 147->0 91->0 158->0 95->0 146->0 147->0 
0->96 0->0 0->128 0->0 0->0 0->0 0->128 0->0 0->80 0->0 0->0 0->0 0->112 0->0 0->0 0->0 0->0 0->0 140->16 98->0 133->0 101->0 83->0 94->0 143->0 138->0 73->0 165->0 97->0 159->0 150->0 65->0 88->0 74->0 114->0 70->0 
0->96 0->0 0->128 0->0 0->0 0->0 0->128 0->0 0->80 0->0 0->0 0->0 0->112 0->0 0->0 0->0 0->0 0->0 163->16 65->0 82->0 142->0 100->0 65->0 156->0 133->0 91->0 71->0 109->0 104->0 70->0 71->0 105->0 0->0 86->0 90->0 

147->0 160->0 158->0 88->0 146->0 152->0 144->0 109->0 138->0 139->0 139->0 66->0 152->0 112->0 146->0 74->0 130->0 102->0 0->64 0->0 0->0 0->0 0->0 0->0 0->128 0->0 0->0 0->0 0->0 0->0 0->144 0->0 0->0 0->0 0->0 0->0 
162->0 94->0 106->0 149->0 103->0 130->0 70->0 78->0 86->0 137->0 78->0 131->0 130->0 139->0 142->0 76->0 137->0 82->0 0->64 0->0 0->0 0->0 0->0 0->0 0->128 0->0 0->0 0->0 0->0 0->0 0->144 0->0 0->0 0->0 0->0 0->0 
78->0 130->0 86->0 140->0 148->0 80->0 150->0 74->0 102->0 144->0 77->0 88->0 171->0 88->0 81->0 177->0 89->0 162->0 0->64 0->0 0->0 0->0 0->0 0->0 0->128 0->0 0->0 0->0 0->0 0->0 0->144 0->0 0->0 0->0 0->0 0->0 
157->0 155->0 148->0 82->0 71->0 109->0 160->0 144->0 152->0 154->0 148->0 140->0 74->0 65->0 135->0 147->0 132->0 71->0 0->64 0->0 0->0 0->0 0->0 0->0 0->128 0->0 0->0 0->0 0->0 0->0 0->144 0->0 0->0 0->0 0->0 0->0 
71->0 78->0 140->0 160->0 139->0 0->0 158->0 140->0 139->0 139->0 66->0 130->0 153->0 81->0 139->0 73->0 130->0 133->0 0->64 0->0 0->0 0->0 0->0 0->0 0->128 0->0 0->0 0->0 0->0 0->0 0->144 0->0 0->0 0->0 0->0 0->0 
77->0 72->0 67->0 69->0 131->0 82->0 146->0 163->0 152->0 166->0 140->0 92->0 147->0 91->0 158->0 95->0 146->0 147->0 0->64 0->0 0->0 0->0 0->0 0->0 0->128 0->0 0->0 0->0 0->0 0->0 0->144 0->0 0->0 0->0 0->0 0->0 
140->0 98->0 133->0 101->0 83->0 94->0 143->0 138->0 73->0 165->0 97->0 159->0 150->0 65->0 88->0 74->0 114->0 70->0 0->64 0->0 0->0 0->0 0->0 0->0 0->128 0->0 0->0 0->0 0->0 0->0 0->144 0->0 0->0 0->0 0->0 0->0 
163->0 65->0 82->0 142->0 100->0 65->0 156->0 133->0 91->0 71->0 109->0 104->0 70->0 71->0 105->0 0->0 86->0 90->0 0->64 0->0 0->0 0->0 0->0 0->0 0->128 0->0 0->0 0->0 0->0 0->0 0->144 0->0 0->0 0->0 0->0 0->0 
0->0 0->0 0->0 0->0 0->0 0->0 147->0 160->0 158->0 88->0 146->0 152->0 144->0 109->0 138->0 139->0 139->0 66->0 152->64 112->0 146->0 74->0 130->0 102->0 0->128 0->0 0->0 0->0 0->0 0->0 0->144 0->0 0->0 0->0 0->0 0->0 
0->0 0->0 0->0 0->0 0->0 0->0 162->0 94->0 106->0 149->0 103->0 130->0 70->0 78->0 86->0 137->0 78->0 131->0 130->64 139->0 142->0 76->0 137->0 82->0 0->128 0->0 0->0 0->0 0->0 0->0 0->144 0->0 0->0 0->0 0->0 0->0 
0->0 0->0 0->0 0->0 0->0 0->0 78->0 130->0 86->0 140->0 148->0 80->0 150->0 74->0 102->0 144->0 77->0 88->0 171->64 88->0 81->0 177->0 89->0 162->0 0->128 0->0 0->0 0->0 0->0 0->0 0->144 0->0 0->0 0->0 0->0 0->0 
0->0 0->0 0->0 0->0 0->0 0->0 157->0 155->0 148->0 82->0 71->0 109->0 160->0 144->0 152->0 154->0 148->0 140->0 74->64 65->0 135->0 147->0 132->0 71->0 0->128 0->0 0->0 0->0 0->0 0->0 0->144 0->0 0->0 0->0 0->0 0->0 
0->0 0->0 0->0 0->0 0->0 0->0 71->0 78->0 140->0 160->0 139->0 0->0 158->0 140->0 139->0 139->0 66->0 130->0 153->64 81->0 139->0 73->0 130->0 133->0 0->128 0->0 0->0 0->0 0->0 0->0 0->144 0->0 0->0 0->0 0->0 0->0 
0->0 0->0 0->0 0->0 0->0 0->0 77->0 72->0 67->0 69->0 131->0 82->0 146->0 163->0 152->0 166->0 140->0 92->0 147->64 91->0 158->0 95->0 146->0 147->0 0->128 0->0 0->0 0->0 0->0 0->0 0->144 0->0 0->0 0->0 0->0 0->0 
0->0 0->0 0->0 0->0 0->0 0->0 140->0 98->0 133->0 101->0 83->0 94->0 143->0 138->0 73->0 165->0 97->0 159->0 150->64 65->0 88->0 74->0 114->0 70->0 0->128 0->0 0->0 0->0 0->0 0->0 0->144 0->0 0->0 0->0 0->0 0->0 
0->0 0->0 0->0 0->0 0->0 0->0 163->0 65->0 82->0 142->0 100->0 65->0 156->0 133->0 91->0 71->0 109->0 104->0 70->64 71->0 105->0 0->0 86->0 90->0 0->128 0->0 0->0 0->0 0->0 0->0 0->144 0->0 0->0 0->0 0->0 0->0 
0->0 0->0 0->0 0->0 0->0 0->0 0->0 0->0 0->0 0->0 0->0 0->0 147->0 160->0 158->0 88->0 146->0 152->0 144->64 109->0 138->0 139->0 139->0 66->0 152->128 112->0 146->0 74->0 130->0 102->0 0->144 0->0 0->0 0->0 0->0 0->0 
0->0 0->0 0->0 0->0 0->0 0->0 0->0 0->0 0->0 0->0 0->0 0->0 162->0 94->0 106->0 149->0 103->0 130->0 70->64 78->0 86->0 137->0 78->0 131->0 130->128 139->0 142->0 76->0 137->0 82->0 0->144 0->0 0->0 0->0 0->0 0->0 
0->0 0->0 0->0 0->0 0->0 0->0 0->0 0->0 0->0 0->0 0->0 0->0 78->0 130->0 86->0 140->0 148->0 80->0 150->64 74->0 102->0 144->0 77->0 88->0 171->128 88->0 81->0 177->0 89->0 162->0 0->144 0->0 0->0 0->0 0->0 0->0 
0->0 0->0 0->0 0->0 0->0 0->0 0->0 0->0 0->0 0->0 0->0 0->0 157->0 155->0 148->0 82->0 71->0 109->0 160->64 144->0 152->0 154->0 148->0 140->0 74->128 65->0 135->0 147->0 132->0 71->0 0->144 0->0 0->0 0->0 0->0 0->0 
0->0 0->0 0->0 0->0 0->0 0->0 0->0 0->0 0->0 0->0 0->0 0->0 71->0 78->0 140->0 160->0 139->0 0->0 158->64 140->0 139->0 139->0 66->0 130->0 153->128 81->0 139->0 73->0 130->0 133->0 0->144 0->0 0->0 0->0 0->0 0->0 
0->0 0->0 0->0 0->0 0->0 0->0 0->0 0->0 0->0 0->0 0->0 0->0 77->0 72->0 67->0 69->0 131->0 82->0 146->64 163->0 152->0 166->0 140->0 92->0 147->128 91->0 158->0 95->0 146->0 147->0 0->144 0->0 0->0 0->0 0->0 0->0 
0->0 0->0 0->0 0->0 0->0 0->0 0->0 0->0 0->0 0->0 0->0 0->0 140->0 98->0 133->0 101->0 83->0 94->0 143->64 138->0 73->0 165->0 97->0 159->0 150->128 65->0 88->0 74->0 114->0 70->0 0->144 0->0 0->0 0->0 0->0 0->0 
0->0 0->0 0->0 0->0 0->0 0->0 0->0 0->0 0->0 0->0 0->0 0->0 163->0 65->0 82->0 142->0 100->0 65->0 156->64 133->0 91->0 71->0 109->0 104->0 70->128 71->0 105->0 0->0 86->0 90->0 0->144 0->0 0->0 0->0 0->0 0->0 
0->0 0->0 0->0 0->0 0->0 0->0 0->0 0->0 0->0 0->0 0->0 0->0 0->0 0->0 0->0 0->0 0->0 0->0 147->64 160->0 158->0 88->0 146->0 152->0 144->128 109->0 138->0 139->0 139->0 66->0 152->144 112->0 146->0 74->0 130->0 102->0 
0->0 0->0 0->0 0->0 0->0 0->0 0->0 0->0 0->0 0->0 0->0 0->0 0->0 0->0 0->0 0->0 0->0 0->0 162->64 94->0 106->0 149->0 103->0 130->0 70->128 78->0 86->0 137->0 78->0 131->0 130->144 139->0 142->0 76->0 137->0 82->0 
0->0 0->0 0->0 0->0 0->0 0->0 0->0 0->0 0->0 0->0 0->0 0->0 0->0 0->0 0->0 0->0 0->0 0->0 78->64 130->0 86->0 140->0 148->0 80->0 150->128 74->0 102->0 144->0 77->0 88->0 171->144 88->0 81->0 177->0 89->0 162->0 
0->0 0->0 0->0 0->0 0->0 0->0 0->0 0->0 0->0 0->0 0->0 0->0 0->0 0->0 0->0 0->0 0->0 0->0 157->64 155->0 148->0 82->0 71->0 109->0 160->128 144->0 152->0 154->0 148->0 140->0 74->144 65->0 135->0 147->0 132->0 71->0 
0->0 0->0 0->0 0->0 0->0 0->0 0->0 0->0 0->0 0->0 0->0 0->0 0->0 0->0 0->0 0->0 0->0 0->0 71->64 78->0 140->0 160->0 139->0 0->0 158->128 140->0 139->0 139->0 66->0 130->0 153->144 81->0 139->0 73->0 130->0 133->0 
0->0 0->0 0->0 0->0 0->0 0->0 0->0 0->0 0->0 0->0 0->0 0->0 0->0 0->0 0->0 0->0 0->0 0->0 77->64 72->0 67->0 69->0 131->0 82->0 146->128 163->0 152->0 166->0 140->0 92->0 147->144 91->0 158->0 95->0 146->0 147->0 
0->0 0->0 0->0 0->0 0->0 0->0 0->0 0->0 0->0 0->0 0->0 0->0 0->0 0->0 0->0 0->0 0->0 0->0 140->64 98->0 133->0 101->0 83->0 94->0 143->128 138->0 73->0 165->0 97->0 159->0 150->144 65->0 88->0 74->0 114->0 70->0 
0->0 0->0 0->0 0->0 0->0 0->0 0->0 0->0 0->0 0->0 0->0 0->0 0->0 0->0 0->0 0->0 0->0 0->0 163->64 65->0 82->0 142->0 100->0 65->0 156->128 133->0 91->0 71->0 109->0 104->0 70->144 71->0 105->0 0->0 86->0 90->0 

147->128 160->0 158->0 88->0 146->0 152->0 144->144 109->0 138->0 139->0 139->0 66->0 152->144 112->0 146->0 74->0 130->0 102->0 0->144 0->0 0->0 0->0 0->0 0->0 0->128 0->0 0->0 0->0 0->0 0->0 0->80 0->0 0->0 0->0 0->0 0->0 
162->128 94->0 106->0 149->0 103->0 130->0 70->144 78->0 86->0 137->0 78->0 131->0 130->144 139->0 142->0 76->0 137->0 82->0 0->144 0->0 0->0 0->0 0->0 0->0 0->128 0->0 0->0 0->0 0->0 0->0 0->80 0->0 0->0 0->0 0->0 0->0 
78->128 130->0 86->0 140->0 148->0 80->0 150->144 74->0 102->0 144->0 77->0 88->0 171->144 88->0 81->0 177->0 89->0 162->0 0->144 0->0 0->0 0->0 0->0 0->0 0->128 0->0 0->0 0->0 0->0 0->0 0->80 0->0 0->0 0->0 0->0 0->0 
157->128 155->0 148->0 82->0 71->0 109->0 160->144 144->0 152->0 154->0 148->0 140->0 74->144 65->0 135->0 147->0 132->0 71->0 0->144 0->0 0->0 0->0 0->0 0->0 0->128 0->0 0->0 0->0 0->0 0->0 0->80 0->0 0->0 0->0 0->0 0->0 
71->128 78->0 140->0 160->0 139->0 0->0 158->144 140->0 139->0 139->0 66->0 130->0 153->144 81->0 139->0 73->0 130->0 133->0 0->144 0->0 0->0 0->0 0->0 0->0 0->128 0->0 0->0 0->0 0->0 0->0 0->80 0->0 0->0 0->0 0->0 0->0 
77->128 72->0 67->0 69->0 131->0 82->0 146->144 163->0 152->0 166->0 140->0 92->0 147->144 91->0 158->0 95->0 146->0 147->0 0->144 0->0 0->0 0->0 0->0 0->0 0->128 0->0 0->0 0->0 0->0 0->0 0->80 0->0 0->0 0->0 0->0 0->0 
140->128 98->0 133->0 101->0 83->0 94->0 143->144 138->0 73->0 165->0 97->0 159->0 150->144 65->0 88->0 74->0 114->0 70->0 0->144 0->0 0->0 0->0 0->0 0->0 0->128 0->0 0->0 0->0 0->0 0->0 0->80 0->0 0->0 0->0 0->0 0->0 
163->128 65->0 82->0 142->0 100->0 65->0 156->144 133->0 91->0 71->0 109->0 104->0 70->144 71->0 105->0 0->0 86->0 90->0 0->144 0->0 0->0 0->0 0->0 0->0 0->128 0->0 0->0 0->0 0->0 0->0 0->80 0->0 0->0 0->0 0->0 0->0 
0->128 0->0 0->0 0->0 0->0 0->0 147->144 160->0 158->0 88->0 146->0 152->0 144->144 109->0 138->0 139->0 139->0 66->0 152->144 112->0 146->0 74->0 130->0 102->0 0->128 0->0 0->0 0->0 0->0 0->0 0->80 0->0 0->0 0->0 0->0 0->0 
0->128 0->0 0->0 0->0 0->0 0->0 162->144 94->0 106->0 149->0 103->0 130->0 70->144 78->0 86->0 137->0 78->0 131->0 130->144 139->0 142->0 76->0 137->0 82->0 0->128 0->0 0->0 0->0 0->0 0->0 0->80 0->0 0->0 0->0 0->0 0->0 
0->128 0->0 0->0 0->0 0->0 0->0 78->144 130->0 86->0 140->0 148->0 80->0 150->144 74->0 102->0 144->0 77->0 88->0 171->144 88->0 81->0 177->0 89->0 162->0 0->128 0->0 0->0 0->0 0->0 0->0 0->80 0->0 0->0 0->0 0->0 0->0 
0->128 0->0 0->0 0->0 0->0 0->0 157->144 155->0 148->0 82->0 71->0 109->0 160->144 144->0 152->0 154->0 148->0 140->0 74->144 65->0 135->0 147->0 132->0 71->0 0->128 0->0 0->0 0->0 0->0 0->0 0->80 0->0 0->0 0->0 0->0 0->0 
0->128 0->0 0->0 0->0 0->0 0->0 71->144 78->0 140->0 160->0 139->0 0->0 158->144 140->0 139->0 139->0 66->0 130->0 153->144 81->0 139->0 73->0 130->0 133->0 0->128 0->0 0->0 0->0 0->0 0->0 0->80 0->0 0->0 0->0 0->0 0->0 
0->128 0->0 0->0 0->0 0->0 0->0 77->144 72->0 67->0 69->0 131->0 82->0 146->144 163->0 152->0 166->0 140->0 92->0 147->144 91->0 158->0 95->0 146->0 147->0 0->128 0->0 0->0 0->0 0->0 0->0 0->80 0->0 0->0 0->0 0->0 0->0 
0->128 0->0 0->0 0->0 0->0 0->0 140->144 98->0 133->0 101->0 83->0 94->0 143->144 138->0 73->0 165->0 97->0 159->0 150->144 65->0 88->0 74->0 114->0 70->0 0->128 0->0 0->0 0->0 0->0 0->0 0->80 0->0 0->0 0->0 0->0 0->0 
0->128 0->0 0->0 0->0 0->0 0->0 163->144 65->0 82->0 142->0 100->0 65->0 156->144 133->0 91->0 71->0 109->0 104->0 70->144 71->0 105->0 0->0 86->0 90->0 0->128 0->0 0->0 0->0 0->0 0->0 0->80 0->0 0->0 0->0 0->0 0->0 
0->128 0->0 0->0 0->0 0->0 0->0 0->144 0->0 0->0 0->0 0->0 0->0 147->144 160->0 158->0 88->0 146->0 152->0 144->144 109->0 138->0 139->0 139->0 66->0 152->128 112->0 146->0 74->0 130->0 102->0 0->80 0->0 0->0 0->0 0->0 0->0 
0->128 0->0 0->0 0->0 0->0 0->0 0->144 0->0 0->0 0->0 0->0 0->0 162->144 94->0 106->0 149->0 103->0 130->0 70->144 78->0 86->0 137->0 78->0 131->0 130->128 139->0 142->0 76->0 137->0 82->0 0->80 0->0 0->0 0->0 0->0 0->0 
0->128 0->0 0->0 0->0 0->0 0->0 0->144 0->0 0->0 0->0 0->0 0->0 78->144 130->0 86->0 140->0 148->0 80->0 150->144 74->0 102->0 144->0 77->0 88->0 171->128 88->0 81->0 177->0 89->0 162->0 0->80 0->0 0->0 0->0 0->0 0->0 
0->128 0->0 0->0 0->0 0->0 0->0 0->144 0->0 0->0 0->0 0->0 0->0 157->144 155->0 148->0 82->0 71->0 109->0 160->144 144->0 152->0 154->0 148->0 140->0 74->128 65->0 135->0 147->0 132->0 71->0 0->80 0->0 0->0 0->0 0->0 0->0 
0->128 0->0 0->0 0->0 0->0 0->0 0->144 0->0 0->0 0->0 0->0 0->0 71->144 78->0 140->0 160->0 139->0 0->0 158->144 140->0 139->0 139->0 66->0 130->0 153->128 81->0 139->0 73->0 130->0 133->0 0->80 0->0 0->0 0->0 0->0 0->0 
0->128 0->0 0->0 0->0 0->0 0->0 0->144 0->0 0->0 0->0 0->0 0->0 77->144 72->0 67->0 69->0 131->0 82->0 146->144 163->0 152->0 166->0 140->0 92->0 147->128 91->0 158->0 95->0 146->0 147->0 0->80 0->0 0->0 0->0 0->0 0->0 
0->128 0->0 0->0 0->0 0->0 0->0 0->144 0->0 0->0 0->0 0->0 0->0 140->144 98->0 133->0 101->0 83->0 94->0 143->144 138->0 73->0 165->0 97->0 159->0 150->128 65->0 88->0 74->0 114->0 70->0 0->80 0->0 0->0 0->0 0->0 0->0 
0->128 0->0 0->0 0->0 0->0 0->0 0->144 0->0 0->0 0->0 0->0 0->0 163->144 65->0 82->0 142->0 100->0 65->0 156->144 133->0 91->0 71->0 109->0 104->0 70->128 71->0 105->0 0->0 86->0 90->0 0->80 0->0 0->0 0->0 0->0 0->0 
0->128 0->0 0->0 0->0 0->0 0->0 0->144 0->0 0->0 0->0 0->0 0->0 0->144 0->0 0->0 0->0 0->0 0->0 147->144 160->0 158->0 88->0 146->0 152->0 144->128 109->0 138->0 139->0 139->0 66->0 152->80 112->0 146->0 74->0 130->0 102->0 
0->128 0->0 0->0 0->0 0->0 0->0 0->144 0->0 0->0 0->0 0->0 0->0 0->144 0->0 0->0 0->0 0->0 0->0 162->144 94->0 106->0 149->0 103->0 130->0 70->128 78->0 86->0 137->0 78->0 131->0 130->80 139->0 142->0 76->0 137->0 82->0 
0->128 0->0 0->0 0->0 0->0 0->0 0->144 0->0 0->0 0->0 0->0 0->0 0->144 0->0 0->0 0->0 0->0 0->0 78->144 130->0 86->0 140->0 148->0 80->0 150->128 74->0 102->0 144->0 77->0 88->0 171->80 88->0 81->0 177->0 89->0 162->0 
0->128 0->0 0->0 0->0 0->0 0->0 0->144 0->0 0->0 0->0 0->0 0->0 0->144 0->0 0->0 0->0 0->0 0->0 157->144 155->0 148->0 82->0 71->0 109->0 160->128 144->0 152->0 154->0 148->0 140->0 74->80 65->0 135->0 147->0 132->0 71->0 
0->128 0->0 0->0 0->0 0->0 0->0 0->144 0->0 0->0 0->0 0->0 0->0 0->144 0->0 0->0 0->0 0->0 0->0 71->144 78->0 140->0 160->0 139->0 0->0 158->128 140->0 139->0 139->0 66->0 130->0 153->80 81->0 139->0 73->0 130->0 133->0 
0->128 0->0 0->0 0->0 0->0 0->0 0->144 0->0 0->0 0->0 0->0 0->0 0->144 0->0 0->0 0->0 0->0 0->0 77->144 72->0 67->0 69->0 131->0 82->0 146->128 163->0 152->0 166->0 140->0 92->0 147->80 91->0 158->0 95->0 146->0 147->0 
0->128 0->0 0->0 0->0 0->0 0->0 0->144 0->0 0->0 0->0 0->0 0->0 0->144 0->0 0->0 0->0 0->0 0->0 140->144 98->0 133->0 101->0 83->0 94->0 143->128 138->0 73->0 165->0 97->0 159->0 150->80 65->0 88->0 74->0 114->0 70->0 
0->128 0->0 0->0 0->0 0->0 0->0 0->144 0->0 0->0 0->0 0->0 0->0 0->144 0->0 0->0 0->0 0->0 0->0 163->144 65->0 82->0 142->0 100->0 65->0 156->128 133->0 91->0 71->0 109->0 104->0 70->80 71->0 105->0 0->0 86->0 90->0 

147->128 160->0 158->0 88->0 146->0 152->0 144->80 109->0 138->0 139->0 139->0 66->0 152->0 112->0 146->0 74->0 130->0 102->0 0->0 0->0 0->0 0->0 0->0 0->0 0->0 0->0 0->0 0->0 0->0 0->0 0->0 0->0 0->0 0->0 0->0 0->0 
162->128 94->0 106->0 149->0 103->0 130->0 70->80 78->0 86->0 137->0 78->0 131->0 130->0 139->0 142->0 76->0 137->0 82->0 0->0 0->0 0->0 0->0 0->0 0->0 0->0 0->0 0->0 0->0 0->0 0->0 0->0 0->0 0->0 0->0 0->0 0->0 
78->128 130->0 86->0 140->0 148->0 80->0 150->80 74->0 102->0 144->0 77->0 88->0 171->0 88->0 81->0 177->0 89->0 162->0 0->0 0->0 0->0 0->0 0->0 0->0 0->0 0->0 0->0 0->0 0->0 0->0 0->0 0->0 0->0 0->0 0->0 0->0 
157->128 155->0 148->0 82->0 71->0 109->0 160->80 144->0 152->0 154->0 148->0 140->0 74->0 65->0 135->0 147->0 132->0 71->0 0->0 0->0 0->0 0->0 0->0 0->0 0->0 0->0 0->0 0->0 0->0 0->0 0->0 0->0 0->0 0->0 0->0 0->0 
71->128 78->0 140->0 160->0 139->0 0->0 158->80 140->0 139->0 139->0 66->0 130->0 153->0 81->0 139->0 73->0 130->0 133->0 0->0 0->0 0->0 0->0 0->0 0->0 0->0 0->0 0->0 0->0 0->0 0->0 0->0 0->0 0->0 0->0 0->0 0->0 
77->128 72->0 67->0 69->0 131->0 82->0 146->80 163->0 152->0 166->0 140->0 92->0 147->0 91->0 158->0 95->0 146->0 147->0 0->0 0->0 0->0 0->0 0->0 0->0 0->0 0->0 0->0 0->0 0->0 0->0 0->0 0->0 0->0 0->0 0->0 0->0 
140->128 98->0 133->0 101->0 83->0 94->0 143->80 138->0 73->0 165->0 97->0 159->0 150->0 65->0 88->0 74->0 114->0 70->0 0->0 0->0 0->0 0->0 0->0 0->0 0->0 0->0 0->0 0->0 0->0 0->0 0->0 0->0 0->0 0->0 0->0 0->0 
163->128 65->0 82->0 142->0 100->0 65->0 156->80 133->0 91->0 71->0 109->0 104->0 70->0 71->0 105->0 0->0 86->0 90->0 0->0 0->0 0->0 0->0 0->0 0->0 0->0 0->0 0->0 0->0 0->0 0->0 0->0 0->0 0->0 0->0 0->0 0->0 
0->128 0->0 0->0 0->0 0->0 0->0 147->80 160->0 158->0 88->0 146->0 152->0 144->0 109->0 138->0 139->0 139->0 66->0 152->0 112->0 146->0 74->0 130->0 102->0 0->0 0->0 0->0 0->0 0->0 0->0 0->0 0->0 0->0 0->0 0->0 0->0 
0->128 0->0 0->0 0->0 0->0 0->0 162->80 94->0 106->0 149->0 103->0 130->0 70->0 78->0 86->0 137->0 78->0 131->0 130->0 139->0 142->0 76->0 137->0 82->0 0->0 0->0 0->0 0->0 0->0 0->0 0->0 0->0 0->0 0->0 0->0 0->0 
0->128 0->0 0->0 0->0 0->0 0->0 78->80 130->0 86->0 140->0 148->0 80->0 150->0 74->0 102->0 144->0 77->0 88->0 171->0 88->0 81->0 177->0 89->0 162->0 0->0 0->0 0->0 0->0 0->0 0->0 0->0 0->0 0->0 0->0 0->0 0->0 
0->128 0->0 0->0 0->0 0->0 0->0 157->80 155->0 148->0 82->0 71->0 109->0 160->0 144->0 152->0 154->0 148->0 140->0 74->0 65->0 135->0 147->0 132->0 71->0 0->0 0->0 0->0 0->0 0->0 0->0 0->0 0->0 0->0 0->0 0->0 0->0 
0->128 0->0 0->0 0->0 0->0 0->0 71->80 78->0 140->0 160->0 139->0 0->0 158->0 140->0 139->0 139->0 66->0 130->0 153->0 81->0 139->0 73->0 130->0 133->0 0->0 0->0 0->0 0->0 0->0 0->0 0->0 0->0 0->0 0->0 0->0 0->0 
0->128 0->0 0->0 0->0 0->0 0->0 77->80 72->0 67->0 69->0 131->0 82->0 146->0 163->0 152->0 166->0 140->0 92->0 147->0 91->0 158->0 95->0 146->0 147->0 0->0 0->0 0->0 0->0 0->0 0->0 0->0 0->0 0->0 0->0 0->0 0->0 
0->128 0->0 0->0 0->0 0->0 0->0 140->80 98->0 133->0 101->0 83->0 94->0 143->0 138->0 73->0 165->0 97->0 159->0 150->0 65->0 88->0 74->0 114->0 70->0 0->0 0->0 0->0 0->0 0->0 0->0 0->0 0->0 0->0 0->0 0->0 0->0 
0->128 0->0 0->0 0->0 0->0 0->0 163->80 65->0 82->0 142->0 100->0 65->0 156->0 133->0 91->0 71->0 109->0 104->0 70->0 71->0 105->0 0->0 86->0 90->0 0->0 0->0 0->0 0->0 0->0 0->0 0->0 0->0 0->0 0->0 0->0 0->0 
0->128 0->0 0->0 0->0 0->0 0->0 0->80 0->0 0->0 0->0 0->0 0->0 147->0 160->0 158->0 88->0 146->0 152->0 144->0 109->0 138->0 139->0 139->0 66->0 152->0 112->0 146->0 74->0 130->0 102->0 0->0 0->0 0->0 0->0 0->0 0->0 
0->128 0->0 0->0 0->0 0->0 0->0 0->80 0->0 0->0 0->0 0->0 0->0 162->0 94->0 106->0 149->0 103->0 130->0 70->0 78->0 86->0 137->0 78->0 131->0 130->0 139->0 142->0 76->0 137->0 82->0 0->0 0->0 0->0 0->0 0->0 0->0 
0->128 0->0 0->0 0->0 0->0 0->0 0->80 0->0 0->0 0->0 0->0 0->0 78->0 130->0 86->0 140->0 148->0 80->0 150->0 74->0 102->0 144->0 77->0 88->0 171->0 88->0 81->0 177->0 89->0 162->0 0->0 0->0 0->0 0->0 0->0 0->0 
0->128 0->0 0->0 0->0 0->0 0->0 0->80 0->0 0->0 0->0 0->0 0->0 157->0 155->0 148->0 82->0 71->0 109->0 160->0 144->0 152->0 154->0 148->0 140->0 74->0 65->0 135->0 147->0 132->0 71->0 0->0 0->0 0->0 0->0 0->0 0->0 
0->128 0->0 0->0 0->0 0->0 0->0 0->80 0->0 0->0 0->0 0->0 0->0 71->0 78->0 140->0 160->0 139->0 0->0 158->0 140->0 139->0 139->0 66->0 130->0 153->0 81->0 139->0 73->0 130->0 133->0 0->0 0->0 0->0 0->0 0->0 0->0 
0->128 0->0 0->0 0->0 0->0 0->0 0->80 0->0 0->0 0->0 0->0 0->0 77->0 72->0 67->0 69->0 131->0 82->0 146->0 163->0 152->0 166->0 140->0 92->0 147->0 91->0 158->0 95->0 146->0 147->0 0->0 0->0 0->0 0->0 0->0 0->0 
0->128 0->0 0->0 0->0 0->0 0->0 0->80 0->0 0->0 0->0 0->0 0->0 140->0 98->0 133->0 101->0 83->0 94->0 143->0 138->0 73->0 165->0 97->0 159->0 150->0 65->0 88->0 74->0 114->0 70->0 0->0 0->0 0->0 0->0 0->0 0->0 
0->128 0->0 0->0 0->0 0->0 0->0 0->80 0->0 0->0 0->0 0->0 0->0 163->0 65->0 82->0 142->0 100->0 65->0 156->0 133->0 91->0 71->0 109->0 104->0 70->0 71->0 105->0 0->0 86->0 90->0 0->0 0->0 0->0 0->0 0->0 0->0 
0->128 0->0 0->0 0->0 0->0 0->0 0->80 0->0 0->0 0->0 0->0 0->0 0->0 0->0 0->0 0->0 0->0 0->0 147->0 160->0 158->0 88->0 146->0 152->0 144->0 109->0 138->0 139->0 139->0 66->0 152->0 112->0 146->0 74->0 130->0 102->0 
0->128 0->0 0->0 0->0 0->0 0->0 0->80 0->0 0->0 0->0 0->0 0->0 0->0 0->0 0->0 0->0 0->0 0->0 162->0 94->0 106->0 149->0 103->0 130->0 70->0 78->0 86->0 137->0 78->0 131->0 130->0 139->0 142->0 76->0 137->0 82->0 
0->128 0->0 0->0 0->0 0->0 0->0 0->80 0->0 0->0 0->0 0->0 0->0 0->0 0->0 0->0 0->0 0->0 0->0 78->0 130->0 86->0 140->0 148->0 80->0 150->0 74->0 102->0 144->0 77->0 88->0 171->0 88->0 81->0 177->0 89->0 162->0 
0->128 0->0 0->0 0->0 0->0 0->0 0->80 0->0 0->0 0->0 0->0 0->0 0->0 0->0 0->0 0->0 0->0 0->0 157->0 155->0 148->0 82->0 71->0 109->0 160->0 144->0 152->0 154->0 148->0 140->0 74->0 65->0 135->0 147->0 132->0 71->0 
0->128 0->0 0->0 0->0 0->0 0->0 0->80 0->0 0->0 0->0 0->0 0->0 0->0 0->0 0->0 0->0 0->0 0->0 71->0 78->0 140->0 160->0 139->0 0->0 158->0 140->0 139->0 139->0 66->0 130->0 153->0 81->0 139->0 73->0 130->0 133->0 
0->128 0->0 0->0 0->0 0->0 0->0 0->80 0->0 0->0 0->0 0->0 0->0 0->0 0->0 0->0 0->0 0->0 0->0 77->0 72->0 67->0 69->0 131->0 82->0 146->0 163->0 152->0 166->0 140->0 92->0 147->0 91->0 158->0 95->0 146->0 147->0 
0->128 0->0 0->0 0->0 0->0 0->0 0->80 0->0 0->0 0->0 0->0 0->0 0->0 0->0 0->0 0->0 0->0 0->0 140->0 98->0 133->0 101->0 83->0 94->0 143->0 138->0 73->0 165->0 97->0 159->0 150->0 65->0 88->0 74->0 114->0 70->0 
0->128 0->0 0->0 0->0 0->0 0->0 0->80 0->0 0->0 0->0 0->0 0->0 0->0 0->0 0->0 0->0 0->0 0->0 163->0 65->0 82->0 142->0 100->0 65->0 156->0 133->0 91->0 71->0 109->0 104->0 70->0 71->0 105->0 0->0 86->0 90->0 

@@@@@@@@@@@@@Convimage: 36
pool_layer->input_width: 12
leftover_number: 0
weights_number: 4
save image!!
done!
done!
done!
done!
outputS2_list generated!!freeConvLayer!
freePoolLayer!
[+] CNN setup finished!
inputs_mapping_Conv!!!!
done!
@@@@finish mapping
writing weights!

0->0 65->0 0->0 65->0 129->0 0->0 131->0 129->16 65->128 132->192 130->160 0->0 130->16 129->0 0->0 132->48 130->80 0->0 129->32 133->0 135->0 136->0 130->16 130->0 130->96 132->32 66->0 0->0 130->0 67->16 67->112 65->240 65->224 66->192 71->128 67->0 
0->0 131->0 133->0 129->0 67->0 66->0 131->0 132->16 132->128 68->192 72->160 76->0 130->16 129->0 134->0 66->48 68->80 68->0 65->32 65->0 129->0 67->0 65->16 131->0 130->96 129->32 67->0 66->0 130->0 130->16 130->112 65->240 67->224 66->192 129->128 0->0 
0->0 129->0 129->0 129->0 129->0 0->0 129->0 65->16 66->128 132->192 130->160 129->0 130->16 68->0 70->0 131->48 132->80 130->0 129->32 0->0 69->0 134->0 133->16 130->0 0->96 133->32 0->0 66->0 130->0 67->16 0->112 132->240 0->224 67->192 66->128 0->0 
0->0 129->0 129->0 130->0 130->0 129->0 129->0 129->16 0->128 0->192 66->160 132->0 0->16 129->0 66->0 129->48 66->80 130->0 129->32 138->0 132->0 67->0 70->16 72->0 66->96 0->32 131->0 65->0 68->0 69->16 69->112 70->240 66->224 131->192 131->128 0->0 
0->0 129->0 130->0 129->0 67->0 66->0 0->0 133->16 137->128 132->192 66->160 68->0 130->16 138->0 141->0 130->48 129->80 132->0 0->32 130->0 132->0 66->0 0->16 0->0 130->96 66->32 70->0 69->0 70->0 65->16 134->112 65->240 65->224 69->192 66->128 0->0 
0->0 130->0 131->0 131->0 129->0 0->0 129->0 130->16 135->128 134->192 67->160 66->0 129->16 129->0 65->0 133->48 66->80 66->0 130->32 137->0 134->0 130->0 130->16 0->0 0->96 133->32 133->0 133->0 134->0 131->16 70->112 69->240 66->224 65->192 133->128 131->0 
0->0 0->0 66->0 66->0 0->0 0->0 67->0 70->16 69->128 65->192 0->160 65->0 0->16 0->0 66->0 70->48 131->80 0->0 131->32 69->0 70->0 71->0 129->16 135->0 65->96 129->32 130->0 129->0 0->0 132->16 66->112 69->240 65->224 68->192 0->128 130->0 
129->0 131->0 132->0 130->0 66->0 65->0 132->0 134->16 131->128 68->192 69->160 72->0 0->16 68->0 130->0 132->48 68->80 73->0 66->32 66->0 129->0 66->0 67->16 0->0 131->96 0->32 0->0 0->0 134->0 132->16 132->112 0->240 66->224 65->192 65->128 0->0 
0->0 69->0 71->0 69->0 0->0 129->0 68->0 74->16 70->128 71->192 129->160 135->0 69->16 70->0 66->0 0->48 129->80 66->0 137->32 0->0 66->0 67->0 68->16 66->0 65->96 66->32 68->0 65->0 68->0 66->16 68->112 67->240 66->224 65->192 65->128 130->0 
0->0 129->0 130->0 130->0 129->0 0->0 132->0 138->16 130->128 130->192 65->160 0->0 131->16 131->0 131->0 132->48 131->80 0->0 69->32 70->0 72->0 70->0 0->16 0->0 129->96 68->32 66->0 129->0 133->0 132->16 132->112 0->240 65->224 130->192 65->128 68->0 
0->0 129->0 129->0 130->0 129->0 0->0 65->0 134->16 140->128 142->192 136->160 66->0 133->16 132->0 135->0 137->48 134->80 65->0 66->32 65->0 69->0 69->0 0->16 66->0 66->96 65->32 129->0 0->0 0->0 129->16 130->112 132->240 131->224 0->192 65->128 65->0 
0->0 129->0 129->0 0->0 0->0 0->0 130->0 66->16 75->128 73->192 68->160 131->0 66->16 67->0 66->0 69->48 65->80 129->0 65->32 65->0 66->0 129->0 131->16 131->0 131->96 0->32 67->0 0->0 131->0 134->16 65->112 131->240 131->224 134->192 131->128 0->0 
0->0 0->0 0->0 0->0 66->0 65->0 65->0 130->16 139->128 143->192 136->160 66->0 131->16 133->0 137->0 136->48 131->80 0->0 65->32 65->0 67->0 68->0 69->16 68->0 66->96 0->32 0->0 68->0 70->0 67->16 132->112 130->240 0->224 0->192 0->128 0->0 
0->0 65->0 65->0 65->0 0->0 0->0 131->0 134->16 132->128 130->192 65->160 0->0 135->16 130->0 130->0 132->48 138->80 132->0 65->32 67->0 74->0 71->0 132->16 0->0 69->96 70->32 0->0 65->0 65->0 65->16 130->112 0->240 66->224 132->192 131->128 69->0 
0->0 129->0 131->0 131->0 129->0 0->0 0->0 134->16 142->128 144->192 133->160 73->0 131->16 132->0 131->0 66->48 70->80 75->0 66->32 67->0 69->0 131->0 132->16 129->0 67->96 66->32 68->0 69->0 129->0 0->16 65->112 130->240 130->224 130->192 134->128 129->0 
0->0 0->0 0->0 129->0 0->0 0->0 69->0 68->16 140->128 139->192 137->160 0->0 67->16 66->0 0->0 65->48 129->80 0->0 67->32 0->0 68->0 0->0 69->16 70->0 65->96 130->32 131->0 0->0 68->0 65->16 131->112 135->240 130->224 65->192 129->128 129->0 
0->0 65->0 68->0 0->0 130->0 130->0 67->0 67->16 68->128 131->192 141->160 137->0 66->16 66->0 67->0 132->48 130->80 0->0 130->32 67->0 69->0 65->0 130->16 134->0 129->96 0->32 129->0 129->0 129->0 131->16 68->112 129->240 70->224 69->192 69->128 130->0 
0->0 66->0 65->0 65->0 0->0 129->0 65->0 72->16 73->128 69->192 65->160 130->0 0->16 66->0 65->0 0->48 131->80 130->0 131->32 133->0 133->0 137->0 0->16 68->0 130->96 0->32 67->0 66->0 67->0 69->16 67->112 129->240 65->224 131->192 129->128 0->0 
0->0 0->0 129->0 129->0 0->0 0->0 66->0 68->16 67->128 0->192 0->160 131->0 68->16 68->0 68->0 70->48 129->80 131->0 69->32 66->0 68->0 65->0 67->16 68->0 131->96 0->32 0->0 0->0 0->0 130->16 130->112 134->240 133->224 132->192 135->128 129->0 
0->0 129->0 0->0 0->0 0->0 129->0 132->0 132->16 69->128 70->192 68->160 129->0 130->16 65->0 68->0 71->48 68->80 65->0 130->32 67->0 0->0 66->0 133->16 134->0 67->96 70->32 66->0 129->0 132->0 134->16 68->112 68->240 66->224 131->192 134->128 132->0 
0->0 0->0 0->0 65->0 67->0 66->0 0->0 130->16 133->128 133->192 0->160 67->0 0->16 135->0 138->0 133->48 65->80 131->0 129->32 131->0 132->0 129->0 65->16 129->0 131->96 0->32 68->0 67->0 67->0 66->16 133->112 65->240 66->224 66->192 65->128 129->0 
0->0 0->0 0->0 129->0 129->0 0->0 0->0 65->16 67->128 69->192 66->160 131->0 65->16 131->0 129->0 68->48 0->80 131->0 0->32 130->0 137->0 141->0 134->16 130->0 132->96 136->32 136->0 133->0 129->0 66->16 67->112 67->240 67->224 0->192 66->128 66->0 
0->0 68->0 70->0 68->0 129->0 129->0 69->0 75->16 72->128 68->192 129->160 134->0 65->16 132->0 129->0 65->48 130->80 130->0 136->32 129->0 67->0 69->0 66->16 65->0 67->96 67->32 69->0 66->0 66->0 65->16 69->112 66->240 65->224 130->192 131->128 132->0 
65->0 69->0 68->0 69->0 65->0 0->0 130->0 65->16 65->128 68->192 70->160 131->0 129->16 66->0 65->0 129->48 133->80 131->0 132->32 131->0 129->0 130->0 0->16 72->0 66->96 65->32 67->0 68->0 70->0 74->16 0->112 130->240 0->224 130->192 0->128 68->0 
0->0 130->0 130->0 131->0 0->0 65->0 0->0 133->16 132->128 131->192 66->160 0->0 129->16 139->0 131->0 67->48 68->80 133->0 66->32 132->0 141->0 132->0 129->16 0->0 68->96 71->32 67->0 68->0 70->0 65->16 0->112 67->240 67->224 67->192 0->128 129->0 
0->0 129->0 129->0 129->0 0->0 0->0 0->0 66->16 65->128 65->192 0->160 65->0 67->16 73->0 70->0 134->48 67->80 70->0 66->32 66->0 132->0 134->0 73->16 70->0 132->96 132->32 130->0 129->0 131->0 132->16 130->112 129->240 65->224 129->192 131->128 130->0 
0->0 0->0 129->0 0->0 0->0 0->0 65->0 129->16 137->128 134->192 130->160 129->0 68->16 66->0 71->0 72->48 72->80 65->0 70->32 0->0 130->0 140->0 132->16 129->0 129->96 136->32 140->0 130->0 130->0 129->16 65->112 129->240 131->224 130->192 129->128 129->0 
0->0 129->0 129->0 129->0 0->0 0->0 0->0 0->16 0->128 65->192 0->160 0->0 130->16 0->0 65->0 0->48 129->80 0->0 65->32 65->0 67->0 65->0 0->16 66->0 131->96 134->32 132->0 129->0 0->0 131->16 65->112 65->240 131->224 140->192 139->128 129->0 
0->0 65->0 66->0 65->0 0->0 0->0 130->0 131->16 0->128 71->192 68->160 132->0 65->16 65->0 129->0 133->48 65->80 68->0 131->32 131->0 129->0 132->0 129->16 67->0 130->96 130->32 129->0 130->0 132->0 129->16 0->112 65->240 68->224 70->192 70->128 66->0 
0->0 130->0 129->0 65->0 66->0 65->0 65->0 67->16 66->128 67->192 66->160 71->0 65->16 67->0 129->0 65->48 68->80 72->0 131->32 68->0 70->0 71->0 66->16 137->0 129->96 129->32 0->0 130->0 132->0 135->16 0->112 68->240 65->224 66->192 66->128 130->0 
65->0 67->0 67->0 66->0 130->0 129->0 129->0 130->16 66->128 65->192 67->160 132->0 131->16 133->0 66->0 68->48 0->80 134->0 129->32 134->0 135->0 137->0 136->16 67->0 70->96 69->32 68->0 68->0 69->0 71->16 66->112 65->240 66->224 129->192 67->128 69->0 
0->0 130->0 132->0 0->0 65->0 65->0 131->0 130->16 66->128 68->192 72->160 73->0 131->16 0->0 67->0 69->48 68->80 0->0 68->32 66->0 129->0 66->0 130->16 131->0 65->96 130->32 129->0 129->0 129->0 65->16 129->112 130->240 65->224 68->192 0->128 65->0 

writing weights!

0->0 0->0 0->0 66->0 66->0 66->0 0->0 129->0 65->255 70->112 68->0 66->32 0->0 66->255 131->255 70->0 66->0 130->176 0->0 0->240 68->16 74->0 134->64 130->255 0->0 67->16 71->0 134->0 133->255 67->224 66->0 73->0 0->16 132->255 67->255 65->0 
0->0 65->0 68->0 74->0 79->0 70->0 129->0 129->0 67->255 70->112 71->0 65->32 130->0 130->255 129->255 131->0 138->0 132->176 0->0 0->240 67->16 133->0 131->64 130->255 0->0 131->16 65->0 0->0 65->255 65->224 130->0 133->0 129->16 129->255 130->255 66->0 
0->0 0->0 0->0 68->0 129->0 130->0 0->0 130->0 131->255 71->112 137->0 131->32 0->0 130->255 132->255 134->0 140->0 130->176 0->0 0->240 131->16 65->0 140->64 130->255 0->0 129->16 130->0 130->0 132->255 0->224 0->0 0->0 129->16 69->255 66->255 130->0 
0->0 0->0 130->0 132->0 133->0 130->0 0->0 130->0 129->255 132->112 137->0 132->32 129->0 129->255 0->255 0->0 131->0 68->176 129->0 66->240 71->16 65->0 67->64 72->255 129->0 65->16 66->0 67->0 131->255 68->224 0->0 131->0 67->16 65->255 132->255 130->0 
0->0 65->0 69->0 71->0 71->0 67->0 0->0 68->0 72->255 71->112 67->0 0->32 0->0 68->255 70->255 65->0 132->0 130->176 0->0 129->240 130->16 133->0 70->64 69->255 0->0 131->16 133->0 68->0 70->255 65->224 129->0 132->0 131->16 68->255 129->255 129->0 
0->0 0->0 0->0 0->0 65->0 67->0 0->0 131->0 135->255 66->112 0->0 66->32 0->0 133->255 134->255 70->0 65->0 67->176 0->0 65->240 72->16 65->0 0->64 66->255 129->0 65->16 68->0 72->0 66->255 133->224 0->0 66->0 68->16 70->255 66->255 130->0 
0->0 0->0 129->0 66->0 65->0 0->0 0->0 0->0 65->255 69->112 67->0 129->32 66->0 68->255 66->255 0->0 134->0 133->176 65->0 0->240 129->16 135->0 131->64 133->255 129->0 134->16 137->0 70->0 65->255 65->224 0->0 130->0 69->16 68->255 65->255 0->0 
0->0 0->0 66->0 70->0 73->0 68->0 129->0 133->0 129->255 65->112 69->0 67->32 132->0 139->255 136->255 131->0 65->0 66->176 130->0 134->240 65->16 66->0 131->64 131->255 0->0 129->16 66->0 133->0 0->255 65->224 130->0 132->0 129->16 0->255 66->255 67->0 
0->0 0->0 129->0 133->0 134->0 131->0 65->0 68->0 65->255 0->112 0->0 66->32 67->0 67->255 129->255 68->0 71->0 68->176 66->0 132->240 0->16 70->0 65->64 129->255 0->0 66->16 0->0 66->0 130->255 0->224 66->0 0->0 66->16 67->255 132->255 130->0 
0->0 0->0 129->0 130->0 131->0 129->0 0->0 0->0 68->255 131->112 132->0 130->32 129->0 132->255 131->255 129->0 71->0 67->176 132->0 137->240 138->16 73->0 68->64 130->255 130->0 131->16 65->0 131->0 131->255 130->224 129->0 66->0 66->16 129->255 0->255 68->0 
0->0 0->0 129->0 0->0 129->0 66->0 0->0 0->0 67->255 68->112 68->0 70->32 129->0 132->255 130->255 129->0 71->0 65->176 131->0 129->240 130->16 69->0 0->64 131->255 65->0 70->16 68->0 66->0 133->255 129->224 0->0 68->0 66->16 65->255 129->255 0->0 
0->0 0->0 129->0 130->0 131->0 131->0 0->0 132->0 133->255 135->112 129->0 131->32 0->0 66->255 67->255 66->0 71->0 0->176 0->0 66->240 65->16 67->0 68->64 130->255 129->0 129->16 66->0 66->0 130->255 133->224 129->0 69->0 70->16 68->255 130->255 0->0 
0->0 0->0 67->0 68->0 69->0 68->0 0->0 67->0 72->255 74->112 71->0 70->32 0->0 65->255 66->255 130->0 0->0 66->176 129->0 65->240 130->16 67->0 65->64 67->255 65->0 66->16 0->0 68->0 65->255 66->224 0->0 0->0 66->16 0->255 132->255 130->0 
0->0 0->0 129->0 130->0 130->0 129->0 0->0 66->0 69->255 65->112 129->0 130->32 129->0 131->255 66->255 134->0 66->0 130->176 131->0 132->240 136->16 67->0 67->64 131->255 0->0 67->16 68->0 66->0 132->255 130->224 65->0 67->0 70->16 0->255 131->255 67->0 
0->0 0->0 0->0 65->0 65->0 67->0 0->0 0->0 65->255 65->112 65->0 70->32 0->0 131->255 69->255 67->0 66->0 66->176 0->0 65->240 69->16 0->0 131->64 130->255 65->0 66->16 70->0 65->0 132->255 132->224 129->0 0->0 66->16 129->255 133->255 129->0 
0->0 0->0 129->0 129->0 129->0 65->0 0->0 0->0 0->255 66->112 70->0 71->32 65->0 66->255 71->255 133->0 65->0 67->176 66->0 75->240 65->16 0->0 67->64 66->255 67->0 71->16 130->0 0->0 0->255 129->224 0->0 129->0 0->16 70->255 65->255 130->0 
0->0 0->0 129->0 133->0 139->0 132->0 65->0 66->0 130->255 135->112 132->0 129->32 66->0 65->255 134->255 77->0 78->0 130->176 129->0 134->240 65->16 69->0 135->64 131->255 129->0 130->16 131->0 129->0 66->255 66->224 0->0 0->0 130->16 65->255 67->255 130->0 
0->0 0->0 129->0 129->0 129->0 0->0 0->0 0->0 132->255 65->112 68->0 66->32 0->0 65->255 67->255 66->0 65->0 129->176 65->0 70->240 73->16 68->0 131->64 65->255 65->0 70->16 69->0 129->0 131->255 0->224 66->0 70->0 66->16 129->255 133->255 130->0 
0->0 0->0 129->0 130->0 131->0 131->0 0->0 131->0 134->255 134->112 65->0 131->32 0->0 66->255 67->255 131->0 67->0 65->176 66->0 71->240 129->16 66->0 69->64 68->255 65->0 66->16 66->0 67->0 0->255 132->224 0->0 68->0 67->16 67->255 131->255 130->0 
0->0 0->0 130->0 133->0 133->0 131->0 0->0 131->0 132->255 135->112 131->0 131->32 0->0 0->255 66->255 68->0 65->0 0->176 129->0 132->240 0->16 129->0 67->64 131->255 130->0 134->16 0->0 68->0 70->255 132->224 129->0 129->0 68->16 67->255 129->255 129->0 
0->0 65->0 70->0 73->0 73->0 67->0 0->0 68->0 72->255 73->112 67->0 130->32 0->0 69->255 130->255 71->0 132->0 130->176 0->0 130->240 129->16 66->0 129->64 69->255 129->0 132->16 65->0 69->0 68->255 65->224 129->0 0->0 0->16 130->255 131->255 130->0 
0->0 0->0 130->0 132->0 131->0 129->0 0->0 65->0 129->255 131->112 129->0 129->32 0->0 70->255 73->255 66->0 65->0 131->176 65->0 71->240 72->16 0->0 0->64 130->255 0->0 65->16 0->0 129->0 68->255 66->224 0->0 65->0 67->16 68->255 67->255 0->0 
0->0 0->0 129->0 131->0 133->0 130->0 65->0 68->0 65->255 66->112 68->0 65->32 67->0 67->255 0->255 71->0 66->0 65->176 65->0 130->240 129->16 0->0 0->64 129->255 0->0 65->16 129->0 67->0 0->255 131->224 66->0 66->0 0->16 66->255 130->255 133->0 
0->0 0->0 0->0 131->0 129->0 129->0 0->0 70->0 69->255 0->112 134->0 133->32 65->0 66->255 66->255 65->0 0->0 129->176 65->0 129->240 0->16 70->0 65->64 67->255 65->0 69->16 70->0 65->0 132->255 65->224 68->0 66->0 66->16 133->255 135->255 65->0 
0->0 0->0 65->0 0->0 0->0 129->0 0->0 65->0 67->255 129->112 132->0 131->32 0->0 69->255 70->255 67->0 134->0 129->176 0->0 68->240 65->16 137->0 69->64 71->255 129->0 133->16 131->0 66->0 72->255 67->224 129->0 134->0 132->16 67->255 66->255 129->0 
0->0 0->0 0->0 65->0 0->0 65->0 0->0 132->0 131->255 0->112 70->0 71->32 129->0 135->255 131->255 0->0 71->0 74->176 0->0 130->240 133->16 71->0 68->64 65->255 0->0 65->16 67->0 129->0 0->255 132->224 129->0 0->0 67->16 66->255 66->255 130->0 
0->0 0->0 0->0 0->0 0->0 129->0 0->0 130->0 133->255 133->112 129->0 66->32 65->0 70->255 77->255 130->0 68->0 66->176 68->0 77->240 73->16 0->0 0->64 0->255 66->0 70->16 0->0 0->0 66->255 0->224 0->0 0->0 0->16 131->255 68->255 0->0 
0->0 0->0 0->0 129->0 0->0 0->0 0->0 130->0 136->255 129->112 69->0 0->32 0->0 130->255 135->255 69->0 71->0 129->176 0->0 65->240 66->16 71->0 68->64 129->255 0->0 129->16 73->0 69->0 134->255 131->224 0->0 74->0 73->16 132->255 138->255 129->0 
0->0 0->0 0->0 132->0 131->0 129->0 0->0 66->0 67->255 131->112 132->0 65->32 129->0 133->255 134->255 66->0 73->0 71->176 129->0 134->240 130->16 71->0 71->64 0->255 0->0 0->16 0->0 131->0 66->255 0->224 65->0 130->0 129->16 69->255 67->255 66->0 
0->0 0->0 0->0 68->0 71->0 67->0 0->0 130->0 131->255 68->112 74->0 70->32 0->0 131->255 133->255 66->0 0->0 131->176 0->0 133->240 66->16 133->0 135->64 138->255 129->0 131->16 132->0 0->0 66->255 129->224 130->0 133->0 65->16 68->255 65->255 66->0 
0->0 0->0 131->0 136->0 134->0 131->0 0->0 68->0 68->255 131->112 133->0 132->32 65->0 69->255 75->255 68->0 131->0 0->176 65->0 68->240 66->16 132->0 66->64 66->255 65->0 66->16 0->0 130->0 67->255 67->224 66->0 129->0 65->16 66->255 66->255 66->0 
0->0 0->0 0->0 68->0 72->0 66->0 129->0 132->0 0->255 66->112 0->0 132->32 130->0 129->255 0->255 138->0 143->0 137->176 0->0 70->240 0->16 139->0 139->64 131->255 0->0 130->16 133->0 131->0 0->255 67->224 129->0 131->0 129->16 0->255 68->255 66->0 

writing weights!

0->0 130->16 66->64 66->112 66->255 65->0 0->0 131->0 131->0 65->0 132->255 65->255 0->0 130->96 136->0 66->0 138->32 131->255 129->0 131->255 137->0 130->0 139->0 132->208 0->0 133->255 131->160 73->32 129->0 0->16 0->0 0->0 69->0 68->0 69->16 65->0 
0->0 67->16 130->64 133->112 130->255 0->0 0->0 67->0 66->0 137->0 135->255 131->255 0->0 68->96 70->0 65->0 66->32 129->255 130->0 129->255 69->0 68->0 0->0 0->208 130->0 67->255 68->160 66->32 129->0 66->16 0->0 129->0 130->0 132->0 133->16 0->0 
0->0 0->16 68->64 68->112 136->255 129->0 0->0 130->0 66->0 70->0 137->255 129->255 0->0 129->96 130->0 75->0 137->32 129->255 0->0 129->255 134->0 74->0 135->0 130->208 0->0 0->255 136->160 78->32 66->0 129->16 0->0 0->0 129->0 74->0 70->16 0->0 
0->0 131->16 131->64 66->112 67->255 67->0 129->0 65->0 68->0 66->0 66->255 68->255 129->0 66->96 70->0 0->0 132->32 70->255 133->0 0->255 0->0 130->0 133->0 71->208 131->0 70->255 71->160 131->32 136->0 0->16 0->0 65->0 68->0 129->0 134->16 131->0 
0->0 67->16 0->64 133->112 67->255 65->0 0->0 0->0 132->0 136->0 131->255 130->255 0->0 65->96 130->0 131->0 69->32 67->255 130->0 66->255 71->0 67->0 66->0 0->208 0->0 130->255 69->160 65->32 66->0 129->16 0->0 129->0 133->0 131->0 131->16 129->0 
0->0 129->16 130->64 67->112 70->255 67->0 0->0 129->0 66->0 66->0 66->255 66->255 0->0 129->96 65->0 72->0 132->32 65->255 130->0 132->255 132->0 70->0 132->0 130->208 130->0 65->255 69->160 0->32 132->0 131->16 0->0 66->0 72->0 66->0 131->16 130->0 
0->0 67->16 69->64 129->112 130->255 129->0 129->0 132->0 130->0 0->0 137->255 131->255 0->0 132->96 131->0 67->0 66->32 131->255 71->0 68->255 131->0 0->0 68->0 129->208 69->0 69->255 131->160 65->32 132->0 131->16 0->0 66->0 131->0 130->0 132->16 129->0 
0->0 129->16 132->64 65->112 0->255 65->0 129->0 69->0 69->0 131->0 0->255 65->255 0->0 74->96 81->0 69->0 130->32 0->255 132->0 132->255 69->0 72->0 65->0 0->208 133->0 65->255 68->160 70->32 67->0 65->16 0->0 129->0 67->0 66->0 0->16 0->0 
0->0 129->16 69->64 71->112 69->255 0->0 0->0 132->0 67->0 0->0 65->255 0->255 129->0 136->96 134->0 0->0 130->32 132->255 66->0 133->255 130->0 68->0 66->0 65->208 67->0 65->255 129->160 71->32 65->0 65->16 0->0 66->0 131->0 131->0 130->16 130->0 
0->0 133->16 134->64 130->112 130->255 129->0 130->0 134->0 135->0 69->0 67->255 65->255 0->0 72->96 70->0 65->0 66->32 0->255 129->0 69->255 68->0 131->0 0->0 131->208 130->0 131->255 133->160 65->32 65->0 65->16 0->0 129->0 66->0 71->0 72->16 68->0 
65->0 67->16 70->64 66->112 65->255 66->0 0->0 70->0 69->0 68->0 0->255 130->255 129->0 65->96 67->0 66->0 131->32 131->255 129->0 130->255 67->0 67->0 0->0 130->208 129->0 132->255 133->160 66->32 65->0 129->16 0->0 0->0 68->0 69->0 67->16 66->0 
0->0 131->16 136->64 134->112 132->255 132->0 0->0 132->0 132->0 68->0 69->255 65->255 0->0 0->96 132->0 130->0 66->32 67->255 65->0 66->255 130->0 130->0 0->0 130->208 0->0 130->255 134->160 65->32 66->0 130->16 0->0 0->0 66->0 71->0 71->16 66->0 
65->0 70->16 71->64 66->112 66->255 66->0 65->0 72->0 70->0 130->0 132->255 131->255 0->0 65->96 67->0 129->0 129->32 65->255 129->0 0->255 67->0 65->0 129->0 65->208 0->0 130->255 130->160 0->32 130->0 129->16 0->0 0->0 129->0 129->0 131->16 0->0 
0->0 131->16 131->64 66->112 65->255 129->0 130->0 132->0 130->0 68->0 70->255 131->255 0->0 65->96 70->0 66->0 69->32 131->255 0->0 65->255 66->0 67->0 68->0 0->208 129->0 0->255 136->160 0->32 70->0 67->16 0->0 131->0 132->0 66->0 73->16 69->0 
0->0 67->16 66->64 65->112 132->255 65->0 65->0 69->0 70->0 0->0 134->255 65->255 0->0 65->96 0->0 0->0 132->32 132->255 0->0 65->255 69->0 66->0 133->0 130->208 129->0 68->255 130->160 0->32 130->0 129->16 0->0 129->0 0->0 0->0 130->16 0->0 
65->0 70->16 69->64 0->112 0->255 66->0 68->0 78->0 75->0 0->0 66->255 130->255 0->0 129->96 67->0 129->0 66->32 129->255 129->0 130->255 65->0 0->0 67->0 0->208 0->0 132->255 133->160 129->32 129->0 130->16 0->0 0->0 65->0 68->0 0->16 0->0 
129->0 131->16 67->64 72->112 67->255 131->0 129->0 133->0 131->0 74->0 65->255 134->255 129->0 130->96 134->0 66->0 129->32 129->255 66->0 0->255 132->0 66->0 67->0 65->208 68->0 67->255 65->160 68->32 66->0 130->16 0->0 67->0 65->0 130->0 0->16 130->0 
0->0 65->16 67->64 0->112 131->255 0->0 65->0 67->0 69->0 68->0 130->255 129->255 0->0 133->96 137->0 129->0 132->32 132->255 130->0 135->255 135->0 131->0 132->0 129->208 129->0 134->255 131->160 66->32 130->0 129->16 0->0 129->0 68->0 69->0 65->16 130->0 
0->0 65->16 134->64 135->112 135->255 131->0 67->0 68->0 67->0 65->0 68->255 0->255 65->0 65->96 129->0 129->0 71->32 67->255 129->0 0->255 132->0 133->0 0->0 65->208 129->0 133->255 135->160 133->32 131->0 131->16 0->0 130->0 66->0 74->0 70->16 0->0 
129->0 132->16 133->64 0->112 129->255 131->0 130->0 137->0 136->0 69->0 66->255 67->255 0->0 129->96 65->0 66->0 70->32 65->255 69->0 69->255 65->0 129->0 68->0 129->208 67->0 70->255 66->160 130->32 130->0 133->16 0->0 65->0 129->0 0->0 0->16 129->0 
0->0 66->16 66->64 132->112 0->255 0->0 0->0 129->0 132->0 134->0 136->255 131->255 0->0 65->96 133->0 65->0 0->32 67->255 129->0 65->255 129->0 70->0 131->0 0->208 0->0 129->255 66->160 71->32 65->0 129->16 0->0 0->0 129->0 130->0 130->16 130->0 
0->0 0->16 67->64 66->112 65->255 65->0 0->0 65->0 129->0 70->0 67->255 65->255 0->0 129->96 130->0 135->0 65->32 129->255 129->0 0->255 69->0 136->0 65->0 129->208 129->0 130->255 69->160 135->32 129->0 65->16 0->0 0->0 67->0 129->0 130->16 0->0 
0->0 65->16 68->64 69->112 69->255 65->0 65->0 132->0 135->0 129->0 0->255 0->255 129->0 137->96 142->0 131->0 130->32 132->255 68->0 0->255 133->0 65->0 67->0 0->208 69->0 65->255 131->160 65->32 130->0 131->16 0->0 66->0 129->0 131->0 131->16 131->0 
129->0 131->16 66->64 66->112 67->255 0->0 129->0 133->0 66->0 65->0 67->255 131->255 0->0 132->96 65->0 65->0 65->32 131->255 132->0 134->255 0->0 66->0 133->0 0->208 130->0 131->255 129->160 65->32 67->0 69->16 0->0 131->0 133->0 132->0 66->16 65->0 
0->0 65->16 129->64 129->112 67->255 66->0 0->0 129->0 133->0 129->0 66->255 66->255 0->0 0->96 131->0 131->0 66->32 72->255 0->0 72->255 72->0 134->0 0->0 69->208 0->0 67->255 75->160 135->32 133->0 129->16 0->0 65->0 129->0 132->0 135->16 130->0 
0->0 0->16 0->64 66->112 67->255 66->0 66->0 73->0 74->0 0->0 0->255 68->255 0->0 70->96 76->0 66->0 134->32 0->255 130->0 131->255 66->0 68->0 0->0 131->208 131->0 136->255 65->160 67->32 69->0 132->16 0->0 65->0 71->0 71->0 129->16 129->0 
0->0 66->16 65->64 134->112 131->255 0->0 68->0 71->0 72->0 132->0 66->255 67->255 65->0 0->96 129->0 134->0 66->32 67->255 0->0 65->255 0->0 133->0 0->0 0->208 0->0 129->255 0->160 132->32 0->0 129->16 0->0 0->0 65->0 131->0 66->16 0->0 
0->0 0->16 131->64 0->112 130->255 130->0 0->0 0->0 133->0 129->0 67->255 66->255 0->0 129->96 136->0 131->0 0->32 66->255 0->0 129->255 136->0 135->0 136->0 130->208 0->0 133->255 132->160 138->32 137->0 130->16 0->0 129->0 72->0 67->0 134->16 0->0 
129->0 134->16 131->64 73->112 72->255 67->0 129->0 130->0 131->0 67->0 72->255 67->255 0->0 68->96 73->0 131->0 0->32 0->255 132->0 134->255 69->0 68->0 65->0 0->208 131->0 130->255 71->160 72->32 70->0 66->16 0->0 0->0 66->0 65->0 66->16 0->0 
0->0 65->16 129->64 65->112 66->255 65->0 129->0 0->0 65->0 131->0 133->255 130->255 0->0 0->96 66->0 68->0 66->32 136->255 68->0 130->255 129->0 71->0 74->0 0->208 66->0 66->255 65->160 66->32 66->0 0->16 0->0 66->0 131->0 134->0 135->16 129->0 
129->0 132->16 66->64 69->112 70->255 65->0 129->0 134->0 134->0 67->0 71->255 67->255 0->0 133->96 133->0 137->0 0->32 0->255 129->0 65->255 69->0 134->0 130->0 66->208 129->0 65->255 69->160 132->32 0->0 68->16 0->0 129->0 130->0 132->0 65->16 66->0 
0->0 66->16 65->64 132->112 132->255 129->0 0->0 66->0 68->0 130->0 130->255 129->255 0->0 67->96 71->0 69->0 129->32 0->255 0->0 66->255 69->0 0->0 0->0 65->208 129->0 68->255 67->160 129->32 130->0 66->16 0->0 129->0 129->0 129->0 130->16 65->0 

writing weights!

129->0 131->64 130->224 0->208 0->240 65->64 0->0 0->0 132->0 131->128 131->0 130->48 131->0 129->0 130->0 131->112 132->32 130->0 65->0 0->0 134->0 130->16 67->0 67->0 131->16 133->0 135->224 131->160 70->0 68->0 68->112 66->240 67->80 72->48 70->0 66->0 
129->0 0->64 132->224 131->208 131->240 65->64 131->0 135->0 132->0 70->128 73->0 69->48 132->0 132->0 130->0 71->112 75->32 75->0 0->0 65->0 130->0 65->16 69->0 0->0 130->16 66->0 129->224 68->160 67->0 130->0 129->112 65->240 69->80 65->48 129->0 129->0 
0->0 130->64 65->224 69->208 133->240 131->64 0->0 0->0 131->0 130->128 130->0 129->48 130->0 0->0 132->0 131->112 131->32 130->0 130->0 129->0 131->0 130->16 65->0 0->0 129->16 0->0 65->224 129->160 65->0 65->0 65->112 131->240 70->80 69->48 67->0 65->0 
129->0 65->64 65->224 67->208 66->240 66->64 129->0 130->0 130->0 0->128 130->0 66->48 131->0 65->0 129->0 131->112 131->32 136->0 134->0 141->0 134->0 129->16 66->0 130->0 131->16 139->0 129->224 71->160 69->0 65->0 69->112 67->240 65->80 67->48 0->0 0->0 
0->0 131->64 137->224 136->208 136->240 132->64 0->0 130->0 134->0 130->128 68->0 68->48 130->0 137->0 135->0 0->112 72->32 67->0 132->0 141->0 138->0 130->16 0->0 131->0 129->16 0->0 134->224 66->160 129->0 130->0 132->112 0->240 68->80 68->48 0->0 129->0 
0->0 130->64 130->224 69->208 71->240 67->64 129->0 133->0 136->0 132->128 131->0 0->48 129->0 0->0 136->0 136->112 131->32 132->0 133->0 136->0 137->0 133->16 130->0 132->0 133->16 139->0 135->224 129->160 134->0 131->0 69->112 66->240 67->80 134->48 133->0 129->0 
65->0 0->64 65->224 69->208 65->240 0->64 0->0 67->0 67->0 129->128 130->0 132->48 65->0 0->0 65->0 65->112 67->32 68->0 69->0 71->0 75->0 74->16 66->0 131->0 65->16 77->0 76->224 71->160 130->0 132->0 67->112 66->240 130->80 0->48 132->0 131->0 
130->0 0->64 66->224 66->208 66->240 68->64 132->0 136->0 131->0 71->128 70->0 68->48 133->0 130->0 0->0 70->112 69->32 68->0 65->0 71->0 129->0 134->16 66->0 65->0 132->16 132->0 132->224 0->160 67->0 130->0 0->112 66->240 67->80 130->48 130->0 129->0 
0->0 0->64 67->224 67->208 66->240 129->64 65->0 70->0 72->0 69->128 131->0 133->48 74->0 78->0 74->0 66->112 131->32 66->0 68->0 68->0 66->0 67->16 65->0 69->0 133->16 131->0 67->224 65->160 67->0 67->0 68->112 68->240 0->80 67->48 66->0 65->0 
129->0 132->64 66->224 67->208 66->240 0->64 129->0 130->0 135->0 137->128 129->0 0->48 136->0 139->0 0->0 129->112 129->32 133->0 65->0 70->0 69->0 135->16 134->0 130->0 67->16 68->0 70->224 132->160 133->0 0->0 130->112 129->240 133->80 133->48 129->0 65->0 
0->0 65->64 65->224 66->208 67->240 68->64 129->0 130->0 131->0 134->128 134->0 132->48 130->0 136->0 133->0 131->112 135->32 130->0 129->0 129->0 66->0 131->16 131->0 129->0 68->16 67->0 68->224 130->160 129->0 65->0 0->112 131->240 131->80 129->48 65->0 0->0 
65->0 0->64 66->224 69->208 70->240 129->64 65->0 66->0 129->0 129->128 69->0 66->48 130->0 66->0 66->0 0->112 0->32 132->0 129->0 130->0 0->0 131->16 132->0 131->0 65->16 66->0 0->224 134->160 133->0 131->0 132->112 135->240 136->80 135->48 131->0 129->0 
0->0 65->64 132->224 135->208 135->240 65->64 0->0 129->0 129->0 130->128 129->0 0->48 0->0 132->0 129->0 65->112 129->32 67->0 0->0 130->0 130->0 132->16 129->0 0->0 68->16 66->0 0->224 65->160 0->0 65->0 129->112 129->240 65->80 68->48 66->0 0->0 
130->0 133->64 129->224 67->208 129->240 130->64 129->0 0->0 130->0 133->128 130->0 131->48 133->0 131->0 65->0 67->112 130->32 129->0 129->0 72->0 73->0 133->16 138->0 65->0 69->16 70->0 75->224 130->160 130->0 68->0 65->112 0->240 132->80 131->48 70->0 67->0 
0->0 129->64 133->224 132->208 129->240 68->64 129->0 130->0 0->0 0->128 65->0 67->48 129->0 133->0 135->0 0->112 65->32 72->0 0->0 67->0 67->0 68->16 68->0 67->0 69->16 68->0 67->224 129->160 130->0 129->0 68->112 67->240 66->80 129->48 129->0 129->0 
67->0 70->64 0->224 130->208 0->240 67->64 67->0 67->0 71->0 66->128 130->0 131->48 70->0 66->0 129->0 132->112 133->32 67->0 66->0 67->0 65->0 68->16 129->0 0->0 69->16 68->0 65->224 130->160 65->0 0->0 130->112 134->240 131->80 0->48 129->0 129->0 
0->0 0->64 67->224 65->208 0->240 131->64 0->0 67->0 0->0 133->128 135->0 131->48 67->0 68->0 130->0 139->112 139->32 133->0 129->0 66->0 65->0 129->16 0->0 129->0 129->16 65->0 68->224 67->160 131->0 131->0 65->112 67->240 66->80 129->48 132->0 130->0 
0->0 69->64 67->224 69->208 66->240 67->64 65->0 66->0 65->0 65->128 130->0 132->48 67->0 71->0 72->0 132->112 132->32 65->0 65->0 66->0 135->0 0->16 65->0 68->0 130->16 132->0 134->224 135->160 70->0 69->0 130->112 129->240 0->80 66->48 68->0 66->0 
67->0 67->64 0->224 65->208 65->240 130->64 69->0 70->0 69->0 67->128 70->0 66->48 67->0 68->0 67->0 133->112 129->32 0->0 66->0 68->0 68->0 65->16 133->0 130->0 67->16 66->0 129->224 135->160 131->0 129->0 135->112 137->240 136->80 133->48 130->0 129->0 
129->0 131->64 68->224 71->208 70->240 0->64 130->0 0->0 0->0 130->128 65->0 65->48 133->0 131->0 129->0 129->112 65->32 131->0 65->0 68->0 76->0 68->16 65->0 132->0 0->16 69->0 72->224 66->160 135->0 132->0 68->112 66->240 130->80 134->48 135->0 130->0 
0->0 131->64 138->224 137->208 138->240 135->64 0->0 130->0 135->0 0->128 71->0 69->48 130->0 133->0 132->0 65->112 72->32 68->0 130->0 138->0 137->0 132->16 0->0 129->0 131->16 131->0 136->224 0->160 0->0 129->0 131->112 67->240 69->80 70->48 66->0 0->0 
0->0 67->64 68->224 69->208 67->240 67->64 65->0 0->0 66->0 131->128 130->0 129->48 65->0 131->0 130->0 131->112 133->32 133->0 65->0 129->0 137->0 129->16 66->0 65->0 130->16 136->0 138->224 0->160 66->0 65->0 130->112 130->240 0->80 129->48 65->0 65->0 
65->0 129->64 130->224 0->208 66->240 130->64 66->0 73->0 70->0 0->128 134->0 134->48 72->0 73->0 72->0 65->112 132->32 0->0 0->0 134->0 66->0 69->16 65->0 65->0 0->16 67->0 67->224 65->160 129->0 65->0 67->112 66->240 129->80 67->48 0->0 0->0 
131->0 130->64 129->224 129->208 134->240 131->64 0->0 0->0 65->0 68->128 66->0 129->48 65->0 69->0 71->0 69->112 67->32 67->0 129->0 129->0 131->0 133->16 130->0 72->0 131->16 134->0 134->224 131->160 71->0 76->0 65->112 67->240 0->80 67->48 74->0 71->0 
0->0 0->64 132->224 131->208 129->240 129->64 0->0 0->0 130->0 133->128 0->0 68->48 130->0 138->0 138->0 131->112 67->32 132->0 134->0 145->0 132->0 67->16 67->0 133->0 66->16 132->0 134->224 67->160 130->0 130->0 65->112 67->240 70->80 68->48 130->0 130->0 
65->0 68->64 68->224 67->208 69->240 70->64 65->0 130->0 67->0 69->128 129->0 66->48 66->0 70->0 66->0 0->112 131->32 130->0 66->0 71->0 65->0 136->16 129->0 0->0 129->16 134->0 140->224 134->160 130->0 130->0 131->112 131->240 129->80 132->48 132->0 129->0 
66->0 66->64 131->224 131->208 0->240 67->64 68->0 67->0 70->0 74->128 73->0 67->48 67->0 130->0 135->0 132->112 131->32 65->0 69->0 66->0 130->0 70->16 65->0 129->0 67->16 132->0 138->224 129->160 129->0 129->0 130->112 132->240 131->80 65->48 129->0 0->0 
0->0 129->64 130->224 65->208 70->240 0->64 65->0 66->0 0->0 129->128 65->0 65->48 0->0 66->0 65->0 65->112 66->32 130->0 131->0 0->0 129->0 129->16 130->0 129->0 65->16 67->0 0->224 132->160 129->0 129->0 134->112 136->240 132->80 131->48 130->0 0->0 
130->0 131->64 65->224 66->208 66->240 66->64 0->0 131->0 130->0 0->128 131->0 65->48 0->0 67->0 67->0 66->112 133->32 135->0 129->0 129->0 133->0 136->16 0->0 67->0 135->16 143->0 139->224 132->160 65->0 66->0 66->112 67->240 67->80 67->48 67->0 66->0 
0->0 65->64 66->224 67->208 68->240 66->64 131->0 131->0 67->0 68->128 65->0 131->48 0->0 66->0 66->0 69->112 71->32 72->0 68->0 73->0 70->0 69->16 70->0 0->0 131->16 70->0 70->224 72->160 0->0 134->0 66->112 67->240 66->80 130->48 133->0 131->0 
130->0 129->64 67->224 67->208 66->240 65->64 65->0 68->0 66->0 133->128 132->0 130->48 0->0 129->0 65->0 65->112 131->32 135->0 132->0 137->0 129->0 67->16 65->0 67->0 65->16 135->0 132->224 131->160 65->0 70->0 67->112 68->240 66->80 68->48 71->0 68->0 
129->0 66->64 67->224 66->208 0->240 66->64 130->0 132->0 0->0 67->128 69->0 67->48 133->0 133->0 129->0 72->112 70->32 70->0 0->0 66->0 71->0 71->16 70->0 0->0 65->16 68->0 68->224 67->160 66->0 129->0 130->112 0->240 65->80 65->48 0->0 0->0 

writing weights!

0->0 0->0 65->0 0->0 0->0 0->0 129->0 65->0 0->128 65->240 129->192 0->0 130->0 129->0 69->48 130->112 0->64 0->0 129->0 131->0 134->32 129->0 68->0 131->0 131->48 135->0 65->0 131->0 133->0 129->64 69->128 69->240 68->240 67->224 68->224 69->96 
0->0 129->0 129->0 0->0 65->0 65->0 132->0 135->0 132->128 73->240 77->192 77->0 130->0 130->0 130->48 67->112 69->64 69->0 66->0 66->0 129->32 65->0 65->0 132->0 129->48 130->0 67->0 0->0 65->0 131->64 0->128 66->240 68->240 0->224 65->224 129->96 
0->0 0->0 129->0 0->0 0->0 0->0 129->0 66->0 65->128 131->240 130->192 130->0 129->0 129->0 66->48 132->112 133->64 132->0 130->0 65->0 69->32 130->0 133->0 130->0 129->48 132->0 130->0 129->0 130->0 129->64 0->128 135->240 0->240 67->224 68->224 65->96 
0->0 0->0 0->0 0->0 0->0 0->0 130->0 132->0 131->128 0->240 65->192 134->0 131->0 132->0 131->48 129->112 0->64 131->0 131->0 141->0 129->32 66->0 68->0 71->0 129->48 131->0 129->0 70->0 72->0 69->64 68->128 68->240 66->240 130->224 129->224 0->96 
0->0 0->0 129->0 0->0 65->0 65->0 0->0 131->0 132->128 65->240 70->192 70->0 130->0 136->0 136->48 132->112 129->64 129->0 130->0 135->0 136->32 131->0 132->0 130->0 0->48 67->0 67->0 66->0 68->0 67->64 133->128 130->240 65->240 67->224 68->224 0->96 
0->0 129->0 129->0 0->0 0->0 0->0 129->0 133->0 139->128 134->240 0->192 0->0 130->0 131->0 133->48 133->112 66->64 67->0 131->0 137->0 133->32 132->0 0->0 66->0 131->48 137->0 135->0 129->0 132->0 131->64 70->128 70->240 67->240 65->224 131->224 131->96 
0->0 0->0 0->0 0->0 0->0 0->0 67->0 71->0 68->128 0->240 0->192 66->0 129->0 66->0 67->48 65->112 0->64 130->0 131->0 71->0 71->32 70->0 130->0 135->0 129->48 131->0 130->0 130->0 129->0 132->64 69->128 66->240 66->240 65->224 0->224 129->96 
0->0 129->0 129->0 0->0 65->0 0->0 134->0 138->0 132->128 69->240 72->192 71->0 0->0 0->0 134->48 131->112 69->64 72->0 68->0 66->0 65->32 0->0 67->0 67->0 130->48 132->0 131->0 131->0 130->0 134->64 129->128 65->240 67->240 68->224 68->224 129->96 
0->0 66->0 67->0 0->0 129->0 0->0 69->0 76->0 72->128 65->240 132->192 135->0 71->0 74->0 0->48 65->112 0->64 67->0 133->0 133->0 130->32 0->0 67->0 67->0 130->48 130->0 0->0 66->0 66->0 68->64 68->128 70->240 66->240 70->224 0->224 66->96 
0->0 0->0 0->0 0->0 0->0 0->0 131->0 137->0 131->128 129->240 130->192 130->0 133->0 139->0 134->48 131->112 131->64 129->0 69->0 69->0 67->32 69->0 67->0 68->0 68->48 67->0 67->0 65->0 131->0 134->64 131->128 130->240 130->240 131->224 65->224 0->96 
0->0 0->0 129->0 129->0 0->0 0->0 0->0 131->0 136->128 138->240 134->192 66->0 132->0 134->0 140->48 140->112 134->64 0->0 0->0 66->0 69->32 66->0 68->0 65->0 67->48 67->0 65->0 65->0 130->0 0->64 0->128 131->240 130->240 129->224 130->224 130->96 
0->0 0->0 0->0 0->0 0->0 0->0 0->0 65->0 68->128 69->240 129->192 131->0 0->0 66->0 70->48 71->112 65->64 0->0 0->0 66->0 65->32 66->0 130->0 65->0 129->48 0->0 66->0 0->0 129->0 133->64 130->128 134->240 134->240 134->224 137->224 132->96 
0->0 0->0 0->0 0->0 0->0 0->0 0->0 0->0 132->128 134->240 0->192 69->0 129->0 131->0 135->48 141->112 132->64 0->0 65->0 65->0 0->32 130->0 68->0 65->0 67->48 66->0 66->0 69->0 69->0 69->64 130->128 0->240 0->240 65->224 0->224 129->96 
0->0 65->0 65->0 0->0 0->0 0->0 130->0 134->0 132->128 129->240 0->192 0->0 133->0 134->0 134->48 133->112 137->64 133->0 129->0 67->0 69->32 68->0 130->0 0->0 70->48 71->0 68->0 72->0 66->0 0->64 129->128 0->240 0->240 132->224 0->224 0->96 
0->0 0->0 129->0 129->0 0->0 0->0 129->0 131->0 137->128 136->240 0->192 71->0 130->0 133->0 131->48 68->112 70->64 73->0 65->0 67->0 66->32 130->0 0->0 129->0 68->48 65->0 68->0 69->0 0->0 129->64 69->128 68->240 65->240 131->224 133->224 132->96 
0->0 0->0 0->0 0->0 0->0 0->0 66->0 67->0 131->128 137->240 133->192 65->0 69->0 69->0 67->48 0->112 131->64 0->0 67->0 68->0 68->32 130->0 68->0 67->0 66->48 66->0 0->0 129->0 68->0 70->64 131->128 133->240 131->240 0->224 131->224 131->96 
0->0 0->0 0->0 129->0 129->0 0->0 67->0 69->0 65->128 140->240 141->192 137->0 66->0 0->0 134->48 138->112 132->64 0->0 130->0 65->0 70->32 68->0 132->0 129->0 129->48 66->0 66->0 129->0 133->0 132->64 129->128 130->240 0->240 67->224 70->224 66->96 
0->0 65->0 65->0 0->0 0->0 0->0 67->0 71->0 72->128 0->240 129->192 130->0 68->0 69->0 72->48 70->112 129->64 65->0 132->0 0->0 136->32 136->0 67->0 129->0 132->48 130->0 129->0 129->0 69->0 69->64 66->128 65->240 0->240 0->224 133->224 0->96 
0->0 0->0 0->0 0->0 0->0 0->0 66->0 65->0 66->128 130->240 131->192 130->0 68->0 68->0 71->48 69->112 131->64 131->0 68->0 68->0 66->32 67->0 66->0 68->0 0->48 67->0 66->0 0->0 70->0 66->64 134->128 138->240 133->240 132->224 138->224 133->96 
0->0 0->0 0->0 0->0 0->0 0->0 130->0 130->0 129->128 67->240 65->192 130->0 133->0 131->0 65->48 69->112 67->64 129->0 130->0 66->0 70->32 69->0 130->0 129->0 0->48 65->0 66->0 0->0 131->0 133->64 68->128 66->240 65->240 65->224 133->224 133->96 
0->0 0->0 0->0 65->0 65->0 65->0 0->0 0->0 129->128 65->240 70->192 70->0 129->0 133->0 134->48 135->112 130->64 0->0 129->0 136->0 136->32 129->0 0->0 131->0 129->48 129->0 66->0 66->0 67->0 66->64 133->128 0->240 68->240 67->224 65->224 65->96 
0->0 0->0 0->0 0->0 0->0 0->0 65->0 129->0 67->128 67->240 129->192 130->0 0->0 129->0 67->48 72->112 0->64 131->0 0->0 0->0 132->32 139->0 133->0 131->0 132->48 136->0 142->0 136->0 131->0 65->64 129->128 129->240 129->240 65->224 65->224 67->96 
0->0 65->0 66->0 0->0 129->0 0->0 70->0 78->0 73->128 0->240 133->192 133->0 67->0 66->0 0->48 65->112 0->64 129->0 137->0 135->0 0->32 68->0 65->0 129->0 129->48 65->0 68->0 67->0 65->0 68->64 68->128 68->240 66->240 65->224 131->224 130->96 
0->0 66->0 67->0 65->0 0->0 0->0 65->0 66->0 69->128 71->240 68->192 130->0 65->0 68->0 66->48 68->112 131->64 131->0 130->0 135->0 134->32 134->0 65->0 67->0 65->48 129->0 69->0 73->0 72->0 74->64 0->128 66->240 66->240 131->224 66->224 68->96 
0->0 129->0 129->0 0->0 0->0 0->0 129->0 132->0 131->128 65->240 66->192 65->0 132->0 138->0 129->48 65->112 66->64 133->0 130->0 137->0 134->32 133->0 132->0 130->0 67->48 69->0 66->0 66->0 68->0 69->64 129->128 65->240 68->240 66->224 65->224 0->96 
0->0 0->0 129->0 0->0 0->0 0->0 129->0 131->0 65->128 129->240 129->192 129->0 68->0 70->0 66->48 129->112 67->64 71->0 69->0 68->0 134->32 137->0 70->0 72->0 130->48 133->0 135->0 132->0 66->0 131->64 131->128 0->240 129->240 65->224 131->224 131->96 
0->0 0->0 0->0 0->0 0->0 0->0 129->0 130->0 132->128 132->240 129->192 0->0 67->0 65->0 69->48 73->112 67->64 66->0 69->0 70->0 69->32 132->0 130->0 0->0 65->48 132->0 135->0 133->0 130->0 0->64 0->128 131->240 130->240 131->224 0->224 129->96 
0->0 0->0 129->0 0->0 0->0 0->0 65->0 65->0 129->128 130->240 130->192 0->0 130->0 65->0 65->48 0->112 129->64 65->0 129->0 67->0 68->32 65->0 68->0 66->0 130->48 65->0 0->0 66->0 67->0 129->64 129->128 131->240 0->240 134->224 139->224 130->96 
0->0 65->0 65->0 0->0 0->0 0->0 131->0 133->0 0->128 67->240 65->192 134->0 67->0 65->0 131->48 130->112 66->64 69->0 65->0 135->0 133->32 134->0 66->0 71->0 131->48 135->0 136->0 134->0 133->0 132->64 0->128 67->240 67->240 70->224 70->224 67->96 
0->0 129->0 129->0 0->0 0->0 0->0 0->0 0->0 130->128 0->240 69->192 70->0 65->0 68->0 131->48 0->112 68->64 73->0 65->0 68->0 67->32 68->0 0->0 133->0 130->48 129->0 129->0 133->0 133->0 137->64 67->128 66->240 65->240 67->224 65->224 129->96 
0->0 65->0 66->0 0->0 129->0 0->0 65->0 65->0 69->128 69->240 65->192 132->0 130->0 130->0 69->48 72->112 66->64 134->0 133->0 136->0 135->32 139->0 133->0 129->0 67->48 65->0 66->0 65->0 0->0 72->64 67->128 68->240 69->240 0->224 66->224 68->96 
0->0 129->0 129->0 0->0 65->0 0->0 131->0 134->0 65->128 74->240 73->192 72->0 132->0 129->0 70->48 70->112 71->64 130->0 66->0 72->0 67->32 0->0 129->0 134->0 129->48 66->0 67->0 129->0 129->0 0->64 0->128 130->240 129->240 0->224 66->224 65->96 

writing weights!

129->0 130->80 131->160 129->176 65->144 65->0 129->0 0->16 131->0 135->0 135->80 131->16 0->0 129->0 134->0 137->0 136->0 130->0 0->0 129->0 136->0 140->0 136->0 129->16 69->0 68->192 130->208 72->176 76->0 70->0 0->0 133->64 131->208 68->128 72->0 66->0 
129->0 130->80 129->160 66->176 69->144 71->0 130->0 131->16 130->0 66->0 69->80 70->16 129->0 130->0 65->0 66->0 72->0 66->0 0->0 129->0 65->0 68->0 66->0 0->16 0->0 66->192 65->208 66->176 130->0 130->0 130->0 129->64 66->208 0->128 130->0 129->0 
0->0 129->80 129->160 132->176 134->144 130->0 129->0 0->16 0->0 135->0 133->80 130->16 129->0 65->0 130->0 135->0 133->0 129->0 129->0 131->0 135->0 137->0 132->0 0->16 66->0 72->192 0->208 66->176 70->0 65->0 0->0 0->64 131->208 67->128 69->0 0->0 
129->0 130->80 129->160 133->176 66->144 129->0 129->0 0->16 0->0 0->0 66->80 67->16 0->0 129->0 134->0 130->0 0->0 67->0 131->0 129->0 0->0 65->0 66->0 0->16 132->0 65->192 71->208 67->176 69->0 0->0 133->0 69->64 73->208 68->128 130->0 129->0 
65->0 129->80 132->160 66->176 66->144 68->0 129->0 134->16 135->0 132->0 130->80 131->16 130->0 133->0 130->0 70->0 71->0 66->0 130->0 131->0 69->0 69->0 67->0 65->16 132->0 132->192 66->208 66->176 0->0 130->0 129->0 133->64 133->208 133->128 130->0 129->0 
129->0 131->80 131->160 129->176 71->144 67->0 0->0 132->16 132->0 131->0 129->80 68->16 129->0 132->0 135->0 133->0 130->0 129->0 130->0 132->0 135->0 133->0 133->0 131->16 0->0 66->192 0->208 0->176 135->0 132->0 130->0 66->64 73->208 67->128 130->0 129->0 
65->0 66->80 68->160 69->176 129->144 0->0 0->0 66->16 70->0 129->0 131->80 131->16 130->0 129->0 129->0 66->0 67->0 133->0 68->0 130->0 129->0 65->0 130->0 132->16 72->0 73->192 66->208 67->176 132->0 131->0 69->0 70->64 70->208 66->128 132->0 130->0 
130->0 0->80 66->160 67->176 70->144 68->0 131->0 131->16 0->0 65->0 69->80 73->16 129->0 66->0 70->0 67->0 69->0 68->0 130->0 65->0 65->0 67->0 68->0 129->16 133->0 129->192 0->208 0->176 65->0 129->0 133->0 130->64 66->208 68->128 0->0 0->0 
65->0 68->80 65->160 68->176 65->144 131->0 68->0 66->16 67->0 0->0 130->80 131->16 65->0 0->0 129->0 68->0 67->0 0->0 69->0 68->0 69->0 70->0 72->0 68->16 68->0 0->192 68->208 66->176 67->0 68->0 65->0 68->64 69->208 65->128 130->0 129->0 
129->0 131->80 65->160 66->176 68->144 129->0 132->0 129->16 68->0 66->0 65->80 0->16 130->0 66->0 67->0 68->0 0->0 0->0 131->0 73->0 74->0 65->0 136->0 132->16 132->0 130->192 132->208 135->176 133->0 0->0 130->0 65->64 130->208 130->128 68->0 68->0 
0->0 129->80 135->160 137->176 130->144 66->0 131->0 136->16 136->0 136->0 135->80 0->16 130->0 0->0 129->0 129->0 130->0 0->0 67->0 67->0 67->0 65->0 129->0 66->16 129->0 132->192 134->208 135->176 0->0 129->0 129->0 130->64 133->208 129->128 67->0 65->0 
0->0 131->80 68->160 68->176 66->144 131->0 65->0 71->16 71->0 73->0 72->80 129->16 0->0 133->0 130->0 129->0 132->0 130->0 133->0 65->0 66->0 133->0 133->0 131->16 130->0 131->192 133->208 136->176 135->0 131->0 67->0 67->64 133->208 134->128 129->0 66->0 
65->0 0->80 136->160 137->176 132->144 67->0 129->0 136->16 137->0 140->0 138->80 129->16 0->0 65->0 67->0 71->0 70->0 67->0 67->0 66->0 0->0 70->0 70->0 68->16 130->0 129->192 130->208 129->176 68->0 129->0 129->0 132->64 135->208 135->128 129->0 129->0 
129->0 129->80 130->160 71->176 67->144 0->0 133->0 132->16 0->0 133->0 131->80 133->16 130->0 68->0 73->0 71->0 132->0 130->0 66->0 74->0 74->0 70->0 133->0 66->16 129->0 66->192 0->208 137->176 130->0 67->0 0->0 65->64 131->208 136->128 68->0 68->0 
0->0 131->80 141->160 143->176 137->144 67->0 129->0 135->16 137->0 133->0 66->80 73->16 0->0 68->0 0->0 133->0 130->0 66->0 71->0 68->0 0->0 69->0 0->0 65->16 67->0 69->192 0->208 131->176 130->0 130->0 0->0 130->64 131->208 132->128 0->0 0->0 
65->0 129->80 137->160 140->176 136->144 65->0 68->0 131->16 133->0 133->0 135->80 65->16 67->0 67->0 65->0 65->0 67->0 65->0 68->0 0->0 0->0 69->0 74->0 71->16 129->0 131->192 132->208 135->176 129->0 130->0 0->0 129->64 132->208 132->128 129->0 129->0 
65->0 66->80 69->160 0->176 133->144 136->0 66->0 68->16 65->0 130->0 132->80 133->16 129->0 130->0 129->0 129->0 130->0 129->0 129->0 131->0 129->0 131->0 130->0 132->16 65->0 66->192 68->208 68->176 66->0 129->0 66->0 70->64 71->208 72->128 0->0 129->0 
0->0 66->80 0->160 129->176 133->144 129->0 65->0 71->16 66->0 65->0 65->80 129->16 0->0 130->0 139->0 146->0 136->0 130->0 67->0 65->0 129->0 130->0 71->0 71->16 66->0 130->192 130->208 0->176 72->0 69->0 65->0 134->64 134->208 0->128 66->0 0->0 
65->0 129->80 130->160 132->176 133->144 131->0 68->0 69->16 68->0 68->0 68->80 130->16 67->0 65->0 68->0 67->0 65->0 65->0 130->0 66->0 65->0 130->0 65->0 67->16 131->0 135->192 135->208 139->176 135->0 131->0 66->0 130->64 139->208 137->128 0->0 65->0 
129->0 130->80 69->160 71->176 68->144 130->0 131->0 68->16 71->0 76->0 73->80 65->16 131->0 131->0 65->0 0->0 129->0 130->0 130->0 131->0 0->0 133->0 140->0 136->16 66->0 68->192 69->208 129->176 138->0 133->0 67->0 72->64 72->208 65->128 131->0 0->0 
0->0 129->80 131->160 0->176 65->144 66->0 129->0 133->16 136->0 135->0 132->80 132->16 129->0 132->0 129->0 73->0 71->0 68->0 131->0 131->0 129->0 129->0 0->0 0->16 131->0 129->192 0->208 69->176 67->0 129->0 129->0 133->64 134->208 132->128 129->0 129->0 
0->0 66->80 68->160 65->176 130->144 0->0 65->0 67->16 0->0 66->0 67->80 129->16 66->0 130->0 141->0 145->0 139->0 132->0 129->0 137->0 140->0 140->0 133->0 129->16 129->0 133->192 132->208 65->176 69->0 66->0 65->0 129->64 69->208 70->128 65->0 0->0 
66->0 65->80 0->160 0->176 129->144 131->0 67->0 67->16 67->0 66->0 131->80 133->16 0->0 129->0 65->0 67->0 65->0 129->0 67->0 66->0 69->0 69->0 68->0 66->16 69->0 66->192 65->208 66->176 65->0 0->0 68->0 67->64 65->208 129->128 132->0 130->0 
129->0 66->80 65->160 70->176 68->144 0->0 129->0 129->16 129->0 129->0 131->80 133->16 67->0 68->0 68->0 65->0 132->0 65->0 67->0 70->0 70->0 71->0 69->0 72->16 129->0 132->192 66->208 130->176 70->0 75->0 131->0 132->64 131->208 132->128 68->0 67->0 
0->0 130->80 0->160 129->176 65->144 65->0 0->0 129->16 129->0 69->0 66->80 129->16 129->0 131->0 135->0 132->0 65->0 0->0 131->0 134->0 135->0 129->0 129->0 130->16 132->0 0->192 66->208 69->176 130->0 132->0 129->0 130->64 0->208 66->128 130->0 129->0 
0->0 65->80 67->160 0->176 0->144 65->0 66->0 66->16 66->0 0->0 66->80 72->16 66->0 66->0 66->0 0->0 70->0 68->0 130->0 65->0 0->0 0->0 74->0 0->16 131->0 137->192 134->208 132->176 130->0 129->0 132->0 132->64 130->208 68->128 0->0 129->0 
0->0 131->80 136->160 137->176 135->144 129->0 68->0 130->16 132->0 67->0 70->80 67->16 70->0 65->0 65->0 129->0 129->0 129->0 65->0 141->0 141->0 138->0 130->0 0->16 0->0 130->192 130->208 130->176 130->0 130->0 66->0 0->64 65->208 0->128 0->0 0->0 
0->0 0->80 131->160 130->176 0->144 130->0 129->0 129->16 129->0 67->0 71->80 0->16 129->0 129->0 66->0 66->0 131->0 65->0 130->0 129->0 129->0 132->0 130->0 0->16 129->0 132->192 139->208 134->176 133->0 129->0 68->0 66->64 139->208 133->128 132->0 129->0 
129->0 129->80 69->160 70->176 71->144 0->0 0->0 131->16 129->0 0->0 66->80 67->16 66->0 65->0 65->0 0->0 129->0 66->0 130->0 67->0 66->0 65->0 131->0 131->16 132->0 136->192 67->208 65->176 71->0 69->0 134->0 130->64 69->208 71->128 68->0 66->0 
65->0 66->80 66->160 68->176 69->144 67->0 0->0 65->16 66->0 66->0 65->80 68->16 130->0 130->0 65->0 71->0 72->0 130->0 67->0 129->0 0->0 70->0 68->0 131->16 68->0 65->192 69->208 67->176 132->0 132->0 65->0 70->64 72->208 68->128 132->0 130->0 
0->0 0->80 67->160 67->176 66->144 0->0 0->0 130->16 129->0 69->0 0->80 132->16 66->0 65->0 133->0 138->0 139->0 133->0 65->0 65->0 65->0 66->0 130->0 66->16 0->0 0->192 68->208 68->176 69->0 70->0 130->0 130->64 67->208 65->128 66->0 66->0 
129->0 129->80 68->160 66->176 67->144 68->0 131->0 65->16 0->0 67->0 67->80 67->16 0->0 129->0 0->0 132->0 66->0 129->0 129->0 129->0 129->0 0->0 0->0 129->16 65->0 66->192 0->208 67->176 129->0 130->0 0->0 0->64 69->208 67->128 129->0 129->0 

writing weights!

0->0 0->144 67->64 70->0 69->0 0->0 129->16 134->255 129->48 71->0 69->48 0->0 129->112 137->255 66->0 75->32 130->255 0->0 131->160 129->255 71->0 0->80 130->255 0->0 66->144 0->255 70->0 0->160 129->240 0->0 67->48 65->96 67->0 65->0 0->0 0->0 
65->0 69->144 67->64 67->0 65->0 65->0 66->16 68->255 70->48 129->0 132->48 0->0 66->112 69->255 67->0 136->32 136->255 129->0 65->160 68->255 66->0 65->80 130->255 129->0 131->144 67->255 129->0 130->160 0->240 65->0 131->48 129->96 132->0 131->0 0->0 0->0 
0->0 130->144 71->64 0->0 129->0 0->0 130->16 131->255 72->48 130->0 129->48 0->0 130->112 132->255 66->0 129->32 129->255 0->0 129->160 138->255 65->0 65->80 129->255 0->0 129->144 142->255 0->0 70->160 129->240 0->0 0->48 134->96 70->0 68->0 0->0 0->0 
129->0 129->144 65->64 65->0 130->0 0->0 129->16 0->255 68->48 0->0 129->48 65->0 67->112 69->255 68->0 133->32 72->255 67->0 69->160 71->255 135->0 135->80 65->255 67->0 71->144 68->255 139->0 129->160 65->240 129->0 67->48 0->96 134->0 132->0 130->0 0->0 
66->0 68->144 68->64 71->0 67->0 65->0 66->16 65->255 67->48 67->0 129->48 129->0 67->112 72->255 67->0 130->32 132->255 129->0 66->160 71->255 66->0 66->80 130->255 129->0 129->144 69->255 131->0 131->160 130->240 0->0 131->48 130->96 131->0 131->0 129->0 0->0 
0->0 130->144 67->64 69->0 69->0 0->0 129->16 131->255 73->48 67->0 66->48 0->0 0->112 129->255 72->0 129->32 68->255 65->0 0->160 68->255 67->0 132->80 68->255 0->0 69->144 70->255 0->0 66->160 66->240 0->0 67->48 65->96 65->0 129->0 0->0 0->0 
65->0 130->144 129->64 130->0 130->0 0->0 129->16 130->255 65->48 130->0 133->48 0->0 134->112 129->255 68->0 133->32 136->255 129->0 134->160 135->255 130->0 67->80 65->255 0->0 131->144 136->255 133->0 71->160 66->240 65->0 0->48 0->96 130->0 66->0 0->0 0->0 
129->0 68->144 68->64 0->0 0->0 65->0 67->16 71->255 71->48 131->0 129->48 65->0 66->112 70->255 66->0 136->32 134->255 129->0 65->160 69->255 66->0 135->80 134->255 129->0 131->144 69->255 71->0 133->160 129->240 65->0 131->48 0->96 0->0 132->0 0->0 0->0 
0->0 0->144 65->64 131->0 133->0 129->0 132->16 132->255 130->48 0->0 65->48 0->0 137->112 136->255 0->0 65->32 132->255 0->0 133->160 130->255 68->0 131->80 133->255 130->0 68->144 68->255 0->0 134->160 134->240 129->0 67->48 0->96 134->0 132->0 131->0 0->0 
129->0 133->144 132->64 131->0 130->0 0->0 67->16 70->255 67->48 131->0 131->48 0->0 70->112 72->255 66->0 65->32 67->255 0->0 67->160 65->255 132->0 0->80 130->255 129->0 131->144 130->255 66->0 0->160 65->240 65->0 130->48 66->96 69->0 70->0 69->0 0->0 
65->0 66->144 68->64 70->0 73->0 67->0 0->16 65->255 67->48 71->0 76->48 66->0 129->112 0->255 69->0 70->32 72->255 0->0 65->160 67->255 130->0 0->80 65->255 0->0 65->144 0->255 66->0 69->160 0->240 0->0 129->48 0->96 70->0 69->0 65->0 0->0 
129->0 134->144 136->64 137->0 135->0 130->0 0->16 66->255 129->48 135->0 136->48 130->0 66->112 69->255 0->0 66->32 131->255 129->0 129->160 67->255 66->0 72->80 65->255 129->0 129->144 130->255 68->0 69->160 66->240 0->0 66->48 67->96 72->0 74->0 69->0 0->0 
66->0 70->144 71->64 74->0 73->0 67->0 66->16 0->255 66->48 75->0 75->48 67->0 65->112 0->255 66->0 69->32 69->255 129->0 67->160 129->255 68->0 129->80 129->255 0->0 65->144 67->255 65->0 130->160 129->240 0->0 129->48 0->96 0->0 129->0 129->0 0->0 
0->0 131->144 0->64 65->0 129->0 65->0 130->16 69->255 68->48 66->0 66->48 0->0 0->112 68->255 131->0 66->32 72->255 0->0 68->160 67->255 136->0 71->80 65->255 0->0 0->144 130->255 129->0 66->160 0->240 0->0 130->48 129->96 65->0 71->0 68->0 0->0 
0->0 0->144 67->64 68->0 71->0 67->0 129->16 134->255 67->48 73->0 73->48 66->0 130->112 131->255 68->0 68->32 68->255 129->0 65->160 0->255 65->0 0->80 129->255 0->0 65->144 132->255 65->0 0->160 129->240 0->0 130->48 129->96 129->0 0->0 0->0 0->0 
66->0 67->144 67->64 70->0 72->0 67->0 65->16 0->255 65->48 72->0 76->48 66->0 129->112 65->255 65->0 69->32 73->255 129->0 65->160 129->255 130->0 69->80 68->255 0->0 0->144 129->255 0->0 70->160 65->240 0->0 0->48 0->96 69->0 69->0 129->0 0->0 
129->0 130->144 129->64 132->0 131->0 129->0 65->16 65->255 0->48 132->0 129->48 0->0 129->112 129->255 0->0 65->32 132->255 0->0 130->160 0->255 67->0 135->80 132->255 129->0 65->144 66->255 68->0 65->160 0->240 129->0 65->48 65->96 0->0 129->0 0->0 0->0 
0->0 65->144 65->64 66->0 65->0 0->0 130->16 130->255 131->48 67->0 68->48 0->0 134->112 134->255 129->0 76->32 129->255 0->0 132->160 129->255 65->0 72->80 129->255 0->0 66->144 0->255 69->0 0->160 132->240 129->0 67->48 65->96 69->0 65->0 131->0 0->0 
129->0 131->144 134->64 132->0 131->0 129->0 65->16 129->255 130->48 129->0 130->48 129->0 65->112 68->255 130->0 70->32 65->255 129->0 129->160 129->255 0->0 75->80 68->255 0->0 131->144 131->255 67->0 72->160 66->240 0->0 65->48 67->96 74->0 76->0 66->0 0->0 
130->0 134->144 134->64 135->0 136->0 130->0 130->16 66->255 66->48 135->0 141->48 130->0 129->112 68->255 67->0 132->32 133->255 65->0 129->160 67->255 129->0 69->80 66->255 65->0 0->144 130->255 129->0 70->160 67->240 65->0 65->48 66->96 129->0 66->0 67->0 0->0 
66->0 68->144 68->64 71->0 67->0 0->0 67->16 129->255 66->48 68->0 129->48 129->0 67->112 65->255 68->0 67->32 137->255 130->0 0->160 66->255 74->0 130->80 133->255 129->0 130->144 71->255 67->0 134->160 131->240 0->0 130->48 0->96 130->0 131->0 129->0 0->0 
129->0 65->144 65->64 66->0 0->0 129->0 65->16 67->255 67->48 65->0 0->48 129->0 65->112 69->255 67->0 69->32 70->255 65->0 130->160 67->255 67->0 71->80 70->255 66->0 66->144 67->255 66->0 69->160 67->240 0->0 67->48 68->96 0->0 129->0 130->0 0->0 
0->0 130->144 131->64 65->0 129->0 129->0 134->16 138->255 137->48 68->0 66->48 129->0 137->112 138->255 131->0 68->32 131->255 0->0 133->160 131->255 66->0 65->80 130->255 0->0 68->144 129->255 132->0 65->160 133->240 0->0 68->48 0->96 132->0 129->0 131->0 0->0 
0->0 66->144 67->64 129->0 132->0 129->0 132->16 65->255 65->48 65->0 65->48 0->0 131->112 131->255 132->0 67->32 69->255 65->0 66->160 71->255 66->0 68->80 0->255 129->0 69->144 71->255 0->0 138->160 135->240 0->0 0->48 129->96 134->0 132->0 130->0 0->0 
0->0 0->144 0->64 68->0 66->0 0->0 65->16 0->255 0->48 66->0 131->48 129->0 72->112 70->255 65->0 129->32 70->255 65->0 70->160 69->255 129->0 66->80 69->255 68->0 67->144 66->255 132->0 65->160 68->240 0->0 129->48 130->96 131->0 132->0 130->0 0->0 
0->0 67->144 67->64 129->0 67->0 65->0 66->16 72->255 0->48 129->0 70->48 66->0 65->112 0->255 130->0 0->32 66->255 0->0 131->160 129->255 69->0 137->80 133->255 129->0 129->144 69->255 74->0 135->160 131->240 129->0 65->48 68->96 69->0 131->0 130->0 0->0 
0->0 65->144 65->64 129->0 65->0 0->0 65->16 66->255 68->48 129->0 67->48 0->0 0->112 70->255 129->0 129->32 67->255 0->0 68->160 67->255 66->0 69->80 68->255 0->0 65->144 65->255 65->0 70->160 67->240 0->0 66->48 0->96 0->0 67->0 65->0 0->0 
0->0 131->144 134->64 66->0 66->0 129->0 129->16 136->255 131->48 66->0 65->48 129->0 129->112 133->255 69->0 67->32 130->255 0->0 132->160 0->255 68->0 66->80 65->255 0->0 130->144 69->255 75->0 129->160 0->240 0->0 66->48 72->96 77->0 0->0 0->0 0->0 
129->0 67->144 69->64 0->0 131->0 129->0 0->16 69->255 66->48 129->0 65->48 65->0 65->112 65->255 129->0 0->32 68->255 65->0 66->160 68->255 67->0 135->80 132->255 0->0 68->144 73->255 70->0 137->160 132->240 129->0 65->48 65->96 131->0 134->0 130->0 0->0 
0->0 0->144 129->64 129->0 0->0 65->0 0->16 130->255 67->48 130->0 133->48 0->0 134->112 131->255 69->0 139->32 142->255 130->0 133->160 129->255 67->0 135->80 133->255 130->0 132->144 65->255 65->0 130->160 65->240 65->0 129->48 0->96 131->0 131->0 0->0 0->0 
129->0 130->144 0->64 0->0 130->0 129->0 132->16 129->255 65->48 66->0 65->48 129->0 66->112 0->255 129->0 67->32 78->255 67->0 68->160 71->255 132->0 69->80 72->255 67->0 70->144 66->255 132->0 130->160 65->240 0->0 65->48 130->96 134->0 131->0 129->0 0->0 
0->0 66->144 67->64 130->0 129->0 0->0 0->16 69->255 68->48 133->0 132->48 0->0 66->112 69->255 0->0 136->32 130->255 65->0 0->160 130->255 136->0 66->80 68->255 66->0 132->144 134->255 132->0 69->160 70->240 65->0 131->48 130->96 131->0 65->0 65->0 0->0 

writing weights!

0->0 129->0 68->32 67->0 67->32 65->0 129->0 131->255 130->240 67->0 66->208 65->0 129->0 134->255 0->32 72->0 133->255 129->192 129->0 133->255 70->0 70->0 133->255 0->192 0->0 65->255 69->0 132->96 134->255 129->0 65->0 67->16 66->0 66->0 129->0 0->0 
0->0 70->0 66->32 65->0 0->32 66->0 0->0 69->255 70->240 132->0 139->208 130->0 0->0 69->255 65->32 135->0 139->255 131->192 129->0 68->255 69->0 129->0 0->255 130->192 130->0 130->255 129->0 65->96 0->255 66->0 129->0 131->16 132->0 131->0 130->0 65->0 
0->0 0->0 71->32 70->0 131->32 0->0 0->0 132->255 71->240 129->0 138->208 0->0 129->0 132->255 69->32 129->0 135->255 0->192 0->0 132->255 0->0 70->0 132->255 129->192 0->0 135->255 129->0 75->96 132->255 129->0 0->0 130->16 66->0 70->0 0->0 0->0 
0->0 129->0 129->32 129->0 130->32 0->0 129->0 0->255 68->240 65->0 0->208 67->0 129->0 0->255 69->32 134->0 66->255 74->192 67->0 72->255 66->0 132->0 131->255 69->192 69->0 78->255 131->0 0->96 131->255 66->0 0->0 129->16 135->0 132->0 132->0 129->0 
65->0 72->0 67->32 69->0 68->32 65->0 66->0 67->255 70->240 68->0 131->208 130->0 67->0 69->255 70->32 66->0 65->255 65->192 66->0 71->255 66->0 65->0 65->255 65->192 130->0 65->255 130->0 65->96 65->255 0->0 129->0 130->16 130->0 132->0 130->0 0->0 
0->0 129->0 0->32 65->0 68->32 65->0 0->0 131->255 68->240 68->0 67->208 67->0 0->0 133->255 69->32 0->0 65->255 67->192 65->0 66->255 72->0 68->0 65->255 129->192 66->0 72->255 66->0 68->96 65->255 0->0 0->0 65->16 129->0 67->0 129->0 0->0 
0->0 129->0 0->32 65->0 65->32 129->0 0->0 0->255 130->240 0->0 134->208 130->0 0->0 134->255 65->32 131->0 136->255 133->192 131->0 139->255 139->0 129->0 67->255 129->192 131->0 140->255 140->0 69->96 66->255 65->0 0->0 131->16 129->0 68->0 0->0 0->0 
0->0 65->0 0->32 129->0 129->32 65->0 129->0 70->255 70->240 131->0 132->208 65->0 129->0 71->255 66->32 130->0 134->255 129->192 132->0 67->255 70->0 129->0 135->255 131->192 130->0 68->255 70->0 129->96 66->255 65->0 129->0 129->16 0->0 129->0 65->0 65->0 
0->0 130->0 129->32 130->0 130->32 129->0 0->0 134->255 134->240 66->0 67->208 65->0 134->0 141->255 131->32 65->0 0->255 131->192 132->0 134->255 65->0 131->0 129->255 130->192 65->0 66->255 131->0 130->96 133->255 130->0 65->0 130->16 132->0 130->0 130->0 129->0 
0->0 132->0 133->32 130->0 129->32 129->0 0->0 68->255 69->240 130->0 65->208 129->0 68->0 75->255 68->32 69->0 70->255 0->192 0->0 0->255 134->0 65->0 129->255 130->192 130->0 130->255 68->0 0->96 0->255 0->0 129->0 66->16 71->0 67->0 68->0 65->0 
0->0 66->0 72->32 68->0 71->32 67->0 0->0 67->255 69->240 67->0 73->208 67->0 129->0 67->255 68->32 70->0 68->255 130->192 130->0 65->255 65->0 66->0 129->255 130->192 129->0 65->255 67->0 68->96 130->255 0->0 0->0 67->16 70->0 70->0 65->0 0->0 
0->0 132->0 137->32 133->0 131->32 132->0 129->0 131->255 130->240 131->0 130->208 132->0 66->0 71->255 66->32 69->0 69->255 129->192 67->0 67->255 130->0 71->0 65->255 129->192 129->0 130->255 68->0 68->96 0->255 0->0 0->0 69->16 73->0 71->0 68->0 65->0 
65->0 71->0 74->32 73->0 70->32 68->0 66->0 70->255 68->240 72->0 69->208 67->0 65->0 66->255 65->32 67->0 65->255 65->192 65->0 0->255 67->0 65->0 129->255 0->192 129->0 65->255 0->0 0->96 130->255 0->0 0->0 65->16 65->0 65->0 0->0 0->0 
0->0 131->0 130->32 65->0 129->32 129->0 129->0 67->255 69->240 129->0 67->208 131->0 65->0 66->255 65->32 67->0 70->255 130->192 0->0 67->255 137->0 0->0 69->255 130->192 65->0 130->255 129->0 68->96 131->255 129->0 0->0 65->16 68->0 67->0 68->0 65->0 
0->0 65->0 71->32 68->0 66->32 68->0 65->0 0->255 0->240 71->0 66->208 67->0 129->0 132->255 0->32 69->0 131->255 131->192 130->0 131->255 72->0 66->0 129->255 131->192 129->0 131->255 67->0 68->96 131->255 0->0 129->0 129->16 65->0 66->0 0->0 0->0 
0->0 67->0 71->32 69->0 69->32 68->0 65->0 69->255 65->240 71->0 73->208 70->0 130->0 66->255 67->32 65->0 69->255 0->192 0->0 68->255 130->0 0->0 65->255 129->192 0->0 129->255 130->0 70->96 65->255 129->0 0->0 66->16 66->0 72->0 66->0 129->0 
0->0 131->0 129->32 66->0 65->32 131->0 65->0 131->255 130->240 71->0 75->208 129->0 0->0 131->255 0->32 75->0 70->255 130->192 129->0 132->255 0->0 130->0 131->255 0->192 0->0 67->255 66->0 0->96 70->255 0->0 0->0 0->16 129->0 129->0 66->0 129->0 
0->0 129->0 66->32 65->0 0->32 0->0 130->0 129->255 131->240 68->0 66->208 65->0 133->0 130->255 131->32 73->0 130->255 130->192 131->0 130->255 69->0 71->0 132->255 129->192 65->0 68->255 66->0 131->96 138->255 130->0 66->0 69->16 69->0 0->0 132->0 129->0 
0->0 130->0 131->32 131->0 130->32 130->0 0->0 0->255 0->240 66->0 66->208 129->0 65->0 67->255 65->32 70->0 71->255 0->192 66->0 67->255 131->0 69->0 69->255 65->192 129->0 131->255 69->0 69->96 131->255 129->0 65->0 71->16 74->0 71->0 65->0 0->0 
0->0 134->0 137->32 133->0 131->32 132->0 129->0 130->255 129->240 130->0 134->208 132->0 67->0 66->255 66->32 0->0 66->255 129->192 65->0 129->255 130->0 65->0 68->255 65->192 129->0 132->255 0->0 68->96 69->255 66->0 129->0 130->16 65->0 66->0 66->0 65->0 
65->0 73->0 69->32 70->0 66->32 65->0 66->0 67->255 68->240 70->0 132->208 130->0 68->0 65->255 67->32 69->0 134->255 0->192 65->0 65->255 68->0 68->0 131->255 65->192 130->0 66->255 67->0 130->96 131->255 129->0 0->0 65->16 129->0 133->0 130->0 0->0 
0->0 130->0 65->32 0->0 0->32 65->0 129->0 67->255 66->240 65->0 66->208 65->0 130->0 70->255 71->32 129->0 67->255 66->192 129->0 68->255 70->0 69->0 69->255 66->192 65->0 70->255 68->0 65->96 66->255 66->0 65->0 67->16 65->0 129->0 130->0 0->0 
0->0 129->0 130->32 65->0 67->32 129->0 129->0 139->255 141->240 70->0 69->208 0->0 133->0 140->255 136->32 69->0 131->255 130->192 130->0 135->255 130->0 129->0 0->255 0->192 65->0 129->255 131->0 129->96 132->255 130->0 65->0 0->16 129->0 0->0 131->0 129->0 
0->0 0->0 129->32 133->0 134->32 129->0 129->0 130->255 66->240 130->0 132->208 130->0 133->0 134->255 130->32 130->0 65->255 66->192 129->0 67->255 67->0 66->0 68->255 129->192 68->0 71->255 0->0 134->96 139->255 131->0 65->0 130->16 134->0 136->0 131->0 129->0 
0->0 67->0 0->32 66->0 68->32 65->0 65->0 65->255 68->240 0->0 130->208 0->0 69->0 71->255 69->32 132->0 69->255 70->192 70->0 69->255 68->0 130->0 66->255 71->192 66->0 66->255 65->0 66->96 69->255 67->0 129->0 132->16 131->0 132->0 131->0 0->0 
0->0 0->0 66->32 65->0 67->32 66->0 65->0 66->255 67->240 66->0 69->208 70->0 129->0 68->255 129->32 66->0 65->255 67->192 130->0 131->255 70->0 65->0 133->255 131->192 0->0 69->255 74->0 129->96 65->255 130->0 0->0 69->16 68->0 65->0 66->0 129->0 
0->0 65->0 66->32 130->0 0->32 65->0 65->0 67->255 68->240 133->0 69->208 67->0 65->0 71->255 71->32 131->0 70->255 65->192 67->0 73->255 65->0 69->0 71->255 66->192 65->0 65->255 130->0 66->96 69->255 0->0 65->0 67->16 0->0 65->0 66->0 0->0 
0->0 0->0 131->32 0->0 65->32 130->0 0->0 134->255 135->240 129->0 68->208 130->0 129->0 132->255 129->32 68->0 67->255 129->192 0->0 131->255 68->0 70->0 0->255 0->192 130->0 0->255 80->0 130->96 134->255 0->0 65->0 72->16 76->0 129->0 130->0 0->0 
0->0 129->0 130->32 129->0 130->32 65->0 0->0 0->255 66->240 65->0 69->208 67->0 131->0 129->255 130->32 65->0 72->255 68->192 0->0 66->255 67->0 0->0 132->255 130->192 67->0 77->255 71->0 131->96 129->255 0->0 0->0 130->16 133->0 132->0 0->0 0->0 
0->0 129->0 131->32 0->0 67->32 65->0 0->0 129->255 130->240 0->0 132->208 129->0 130->0 132->255 65->32 131->0 137->255 137->192 134->0 132->255 130->0 133->0 130->255 133->192 132->0 133->255 132->0 67->96 72->255 66->0 129->0 131->16 131->0 0->0 65->0 65->0 
0->0 131->0 130->32 131->0 129->32 0->0 129->0 131->255 0->240 129->0 0->208 0->0 129->0 129->255 129->32 131->0 71->255 69->192 69->0 69->255 67->0 130->0 71->255 69->192 69->0 69->255 132->0 131->96 129->255 65->0 65->0 132->16 134->0 132->0 130->0 0->0 
0->0 65->0 66->32 131->0 131->32 0->0 129->0 70->255 70->240 138->0 141->208 131->0 65->0 70->255 0->32 145->0 140->255 129->192 65->0 129->255 133->0 131->0 0->255 67->192 129->0 136->255 134->0 0->96 68->255 67->0 129->0 131->16 129->0 66->0 0->0 65->0 

save image!!
0   64   0   255   80   112   0   80   0   0   0   0   0   16   0   0   0   0   0   160   0   255   0   0   255   0   112   0   208   0   255   144   
done!
done!
done!
outputS2_list generated!!freeFCLayer!
[+] CNN setup finished!
done!
@@@@finish mapping
writing weights!

136->0 130->64 133->0 87->255 65->80 80->112 134->0 135->80 139->0 138->0 130->0 138->0 134->0 139->16 67->0 132->0 131->0 133->0 135->0 71->160 139->0 87->255 129->0 131->0 93->255 135->0 0->112 132->0 70->208 144->0 85->255 79->144 0->0 0->0 0->0 0->0 
94->0 136->64 95->0 132->255 140->80 81->112 66->0 134->80 134->0 137->0 77->0 138->0 67->0 140->16 71->0 131->0 65->0 75->0 140->0 144->160 71->0 68->255 68->0 133->0 136->255 129->0 130->112 79->0 133->208 137->0 134->255 65->144 0->0 0->0 0->0 0->0 
80->0 134->64 136->0 69->255 132->80 145->112 138->0 134->80 84->0 136->0 138->0 140->0 67->0 75->16 136->0 129->0 131->0 75->0 130->0 134->160 68->0 73->255 76->0 92->0 144->255 130->0 129->112 148->0 78->208 138->0 78->255 137->144 0->0 0->0 0->0 0->0 
138->0 139->64 130->0 138->255 134->80 141->112 85->0 145->80 85->0 138->0 138->0 70->0 132->0 137->16 140->0 131->0 82->0 135->0 137->0 76->160 136->0 136->255 85->0 138->0 0->255 141->0 135->112 132->0 135->208 78->0 135->255 139->144 0->0 0->0 0->0 0->0 
137->0 137->64 131->0 133->255 70->80 141->112 130->0 130->80 139->0 73->0 93->0 145->0 89->0 80->16 76->0 86->0 132->0 131->0 65->0 144->160 135->0 137->255 137->0 136->0 65->255 72->0 131->112 65->0 136->208 134->0 71->255 135->144 0->0 0->0 0->0 0->0 
130->0 87->64 136->0 140->255 131->80 132->112 82->0 78->80 130->0 129->0 138->0 130->0 133->0 0->16 87->0 135->0 145->0 131->0 135->0 75->160 132->0 130->255 137->0 131->0 137->255 135->0 65->112 134->0 138->208 89->0 138->255 86->144 0->0 0->0 0->0 0->0 
132->0 83->64 131->0 129->255 95->80 68->112 137->0 70->80 142->0 136->0 133->0 134->0 80->0 136->16 129->0 132->0 142->0 138->0 134->0 142->160 93->0 137->255 133->0 66->0 80->255 136->0 129->112 136->0 129->208 69->0 134->255 0->144 0->0 0->0 0->0 0->0 
133->0 133->64 129->0 135->255 132->80 136->112 130->0 138->80 68->0 135->0 137->0 83->0 137->0 134->16 134->0 81->0 133->0 83->0 91->0 0->160 134->0 78->255 78->0 131->0 130->255 69->0 95->112 77->0 138->208 137->0 133->255 0->144 0->0 0->0 0->0 0->0 
141->0 67->64 140->0 79->255 135->80 80->112 145->0 83->80 69->0 72->0 135->0 67->0 135->0 137->16 137->0 136->0 76->0 136->0 137->0 65->160 131->0 132->255 140->0 129->0 137->255 86->0 133->112 145->0 84->208 71->0 142->255 142->144 0->0 0->0 0->0 0->0 
130->0 137->64 67->0 134->255 129->80 131->112 67->0 130->80 142->0 87->0 68->0 83->0 144->0 82->16 140->0 140->0 73->0 142->0 76->0 80->160 132->0 147->255 143->0 131->0 65->255 136->0 144->112 82->0 133->208 133->0 68->255 130->144 0->0 0->0 0->0 0->0 
0->0 0->64 0->0 0->255 0->80 0->112 0->0 0->80 0->0 0->0 0->0 0->0 0->0 0->16 0->0 0->0 0->0 0->0 0->0 0->160 0->0 0->255 0->0 0->0 0->255 0->0 0->112 0->0 0->208 0->0 0->255 0->144 0->0 0->0 0->0 0->0 
0->0 0->64 0->0 0->255 0->80 0->112 0->0 0->80 0->0 0->0 0->0 0->0 0->0 0->16 0->0 0->0 0->0 0->0 0->0 0->160 0->0 0->255 0->0 0->0 0->255 0->0 0->112 0->0 0->208 0->0 0->255 0->144 0->0 0->0 0->0 0->0 
0->0 0->64 0->0 0->255 0->80 0->112 0->0 0->80 0->0 0->0 0->0 0->0 0->0 0->16 0->0 0->0 0->0 0->0 0->0 0->160 0->0 0->255 0->0 0->0 0->255 0->0 0->112 0->0 0->208 0->0 0->255 0->144 0->0 0->0 0->0 0->0 
0->0 0->64 0->0 0->255 0->80 0->112 0->0 0->80 0->0 0->0 0->0 0->0 0->0 0->16 0->0 0->0 0->0 0->0 0->0 0->160 0->0 0->255 0->0 0->0 0->255 0->0 0->112 0->0 0->208 0->0 0->255 0->144 0->0 0->0 0->0 0->0 
0->0 0->64 0->0 0->255 0->80 0->112 0->0 0->80 0->0 0->0 0->0 0->0 0->0 0->16 0->0 0->0 0->0 0->0 0->0 0->160 0->0 0->255 0->0 0->0 0->255 0->0 0->112 0->0 0->208 0->0 0->255 0->144 0->0 0->0 0->0 0->0 
0->0 0->64 0->0 0->255 0->80 0->112 0->0 0->80 0->0 0->0 0->0 0->0 0->0 0->16 0->0 0->0 0->0 0->0 0->0 0->160 0->0 0->255 0->0 0->0 0->255 0->0 0->112 0->0 0->208 0->0 0->255 0->144 0->0 0->0 0->0 0->0 
0->0 0->64 0->0 0->255 0->80 0->112 0->0 0->80 0->0 0->0 0->0 0->0 0->0 0->16 0->0 0->0 0->0 0->0 0->0 0->160 0->0 0->255 0->0 0->0 0->255 0->0 0->112 0->0 0->208 0->0 0->255 0->144 0->0 0->0 0->0 0->0 
0->0 0->64 0->0 0->255 0->80 0->112 0->0 0->80 0->0 0->0 0->0 0->0 0->0 0->16 0->0 0->0 0->0 0->0 0->0 0->160 0->0 0->255 0->0 0->0 0->255 0->0 0->112 0->0 0->208 0->0 0->255 0->144 0->0 0->0 0->0 0->0 
0->0 0->64 0->0 0->255 0->80 0->112 0->0 0->80 0->0 0->0 0->0 0->0 0->0 0->16 0->0 0->0 0->0 0->0 0->0 0->160 0->0 0->255 0->0 0->0 0->255 0->0 0->112 0->0 0->208 0->0 0->255 0->144 0->0 0->0 0->0 0->0 
0->0 0->64 0->0 0->255 0->80 0->112 0->0 0->80 0->0 0->0 0->0 0->0 0->0 0->16 0->0 0->0 0->0 0->0 0->0 0->160 0->0 0->255 0->0 0->0 0->255 0->0 0->112 0->0 0->208 0->0 0->255 0->144 0->0 0->0 0->0 0->0 
0->0 0->64 0->0 0->255 0->80 0->112 0->0 0->80 0->0 0->0 0->0 0->0 0->0 0->16 0->0 0->0 0->0 0->0 0->0 0->160 0->0 0->255 0->0 0->0 0->255 0->0 0->112 0->0 0->208 0->0 0->255 0->144 0->0 0->0 0->0 0->0 
0->0 0->64 0->0 0->255 0->80 0->112 0->0 0->80 0->0 0->0 0->0 0->0 0->0 0->16 0->0 0->0 0->0 0->0 0->0 0->160 0->0 0->255 0->0 0->0 0->255 0->0 0->112 0->0 0->208 0->0 0->255 0->144 0->0 0->0 0->0 0->0 
0->0 0->64 0->0 0->255 0->80 0->112 0->0 0->80 0->0 0->0 0->0 0->0 0->0 0->16 0->0 0->0 0->0 0->0 0->0 0->160 0->0 0->255 0->0 0->0 0->255 0->0 0->112 0->0 0->208 0->0 0->255 0->144 0->0 0->0 0->0 0->0 
0->0 0->64 0->0 0->255 0->80 0->112 0->0 0->80 0->0 0->0 0->0 0->0 0->0 0->16 0->0 0->0 0->0 0->0 0->0 0->160 0->0 0->255 0->0 0->0 0->255 0->0 0->112 0->0 0->208 0->0 0->255 0->144 0->0 0->0 0->0 0->0 
0->0 0->64 0->0 0->255 0->80 0->112 0->0 0->80 0->0 0->0 0->0 0->0 0->0 0->16 0->0 0->0 0->0 0->0 0->0 0->160 0->0 0->255 0->0 0->0 0->255 0->0 0->112 0->0 0->208 0->0 0->255 0->144 0->0 0->0 0->0 0->0 
0->0 0->64 0->0 0->255 0->80 0->112 0->0 0->80 0->0 0->0 0->0 0->0 0->0 0->16 0->0 0->0 0->0 0->0 0->0 0->160 0->0 0->255 0->0 0->0 0->255 0->0 0->112 0->0 0->208 0->0 0->255 0->144 0->0 0->0 0->0 0->0 
0->0 0->64 0->0 0->255 0->80 0->112 0->0 0->80 0->0 0->0 0->0 0->0 0->0 0->16 0->0 0->0 0->0 0->0 0->0 0->160 0->0 0->255 0->0 0->0 0->255 0->0 0->112 0->0 0->208 0->0 0->255 0->144 0->0 0->0 0->0 0->0 
0->0 0->64 0->0 0->255 0->80 0->112 0->0 0->80 0->0 0->0 0->0 0->0 0->0 0->16 0->0 0->0 0->0 0->0 0->0 0->160 0->0 0->255 0->0 0->0 0->255 0->0 0->112 0->0 0->208 0->0 0->255 0->144 0->0 0->0 0->0 0->0 
0->0 0->64 0->0 0->255 0->80 0->112 0->0 0->80 0->0 0->0 0->0 0->0 0->0 0->16 0->0 0->0 0->0 0->0 0->0 0->160 0->0 0->255 0->0 0->0 0->255 0->0 0->112 0->0 0->208 0->0 0->255 0->144 0->0 0->0 0->0 0->0 
0->0 0->64 0->0 0->255 0->80 0->112 0->0 0->80 0->0 0->0 0->0 0->0 0->0 0->16 0->0 0->0 0->0 0->0 0->0 0->160 0->0 0->255 0->0 0->0 0->255 0->0 0->112 0->0 0->208 0->0 0->255 0->144 0->0 0->0 0->0 0->0 
0->0 0->64 0->0 0->255 0->80 0->112 0->0 0->80 0->0 0->0 0->0 0->0 0->0 0->16 0->0 0->0 0->0 0->0 0->0 0->160 0->0 0->255 0->0 0->0 0->255 0->0 0->112 0->0 0->208 0->0 0->255 0->144 0->0 0->0 0->0 0->0 
0->0 0->64 0->0 0->255 0->80 0->112 0->0 0->80 0->0 0->0 0->0 0->0 0->0 0->16 0->0 0->0 0->0 0->0 0->0 0->160 0->0 0->255 0->0 0->0 0->255 0->0 0->112 0->0 0->208 0->0 0->255 0->144 0->0 0->0 0->0 0->0 

save image!!
128   0   0   0   0   0   32   0   0   0   
done!
done!
done!
freeFCLayer!
